[2025-12-24T16:01:49.351+0000] {manager.py:469} INFO - Processing files using up to 2 processes at a time 
[2025-12-24T16:01:49.351+0000] {manager.py:470} INFO - Process each file at most once every 30 seconds
[2025-12-24T16:01:49.352+0000] {manager.py:471} INFO - Checking for new files in /opt/airflow/dags every 300 seconds
[2025-12-24T16:01:49.353+0000] {manager.py:738} INFO - Searching for files in /opt/airflow/dags
[2025-12-24T16:01:49.357+0000] {manager.py:741} INFO - There are 0 files in /opt/airflow/dags
[2025-12-24T16:06:50.223+0000] {manager.py:738} INFO - Searching for files in /opt/airflow/dags
[2025-12-24T16:06:50.267+0000] {manager.py:741} INFO - There are 0 files in /opt/airflow/dags
[2025-12-24T16:11:51.183+0000] {manager.py:738} INFO - Searching for files in /opt/airflow/dags
[2025-12-24T16:11:51.190+0000] {manager.py:741} INFO - There are 0 files in /opt/airflow/dags
[2025-12-24T16:16:52.093+0000] {manager.py:738} INFO - Searching for files in /opt/airflow/dags
[2025-12-24T16:16:52.102+0000] {manager.py:741} INFO - There are 0 files in /opt/airflow/dags
[2025-12-24T16:21:52.988+0000] {manager.py:738} INFO - Searching for files in /opt/airflow/dags
[2025-12-24T16:21:53.006+0000] {manager.py:741} INFO - There are 0 files in /opt/airflow/dags
[2025-12-24T16:26:53.890+0000] {manager.py:738} INFO - Searching for files in /opt/airflow/dags
[2025-12-24T16:26:53.908+0000] {manager.py:741} INFO - There are 1 files in /opt/airflow/dags
[2025-12-24T16:26:59.039+0000] {manager.py:879} INFO - 
================================================================================
DAG File Processing Stats

File Path                            PID    Runtime      # DAGs    # Errors  Last Runtime    Last Run
-----------------------------------  -----  ---------  --------  ----------  --------------  -------------------
/opt/airflow/dags/rugby_pipeline.py                           0           1  0.27s           2025-12-24T16:26:54
================================================================================
[2025-12-24T16:27:29.315+0000] {manager.py:879} INFO - 
================================================================================
DAG File Processing Stats

File Path                            PID    Runtime      # DAGs    # Errors  Last Runtime    Last Run
-----------------------------------  -----  ---------  --------  ----------  --------------  -------------------
/opt/airflow/dags/rugby_pipeline.py                           0           1  0.16s           2025-12-24T16:27:24
================================================================================
[2025-12-24T16:27:59.691+0000] {manager.py:879} INFO - 
================================================================================
DAG File Processing Stats

File Path                            PID    Runtime      # DAGs    # Errors  Last Runtime    Last Run
-----------------------------------  -----  ---------  --------  ----------  --------------  -------------------
/opt/airflow/dags/rugby_pipeline.py                           0           1  0.20s           2025-12-24T16:27:54
================================================================================
[2025-12-24T16:28:30.017+0000] {manager.py:879} INFO - 
================================================================================
DAG File Processing Stats

File Path                            PID    Runtime      # DAGs    # Errors  Last Runtime    Last Run
-----------------------------------  -----  ---------  --------  ----------  --------------  -------------------
/opt/airflow/dags/rugby_pipeline.py                           0           1  0.19s           2025-12-24T16:28:25
================================================================================
[2025-12-24T16:29:00.408+0000] {manager.py:879} INFO - 
================================================================================
DAG File Processing Stats

File Path                            PID    Runtime      # DAGs    # Errors  Last Runtime    Last Run
-----------------------------------  -----  ---------  --------  ----------  --------------  -------------------
/opt/airflow/dags/rugby_pipeline.py                           0           1  0.16s           2025-12-24T16:28:55
================================================================================
[2025-12-24T16:29:30.711+0000] {manager.py:879} INFO - 
================================================================================
DAG File Processing Stats

File Path                            PID    Runtime      # DAGs    # Errors  Last Runtime    Last Run
-----------------------------------  -----  ---------  --------  ----------  --------------  -------------------
/opt/airflow/dags/rugby_pipeline.py                           0           1  0.20s           2025-12-24T16:29:25
================================================================================
[2025-12-24T16:30:01.118+0000] {manager.py:879} INFO - 
================================================================================
DAG File Processing Stats

File Path                            PID    Runtime      # DAGs    # Errors  Last Runtime    Last Run
-----------------------------------  -----  ---------  --------  ----------  --------------  -------------------
/opt/airflow/dags/rugby_pipeline.py                           0           1  0.21s           2025-12-24T16:29:56
================================================================================
[2025-12-24T16:30:31.438+0000] {manager.py:879} INFO - 
================================================================================
DAG File Processing Stats

File Path                            PID    Runtime      # DAGs    # Errors  Last Runtime    Last Run
-----------------------------------  -----  ---------  --------  ----------  --------------  -------------------
/opt/airflow/dags/rugby_pipeline.py                           0           1  0.19s           2025-12-24T16:30:26
================================================================================
[2025-12-24T16:31:01.866+0000] {manager.py:879} INFO - 
================================================================================
DAG File Processing Stats

File Path                            PID    Runtime      # DAGs    # Errors  Last Runtime    Last Run
-----------------------------------  -----  ---------  --------  ----------  --------------  -------------------
/opt/airflow/dags/rugby_pipeline.py                           0           1  0.19s           2025-12-24T16:30:56
================================================================================
[2025-12-24T16:31:32.324+0000] {manager.py:879} INFO - 
================================================================================
DAG File Processing Stats

File Path                            PID    Runtime      # DAGs    # Errors  Last Runtime    Last Run
-----------------------------------  -----  ---------  --------  ----------  --------------  -------------------
/opt/airflow/dags/rugby_pipeline.py                           0           1  0.21s           2025-12-24T16:31:31
================================================================================
[2025-12-24T16:31:54.535+0000] {manager.py:738} INFO - Searching for files in /opt/airflow/dags
[2025-12-24T16:31:54.577+0000] {manager.py:741} INFO - There are 1 files in /opt/airflow/dags
[2025-12-24T16:32:02.850+0000] {manager.py:879} INFO - 
================================================================================
DAG File Processing Stats

File Path                            PID    Runtime      # DAGs    # Errors  Last Runtime    Last Run
-----------------------------------  -----  ---------  --------  ----------  --------------  -------------------
/opt/airflow/dags/rugby_pipeline.py                           0           1  0.20s           2025-12-24T16:32:01
================================================================================
[2025-12-24T16:32:33.301+0000] {manager.py:879} INFO - 
================================================================================
DAG File Processing Stats

File Path                            PID    Runtime      # DAGs    # Errors  Last Runtime    Last Run
-----------------------------------  -----  ---------  --------  ----------  --------------  -------------------
/opt/airflow/dags/rugby_pipeline.py                           0           1  0.14s           2025-12-24T16:32:32
================================================================================
[2025-12-24T16:33:03.554+0000] {manager.py:879} INFO - 
================================================================================
DAG File Processing Stats

File Path                            PID    Runtime      # DAGs    # Errors  Last Runtime    Last Run
-----------------------------------  -----  ---------  --------  ----------  --------------  -------------------
/opt/airflow/dags/rugby_pipeline.py                           0           1  0.14s           2025-12-24T16:33:02
================================================================================
[2025-12-24T16:33:33.766+0000] {manager.py:879} INFO - 
================================================================================
DAG File Processing Stats

File Path                            PID    Runtime      # DAGs    # Errors  Last Runtime    Last Run
-----------------------------------  -----  ---------  --------  ----------  --------------  -------------------
/opt/airflow/dags/rugby_pipeline.py                           0           1  0.10s           2025-12-24T16:33:32
================================================================================
[2025-12-24T16:34:04.114+0000] {manager.py:879} INFO - 
================================================================================
DAG File Processing Stats

File Path                            PID    Runtime      # DAGs    # Errors  Last Runtime    Last Run
-----------------------------------  -----  ---------  --------  ----------  --------------  -------------------
/opt/airflow/dags/rugby_pipeline.py                           0           1  0.15s           2025-12-24T16:34:03
================================================================================
[2025-12-24T16:34:34.473+0000] {manager.py:879} INFO - 
================================================================================
DAG File Processing Stats

File Path                            PID    Runtime      # DAGs    # Errors  Last Runtime    Last Run
-----------------------------------  -----  ---------  --------  ----------  --------------  -------------------
/opt/airflow/dags/rugby_pipeline.py                           0           1  0.16s           2025-12-24T16:34:33
================================================================================
[2025-12-24T16:35:04.653+0000] {manager.py:879} INFO - 
================================================================================
DAG File Processing Stats

File Path                            PID    Runtime      # DAGs    # Errors  Last Runtime    Last Run
-----------------------------------  -----  ---------  --------  ----------  --------------  -------------------
/opt/airflow/dags/rugby_pipeline.py                           1           0  0.84s           2025-12-24T16:34:54
================================================================================
[2025-12-24T16:35:35.069+0000] {manager.py:879} INFO - 
================================================================================
DAG File Processing Stats

File Path                            PID    Runtime      # DAGs    # Errors  Last Runtime    Last Run
-----------------------------------  -----  ---------  --------  ----------  --------------  -------------------
/opt/airflow/dags/rugby_pipeline.py                           1           0  0.25s           2025-12-24T16:35:25
================================================================================
[2025-12-24T16:36:05.401+0000] {manager.py:879} INFO - 
================================================================================
DAG File Processing Stats

File Path                            PID    Runtime      # DAGs    # Errors  Last Runtime    Last Run
-----------------------------------  -----  ---------  --------  ----------  --------------  -------------------
/opt/airflow/dags/rugby_pipeline.py                           1           0  0.32s           2025-12-24T16:35:55
================================================================================
[2025-12-24T16:36:35.935+0000] {manager.py:879} INFO - 
================================================================================
DAG File Processing Stats

File Path                            PID    Runtime      # DAGs    # Errors  Last Runtime    Last Run
-----------------------------------  -----  ---------  --------  ----------  --------------  -------------------
/opt/airflow/dags/rugby_pipeline.py                           1           0  0.31s           2025-12-24T16:36:26
================================================================================
[2025-12-24T16:36:55.099+0000] {manager.py:738} INFO - Searching for files in /opt/airflow/dags
[2025-12-24T16:36:55.135+0000] {manager.py:741} INFO - There are 1 files in /opt/airflow/dags
[2025-12-24T16:37:06.492+0000] {manager.py:879} INFO - 
================================================================================
DAG File Processing Stats

File Path                            PID    Runtime      # DAGs    # Errors  Last Runtime    Last Run
-----------------------------------  -----  ---------  --------  ----------  --------------  -------------------
/opt/airflow/dags/rugby_pipeline.py                           1           0  0.28s           2025-12-24T16:36:56
================================================================================
[2025-12-24T16:37:36.785+0000] {manager.py:879} INFO - 
================================================================================
DAG File Processing Stats

File Path                            PID    Runtime      # DAGs    # Errors  Last Runtime    Last Run
-----------------------------------  -----  ---------  --------  ----------  --------------  -------------------
/opt/airflow/dags/rugby_pipeline.py                           1           0  0.29s           2025-12-24T16:37:26
================================================================================
[2025-12-24T16:38:07.309+0000] {manager.py:879} INFO - 
================================================================================
DAG File Processing Stats

File Path                            PID    Runtime      # DAGs    # Errors  Last Runtime    Last Run
-----------------------------------  -----  ---------  --------  ----------  --------------  -------------------
/opt/airflow/dags/rugby_pipeline.py                           1           0  0.29s           2025-12-24T16:37:57
================================================================================
[2025-12-24T16:38:37.855+0000] {manager.py:879} INFO - 
================================================================================
DAG File Processing Stats

File Path                            PID    Runtime      # DAGs    # Errors  Last Runtime    Last Run
-----------------------------------  -----  ---------  --------  ----------  --------------  -------------------
/opt/airflow/dags/rugby_pipeline.py                           1           0  0.28s           2025-12-24T16:38:28
================================================================================
[2025-12-24T16:39:08.395+0000] {manager.py:879} INFO - 
================================================================================
DAG File Processing Stats

File Path                            PID    Runtime      # DAGs    # Errors  Last Runtime    Last Run
-----------------------------------  -----  ---------  --------  ----------  --------------  -------------------
/opt/airflow/dags/rugby_pipeline.py                           1           0  0.32s           2025-12-24T16:38:58
================================================================================
[2025-12-24T16:39:38.967+0000] {manager.py:879} INFO - 
================================================================================
DAG File Processing Stats

File Path                            PID    Runtime      # DAGs    # Errors  Last Runtime    Last Run
-----------------------------------  -----  ---------  --------  ----------  --------------  -------------------
/opt/airflow/dags/rugby_pipeline.py                           1           0  0.25s           2025-12-24T16:39:29
================================================================================
[2025-12-24T16:40:09.441+0000] {manager.py:879} INFO - 
================================================================================
DAG File Processing Stats

File Path                            PID    Runtime      # DAGs    # Errors  Last Runtime    Last Run
-----------------------------------  -----  ---------  --------  ----------  --------------  -------------------
/opt/airflow/dags/rugby_pipeline.py                           1           0  0.30s           2025-12-24T16:39:59
================================================================================
[2025-12-24T16:40:39.774+0000] {manager.py:879} INFO - 
================================================================================
DAG File Processing Stats

File Path                            PID    Runtime      # DAGs    # Errors  Last Runtime    Last Run
-----------------------------------  -----  ---------  --------  ----------  --------------  -------------------
/opt/airflow/dags/rugby_pipeline.py                           1           0  0.27s           2025-12-24T16:40:29
================================================================================
[2025-12-24T16:41:10.239+0000] {manager.py:879} INFO - 
================================================================================
DAG File Processing Stats

File Path                            PID    Runtime      # DAGs    # Errors  Last Runtime    Last Run
-----------------------------------  -----  ---------  --------  ----------  --------------  -------------------
/opt/airflow/dags/rugby_pipeline.py                           1           0  0.27s           2025-12-24T16:41:00
================================================================================
[2025-12-24T16:41:40.564+0000] {manager.py:879} INFO - 
================================================================================
DAG File Processing Stats

File Path                            PID    Runtime      # DAGs    # Errors  Last Runtime    Last Run
-----------------------------------  -----  ---------  --------  ----------  --------------  -------------------
/opt/airflow/dags/rugby_pipeline.py                           1           0  0.30s           2025-12-24T16:41:30
================================================================================
[2025-12-24T16:41:55.690+0000] {manager.py:738} INFO - Searching for files in /opt/airflow/dags
[2025-12-24T16:41:55.732+0000] {manager.py:741} INFO - There are 1 files in /opt/airflow/dags
[2025-12-24T16:42:11.056+0000] {manager.py:879} INFO - 
================================================================================
DAG File Processing Stats

File Path                            PID    Runtime      # DAGs    # Errors  Last Runtime    Last Run
-----------------------------------  -----  ---------  --------  ----------  --------------  -------------------
/opt/airflow/dags/rugby_pipeline.py                           1           0  0.31s           2025-12-24T16:42:01
================================================================================
[2025-12-24T16:42:41.440+0000] {manager.py:879} INFO - 
================================================================================
DAG File Processing Stats

File Path                            PID    Runtime      # DAGs    # Errors  Last Runtime    Last Run
-----------------------------------  -----  ---------  --------  ----------  --------------  -------------------
/opt/airflow/dags/rugby_pipeline.py                           1           0  0.27s           2025-12-24T16:42:31
================================================================================
[2025-12-24T16:43:11.864+0000] {manager.py:879} INFO - 
================================================================================
DAG File Processing Stats

File Path                            PID    Runtime      # DAGs    # Errors  Last Runtime    Last Run
-----------------------------------  -----  ---------  --------  ----------  --------------  -------------------
/opt/airflow/dags/rugby_pipeline.py                           1           0  0.25s           2025-12-24T16:43:01
================================================================================
[2025-12-24T16:43:42.199+0000] {manager.py:879} INFO - 
================================================================================
DAG File Processing Stats

File Path                            PID    Runtime      # DAGs    # Errors  Last Runtime    Last Run
-----------------------------------  -----  ---------  --------  ----------  --------------  -------------------
/opt/airflow/dags/rugby_pipeline.py                           1           0  0.28s           2025-12-24T16:43:32
================================================================================
[2025-12-24T16:44:12.663+0000] {manager.py:879} INFO - 
================================================================================
DAG File Processing Stats

File Path                            PID    Runtime      # DAGs    # Errors  Last Runtime    Last Run
-----------------------------------  -----  ---------  --------  ----------  --------------  -------------------
/opt/airflow/dags/rugby_pipeline.py                           1           0  0.31s           2025-12-24T16:44:02
================================================================================
[2025-12-24T16:44:43.013+0000] {manager.py:879} INFO - 
================================================================================
DAG File Processing Stats

File Path                            PID    Runtime      # DAGs    # Errors  Last Runtime    Last Run
-----------------------------------  -----  ---------  --------  ----------  --------------  -------------------
/opt/airflow/dags/rugby_pipeline.py                           1           0  0.30s           2025-12-24T16:44:33
================================================================================
[2025-12-24T16:45:13.475+0000] {manager.py:879} INFO - 
================================================================================
DAG File Processing Stats

File Path                            PID    Runtime      # DAGs    # Errors  Last Runtime    Last Run
-----------------------------------  -----  ---------  --------  ----------  --------------  -------------------
/opt/airflow/dags/rugby_pipeline.py                           1           0  0.31s           2025-12-24T16:45:03
================================================================================
[2025-12-24T16:45:43.839+0000] {manager.py:879} INFO - 
================================================================================
DAG File Processing Stats

File Path                            PID    Runtime      # DAGs    # Errors  Last Runtime    Last Run
-----------------------------------  -----  ---------  --------  ----------  --------------  -------------------
/opt/airflow/dags/rugby_pipeline.py                           1           0  0.32s           2025-12-24T16:45:33
================================================================================
[2025-12-24T16:46:14.327+0000] {manager.py:879} INFO - 
================================================================================
DAG File Processing Stats

File Path                            PID    Runtime      # DAGs    # Errors  Last Runtime    Last Run
-----------------------------------  -----  ---------  --------  ----------  --------------  -------------------
/opt/airflow/dags/rugby_pipeline.py                           1           0  0.36s           2025-12-24T16:46:04
================================================================================
[2025-12-24T16:46:44.747+0000] {manager.py:879} INFO - 
================================================================================
DAG File Processing Stats

File Path                            PID    Runtime      # DAGs    # Errors  Last Runtime    Last Run
-----------------------------------  -----  ---------  --------  ----------  --------------  -------------------
/opt/airflow/dags/rugby_pipeline.py                           1           0  0.30s           2025-12-24T16:46:34
================================================================================
[2025-12-24T16:46:55.836+0000] {manager.py:738} INFO - Searching for files in /opt/airflow/dags
[2025-12-24T16:46:55.871+0000] {manager.py:741} INFO - There are 1 files in /opt/airflow/dags
[2025-12-24T16:47:15.126+0000] {manager.py:879} INFO - 
================================================================================
DAG File Processing Stats

File Path                            PID    Runtime      # DAGs    # Errors  Last Runtime    Last Run
-----------------------------------  -----  ---------  --------  ----------  --------------  -------------------
/opt/airflow/dags/rugby_pipeline.py                           1           0  0.31s           2025-12-24T16:47:05
================================================================================
[2025-12-24T16:47:45.606+0000] {manager.py:879} INFO - 
================================================================================
DAG File Processing Stats

File Path                            PID    Runtime      # DAGs    # Errors  Last Runtime    Last Run
-----------------------------------  -----  ---------  --------  ----------  --------------  -------------------
/opt/airflow/dags/rugby_pipeline.py                           1           0  0.28s           2025-12-24T16:47:35
================================================================================
[2025-12-24T16:48:15.820+0000] {manager.py:879} INFO - 
================================================================================
DAG File Processing Stats

File Path                            PID    Runtime      # DAGs    # Errors  Last Runtime    Last Run
-----------------------------------  -----  ---------  --------  ----------  --------------  -------------------
/opt/airflow/dags/rugby_pipeline.py                           1           0  0.22s           2025-12-24T16:48:05
================================================================================
[2025-12-24T16:48:46.268+0000] {manager.py:879} INFO - 
================================================================================
DAG File Processing Stats

File Path                            PID    Runtime      # DAGs    # Errors  Last Runtime    Last Run
-----------------------------------  -----  ---------  --------  ----------  --------------  -------------------
/opt/airflow/dags/rugby_pipeline.py                           1           0  0.32s           2025-12-24T16:48:36
================================================================================
[2025-12-24T16:49:16.672+0000] {manager.py:879} INFO - 
================================================================================
DAG File Processing Stats

File Path                            PID    Runtime      # DAGs    # Errors  Last Runtime    Last Run
-----------------------------------  -----  ---------  --------  ----------  --------------  -------------------
/opt/airflow/dags/rugby_pipeline.py                           1           0  0.30s           2025-12-24T16:49:06
================================================================================
[2025-12-24T16:49:47.092+0000] {manager.py:879} INFO - 
================================================================================
DAG File Processing Stats

File Path                            PID    Runtime      # DAGs    # Errors  Last Runtime    Last Run
-----------------------------------  -----  ---------  --------  ----------  --------------  -------------------
/opt/airflow/dags/rugby_pipeline.py                           1           0  0.31s           2025-12-24T16:49:37
================================================================================
[2025-12-24T16:50:17.516+0000] {manager.py:879} INFO - 
================================================================================
DAG File Processing Stats

File Path                            PID    Runtime      # DAGs    # Errors  Last Runtime    Last Run
-----------------------------------  -----  ---------  --------  ----------  --------------  -------------------
/opt/airflow/dags/rugby_pipeline.py                           1           0  0.32s           2025-12-24T16:50:07
================================================================================
[2025-12-24T16:50:47.988+0000] {manager.py:879} INFO - 
================================================================================
DAG File Processing Stats

File Path                            PID    Runtime      # DAGs    # Errors  Last Runtime    Last Run
-----------------------------------  -----  ---------  --------  ----------  --------------  -------------------
/opt/airflow/dags/rugby_pipeline.py                           1           0  0.31s           2025-12-24T16:50:38
================================================================================
[2025-12-24T16:51:18.340+0000] {manager.py:879} INFO - 
================================================================================
DAG File Processing Stats

File Path                            PID    Runtime      # DAGs    # Errors  Last Runtime    Last Run
-----------------------------------  -----  ---------  --------  ----------  --------------  -------------------
/opt/airflow/dags/rugby_pipeline.py                           1           0  0.28s           2025-12-24T16:51:08
================================================================================
[2025-12-24T16:51:48.620+0000] {manager.py:879} INFO - 
================================================================================
DAG File Processing Stats

File Path                            PID    Runtime      # DAGs    # Errors  Last Runtime    Last Run
-----------------------------------  -----  ---------  --------  ----------  --------------  -------------------
/opt/airflow/dags/rugby_pipeline.py                           1           0  0.26s           2025-12-24T16:51:38
================================================================================
[2025-12-24T16:51:55.918+0000] {manager.py:738} INFO - Searching for files in /opt/airflow/dags
[2025-12-24T16:51:55.959+0000] {manager.py:741} INFO - There are 1 files in /opt/airflow/dags
[2025-12-24T16:52:19.171+0000] {manager.py:879} INFO - 
================================================================================
DAG File Processing Stats

File Path                            PID    Runtime      # DAGs    # Errors  Last Runtime    Last Run
-----------------------------------  -----  ---------  --------  ----------  --------------  -------------------
/opt/airflow/dags/rugby_pipeline.py                           1           0  0.25s           2025-12-24T16:52:09
================================================================================
[2025-12-24T16:52:49.668+0000] {manager.py:879} INFO - 
================================================================================
DAG File Processing Stats

File Path                            PID    Runtime      # DAGs    # Errors  Last Runtime    Last Run
-----------------------------------  -----  ---------  --------  ----------  --------------  -------------------
/opt/airflow/dags/rugby_pipeline.py                           1           0  0.27s           2025-12-24T16:52:39
================================================================================
[2025-12-24T16:53:19.950+0000] {manager.py:879} INFO - 
================================================================================
DAG File Processing Stats

File Path                            PID    Runtime      # DAGs    # Errors  Last Runtime    Last Run
-----------------------------------  -----  ---------  --------  ----------  --------------  -------------------
/opt/airflow/dags/rugby_pipeline.py                           1           0  0.31s           2025-12-24T16:53:10
================================================================================
[2025-12-24T16:53:50.505+0000] {manager.py:879} INFO - 
================================================================================
DAG File Processing Stats

File Path                            PID    Runtime      # DAGs    # Errors  Last Runtime    Last Run
-----------------------------------  -----  ---------  --------  ----------  --------------  -------------------
/opt/airflow/dags/rugby_pipeline.py                           1           0  0.28s           2025-12-24T16:53:40
================================================================================
[2025-12-24T16:54:21.036+0000] {manager.py:879} INFO - 
================================================================================
DAG File Processing Stats

File Path                            PID    Runtime      # DAGs    # Errors  Last Runtime    Last Run
-----------------------------------  -----  ---------  --------  ----------  --------------  -------------------
/opt/airflow/dags/rugby_pipeline.py                           1           0  0.30s           2025-12-24T16:54:11
================================================================================
[2025-12-24T16:54:51.601+0000] {manager.py:879} INFO - 
================================================================================
DAG File Processing Stats

File Path                            PID    Runtime      # DAGs    # Errors  Last Runtime    Last Run
-----------------------------------  -----  ---------  --------  ----------  --------------  -------------------
/opt/airflow/dags/rugby_pipeline.py                           1           0  0.31s           2025-12-24T16:54:41
================================================================================
[2025-12-24T16:55:22.128+0000] {manager.py:879} INFO - 
================================================================================
DAG File Processing Stats

File Path                            PID    Runtime      # DAGs    # Errors  Last Runtime    Last Run
-----------------------------------  -----  ---------  --------  ----------  --------------  -------------------
/opt/airflow/dags/rugby_pipeline.py                           1           0  0.30s           2025-12-24T16:55:12
================================================================================
[2025-12-24T16:55:52.491+0000] {manager.py:879} INFO - 
================================================================================
DAG File Processing Stats

File Path                            PID    Runtime      # DAGs    # Errors  Last Runtime    Last Run
-----------------------------------  -----  ---------  --------  ----------  --------------  -------------------
/opt/airflow/dags/rugby_pipeline.py                           1           0  0.33s           2025-12-24T16:55:42
================================================================================
[2025-12-24T16:56:22.962+0000] {manager.py:879} INFO - 
================================================================================
DAG File Processing Stats

File Path                            PID    Runtime      # DAGs    # Errors  Last Runtime    Last Run
-----------------------------------  -----  ---------  --------  ----------  --------------  -------------------
/opt/airflow/dags/rugby_pipeline.py                           1           0  0.28s           2025-12-24T16:56:12
================================================================================
[2025-12-24T16:56:48.017+0000] {manager.py:451} INFO - Exiting gracefully upon receiving signal 15
