[2025-12-24T16:26:54.026+0000] {processor.py:161} INFO - Started process (PID=175) to work on /opt/airflow/dags/rugby_pipeline.py
[2025-12-24T16:26:54.029+0000] {processor.py:830} INFO - Processing file /opt/airflow/dags/rugby_pipeline.py for tasks to queue
[2025-12-24T16:26:54.032+0000] {logging_mixin.py:188} INFO - [2025-12-24T16:26:54.031+0000] {dagbag.py:538} INFO - Filling up the DagBag from /opt/airflow/dags/rugby_pipeline.py
[2025-12-24T16:26:54.128+0000] {logging_mixin.py:188} INFO - [2025-12-24T16:26:54.082+0000] {dagbag.py:348} ERROR - Failed to import: /opt/airflow/dags/rugby_pipeline.py
Traceback (most recent call last):
  File "/home/airflow/.local/lib/python3.8/site-packages/airflow/models/dagbag.py", line 344, in parse
    loader.exec_module(new_module)
  File "<frozen importlib._bootstrap_external>", line 843, in exec_module
  File "<frozen importlib._bootstrap>", line 219, in _call_with_frames_removed
  File "/opt/airflow/dags/rugby_pipeline.py", line 2, in <module>
    from airflow import BashOperator
ImportError: cannot import name 'BashOperator' from 'airflow' (/home/airflow/.local/lib/python3.8/site-packages/airflow/__init__.py)
[2025-12-24T16:26:54.131+0000] {processor.py:842} WARNING - No viable dags retrieved from /opt/airflow/dags/rugby_pipeline.py
[2025-12-24T16:26:54.192+0000] {processor.py:183} INFO - Processing /opt/airflow/dags/rugby_pipeline.py took 0.175 seconds
[2025-12-24T16:27:24.314+0000] {processor.py:161} INFO - Started process (PID=180) to work on /opt/airflow/dags/rugby_pipeline.py
[2025-12-24T16:27:24.317+0000] {processor.py:830} INFO - Processing file /opt/airflow/dags/rugby_pipeline.py for tasks to queue
[2025-12-24T16:27:24.318+0000] {logging_mixin.py:188} INFO - [2025-12-24T16:27:24.318+0000] {dagbag.py:538} INFO - Filling up the DagBag from /opt/airflow/dags/rugby_pipeline.py
[2025-12-24T16:27:24.357+0000] {logging_mixin.py:188} INFO - [2025-12-24T16:27:24.348+0000] {dagbag.py:348} ERROR - Failed to import: /opt/airflow/dags/rugby_pipeline.py
Traceback (most recent call last):
  File "/home/airflow/.local/lib/python3.8/site-packages/airflow/models/dagbag.py", line 344, in parse
    loader.exec_module(new_module)
  File "<frozen importlib._bootstrap_external>", line 843, in exec_module
  File "<frozen importlib._bootstrap>", line 219, in _call_with_frames_removed
  File "/opt/airflow/dags/rugby_pipeline.py", line 2, in <module>
    from airflow import BashOperator
ImportError: cannot import name 'BashOperator' from 'airflow' (/home/airflow/.local/lib/python3.8/site-packages/airflow/__init__.py)
[2025-12-24T16:27:24.360+0000] {processor.py:842} WARNING - No viable dags retrieved from /opt/airflow/dags/rugby_pipeline.py
[2025-12-24T16:27:24.405+0000] {processor.py:183} INFO - Processing /opt/airflow/dags/rugby_pipeline.py took 0.096 seconds
[2025-12-24T16:27:54.605+0000] {processor.py:161} INFO - Started process (PID=185) to work on /opt/airflow/dags/rugby_pipeline.py
[2025-12-24T16:27:54.607+0000] {processor.py:830} INFO - Processing file /opt/airflow/dags/rugby_pipeline.py for tasks to queue
[2025-12-24T16:27:54.609+0000] {logging_mixin.py:188} INFO - [2025-12-24T16:27:54.608+0000] {dagbag.py:538} INFO - Filling up the DagBag from /opt/airflow/dags/rugby_pipeline.py
[2025-12-24T16:27:54.644+0000] {logging_mixin.py:188} INFO - [2025-12-24T16:27:54.637+0000] {dagbag.py:348} ERROR - Failed to import: /opt/airflow/dags/rugby_pipeline.py
Traceback (most recent call last):
  File "/home/airflow/.local/lib/python3.8/site-packages/airflow/models/dagbag.py", line 344, in parse
    loader.exec_module(new_module)
  File "<frozen importlib._bootstrap_external>", line 843, in exec_module
  File "<frozen importlib._bootstrap>", line 219, in _call_with_frames_removed
  File "/opt/airflow/dags/rugby_pipeline.py", line 2, in <module>
    from airflow import BashOperator
ImportError: cannot import name 'BashOperator' from 'airflow' (/home/airflow/.local/lib/python3.8/site-packages/airflow/__init__.py)
[2025-12-24T16:27:54.647+0000] {processor.py:842} WARNING - No viable dags retrieved from /opt/airflow/dags/rugby_pipeline.py
[2025-12-24T16:27:54.725+0000] {processor.py:183} INFO - Processing /opt/airflow/dags/rugby_pipeline.py took 0.129 seconds
[2025-12-24T16:28:24.975+0000] {processor.py:161} INFO - Started process (PID=190) to work on /opt/airflow/dags/rugby_pipeline.py
[2025-12-24T16:28:24.978+0000] {processor.py:830} INFO - Processing file /opt/airflow/dags/rugby_pipeline.py for tasks to queue
[2025-12-24T16:28:24.979+0000] {logging_mixin.py:188} INFO - [2025-12-24T16:28:24.979+0000] {dagbag.py:538} INFO - Filling up the DagBag from /opt/airflow/dags/rugby_pipeline.py
[2025-12-24T16:28:25.016+0000] {logging_mixin.py:188} INFO - [2025-12-24T16:28:25.008+0000] {dagbag.py:348} ERROR - Failed to import: /opt/airflow/dags/rugby_pipeline.py
Traceback (most recent call last):
  File "/home/airflow/.local/lib/python3.8/site-packages/airflow/models/dagbag.py", line 344, in parse
    loader.exec_module(new_module)
  File "<frozen importlib._bootstrap_external>", line 843, in exec_module
  File "<frozen importlib._bootstrap>", line 219, in _call_with_frames_removed
  File "/opt/airflow/dags/rugby_pipeline.py", line 2, in <module>
    from airflow import BashOperator
ImportError: cannot import name 'BashOperator' from 'airflow' (/home/airflow/.local/lib/python3.8/site-packages/airflow/__init__.py)
[2025-12-24T16:28:25.019+0000] {processor.py:842} WARNING - No viable dags retrieved from /opt/airflow/dags/rugby_pipeline.py
[2025-12-24T16:28:25.099+0000] {processor.py:183} INFO - Processing /opt/airflow/dags/rugby_pipeline.py took 0.129 seconds
