[2026-01-02T18:59:09.174+0000] {taskinstance.py:1956} INFO - Dependencies all met for dep_context=non-requeueable deps ti=<TaskInstance: ml_models.run_ml_models manual__2026-01-02T18:59:06.362124+00:00 [queued]>
[2026-01-02T18:59:09.183+0000] {taskinstance.py:1956} INFO - Dependencies all met for dep_context=requeueable deps ti=<TaskInstance: ml_models.run_ml_models manual__2026-01-02T18:59:06.362124+00:00 [queued]>
[2026-01-02T18:59:09.183+0000] {taskinstance.py:2170} INFO - Starting attempt 1 of 1
[2026-01-02T18:59:09.194+0000] {taskinstance.py:2191} INFO - Executing <Task(DatabricksRunNowOperator): run_ml_models> on 2026-01-02 18:59:06.362124+00:00
[2026-01-02T18:59:09.201+0000] {standard_task_runner.py:60} INFO - Started process 25602 to run task
[2026-01-02T18:59:09.205+0000] {standard_task_runner.py:87} INFO - Running: ['***', 'tasks', 'run', 'ml_models', 'run_ml_models', 'manual__2026-01-02T18:59:06.362124+00:00', '--job-id', '117', '--raw', '--subdir', 'DAGS_FOLDER/ml_models.py', '--cfg-path', '/tmp/tmp0iaddnv4']
[2026-01-02T18:59:09.208+0000] {standard_task_runner.py:88} INFO - Job 117: Subtask run_ml_models
[2026-01-02T18:59:09.261+0000] {task_command.py:423} INFO - Running <TaskInstance: ml_models.run_ml_models manual__2026-01-02T18:59:06.362124+00:00 [running]> on host 6c84c95fdea2
[2026-01-02T18:59:09.344+0000] {taskinstance.py:2480} INFO - Exporting env vars: AIRFLOW_CTX_DAG_OWNER='***' AIRFLOW_CTX_DAG_ID='ml_models' AIRFLOW_CTX_TASK_ID='run_ml_models' AIRFLOW_CTX_EXECUTION_DATE='2026-01-02T18:59:06.362124+00:00' AIRFLOW_CTX_TRY_NUMBER='1' AIRFLOW_CTX_DAG_RUN_ID='manual__2026-01-02T18:59:06.362124+00:00'
[2026-01-02T18:59:09.354+0000] {base.py:83} INFO - Using connection ID 'databricks_default' for task execution.
[2026-01-02T18:59:09.356+0000] {databricks_base.py:546} INFO - Using basic auth.
[2026-01-02T18:59:10.059+0000] {databricks.py:66} INFO - Run submitted with run_id: 438926965467328
[2026-01-02T18:59:10.059+0000] {databricks_base.py:546} INFO - Using basic auth.
[2026-01-02T18:59:10.618+0000] {databricks_base.py:546} INFO - Using basic auth.
[2026-01-02T18:59:11.161+0000] {databricks.py:128} INFO - run_ml_models in run state: {'life_cycle_state': 'RUNNING', 'result_state': '', 'state_message': ''}
[2026-01-02T18:59:11.162+0000] {databricks.py:129} INFO - View run status, Spark UI, and logs at https://dbc-423a5d50-03a6.cloud.databricks.com/?o=684212911772223#job/402563567448821/run/438926965467328
[2026-01-02T18:59:11.163+0000] {databricks.py:130} INFO - Sleeping for 30 seconds.
[2026-01-02T18:59:41.192+0000] {databricks_base.py:546} INFO - Using basic auth.
[2026-01-02T18:59:41.747+0000] {databricks.py:77} INFO - run_ml_models completed successfully.
[2026-01-02T18:59:41.748+0000] {databricks.py:78} INFO - View run status, Spark UI, and logs at https://dbc-423a5d50-03a6.cloud.databricks.com/?o=684212911772223#job/402563567448821/run/438926965467328
[2026-01-02T18:59:41.759+0000] {taskinstance.py:1138} INFO - Marking task as SUCCESS. dag_id=ml_models, task_id=run_ml_models, execution_date=20260102T185906, start_date=20260102T185909, end_date=20260102T185941
[2026-01-02T18:59:41.819+0000] {local_task_job_runner.py:234} INFO - Task exited with return code 0
[2026-01-02T18:59:41.835+0000] {taskinstance.py:3280} INFO - 0 downstream tasks scheduled from follow-on schedule check
