[2025-12-29T14:49:39.848+0000] {processor.py:161} INFO - Started process (PID=4006) to work on /opt/airflow/dags/match_predictions.py
[2025-12-29T14:49:39.851+0000] {processor.py:830} INFO - Processing file /opt/airflow/dags/match_predictions.py for tasks to queue
[2025-12-29T14:49:39.853+0000] {logging_mixin.py:188} INFO - [2025-12-29T14:49:39.852+0000] {dagbag.py:538} INFO - Filling up the DagBag from /opt/airflow/dags/match_predictions.py
[2025-12-29T14:49:39.884+0000] {processor.py:842} WARNING - No viable dags retrieved from /opt/airflow/dags/match_predictions.py
[2025-12-29T14:49:39.912+0000] {processor.py:183} INFO - Processing /opt/airflow/dags/match_predictions.py took 0.069 seconds
[2025-12-29T14:50:10.572+0000] {processor.py:161} INFO - Started process (PID=4026) to work on /opt/airflow/dags/match_predictions.py
[2025-12-29T14:50:10.574+0000] {processor.py:830} INFO - Processing file /opt/airflow/dags/match_predictions.py for tasks to queue
[2025-12-29T14:50:10.576+0000] {logging_mixin.py:188} INFO - [2025-12-29T14:50:10.575+0000] {dagbag.py:538} INFO - Filling up the DagBag from /opt/airflow/dags/match_predictions.py
[2025-12-29T14:50:10.601+0000] {processor.py:842} WARNING - No viable dags retrieved from /opt/airflow/dags/match_predictions.py
[2025-12-29T14:50:10.626+0000] {processor.py:183} INFO - Processing /opt/airflow/dags/match_predictions.py took 0.060 seconds
[2025-12-29T14:50:41.493+0000] {processor.py:161} INFO - Started process (PID=4046) to work on /opt/airflow/dags/match_predictions.py
[2025-12-29T14:50:41.496+0000] {processor.py:830} INFO - Processing file /opt/airflow/dags/match_predictions.py for tasks to queue
[2025-12-29T14:50:41.499+0000] {logging_mixin.py:188} INFO - [2025-12-29T14:50:41.498+0000] {dagbag.py:538} INFO - Filling up the DagBag from /opt/airflow/dags/match_predictions.py
[2025-12-29T14:50:41.545+0000] {processor.py:842} WARNING - No viable dags retrieved from /opt/airflow/dags/match_predictions.py
[2025-12-29T14:50:41.585+0000] {processor.py:183} INFO - Processing /opt/airflow/dags/match_predictions.py took 0.100 seconds
[2025-12-29T14:51:11.740+0000] {processor.py:161} INFO - Started process (PID=4066) to work on /opt/airflow/dags/match_predictions.py
[2025-12-29T14:51:11.743+0000] {processor.py:830} INFO - Processing file /opt/airflow/dags/match_predictions.py for tasks to queue
[2025-12-29T14:51:11.746+0000] {logging_mixin.py:188} INFO - [2025-12-29T14:51:11.745+0000] {dagbag.py:538} INFO - Filling up the DagBag from /opt/airflow/dags/match_predictions.py
[2025-12-29T14:51:11.794+0000] {processor.py:842} WARNING - No viable dags retrieved from /opt/airflow/dags/match_predictions.py
[2025-12-29T14:51:11.839+0000] {processor.py:183} INFO - Processing /opt/airflow/dags/match_predictions.py took 0.112 seconds
[2025-12-29T14:51:42.102+0000] {processor.py:161} INFO - Started process (PID=4086) to work on /opt/airflow/dags/match_predictions.py
[2025-12-29T14:51:42.105+0000] {processor.py:830} INFO - Processing file /opt/airflow/dags/match_predictions.py for tasks to queue
[2025-12-29T14:51:42.108+0000] {logging_mixin.py:188} INFO - [2025-12-29T14:51:42.107+0000] {dagbag.py:538} INFO - Filling up the DagBag from /opt/airflow/dags/match_predictions.py
[2025-12-29T14:51:42.157+0000] {processor.py:842} WARNING - No viable dags retrieved from /opt/airflow/dags/match_predictions.py
[2025-12-29T14:51:42.198+0000] {processor.py:183} INFO - Processing /opt/airflow/dags/match_predictions.py took 0.106 seconds
[2025-12-29T14:52:12.805+0000] {processor.py:161} INFO - Started process (PID=4106) to work on /opt/airflow/dags/match_predictions.py
[2025-12-29T14:52:12.807+0000] {processor.py:830} INFO - Processing file /opt/airflow/dags/match_predictions.py for tasks to queue
[2025-12-29T14:52:12.809+0000] {logging_mixin.py:188} INFO - [2025-12-29T14:52:12.809+0000] {dagbag.py:538} INFO - Filling up the DagBag from /opt/airflow/dags/match_predictions.py
[2025-12-29T14:52:12.851+0000] {processor.py:842} WARNING - No viable dags retrieved from /opt/airflow/dags/match_predictions.py
[2025-12-29T14:52:12.889+0000] {processor.py:183} INFO - Processing /opt/airflow/dags/match_predictions.py took 0.093 seconds
[2025-12-29T14:52:43.378+0000] {processor.py:161} INFO - Started process (PID=4126) to work on /opt/airflow/dags/match_predictions.py
[2025-12-29T14:52:43.381+0000] {processor.py:830} INFO - Processing file /opt/airflow/dags/match_predictions.py for tasks to queue
[2025-12-29T14:52:43.387+0000] {logging_mixin.py:188} INFO - [2025-12-29T14:52:43.386+0000] {dagbag.py:538} INFO - Filling up the DagBag from /opt/airflow/dags/match_predictions.py
[2025-12-29T14:52:43.429+0000] {processor.py:842} WARNING - No viable dags retrieved from /opt/airflow/dags/match_predictions.py
[2025-12-29T14:52:43.470+0000] {processor.py:183} INFO - Processing /opt/airflow/dags/match_predictions.py took 0.101 seconds
[2025-12-29T14:53:13.792+0000] {processor.py:161} INFO - Started process (PID=4146) to work on /opt/airflow/dags/match_predictions.py
[2025-12-29T14:53:13.795+0000] {processor.py:830} INFO - Processing file /opt/airflow/dags/match_predictions.py for tasks to queue
[2025-12-29T14:53:13.798+0000] {logging_mixin.py:188} INFO - [2025-12-29T14:53:13.797+0000] {dagbag.py:538} INFO - Filling up the DagBag from /opt/airflow/dags/match_predictions.py
[2025-12-29T14:53:13.845+0000] {processor.py:842} WARNING - No viable dags retrieved from /opt/airflow/dags/match_predictions.py
[2025-12-29T14:53:13.889+0000] {processor.py:183} INFO - Processing /opt/airflow/dags/match_predictions.py took 0.105 seconds
[2025-12-29T14:53:44.114+0000] {processor.py:161} INFO - Started process (PID=4166) to work on /opt/airflow/dags/match_predictions.py
[2025-12-29T14:53:44.120+0000] {processor.py:830} INFO - Processing file /opt/airflow/dags/match_predictions.py for tasks to queue
[2025-12-29T14:53:44.125+0000] {logging_mixin.py:188} INFO - [2025-12-29T14:53:44.124+0000] {dagbag.py:538} INFO - Filling up the DagBag from /opt/airflow/dags/match_predictions.py
[2025-12-29T14:53:44.174+0000] {processor.py:842} WARNING - No viable dags retrieved from /opt/airflow/dags/match_predictions.py
[2025-12-29T14:53:44.223+0000] {processor.py:183} INFO - Processing /opt/airflow/dags/match_predictions.py took 0.123 seconds
[2025-12-29T14:54:15.024+0000] {processor.py:161} INFO - Started process (PID=4186) to work on /opt/airflow/dags/match_predictions.py
[2025-12-29T14:54:15.028+0000] {processor.py:830} INFO - Processing file /opt/airflow/dags/match_predictions.py for tasks to queue
[2025-12-29T14:54:15.031+0000] {logging_mixin.py:188} INFO - [2025-12-29T14:54:15.030+0000] {dagbag.py:538} INFO - Filling up the DagBag from /opt/airflow/dags/match_predictions.py
[2025-12-29T14:54:15.080+0000] {processor.py:842} WARNING - No viable dags retrieved from /opt/airflow/dags/match_predictions.py
[2025-12-29T14:54:15.133+0000] {processor.py:183} INFO - Processing /opt/airflow/dags/match_predictions.py took 0.120 seconds
[2025-12-29T14:54:46.165+0000] {processor.py:161} INFO - Started process (PID=4206) to work on /opt/airflow/dags/match_predictions.py
[2025-12-29T14:54:46.171+0000] {processor.py:830} INFO - Processing file /opt/airflow/dags/match_predictions.py for tasks to queue
[2025-12-29T14:54:46.175+0000] {logging_mixin.py:188} INFO - [2025-12-29T14:54:46.174+0000] {dagbag.py:538} INFO - Filling up the DagBag from /opt/airflow/dags/match_predictions.py
[2025-12-29T14:54:46.236+0000] {processor.py:842} WARNING - No viable dags retrieved from /opt/airflow/dags/match_predictions.py
[2025-12-29T14:54:46.311+0000] {processor.py:183} INFO - Processing /opt/airflow/dags/match_predictions.py took 0.165 seconds
[2025-12-29T14:55:16.480+0000] {processor.py:161} INFO - Started process (PID=4226) to work on /opt/airflow/dags/match_predictions.py
[2025-12-29T14:55:16.484+0000] {processor.py:830} INFO - Processing file /opt/airflow/dags/match_predictions.py for tasks to queue
[2025-12-29T14:55:16.488+0000] {logging_mixin.py:188} INFO - [2025-12-29T14:55:16.487+0000] {dagbag.py:538} INFO - Filling up the DagBag from /opt/airflow/dags/match_predictions.py
[2025-12-29T14:55:16.539+0000] {processor.py:842} WARNING - No viable dags retrieved from /opt/airflow/dags/match_predictions.py
[2025-12-29T14:55:16.608+0000] {processor.py:183} INFO - Processing /opt/airflow/dags/match_predictions.py took 0.138 seconds
[2025-12-29T14:55:46.911+0000] {processor.py:161} INFO - Started process (PID=4246) to work on /opt/airflow/dags/match_predictions.py
[2025-12-29T14:55:46.914+0000] {processor.py:830} INFO - Processing file /opt/airflow/dags/match_predictions.py for tasks to queue
[2025-12-29T14:55:46.917+0000] {logging_mixin.py:188} INFO - [2025-12-29T14:55:46.916+0000] {dagbag.py:538} INFO - Filling up the DagBag from /opt/airflow/dags/match_predictions.py
[2025-12-29T14:55:46.967+0000] {processor.py:842} WARNING - No viable dags retrieved from /opt/airflow/dags/match_predictions.py
[2025-12-29T14:55:47.015+0000] {processor.py:183} INFO - Processing /opt/airflow/dags/match_predictions.py took 0.112 seconds
[2025-12-29T14:56:17.355+0000] {processor.py:161} INFO - Started process (PID=4266) to work on /opt/airflow/dags/match_predictions.py
[2025-12-29T14:56:17.358+0000] {processor.py:830} INFO - Processing file /opt/airflow/dags/match_predictions.py for tasks to queue
[2025-12-29T14:56:17.361+0000] {logging_mixin.py:188} INFO - [2025-12-29T14:56:17.361+0000] {dagbag.py:538} INFO - Filling up the DagBag from /opt/airflow/dags/match_predictions.py
[2025-12-29T14:56:17.402+0000] {processor.py:842} WARNING - No viable dags retrieved from /opt/airflow/dags/match_predictions.py
[2025-12-29T14:56:17.449+0000] {processor.py:183} INFO - Processing /opt/airflow/dags/match_predictions.py took 0.103 seconds
[2025-12-29T14:56:47.860+0000] {processor.py:161} INFO - Started process (PID=4286) to work on /opt/airflow/dags/match_predictions.py
[2025-12-29T14:56:47.864+0000] {processor.py:830} INFO - Processing file /opt/airflow/dags/match_predictions.py for tasks to queue
[2025-12-29T14:56:47.867+0000] {logging_mixin.py:188} INFO - [2025-12-29T14:56:47.866+0000] {dagbag.py:538} INFO - Filling up the DagBag from /opt/airflow/dags/match_predictions.py
[2025-12-29T14:56:47.905+0000] {processor.py:842} WARNING - No viable dags retrieved from /opt/airflow/dags/match_predictions.py
[2025-12-29T14:56:47.945+0000] {processor.py:183} INFO - Processing /opt/airflow/dags/match_predictions.py took 0.094 seconds
[2025-12-29T14:57:18.386+0000] {processor.py:161} INFO - Started process (PID=4306) to work on /opt/airflow/dags/match_predictions.py
[2025-12-29T14:57:18.390+0000] {processor.py:830} INFO - Processing file /opt/airflow/dags/match_predictions.py for tasks to queue
[2025-12-29T14:57:18.393+0000] {logging_mixin.py:188} INFO - [2025-12-29T14:57:18.392+0000] {dagbag.py:538} INFO - Filling up the DagBag from /opt/airflow/dags/match_predictions.py
[2025-12-29T14:57:18.434+0000] {processor.py:842} WARNING - No viable dags retrieved from /opt/airflow/dags/match_predictions.py
[2025-12-29T14:57:18.478+0000] {processor.py:183} INFO - Processing /opt/airflow/dags/match_predictions.py took 0.102 seconds
[2025-12-29T14:57:48.908+0000] {processor.py:161} INFO - Started process (PID=4326) to work on /opt/airflow/dags/match_predictions.py
[2025-12-29T14:57:48.911+0000] {processor.py:830} INFO - Processing file /opt/airflow/dags/match_predictions.py for tasks to queue
[2025-12-29T14:57:48.914+0000] {logging_mixin.py:188} INFO - [2025-12-29T14:57:48.913+0000] {dagbag.py:538} INFO - Filling up the DagBag from /opt/airflow/dags/match_predictions.py
[2025-12-29T14:57:48.959+0000] {processor.py:842} WARNING - No viable dags retrieved from /opt/airflow/dags/match_predictions.py
[2025-12-29T14:57:49.007+0000] {processor.py:183} INFO - Processing /opt/airflow/dags/match_predictions.py took 0.107 seconds
[2025-12-29T14:58:19.435+0000] {processor.py:161} INFO - Started process (PID=4346) to work on /opt/airflow/dags/match_predictions.py
[2025-12-29T14:58:19.439+0000] {processor.py:830} INFO - Processing file /opt/airflow/dags/match_predictions.py for tasks to queue
[2025-12-29T14:58:19.442+0000] {logging_mixin.py:188} INFO - [2025-12-29T14:58:19.441+0000] {dagbag.py:538} INFO - Filling up the DagBag from /opt/airflow/dags/match_predictions.py
[2025-12-29T14:58:19.484+0000] {processor.py:842} WARNING - No viable dags retrieved from /opt/airflow/dags/match_predictions.py
[2025-12-29T14:58:19.531+0000] {processor.py:183} INFO - Processing /opt/airflow/dags/match_predictions.py took 0.107 seconds
[2025-12-29T14:58:49.672+0000] {processor.py:161} INFO - Started process (PID=4366) to work on /opt/airflow/dags/match_predictions.py
[2025-12-29T14:58:49.674+0000] {processor.py:830} INFO - Processing file /opt/airflow/dags/match_predictions.py for tasks to queue
[2025-12-29T14:58:49.677+0000] {logging_mixin.py:188} INFO - [2025-12-29T14:58:49.676+0000] {dagbag.py:538} INFO - Filling up the DagBag from /opt/airflow/dags/match_predictions.py
[2025-12-29T14:58:49.715+0000] {processor.py:842} WARNING - No viable dags retrieved from /opt/airflow/dags/match_predictions.py
[2025-12-29T14:58:49.762+0000] {processor.py:183} INFO - Processing /opt/airflow/dags/match_predictions.py took 0.098 seconds
[2025-12-29T14:59:20.151+0000] {processor.py:161} INFO - Started process (PID=4386) to work on /opt/airflow/dags/match_predictions.py
[2025-12-29T14:59:20.154+0000] {processor.py:830} INFO - Processing file /opt/airflow/dags/match_predictions.py for tasks to queue
[2025-12-29T14:59:20.156+0000] {logging_mixin.py:188} INFO - [2025-12-29T14:59:20.156+0000] {dagbag.py:538} INFO - Filling up the DagBag from /opt/airflow/dags/match_predictions.py
[2025-12-29T14:59:20.198+0000] {processor.py:842} WARNING - No viable dags retrieved from /opt/airflow/dags/match_predictions.py
[2025-12-29T14:59:20.241+0000] {processor.py:183} INFO - Processing /opt/airflow/dags/match_predictions.py took 0.098 seconds
[2025-12-29T14:59:50.554+0000] {processor.py:161} INFO - Started process (PID=4406) to work on /opt/airflow/dags/match_predictions.py
[2025-12-29T14:59:50.557+0000] {processor.py:830} INFO - Processing file /opt/airflow/dags/match_predictions.py for tasks to queue
[2025-12-29T14:59:50.559+0000] {logging_mixin.py:188} INFO - [2025-12-29T14:59:50.559+0000] {dagbag.py:538} INFO - Filling up the DagBag from /opt/airflow/dags/match_predictions.py
[2025-12-29T14:59:50.609+0000] {processor.py:842} WARNING - No viable dags retrieved from /opt/airflow/dags/match_predictions.py
[2025-12-29T14:59:50.654+0000] {processor.py:183} INFO - Processing /opt/airflow/dags/match_predictions.py took 0.109 seconds
[2025-12-29T15:00:20.864+0000] {processor.py:161} INFO - Started process (PID=4426) to work on /opt/airflow/dags/match_predictions.py
[2025-12-29T15:00:20.868+0000] {processor.py:830} INFO - Processing file /opt/airflow/dags/match_predictions.py for tasks to queue
[2025-12-29T15:00:20.870+0000] {logging_mixin.py:188} INFO - [2025-12-29T15:00:20.870+0000] {dagbag.py:538} INFO - Filling up the DagBag from /opt/airflow/dags/match_predictions.py
[2025-12-29T15:00:20.917+0000] {processor.py:842} WARNING - No viable dags retrieved from /opt/airflow/dags/match_predictions.py
[2025-12-29T15:00:20.966+0000] {processor.py:183} INFO - Processing /opt/airflow/dags/match_predictions.py took 0.109 seconds
[2025-12-29T15:00:51.189+0000] {processor.py:161} INFO - Started process (PID=4446) to work on /opt/airflow/dags/match_predictions.py
[2025-12-29T15:00:51.192+0000] {processor.py:830} INFO - Processing file /opt/airflow/dags/match_predictions.py for tasks to queue
[2025-12-29T15:00:51.195+0000] {logging_mixin.py:188} INFO - [2025-12-29T15:00:51.195+0000] {dagbag.py:538} INFO - Filling up the DagBag from /opt/airflow/dags/match_predictions.py
[2025-12-29T15:00:51.252+0000] {processor.py:842} WARNING - No viable dags retrieved from /opt/airflow/dags/match_predictions.py
[2025-12-29T15:00:51.292+0000] {processor.py:183} INFO - Processing /opt/airflow/dags/match_predictions.py took 0.112 seconds
[2025-12-29T15:01:21.726+0000] {processor.py:161} INFO - Started process (PID=4466) to work on /opt/airflow/dags/match_predictions.py
[2025-12-29T15:01:21.729+0000] {processor.py:830} INFO - Processing file /opt/airflow/dags/match_predictions.py for tasks to queue
[2025-12-29T15:01:21.731+0000] {logging_mixin.py:188} INFO - [2025-12-29T15:01:21.731+0000] {dagbag.py:538} INFO - Filling up the DagBag from /opt/airflow/dags/match_predictions.py
[2025-12-29T15:01:21.784+0000] {processor.py:842} WARNING - No viable dags retrieved from /opt/airflow/dags/match_predictions.py
[2025-12-29T15:01:21.828+0000] {processor.py:183} INFO - Processing /opt/airflow/dags/match_predictions.py took 0.111 seconds
[2025-12-29T15:01:52.136+0000] {processor.py:161} INFO - Started process (PID=4486) to work on /opt/airflow/dags/match_predictions.py
[2025-12-29T15:01:52.143+0000] {processor.py:830} INFO - Processing file /opt/airflow/dags/match_predictions.py for tasks to queue
[2025-12-29T15:01:52.145+0000] {logging_mixin.py:188} INFO - [2025-12-29T15:01:52.145+0000] {dagbag.py:538} INFO - Filling up the DagBag from /opt/airflow/dags/match_predictions.py
[2025-12-29T15:01:52.194+0000] {processor.py:842} WARNING - No viable dags retrieved from /opt/airflow/dags/match_predictions.py
[2025-12-29T15:01:52.235+0000] {processor.py:183} INFO - Processing /opt/airflow/dags/match_predictions.py took 0.107 seconds
[2025-12-29T15:02:22.422+0000] {processor.py:161} INFO - Started process (PID=4506) to work on /opt/airflow/dags/match_predictions.py
[2025-12-29T15:02:22.425+0000] {processor.py:830} INFO - Processing file /opt/airflow/dags/match_predictions.py for tasks to queue
[2025-12-29T15:02:22.427+0000] {logging_mixin.py:188} INFO - [2025-12-29T15:02:22.427+0000] {dagbag.py:538} INFO - Filling up the DagBag from /opt/airflow/dags/match_predictions.py
[2025-12-29T15:02:22.474+0000] {processor.py:842} WARNING - No viable dags retrieved from /opt/airflow/dags/match_predictions.py
[2025-12-29T15:02:22.517+0000] {processor.py:183} INFO - Processing /opt/airflow/dags/match_predictions.py took 0.104 seconds
[2025-12-29T15:02:52.787+0000] {processor.py:161} INFO - Started process (PID=4526) to work on /opt/airflow/dags/match_predictions.py
[2025-12-29T15:02:52.790+0000] {processor.py:830} INFO - Processing file /opt/airflow/dags/match_predictions.py for tasks to queue
[2025-12-29T15:02:52.792+0000] {logging_mixin.py:188} INFO - [2025-12-29T15:02:52.792+0000] {dagbag.py:538} INFO - Filling up the DagBag from /opt/airflow/dags/match_predictions.py
[2025-12-29T15:02:52.840+0000] {processor.py:842} WARNING - No viable dags retrieved from /opt/airflow/dags/match_predictions.py
[2025-12-29T15:02:52.885+0000] {processor.py:183} INFO - Processing /opt/airflow/dags/match_predictions.py took 0.106 seconds
[2025-12-29T15:03:23.296+0000] {processor.py:161} INFO - Started process (PID=4546) to work on /opt/airflow/dags/match_predictions.py
[2025-12-29T15:03:23.299+0000] {processor.py:830} INFO - Processing file /opt/airflow/dags/match_predictions.py for tasks to queue
[2025-12-29T15:03:23.302+0000] {logging_mixin.py:188} INFO - [2025-12-29T15:03:23.301+0000] {dagbag.py:538} INFO - Filling up the DagBag from /opt/airflow/dags/match_predictions.py
[2025-12-29T15:03:23.353+0000] {processor.py:842} WARNING - No viable dags retrieved from /opt/airflow/dags/match_predictions.py
[2025-12-29T15:03:23.403+0000] {processor.py:183} INFO - Processing /opt/airflow/dags/match_predictions.py took 0.115 seconds
[2025-12-29T15:03:53.712+0000] {processor.py:161} INFO - Started process (PID=4566) to work on /opt/airflow/dags/match_predictions.py
[2025-12-29T15:03:53.715+0000] {processor.py:830} INFO - Processing file /opt/airflow/dags/match_predictions.py for tasks to queue
[2025-12-29T15:03:53.718+0000] {logging_mixin.py:188} INFO - [2025-12-29T15:03:53.717+0000] {dagbag.py:538} INFO - Filling up the DagBag from /opt/airflow/dags/match_predictions.py
[2025-12-29T15:03:53.760+0000] {processor.py:842} WARNING - No viable dags retrieved from /opt/airflow/dags/match_predictions.py
[2025-12-29T15:03:53.813+0000] {processor.py:183} INFO - Processing /opt/airflow/dags/match_predictions.py took 0.109 seconds
[2025-12-29T15:04:23.984+0000] {processor.py:161} INFO - Started process (PID=4586) to work on /opt/airflow/dags/match_predictions.py
[2025-12-29T15:04:23.988+0000] {processor.py:830} INFO - Processing file /opt/airflow/dags/match_predictions.py for tasks to queue
[2025-12-29T15:04:23.991+0000] {logging_mixin.py:188} INFO - [2025-12-29T15:04:23.990+0000] {dagbag.py:538} INFO - Filling up the DagBag from /opt/airflow/dags/match_predictions.py
[2025-12-29T15:04:24.040+0000] {processor.py:842} WARNING - No viable dags retrieved from /opt/airflow/dags/match_predictions.py
[2025-12-29T15:04:24.091+0000] {processor.py:183} INFO - Processing /opt/airflow/dags/match_predictions.py took 0.118 seconds
[2025-12-29T15:04:54.323+0000] {processor.py:161} INFO - Started process (PID=4606) to work on /opt/airflow/dags/match_predictions.py
[2025-12-29T15:04:54.331+0000] {processor.py:830} INFO - Processing file /opt/airflow/dags/match_predictions.py for tasks to queue
[2025-12-29T15:04:54.335+0000] {logging_mixin.py:188} INFO - [2025-12-29T15:04:54.334+0000] {dagbag.py:538} INFO - Filling up the DagBag from /opt/airflow/dags/match_predictions.py
[2025-12-29T15:04:54.381+0000] {processor.py:842} WARNING - No viable dags retrieved from /opt/airflow/dags/match_predictions.py
[2025-12-29T15:04:54.420+0000] {processor.py:183} INFO - Processing /opt/airflow/dags/match_predictions.py took 0.105 seconds
[2025-12-29T15:05:24.740+0000] {processor.py:161} INFO - Started process (PID=4626) to work on /opt/airflow/dags/match_predictions.py
[2025-12-29T15:05:24.743+0000] {processor.py:830} INFO - Processing file /opt/airflow/dags/match_predictions.py for tasks to queue
[2025-12-29T15:05:24.746+0000] {logging_mixin.py:188} INFO - [2025-12-29T15:05:24.746+0000] {dagbag.py:538} INFO - Filling up the DagBag from /opt/airflow/dags/match_predictions.py
[2025-12-29T15:05:24.792+0000] {processor.py:842} WARNING - No viable dags retrieved from /opt/airflow/dags/match_predictions.py
[2025-12-29T15:05:24.838+0000] {processor.py:183} INFO - Processing /opt/airflow/dags/match_predictions.py took 0.109 seconds
[2025-12-29T15:05:54.981+0000] {processor.py:161} INFO - Started process (PID=4646) to work on /opt/airflow/dags/match_predictions.py
[2025-12-29T15:05:54.984+0000] {processor.py:830} INFO - Processing file /opt/airflow/dags/match_predictions.py for tasks to queue
[2025-12-29T15:05:54.986+0000] {logging_mixin.py:188} INFO - [2025-12-29T15:05:54.986+0000] {dagbag.py:538} INFO - Filling up the DagBag from /opt/airflow/dags/match_predictions.py
[2025-12-29T15:05:55.033+0000] {processor.py:842} WARNING - No viable dags retrieved from /opt/airflow/dags/match_predictions.py
[2025-12-29T15:05:55.073+0000] {processor.py:183} INFO - Processing /opt/airflow/dags/match_predictions.py took 0.103 seconds
[2025-12-29T15:06:25.255+0000] {processor.py:161} INFO - Started process (PID=4666) to work on /opt/airflow/dags/match_predictions.py
[2025-12-29T15:06:25.258+0000] {processor.py:830} INFO - Processing file /opt/airflow/dags/match_predictions.py for tasks to queue
[2025-12-29T15:06:25.260+0000] {logging_mixin.py:188} INFO - [2025-12-29T15:06:25.260+0000] {dagbag.py:538} INFO - Filling up the DagBag from /opt/airflow/dags/match_predictions.py
[2025-12-29T15:06:25.307+0000] {processor.py:842} WARNING - No viable dags retrieved from /opt/airflow/dags/match_predictions.py
[2025-12-29T15:06:25.350+0000] {processor.py:183} INFO - Processing /opt/airflow/dags/match_predictions.py took 0.105 seconds
[2025-12-29T15:06:55.756+0000] {processor.py:161} INFO - Started process (PID=4686) to work on /opt/airflow/dags/match_predictions.py
[2025-12-29T15:06:55.759+0000] {processor.py:830} INFO - Processing file /opt/airflow/dags/match_predictions.py for tasks to queue
[2025-12-29T15:06:55.762+0000] {logging_mixin.py:188} INFO - [2025-12-29T15:06:55.761+0000] {dagbag.py:538} INFO - Filling up the DagBag from /opt/airflow/dags/match_predictions.py
[2025-12-29T15:06:55.812+0000] {processor.py:842} WARNING - No viable dags retrieved from /opt/airflow/dags/match_predictions.py
[2025-12-29T15:06:55.859+0000] {processor.py:183} INFO - Processing /opt/airflow/dags/match_predictions.py took 0.113 seconds
[2025-12-29T15:07:26.258+0000] {processor.py:161} INFO - Started process (PID=4706) to work on /opt/airflow/dags/match_predictions.py
[2025-12-29T15:07:26.262+0000] {processor.py:830} INFO - Processing file /opt/airflow/dags/match_predictions.py for tasks to queue
[2025-12-29T15:07:26.265+0000] {logging_mixin.py:188} INFO - [2025-12-29T15:07:26.264+0000] {dagbag.py:538} INFO - Filling up the DagBag from /opt/airflow/dags/match_predictions.py
[2025-12-29T15:07:26.308+0000] {processor.py:842} WARNING - No viable dags retrieved from /opt/airflow/dags/match_predictions.py
[2025-12-29T15:07:26.352+0000] {processor.py:183} INFO - Processing /opt/airflow/dags/match_predictions.py took 0.102 seconds
[2025-12-29T15:07:56.788+0000] {processor.py:161} INFO - Started process (PID=4726) to work on /opt/airflow/dags/match_predictions.py
[2025-12-29T15:07:56.791+0000] {processor.py:830} INFO - Processing file /opt/airflow/dags/match_predictions.py for tasks to queue
[2025-12-29T15:07:56.794+0000] {logging_mixin.py:188} INFO - [2025-12-29T15:07:56.793+0000] {dagbag.py:538} INFO - Filling up the DagBag from /opt/airflow/dags/match_predictions.py
[2025-12-29T15:07:56.843+0000] {processor.py:842} WARNING - No viable dags retrieved from /opt/airflow/dags/match_predictions.py
[2025-12-29T15:07:56.887+0000] {processor.py:183} INFO - Processing /opt/airflow/dags/match_predictions.py took 0.106 seconds
[2025-12-29T15:08:27.233+0000] {processor.py:161} INFO - Started process (PID=4746) to work on /opt/airflow/dags/match_predictions.py
[2025-12-29T15:08:27.237+0000] {processor.py:830} INFO - Processing file /opt/airflow/dags/match_predictions.py for tasks to queue
[2025-12-29T15:08:27.240+0000] {logging_mixin.py:188} INFO - [2025-12-29T15:08:27.239+0000] {dagbag.py:538} INFO - Filling up the DagBag from /opt/airflow/dags/match_predictions.py
[2025-12-29T15:08:27.291+0000] {processor.py:842} WARNING - No viable dags retrieved from /opt/airflow/dags/match_predictions.py
[2025-12-29T15:08:27.337+0000] {processor.py:183} INFO - Processing /opt/airflow/dags/match_predictions.py took 0.115 seconds
[2025-12-29T15:08:57.496+0000] {processor.py:161} INFO - Started process (PID=4766) to work on /opt/airflow/dags/match_predictions.py
[2025-12-29T15:08:57.503+0000] {processor.py:830} INFO - Processing file /opt/airflow/dags/match_predictions.py for tasks to queue
[2025-12-29T15:08:57.506+0000] {logging_mixin.py:188} INFO - [2025-12-29T15:08:57.505+0000] {dagbag.py:538} INFO - Filling up the DagBag from /opt/airflow/dags/match_predictions.py
[2025-12-29T15:08:57.555+0000] {processor.py:842} WARNING - No viable dags retrieved from /opt/airflow/dags/match_predictions.py
[2025-12-29T15:08:57.594+0000] {processor.py:183} INFO - Processing /opt/airflow/dags/match_predictions.py took 0.107 seconds
[2025-12-29T15:09:28.042+0000] {processor.py:161} INFO - Started process (PID=4786) to work on /opt/airflow/dags/match_predictions.py
[2025-12-29T15:09:28.047+0000] {processor.py:830} INFO - Processing file /opt/airflow/dags/match_predictions.py for tasks to queue
[2025-12-29T15:09:28.049+0000] {logging_mixin.py:188} INFO - [2025-12-29T15:09:28.049+0000] {dagbag.py:538} INFO - Filling up the DagBag from /opt/airflow/dags/match_predictions.py
[2025-12-29T15:09:28.099+0000] {processor.py:842} WARNING - No viable dags retrieved from /opt/airflow/dags/match_predictions.py
[2025-12-29T15:09:28.138+0000] {processor.py:183} INFO - Processing /opt/airflow/dags/match_predictions.py took 0.105 seconds
[2025-12-29T15:09:59.151+0000] {processor.py:161} INFO - Started process (PID=4806) to work on /opt/airflow/dags/match_predictions.py
[2025-12-29T15:09:59.155+0000] {processor.py:830} INFO - Processing file /opt/airflow/dags/match_predictions.py for tasks to queue
[2025-12-29T15:09:59.158+0000] {logging_mixin.py:188} INFO - [2025-12-29T15:09:59.157+0000] {dagbag.py:538} INFO - Filling up the DagBag from /opt/airflow/dags/match_predictions.py
[2025-12-29T15:09:59.204+0000] {processor.py:842} WARNING - No viable dags retrieved from /opt/airflow/dags/match_predictions.py
[2025-12-29T15:09:59.243+0000] {processor.py:183} INFO - Processing /opt/airflow/dags/match_predictions.py took 0.101 seconds
[2025-12-29T15:10:29.751+0000] {processor.py:161} INFO - Started process (PID=4826) to work on /opt/airflow/dags/match_predictions.py
[2025-12-29T15:10:29.754+0000] {processor.py:830} INFO - Processing file /opt/airflow/dags/match_predictions.py for tasks to queue
[2025-12-29T15:10:29.757+0000] {logging_mixin.py:188} INFO - [2025-12-29T15:10:29.756+0000] {dagbag.py:538} INFO - Filling up the DagBag from /opt/airflow/dags/match_predictions.py
[2025-12-29T15:10:29.807+0000] {processor.py:842} WARNING - No viable dags retrieved from /opt/airflow/dags/match_predictions.py
[2025-12-29T15:10:29.857+0000] {processor.py:183} INFO - Processing /opt/airflow/dags/match_predictions.py took 0.118 seconds
[2025-12-29T15:11:00.313+0000] {processor.py:161} INFO - Started process (PID=4846) to work on /opt/airflow/dags/match_predictions.py
[2025-12-29T15:11:00.317+0000] {processor.py:830} INFO - Processing file /opt/airflow/dags/match_predictions.py for tasks to queue
[2025-12-29T15:11:00.319+0000] {logging_mixin.py:188} INFO - [2025-12-29T15:11:00.318+0000] {dagbag.py:538} INFO - Filling up the DagBag from /opt/airflow/dags/match_predictions.py
[2025-12-29T15:11:00.371+0000] {processor.py:842} WARNING - No viable dags retrieved from /opt/airflow/dags/match_predictions.py
[2025-12-29T15:11:00.426+0000] {processor.py:183} INFO - Processing /opt/airflow/dags/match_predictions.py took 0.121 seconds
[2025-12-29T15:11:30.868+0000] {processor.py:161} INFO - Started process (PID=4866) to work on /opt/airflow/dags/match_predictions.py
[2025-12-29T15:11:30.910+0000] {processor.py:830} INFO - Processing file /opt/airflow/dags/match_predictions.py for tasks to queue
[2025-12-29T15:11:30.913+0000] {logging_mixin.py:188} INFO - [2025-12-29T15:11:30.912+0000] {dagbag.py:538} INFO - Filling up the DagBag from /opt/airflow/dags/match_predictions.py
[2025-12-29T15:11:30.961+0000] {processor.py:842} WARNING - No viable dags retrieved from /opt/airflow/dags/match_predictions.py
[2025-12-29T15:11:31.012+0000] {processor.py:183} INFO - Processing /opt/airflow/dags/match_predictions.py took 0.155 seconds
[2025-12-29T15:12:01.484+0000] {processor.py:161} INFO - Started process (PID=4886) to work on /opt/airflow/dags/match_predictions.py
[2025-12-29T15:12:01.489+0000] {processor.py:830} INFO - Processing file /opt/airflow/dags/match_predictions.py for tasks to queue
[2025-12-29T15:12:01.491+0000] {logging_mixin.py:188} INFO - [2025-12-29T15:12:01.491+0000] {dagbag.py:538} INFO - Filling up the DagBag from /opt/airflow/dags/match_predictions.py
[2025-12-29T15:12:01.533+0000] {processor.py:842} WARNING - No viable dags retrieved from /opt/airflow/dags/match_predictions.py
[2025-12-29T15:12:01.572+0000] {processor.py:183} INFO - Processing /opt/airflow/dags/match_predictions.py took 0.095 seconds
[2025-12-29T15:12:31.987+0000] {processor.py:161} INFO - Started process (PID=4906) to work on /opt/airflow/dags/match_predictions.py
[2025-12-29T15:12:31.992+0000] {processor.py:830} INFO - Processing file /opt/airflow/dags/match_predictions.py for tasks to queue
[2025-12-29T15:12:31.995+0000] {logging_mixin.py:188} INFO - [2025-12-29T15:12:31.994+0000] {dagbag.py:538} INFO - Filling up the DagBag from /opt/airflow/dags/match_predictions.py
[2025-12-29T15:12:32.043+0000] {processor.py:842} WARNING - No viable dags retrieved from /opt/airflow/dags/match_predictions.py
[2025-12-29T15:12:32.090+0000] {processor.py:183} INFO - Processing /opt/airflow/dags/match_predictions.py took 0.113 seconds
[2025-12-29T15:13:02.530+0000] {processor.py:161} INFO - Started process (PID=4926) to work on /opt/airflow/dags/match_predictions.py
[2025-12-29T15:13:02.534+0000] {processor.py:830} INFO - Processing file /opt/airflow/dags/match_predictions.py for tasks to queue
[2025-12-29T15:13:02.536+0000] {logging_mixin.py:188} INFO - [2025-12-29T15:13:02.535+0000] {dagbag.py:538} INFO - Filling up the DagBag from /opt/airflow/dags/match_predictions.py
[2025-12-29T15:13:02.585+0000] {processor.py:842} WARNING - No viable dags retrieved from /opt/airflow/dags/match_predictions.py
[2025-12-29T15:13:02.629+0000] {processor.py:183} INFO - Processing /opt/airflow/dags/match_predictions.py took 0.108 seconds
[2025-12-29T15:13:33.064+0000] {processor.py:161} INFO - Started process (PID=4946) to work on /opt/airflow/dags/match_predictions.py
[2025-12-29T15:13:33.067+0000] {processor.py:830} INFO - Processing file /opt/airflow/dags/match_predictions.py for tasks to queue
[2025-12-29T15:13:33.070+0000] {logging_mixin.py:188} INFO - [2025-12-29T15:13:33.069+0000] {dagbag.py:538} INFO - Filling up the DagBag from /opt/airflow/dags/match_predictions.py
[2025-12-29T15:13:33.121+0000] {processor.py:842} WARNING - No viable dags retrieved from /opt/airflow/dags/match_predictions.py
[2025-12-29T15:13:33.163+0000] {processor.py:183} INFO - Processing /opt/airflow/dags/match_predictions.py took 0.108 seconds
[2025-12-29T15:14:03.582+0000] {processor.py:161} INFO - Started process (PID=4966) to work on /opt/airflow/dags/match_predictions.py
[2025-12-29T15:14:03.585+0000] {processor.py:830} INFO - Processing file /opt/airflow/dags/match_predictions.py for tasks to queue
[2025-12-29T15:14:03.588+0000] {logging_mixin.py:188} INFO - [2025-12-29T15:14:03.587+0000] {dagbag.py:538} INFO - Filling up the DagBag from /opt/airflow/dags/match_predictions.py
[2025-12-29T15:14:03.637+0000] {processor.py:842} WARNING - No viable dags retrieved from /opt/airflow/dags/match_predictions.py
[2025-12-29T15:14:03.683+0000] {processor.py:183} INFO - Processing /opt/airflow/dags/match_predictions.py took 0.109 seconds
[2025-12-29T15:14:34.304+0000] {processor.py:161} INFO - Started process (PID=4986) to work on /opt/airflow/dags/match_predictions.py
[2025-12-29T15:14:34.307+0000] {processor.py:830} INFO - Processing file /opt/airflow/dags/match_predictions.py for tasks to queue
[2025-12-29T15:14:34.310+0000] {logging_mixin.py:188} INFO - [2025-12-29T15:14:34.309+0000] {dagbag.py:538} INFO - Filling up the DagBag from /opt/airflow/dags/match_predictions.py
[2025-12-29T15:14:34.357+0000] {processor.py:842} WARNING - No viable dags retrieved from /opt/airflow/dags/match_predictions.py
[2025-12-29T15:14:34.409+0000] {processor.py:183} INFO - Processing /opt/airflow/dags/match_predictions.py took 0.115 seconds
[2025-12-29T15:15:04.775+0000] {processor.py:161} INFO - Started process (PID=5006) to work on /opt/airflow/dags/match_predictions.py
[2025-12-29T15:15:04.777+0000] {processor.py:830} INFO - Processing file /opt/airflow/dags/match_predictions.py for tasks to queue
[2025-12-29T15:15:04.779+0000] {logging_mixin.py:188} INFO - [2025-12-29T15:15:04.778+0000] {dagbag.py:538} INFO - Filling up the DagBag from /opt/airflow/dags/match_predictions.py
[2025-12-29T15:15:04.834+0000] {processor.py:842} WARNING - No viable dags retrieved from /opt/airflow/dags/match_predictions.py
[2025-12-29T15:15:04.885+0000] {processor.py:183} INFO - Processing /opt/airflow/dags/match_predictions.py took 0.118 seconds
[2025-12-29T15:15:35.306+0000] {processor.py:161} INFO - Started process (PID=5026) to work on /opt/airflow/dags/match_predictions.py
[2025-12-29T15:15:35.309+0000] {processor.py:830} INFO - Processing file /opt/airflow/dags/match_predictions.py for tasks to queue
[2025-12-29T15:15:35.312+0000] {logging_mixin.py:188} INFO - [2025-12-29T15:15:35.311+0000] {dagbag.py:538} INFO - Filling up the DagBag from /opt/airflow/dags/match_predictions.py
[2025-12-29T15:15:35.354+0000] {processor.py:842} WARNING - No viable dags retrieved from /opt/airflow/dags/match_predictions.py
[2025-12-29T15:15:35.404+0000] {processor.py:183} INFO - Processing /opt/airflow/dags/match_predictions.py took 0.105 seconds
[2025-12-29T15:16:05.896+0000] {processor.py:161} INFO - Started process (PID=5046) to work on /opt/airflow/dags/match_predictions.py
[2025-12-29T15:16:05.900+0000] {processor.py:830} INFO - Processing file /opt/airflow/dags/match_predictions.py for tasks to queue
[2025-12-29T15:16:05.902+0000] {logging_mixin.py:188} INFO - [2025-12-29T15:16:05.902+0000] {dagbag.py:538} INFO - Filling up the DagBag from /opt/airflow/dags/match_predictions.py
[2025-12-29T15:16:05.952+0000] {processor.py:842} WARNING - No viable dags retrieved from /opt/airflow/dags/match_predictions.py
[2025-12-29T15:16:05.996+0000] {processor.py:183} INFO - Processing /opt/airflow/dags/match_predictions.py took 0.110 seconds
[2025-12-29T15:16:36.433+0000] {processor.py:161} INFO - Started process (PID=5066) to work on /opt/airflow/dags/match_predictions.py
[2025-12-29T15:16:36.436+0000] {processor.py:830} INFO - Processing file /opt/airflow/dags/match_predictions.py for tasks to queue
[2025-12-29T15:16:36.439+0000] {logging_mixin.py:188} INFO - [2025-12-29T15:16:36.439+0000] {dagbag.py:538} INFO - Filling up the DagBag from /opt/airflow/dags/match_predictions.py
[2025-12-29T15:16:36.485+0000] {processor.py:842} WARNING - No viable dags retrieved from /opt/airflow/dags/match_predictions.py
[2025-12-29T15:16:36.533+0000] {processor.py:183} INFO - Processing /opt/airflow/dags/match_predictions.py took 0.109 seconds
[2025-12-29T15:17:06.943+0000] {processor.py:161} INFO - Started process (PID=5086) to work on /opt/airflow/dags/match_predictions.py
[2025-12-29T15:17:06.947+0000] {processor.py:830} INFO - Processing file /opt/airflow/dags/match_predictions.py for tasks to queue
[2025-12-29T15:17:06.949+0000] {logging_mixin.py:188} INFO - [2025-12-29T15:17:06.948+0000] {dagbag.py:538} INFO - Filling up the DagBag from /opt/airflow/dags/match_predictions.py
[2025-12-29T15:17:06.999+0000] {processor.py:842} WARNING - No viable dags retrieved from /opt/airflow/dags/match_predictions.py
[2025-12-29T15:17:07.042+0000] {processor.py:183} INFO - Processing /opt/airflow/dags/match_predictions.py took 0.107 seconds
[2025-12-29T15:17:37.481+0000] {processor.py:161} INFO - Started process (PID=5106) to work on /opt/airflow/dags/match_predictions.py
[2025-12-29T15:17:37.484+0000] {processor.py:830} INFO - Processing file /opt/airflow/dags/match_predictions.py for tasks to queue
[2025-12-29T15:17:37.487+0000] {logging_mixin.py:188} INFO - [2025-12-29T15:17:37.486+0000] {dagbag.py:538} INFO - Filling up the DagBag from /opt/airflow/dags/match_predictions.py
[2025-12-29T15:17:37.533+0000] {processor.py:842} WARNING - No viable dags retrieved from /opt/airflow/dags/match_predictions.py
[2025-12-29T15:17:37.578+0000] {processor.py:183} INFO - Processing /opt/airflow/dags/match_predictions.py took 0.105 seconds
[2025-12-29T15:18:08.035+0000] {processor.py:161} INFO - Started process (PID=5126) to work on /opt/airflow/dags/match_predictions.py
[2025-12-29T15:18:08.038+0000] {processor.py:830} INFO - Processing file /opt/airflow/dags/match_predictions.py for tasks to queue
[2025-12-29T15:18:08.040+0000] {logging_mixin.py:188} INFO - [2025-12-29T15:18:08.040+0000] {dagbag.py:538} INFO - Filling up the DagBag from /opt/airflow/dags/match_predictions.py
[2025-12-29T15:18:08.086+0000] {processor.py:842} WARNING - No viable dags retrieved from /opt/airflow/dags/match_predictions.py
[2025-12-29T15:18:08.128+0000] {processor.py:183} INFO - Processing /opt/airflow/dags/match_predictions.py took 0.104 seconds
[2025-12-29T15:18:38.561+0000] {processor.py:161} INFO - Started process (PID=5146) to work on /opt/airflow/dags/match_predictions.py
[2025-12-29T15:18:38.564+0000] {processor.py:830} INFO - Processing file /opt/airflow/dags/match_predictions.py for tasks to queue
[2025-12-29T15:18:38.569+0000] {logging_mixin.py:188} INFO - [2025-12-29T15:18:38.568+0000] {dagbag.py:538} INFO - Filling up the DagBag from /opt/airflow/dags/match_predictions.py
[2025-12-29T15:18:38.617+0000] {processor.py:842} WARNING - No viable dags retrieved from /opt/airflow/dags/match_predictions.py
[2025-12-29T15:18:38.663+0000] {processor.py:183} INFO - Processing /opt/airflow/dags/match_predictions.py took 0.112 seconds
[2025-12-29T15:19:08.856+0000] {processor.py:161} INFO - Started process (PID=5166) to work on /opt/airflow/dags/match_predictions.py
[2025-12-29T15:19:08.859+0000] {processor.py:830} INFO - Processing file /opt/airflow/dags/match_predictions.py for tasks to queue
[2025-12-29T15:19:08.862+0000] {logging_mixin.py:188} INFO - [2025-12-29T15:19:08.861+0000] {dagbag.py:538} INFO - Filling up the DagBag from /opt/airflow/dags/match_predictions.py
[2025-12-29T15:19:08.897+0000] {processor.py:842} WARNING - No viable dags retrieved from /opt/airflow/dags/match_predictions.py
[2025-12-29T15:19:08.934+0000] {processor.py:183} INFO - Processing /opt/airflow/dags/match_predictions.py took 0.085 seconds
[2025-12-29T15:19:39.153+0000] {processor.py:161} INFO - Started process (PID=5186) to work on /opt/airflow/dags/match_predictions.py
[2025-12-29T15:19:39.154+0000] {processor.py:830} INFO - Processing file /opt/airflow/dags/match_predictions.py for tasks to queue
[2025-12-29T15:19:39.155+0000] {logging_mixin.py:188} INFO - [2025-12-29T15:19:39.154+0000] {dagbag.py:538} INFO - Filling up the DagBag from /opt/airflow/dags/match_predictions.py
[2025-12-29T15:19:39.171+0000] {processor.py:842} WARNING - No viable dags retrieved from /opt/airflow/dags/match_predictions.py
[2025-12-29T15:19:39.188+0000] {processor.py:183} INFO - Processing /opt/airflow/dags/match_predictions.py took 0.039 seconds
[2025-12-29T15:20:09.575+0000] {processor.py:161} INFO - Started process (PID=5206) to work on /opt/airflow/dags/match_predictions.py
[2025-12-29T15:20:09.576+0000] {processor.py:830} INFO - Processing file /opt/airflow/dags/match_predictions.py for tasks to queue
[2025-12-29T15:20:09.577+0000] {logging_mixin.py:188} INFO - [2025-12-29T15:20:09.577+0000] {dagbag.py:538} INFO - Filling up the DagBag from /opt/airflow/dags/match_predictions.py
[2025-12-29T15:20:09.593+0000] {processor.py:842} WARNING - No viable dags retrieved from /opt/airflow/dags/match_predictions.py
[2025-12-29T15:20:09.611+0000] {processor.py:183} INFO - Processing /opt/airflow/dags/match_predictions.py took 0.040 seconds
[2025-12-29T15:20:40.039+0000] {processor.py:161} INFO - Started process (PID=5226) to work on /opt/airflow/dags/match_predictions.py
[2025-12-29T15:20:40.040+0000] {processor.py:830} INFO - Processing file /opt/airflow/dags/match_predictions.py for tasks to queue
[2025-12-29T15:20:40.041+0000] {logging_mixin.py:188} INFO - [2025-12-29T15:20:40.040+0000] {dagbag.py:538} INFO - Filling up the DagBag from /opt/airflow/dags/match_predictions.py
[2025-12-29T15:20:40.055+0000] {processor.py:842} WARNING - No viable dags retrieved from /opt/airflow/dags/match_predictions.py
[2025-12-29T15:20:40.071+0000] {processor.py:183} INFO - Processing /opt/airflow/dags/match_predictions.py took 0.036 seconds
[2025-12-29T15:21:10.498+0000] {processor.py:161} INFO - Started process (PID=5246) to work on /opt/airflow/dags/match_predictions.py
[2025-12-29T15:21:10.499+0000] {processor.py:830} INFO - Processing file /opt/airflow/dags/match_predictions.py for tasks to queue
[2025-12-29T15:21:10.500+0000] {logging_mixin.py:188} INFO - [2025-12-29T15:21:10.500+0000] {dagbag.py:538} INFO - Filling up the DagBag from /opt/airflow/dags/match_predictions.py
[2025-12-29T15:21:10.514+0000] {processor.py:842} WARNING - No viable dags retrieved from /opt/airflow/dags/match_predictions.py
[2025-12-29T15:21:10.530+0000] {processor.py:183} INFO - Processing /opt/airflow/dags/match_predictions.py took 0.035 seconds
[2025-12-29T15:21:40.954+0000] {processor.py:161} INFO - Started process (PID=5266) to work on /opt/airflow/dags/match_predictions.py
[2025-12-29T15:21:40.955+0000] {processor.py:830} INFO - Processing file /opt/airflow/dags/match_predictions.py for tasks to queue
[2025-12-29T15:21:40.957+0000] {logging_mixin.py:188} INFO - [2025-12-29T15:21:40.956+0000] {dagbag.py:538} INFO - Filling up the DagBag from /opt/airflow/dags/match_predictions.py
[2025-12-29T15:21:40.972+0000] {processor.py:842} WARNING - No viable dags retrieved from /opt/airflow/dags/match_predictions.py
[2025-12-29T15:21:40.987+0000] {processor.py:183} INFO - Processing /opt/airflow/dags/match_predictions.py took 0.037 seconds
[2025-12-29T15:22:11.439+0000] {processor.py:161} INFO - Started process (PID=5286) to work on /opt/airflow/dags/match_predictions.py
[2025-12-29T15:22:11.441+0000] {processor.py:830} INFO - Processing file /opt/airflow/dags/match_predictions.py for tasks to queue
[2025-12-29T15:22:11.442+0000] {logging_mixin.py:188} INFO - [2025-12-29T15:22:11.442+0000] {dagbag.py:538} INFO - Filling up the DagBag from /opt/airflow/dags/match_predictions.py
[2025-12-29T15:22:11.462+0000] {processor.py:842} WARNING - No viable dags retrieved from /opt/airflow/dags/match_predictions.py
[2025-12-29T15:22:11.482+0000] {processor.py:183} INFO - Processing /opt/airflow/dags/match_predictions.py took 0.047 seconds
[2025-12-29T15:22:41.922+0000] {processor.py:161} INFO - Started process (PID=5306) to work on /opt/airflow/dags/match_predictions.py
[2025-12-29T15:22:41.924+0000] {processor.py:830} INFO - Processing file /opt/airflow/dags/match_predictions.py for tasks to queue
[2025-12-29T15:22:41.925+0000] {logging_mixin.py:188} INFO - [2025-12-29T15:22:41.925+0000] {dagbag.py:538} INFO - Filling up the DagBag from /opt/airflow/dags/match_predictions.py
[2025-12-29T15:22:41.941+0000] {processor.py:842} WARNING - No viable dags retrieved from /opt/airflow/dags/match_predictions.py
[2025-12-29T15:22:41.975+0000] {processor.py:183} INFO - Processing /opt/airflow/dags/match_predictions.py took 0.058 seconds
[2025-12-29T15:23:12.448+0000] {processor.py:161} INFO - Started process (PID=5326) to work on /opt/airflow/dags/match_predictions.py
[2025-12-29T15:23:12.450+0000] {processor.py:830} INFO - Processing file /opt/airflow/dags/match_predictions.py for tasks to queue
[2025-12-29T15:23:12.450+0000] {logging_mixin.py:188} INFO - [2025-12-29T15:23:12.450+0000] {dagbag.py:538} INFO - Filling up the DagBag from /opt/airflow/dags/match_predictions.py
[2025-12-29T15:23:12.466+0000] {processor.py:842} WARNING - No viable dags retrieved from /opt/airflow/dags/match_predictions.py
[2025-12-29T15:23:12.484+0000] {processor.py:183} INFO - Processing /opt/airflow/dags/match_predictions.py took 0.041 seconds
[2025-12-29T15:23:42.917+0000] {processor.py:161} INFO - Started process (PID=5346) to work on /opt/airflow/dags/match_predictions.py
[2025-12-29T15:23:42.919+0000] {processor.py:830} INFO - Processing file /opt/airflow/dags/match_predictions.py for tasks to queue
[2025-12-29T15:23:42.920+0000] {logging_mixin.py:188} INFO - [2025-12-29T15:23:42.919+0000] {dagbag.py:538} INFO - Filling up the DagBag from /opt/airflow/dags/match_predictions.py
[2025-12-29T15:23:42.935+0000] {processor.py:842} WARNING - No viable dags retrieved from /opt/airflow/dags/match_predictions.py
[2025-12-29T15:23:42.952+0000] {processor.py:183} INFO - Processing /opt/airflow/dags/match_predictions.py took 0.039 seconds
[2025-12-29T15:24:13.468+0000] {processor.py:161} INFO - Started process (PID=5366) to work on /opt/airflow/dags/match_predictions.py
[2025-12-29T15:24:13.470+0000] {processor.py:830} INFO - Processing file /opt/airflow/dags/match_predictions.py for tasks to queue
[2025-12-29T15:24:13.472+0000] {logging_mixin.py:188} INFO - [2025-12-29T15:24:13.471+0000] {dagbag.py:538} INFO - Filling up the DagBag from /opt/airflow/dags/match_predictions.py
[2025-12-29T15:24:13.488+0000] {processor.py:842} WARNING - No viable dags retrieved from /opt/airflow/dags/match_predictions.py
[2025-12-29T15:24:13.504+0000] {processor.py:183} INFO - Processing /opt/airflow/dags/match_predictions.py took 0.040 seconds
[2025-12-29T15:24:43.953+0000] {processor.py:161} INFO - Started process (PID=5386) to work on /opt/airflow/dags/match_predictions.py
[2025-12-29T15:24:43.954+0000] {processor.py:830} INFO - Processing file /opt/airflow/dags/match_predictions.py for tasks to queue
[2025-12-29T15:24:43.955+0000] {logging_mixin.py:188} INFO - [2025-12-29T15:24:43.955+0000] {dagbag.py:538} INFO - Filling up the DagBag from /opt/airflow/dags/match_predictions.py
[2025-12-29T15:24:43.971+0000] {processor.py:842} WARNING - No viable dags retrieved from /opt/airflow/dags/match_predictions.py
[2025-12-29T15:24:43.988+0000] {processor.py:183} INFO - Processing /opt/airflow/dags/match_predictions.py took 0.039 seconds
[2025-12-29T15:25:14.440+0000] {processor.py:161} INFO - Started process (PID=5406) to work on /opt/airflow/dags/match_predictions.py
[2025-12-29T15:25:14.441+0000] {processor.py:830} INFO - Processing file /opt/airflow/dags/match_predictions.py for tasks to queue
[2025-12-29T15:25:14.442+0000] {logging_mixin.py:188} INFO - [2025-12-29T15:25:14.442+0000] {dagbag.py:538} INFO - Filling up the DagBag from /opt/airflow/dags/match_predictions.py
[2025-12-29T15:25:14.459+0000] {processor.py:842} WARNING - No viable dags retrieved from /opt/airflow/dags/match_predictions.py
[2025-12-29T15:25:14.477+0000] {processor.py:183} INFO - Processing /opt/airflow/dags/match_predictions.py took 0.040 seconds
[2025-12-29T15:25:44.938+0000] {processor.py:161} INFO - Started process (PID=5426) to work on /opt/airflow/dags/match_predictions.py
[2025-12-29T15:25:44.939+0000] {processor.py:830} INFO - Processing file /opt/airflow/dags/match_predictions.py for tasks to queue
[2025-12-29T15:25:44.940+0000] {logging_mixin.py:188} INFO - [2025-12-29T15:25:44.940+0000] {dagbag.py:538} INFO - Filling up the DagBag from /opt/airflow/dags/match_predictions.py
[2025-12-29T15:25:44.958+0000] {processor.py:842} WARNING - No viable dags retrieved from /opt/airflow/dags/match_predictions.py
[2025-12-29T15:25:44.977+0000] {processor.py:183} INFO - Processing /opt/airflow/dags/match_predictions.py took 0.043 seconds
[2025-12-29T15:26:15.437+0000] {processor.py:161} INFO - Started process (PID=5446) to work on /opt/airflow/dags/match_predictions.py
[2025-12-29T15:26:15.439+0000] {processor.py:830} INFO - Processing file /opt/airflow/dags/match_predictions.py for tasks to queue
[2025-12-29T15:26:15.439+0000] {logging_mixin.py:188} INFO - [2025-12-29T15:26:15.439+0000] {dagbag.py:538} INFO - Filling up the DagBag from /opt/airflow/dags/match_predictions.py
[2025-12-29T15:26:15.457+0000] {processor.py:842} WARNING - No viable dags retrieved from /opt/airflow/dags/match_predictions.py
[2025-12-29T15:26:15.478+0000] {processor.py:183} INFO - Processing /opt/airflow/dags/match_predictions.py took 0.045 seconds
[2025-12-29T15:26:45.929+0000] {processor.py:161} INFO - Started process (PID=5466) to work on /opt/airflow/dags/match_predictions.py
[2025-12-29T15:26:45.930+0000] {processor.py:830} INFO - Processing file /opt/airflow/dags/match_predictions.py for tasks to queue
[2025-12-29T15:26:45.933+0000] {logging_mixin.py:188} INFO - [2025-12-29T15:26:45.933+0000] {dagbag.py:538} INFO - Filling up the DagBag from /opt/airflow/dags/match_predictions.py
[2025-12-29T15:26:45.949+0000] {processor.py:842} WARNING - No viable dags retrieved from /opt/airflow/dags/match_predictions.py
[2025-12-29T15:26:45.970+0000] {processor.py:183} INFO - Processing /opt/airflow/dags/match_predictions.py took 0.053 seconds
[2025-12-29T15:27:16.437+0000] {processor.py:161} INFO - Started process (PID=5486) to work on /opt/airflow/dags/match_predictions.py
[2025-12-29T15:27:16.439+0000] {processor.py:830} INFO - Processing file /opt/airflow/dags/match_predictions.py for tasks to queue
[2025-12-29T15:27:16.440+0000] {logging_mixin.py:188} INFO - [2025-12-29T15:27:16.440+0000] {dagbag.py:538} INFO - Filling up the DagBag from /opt/airflow/dags/match_predictions.py
[2025-12-29T15:27:16.455+0000] {processor.py:842} WARNING - No viable dags retrieved from /opt/airflow/dags/match_predictions.py
[2025-12-29T15:27:16.476+0000] {processor.py:183} INFO - Processing /opt/airflow/dags/match_predictions.py took 0.045 seconds
[2025-12-29T15:27:46.934+0000] {processor.py:161} INFO - Started process (PID=5506) to work on /opt/airflow/dags/match_predictions.py
[2025-12-29T15:27:46.936+0000] {processor.py:830} INFO - Processing file /opt/airflow/dags/match_predictions.py for tasks to queue
[2025-12-29T15:27:46.937+0000] {logging_mixin.py:188} INFO - [2025-12-29T15:27:46.937+0000] {dagbag.py:538} INFO - Filling up the DagBag from /opt/airflow/dags/match_predictions.py
[2025-12-29T15:27:46.953+0000] {processor.py:842} WARNING - No viable dags retrieved from /opt/airflow/dags/match_predictions.py
[2025-12-29T15:27:46.974+0000] {processor.py:183} INFO - Processing /opt/airflow/dags/match_predictions.py took 0.045 seconds
[2025-12-29T15:28:17.705+0000] {processor.py:161} INFO - Started process (PID=5526) to work on /opt/airflow/dags/match_predictions.py
[2025-12-29T15:28:17.717+0000] {processor.py:830} INFO - Processing file /opt/airflow/dags/match_predictions.py for tasks to queue
[2025-12-29T15:28:17.735+0000] {logging_mixin.py:188} INFO - [2025-12-29T15:28:17.731+0000] {dagbag.py:538} INFO - Filling up the DagBag from /opt/airflow/dags/match_predictions.py
[2025-12-29T15:28:17.883+0000] {processor.py:842} WARNING - No viable dags retrieved from /opt/airflow/dags/match_predictions.py
[2025-12-29T15:28:18.178+0000] {processor.py:183} INFO - Processing /opt/airflow/dags/match_predictions.py took 0.529 seconds
[2025-12-29T15:28:49.759+0000] {processor.py:161} INFO - Started process (PID=5546) to work on /opt/airflow/dags/match_predictions.py
[2025-12-29T15:28:49.778+0000] {processor.py:830} INFO - Processing file /opt/airflow/dags/match_predictions.py for tasks to queue
[2025-12-29T15:28:49.801+0000] {logging_mixin.py:188} INFO - [2025-12-29T15:28:49.796+0000] {dagbag.py:538} INFO - Filling up the DagBag from /opt/airflow/dags/match_predictions.py
[2025-12-29T15:28:50.014+0000] {processor.py:842} WARNING - No viable dags retrieved from /opt/airflow/dags/match_predictions.py
[2025-12-29T15:28:50.334+0000] {processor.py:183} INFO - Processing /opt/airflow/dags/match_predictions.py took 0.649 seconds
[2025-12-29T15:29:21.951+0000] {processor.py:161} INFO - Started process (PID=5566) to work on /opt/airflow/dags/match_predictions.py
[2025-12-29T15:29:21.969+0000] {processor.py:830} INFO - Processing file /opt/airflow/dags/match_predictions.py for tasks to queue
[2025-12-29T15:29:21.993+0000] {logging_mixin.py:188} INFO - [2025-12-29T15:29:21.988+0000] {dagbag.py:538} INFO - Filling up the DagBag from /opt/airflow/dags/match_predictions.py
[2025-12-29T15:29:22.195+0000] {processor.py:842} WARNING - No viable dags retrieved from /opt/airflow/dags/match_predictions.py
[2025-12-29T15:29:22.522+0000] {processor.py:183} INFO - Processing /opt/airflow/dags/match_predictions.py took 0.627 seconds
[2025-12-29T15:29:53.628+0000] {processor.py:161} INFO - Started process (PID=5586) to work on /opt/airflow/dags/match_predictions.py
[2025-12-29T15:29:53.649+0000] {processor.py:830} INFO - Processing file /opt/airflow/dags/match_predictions.py for tasks to queue
[2025-12-29T15:29:53.669+0000] {logging_mixin.py:188} INFO - [2025-12-29T15:29:53.664+0000] {dagbag.py:538} INFO - Filling up the DagBag from /opt/airflow/dags/match_predictions.py
[2025-12-29T15:29:53.870+0000] {processor.py:842} WARNING - No viable dags retrieved from /opt/airflow/dags/match_predictions.py
[2025-12-29T15:29:54.128+0000] {processor.py:183} INFO - Processing /opt/airflow/dags/match_predictions.py took 0.575 seconds
[2025-12-29T15:30:24.932+0000] {processor.py:161} INFO - Started process (PID=5606) to work on /opt/airflow/dags/match_predictions.py
[2025-12-29T15:30:24.953+0000] {processor.py:830} INFO - Processing file /opt/airflow/dags/match_predictions.py for tasks to queue
[2025-12-29T15:30:24.967+0000] {logging_mixin.py:188} INFO - [2025-12-29T15:30:24.963+0000] {dagbag.py:538} INFO - Filling up the DagBag from /opt/airflow/dags/match_predictions.py
[2025-12-29T15:30:25.141+0000] {processor.py:842} WARNING - No viable dags retrieved from /opt/airflow/dags/match_predictions.py
[2025-12-29T15:30:25.348+0000] {processor.py:183} INFO - Processing /opt/airflow/dags/match_predictions.py took 0.464 seconds
[2025-12-29T15:30:56.752+0000] {processor.py:161} INFO - Started process (PID=5626) to work on /opt/airflow/dags/match_predictions.py
[2025-12-29T15:30:56.764+0000] {processor.py:830} INFO - Processing file /opt/airflow/dags/match_predictions.py for tasks to queue
[2025-12-29T15:30:56.776+0000] {logging_mixin.py:188} INFO - [2025-12-29T15:30:56.773+0000] {dagbag.py:538} INFO - Filling up the DagBag from /opt/airflow/dags/match_predictions.py
[2025-12-29T15:30:56.939+0000] {processor.py:842} WARNING - No viable dags retrieved from /opt/airflow/dags/match_predictions.py
[2025-12-29T15:30:57.151+0000] {processor.py:183} INFO - Processing /opt/airflow/dags/match_predictions.py took 0.440 seconds
[2025-12-29T15:31:28.311+0000] {processor.py:161} INFO - Started process (PID=5646) to work on /opt/airflow/dags/match_predictions.py
[2025-12-29T15:31:28.320+0000] {processor.py:830} INFO - Processing file /opt/airflow/dags/match_predictions.py for tasks to queue
[2025-12-29T15:31:28.328+0000] {logging_mixin.py:188} INFO - [2025-12-29T15:31:28.326+0000] {dagbag.py:538} INFO - Filling up the DagBag from /opt/airflow/dags/match_predictions.py
[2025-12-29T15:31:28.439+0000] {processor.py:842} WARNING - No viable dags retrieved from /opt/airflow/dags/match_predictions.py
[2025-12-29T15:31:28.553+0000] {processor.py:183} INFO - Processing /opt/airflow/dags/match_predictions.py took 0.272 seconds
[2025-12-29T15:31:58.843+0000] {processor.py:161} INFO - Started process (PID=5666) to work on /opt/airflow/dags/match_predictions.py
[2025-12-29T15:31:58.847+0000] {processor.py:830} INFO - Processing file /opt/airflow/dags/match_predictions.py for tasks to queue
[2025-12-29T15:31:58.850+0000] {logging_mixin.py:188} INFO - [2025-12-29T15:31:58.849+0000] {dagbag.py:538} INFO - Filling up the DagBag from /opt/airflow/dags/match_predictions.py
[2025-12-29T15:31:58.891+0000] {processor.py:842} WARNING - No viable dags retrieved from /opt/airflow/dags/match_predictions.py
[2025-12-29T15:31:58.938+0000] {processor.py:183} INFO - Processing /opt/airflow/dags/match_predictions.py took 0.106 seconds
[2025-12-29T15:32:29.250+0000] {processor.py:161} INFO - Started process (PID=5686) to work on /opt/airflow/dags/match_predictions.py
[2025-12-29T15:32:29.253+0000] {processor.py:830} INFO - Processing file /opt/airflow/dags/match_predictions.py for tasks to queue
[2025-12-29T15:32:29.256+0000] {logging_mixin.py:188} INFO - [2025-12-29T15:32:29.255+0000] {dagbag.py:538} INFO - Filling up the DagBag from /opt/airflow/dags/match_predictions.py
[2025-12-29T15:32:29.297+0000] {processor.py:842} WARNING - No viable dags retrieved from /opt/airflow/dags/match_predictions.py
[2025-12-29T15:32:29.344+0000] {processor.py:183} INFO - Processing /opt/airflow/dags/match_predictions.py took 0.105 seconds
[2025-12-29T15:32:59.655+0000] {processor.py:161} INFO - Started process (PID=5706) to work on /opt/airflow/dags/match_predictions.py
[2025-12-29T15:32:59.659+0000] {processor.py:830} INFO - Processing file /opt/airflow/dags/match_predictions.py for tasks to queue
[2025-12-29T15:32:59.662+0000] {logging_mixin.py:188} INFO - [2025-12-29T15:32:59.661+0000] {dagbag.py:538} INFO - Filling up the DagBag from /opt/airflow/dags/match_predictions.py
[2025-12-29T15:32:59.705+0000] {processor.py:842} WARNING - No viable dags retrieved from /opt/airflow/dags/match_predictions.py
[2025-12-29T15:32:59.750+0000] {processor.py:183} INFO - Processing /opt/airflow/dags/match_predictions.py took 0.104 seconds
[2025-12-29T15:33:30.059+0000] {processor.py:161} INFO - Started process (PID=5726) to work on /opt/airflow/dags/match_predictions.py
[2025-12-29T15:33:30.063+0000] {processor.py:830} INFO - Processing file /opt/airflow/dags/match_predictions.py for tasks to queue
[2025-12-29T15:33:30.065+0000] {logging_mixin.py:188} INFO - [2025-12-29T15:33:30.065+0000] {dagbag.py:538} INFO - Filling up the DagBag from /opt/airflow/dags/match_predictions.py
[2025-12-29T15:33:30.108+0000] {processor.py:842} WARNING - No viable dags retrieved from /opt/airflow/dags/match_predictions.py
[2025-12-29T15:33:30.151+0000] {processor.py:183} INFO - Processing /opt/airflow/dags/match_predictions.py took 0.101 seconds
[2025-12-29T15:34:01.040+0000] {processor.py:161} INFO - Started process (PID=5746) to work on /opt/airflow/dags/match_predictions.py
[2025-12-29T15:34:01.044+0000] {processor.py:830} INFO - Processing file /opt/airflow/dags/match_predictions.py for tasks to queue
[2025-12-29T15:34:01.047+0000] {logging_mixin.py:188} INFO - [2025-12-29T15:34:01.046+0000] {dagbag.py:538} INFO - Filling up the DagBag from /opt/airflow/dags/match_predictions.py
[2025-12-29T15:34:01.090+0000] {processor.py:842} WARNING - No viable dags retrieved from /opt/airflow/dags/match_predictions.py
[2025-12-29T15:34:01.132+0000] {processor.py:183} INFO - Processing /opt/airflow/dags/match_predictions.py took 0.102 seconds
[2025-12-29T15:34:31.513+0000] {processor.py:161} INFO - Started process (PID=5766) to work on /opt/airflow/dags/match_predictions.py
[2025-12-29T15:34:31.517+0000] {processor.py:830} INFO - Processing file /opt/airflow/dags/match_predictions.py for tasks to queue
[2025-12-29T15:34:31.520+0000] {logging_mixin.py:188} INFO - [2025-12-29T15:34:31.519+0000] {dagbag.py:538} INFO - Filling up the DagBag from /opt/airflow/dags/match_predictions.py
[2025-12-29T15:34:31.563+0000] {processor.py:842} WARNING - No viable dags retrieved from /opt/airflow/dags/match_predictions.py
[2025-12-29T15:34:31.612+0000] {processor.py:183} INFO - Processing /opt/airflow/dags/match_predictions.py took 0.110 seconds
[2025-12-29T15:35:01.777+0000] {processor.py:161} INFO - Started process (PID=5786) to work on /opt/airflow/dags/match_predictions.py
[2025-12-29T15:35:01.780+0000] {processor.py:830} INFO - Processing file /opt/airflow/dags/match_predictions.py for tasks to queue
[2025-12-29T15:35:01.783+0000] {logging_mixin.py:188} INFO - [2025-12-29T15:35:01.782+0000] {dagbag.py:538} INFO - Filling up the DagBag from /opt/airflow/dags/match_predictions.py
[2025-12-29T15:35:01.826+0000] {processor.py:842} WARNING - No viable dags retrieved from /opt/airflow/dags/match_predictions.py
[2025-12-29T15:35:01.870+0000] {processor.py:183} INFO - Processing /opt/airflow/dags/match_predictions.py took 0.103 seconds
[2025-12-29T15:35:32.656+0000] {processor.py:161} INFO - Started process (PID=5806) to work on /opt/airflow/dags/match_predictions.py
[2025-12-29T15:35:32.659+0000] {processor.py:830} INFO - Processing file /opt/airflow/dags/match_predictions.py for tasks to queue
[2025-12-29T15:35:32.660+0000] {logging_mixin.py:188} INFO - [2025-12-29T15:35:32.660+0000] {dagbag.py:538} INFO - Filling up the DagBag from /opt/airflow/dags/match_predictions.py
[2025-12-29T15:35:32.688+0000] {processor.py:842} WARNING - No viable dags retrieved from /opt/airflow/dags/match_predictions.py
[2025-12-29T15:35:32.715+0000] {processor.py:183} INFO - Processing /opt/airflow/dags/match_predictions.py took 0.065 seconds
[2025-12-29T15:36:02.807+0000] {processor.py:161} INFO - Started process (PID=5826) to work on /opt/airflow/dags/match_predictions.py
[2025-12-29T15:36:02.809+0000] {processor.py:830} INFO - Processing file /opt/airflow/dags/match_predictions.py for tasks to queue
[2025-12-29T15:36:02.810+0000] {logging_mixin.py:188} INFO - [2025-12-29T15:36:02.810+0000] {dagbag.py:538} INFO - Filling up the DagBag from /opt/airflow/dags/match_predictions.py
[2025-12-29T15:36:02.833+0000] {processor.py:842} WARNING - No viable dags retrieved from /opt/airflow/dags/match_predictions.py
[2025-12-29T15:36:02.860+0000] {processor.py:183} INFO - Processing /opt/airflow/dags/match_predictions.py took 0.057 seconds
[2025-12-29T15:36:33.363+0000] {processor.py:161} INFO - Started process (PID=5846) to work on /opt/airflow/dags/match_predictions.py
[2025-12-29T15:36:33.364+0000] {processor.py:830} INFO - Processing file /opt/airflow/dags/match_predictions.py for tasks to queue
[2025-12-29T15:36:33.365+0000] {logging_mixin.py:188} INFO - [2025-12-29T15:36:33.364+0000] {dagbag.py:538} INFO - Filling up the DagBag from /opt/airflow/dags/match_predictions.py
[2025-12-29T15:36:33.380+0000] {processor.py:842} WARNING - No viable dags retrieved from /opt/airflow/dags/match_predictions.py
[2025-12-29T15:36:33.398+0000] {processor.py:183} INFO - Processing /opt/airflow/dags/match_predictions.py took 0.039 seconds
[2025-12-29T17:59:19.884+0000] {processor.py:161} INFO - Started process (PID=5866) to work on /opt/airflow/dags/match_predictions.py
[2025-12-29T17:59:19.929+0000] {processor.py:830} INFO - Processing file /opt/airflow/dags/match_predictions.py for tasks to queue
[2025-12-29T17:59:19.987+0000] {logging_mixin.py:188} INFO - [2025-12-29T17:59:19.971+0000] {dagbag.py:538} INFO - Filling up the DagBag from /opt/airflow/dags/match_predictions.py
[2025-12-29T17:59:20.997+0000] {processor.py:842} WARNING - No viable dags retrieved from /opt/airflow/dags/match_predictions.py
[2025-12-29T17:59:21.517+0000] {processor.py:183} INFO - Processing /opt/airflow/dags/match_predictions.py took 1.780 seconds
[2025-12-29T23:47:36.308+0000] {processor.py:161} INFO - Started process (PID=5890) to work on /opt/airflow/dags/match_predictions.py
[2025-12-29T23:47:36.323+0000] {processor.py:830} INFO - Processing file /opt/airflow/dags/match_predictions.py for tasks to queue
[2025-12-29T23:47:36.334+0000] {logging_mixin.py:188} INFO - [2025-12-29T23:47:36.331+0000] {dagbag.py:538} INFO - Filling up the DagBag from /opt/airflow/dags/match_predictions.py
[2025-12-29T23:47:36.594+0000] {processor.py:842} WARNING - No viable dags retrieved from /opt/airflow/dags/match_predictions.py
[2025-12-29T23:47:36.913+0000] {processor.py:183} INFO - Processing /opt/airflow/dags/match_predictions.py took 0.669 seconds
