[2025-12-29T14:49:11.723+0000] {processor.py:161} INFO - Started process (PID=3996) to work on /opt/airflow/dags/ml_models.py
[2025-12-29T14:49:11.726+0000] {processor.py:830} INFO - Processing file /opt/airflow/dags/ml_models.py for tasks to queue
[2025-12-29T14:49:11.729+0000] {logging_mixin.py:188} INFO - [2025-12-29T14:49:11.728+0000] {dagbag.py:538} INFO - Filling up the DagBag from /opt/airflow/dags/ml_models.py
[2025-12-29T14:49:11.819+0000] {processor.py:840} INFO - DAG(s) 'ml_models' retrieved from /opt/airflow/dags/ml_models.py
[2025-12-29T14:49:11.913+0000] {logging_mixin.py:188} INFO - [2025-12-29T14:49:11.913+0000] {dag.py:3036} INFO - Sync 1 DAGs
[2025-12-29T14:49:12.020+0000] {logging_mixin.py:188} INFO - [2025-12-29T14:49:12.019+0000] {dag.py:3823} INFO - Setting next_dagrun for ml_models to 2025-12-28 00:00:00+00:00, run_after=2025-12-29 00:00:00+00:00
[2025-12-29T14:49:12.106+0000] {processor.py:183} INFO - Processing /opt/airflow/dags/ml_models.py took 0.395 seconds
[2025-12-29T14:49:43.041+0000] {processor.py:161} INFO - Started process (PID=4016) to work on /opt/airflow/dags/ml_models.py
[2025-12-29T14:49:43.043+0000] {processor.py:830} INFO - Processing file /opt/airflow/dags/ml_models.py for tasks to queue
[2025-12-29T14:49:43.044+0000] {logging_mixin.py:188} INFO - [2025-12-29T14:49:43.044+0000] {dagbag.py:538} INFO - Filling up the DagBag from /opt/airflow/dags/ml_models.py
[2025-12-29T14:49:43.078+0000] {processor.py:840} INFO - DAG(s) 'ml_models' retrieved from /opt/airflow/dags/ml_models.py
[2025-12-29T14:49:43.116+0000] {logging_mixin.py:188} INFO - [2025-12-29T14:49:43.115+0000] {dag.py:3036} INFO - Sync 1 DAGs
[2025-12-29T14:49:43.150+0000] {logging_mixin.py:188} INFO - [2025-12-29T14:49:43.149+0000] {dag.py:3823} INFO - Setting next_dagrun for ml_models to 2025-12-28 00:00:00+00:00, run_after=2025-12-29 00:00:00+00:00
[2025-12-29T14:49:43.220+0000] {processor.py:183} INFO - Processing /opt/airflow/dags/ml_models.py took 0.185 seconds
[2025-12-29T14:50:13.774+0000] {processor.py:161} INFO - Started process (PID=4036) to work on /opt/airflow/dags/ml_models.py
[2025-12-29T14:50:13.776+0000] {processor.py:830} INFO - Processing file /opt/airflow/dags/ml_models.py for tasks to queue
[2025-12-29T14:50:13.778+0000] {logging_mixin.py:188} INFO - [2025-12-29T14:50:13.778+0000] {dagbag.py:538} INFO - Filling up the DagBag from /opt/airflow/dags/ml_models.py
[2025-12-29T14:50:13.823+0000] {processor.py:840} INFO - DAG(s) 'ml_models' retrieved from /opt/airflow/dags/ml_models.py
[2025-12-29T14:50:13.892+0000] {logging_mixin.py:188} INFO - [2025-12-29T14:50:13.892+0000] {dag.py:3036} INFO - Sync 1 DAGs
[2025-12-29T14:50:13.936+0000] {logging_mixin.py:188} INFO - [2025-12-29T14:50:13.935+0000] {dag.py:3823} INFO - Setting next_dagrun for ml_models to 2025-12-28 00:00:00+00:00, run_after=2025-12-29 00:00:00+00:00
[2025-12-29T14:50:13.974+0000] {processor.py:183} INFO - Processing /opt/airflow/dags/ml_models.py took 0.207 seconds
[2025-12-29T14:50:44.794+0000] {processor.py:161} INFO - Started process (PID=4056) to work on /opt/airflow/dags/ml_models.py
[2025-12-29T14:50:44.797+0000] {processor.py:830} INFO - Processing file /opt/airflow/dags/ml_models.py for tasks to queue
[2025-12-29T14:50:44.800+0000] {logging_mixin.py:188} INFO - [2025-12-29T14:50:44.799+0000] {dagbag.py:538} INFO - Filling up the DagBag from /opt/airflow/dags/ml_models.py
[2025-12-29T14:50:44.859+0000] {processor.py:840} INFO - DAG(s) 'ml_models' retrieved from /opt/airflow/dags/ml_models.py
[2025-12-29T14:50:44.926+0000] {logging_mixin.py:188} INFO - [2025-12-29T14:50:44.925+0000] {dag.py:3036} INFO - Sync 1 DAGs
[2025-12-29T14:50:44.989+0000] {logging_mixin.py:188} INFO - [2025-12-29T14:50:44.988+0000] {dag.py:3823} INFO - Setting next_dagrun for ml_models to 2025-12-28 00:00:00+00:00, run_after=2025-12-29 00:00:00+00:00
[2025-12-29T14:50:45.043+0000] {processor.py:183} INFO - Processing /opt/airflow/dags/ml_models.py took 0.259 seconds
[2025-12-29T14:51:15.213+0000] {processor.py:161} INFO - Started process (PID=4076) to work on /opt/airflow/dags/ml_models.py
[2025-12-29T14:51:15.216+0000] {processor.py:830} INFO - Processing file /opt/airflow/dags/ml_models.py for tasks to queue
[2025-12-29T14:51:15.219+0000] {logging_mixin.py:188} INFO - [2025-12-29T14:51:15.218+0000] {dagbag.py:538} INFO - Filling up the DagBag from /opt/airflow/dags/ml_models.py
[2025-12-29T14:51:15.270+0000] {processor.py:840} INFO - DAG(s) 'ml_models' retrieved from /opt/airflow/dags/ml_models.py
[2025-12-29T14:51:15.328+0000] {logging_mixin.py:188} INFO - [2025-12-29T14:51:15.327+0000] {dag.py:3036} INFO - Sync 1 DAGs
[2025-12-29T14:51:15.392+0000] {logging_mixin.py:188} INFO - [2025-12-29T14:51:15.391+0000] {dag.py:3823} INFO - Setting next_dagrun for ml_models to 2025-12-28 00:00:00+00:00, run_after=2025-12-29 00:00:00+00:00
[2025-12-29T14:51:15.475+0000] {processor.py:183} INFO - Processing /opt/airflow/dags/ml_models.py took 0.271 seconds
[2025-12-29T14:51:45.891+0000] {processor.py:161} INFO - Started process (PID=4096) to work on /opt/airflow/dags/ml_models.py
[2025-12-29T14:51:45.894+0000] {processor.py:830} INFO - Processing file /opt/airflow/dags/ml_models.py for tasks to queue
[2025-12-29T14:51:45.897+0000] {logging_mixin.py:188} INFO - [2025-12-29T14:51:45.896+0000] {dagbag.py:538} INFO - Filling up the DagBag from /opt/airflow/dags/ml_models.py
[2025-12-29T14:51:45.958+0000] {processor.py:840} INFO - DAG(s) 'ml_models' retrieved from /opt/airflow/dags/ml_models.py
[2025-12-29T14:51:46.021+0000] {logging_mixin.py:188} INFO - [2025-12-29T14:51:46.021+0000] {dag.py:3036} INFO - Sync 1 DAGs
[2025-12-29T14:51:46.080+0000] {logging_mixin.py:188} INFO - [2025-12-29T14:51:46.079+0000] {dag.py:3823} INFO - Setting next_dagrun for ml_models to 2025-12-28 00:00:00+00:00, run_after=2025-12-29 00:00:00+00:00
[2025-12-29T14:51:46.129+0000] {processor.py:183} INFO - Processing /opt/airflow/dags/ml_models.py took 0.248 seconds
[2025-12-29T14:52:16.395+0000] {processor.py:161} INFO - Started process (PID=4116) to work on /opt/airflow/dags/ml_models.py
[2025-12-29T14:52:16.398+0000] {processor.py:830} INFO - Processing file /opt/airflow/dags/ml_models.py for tasks to queue
[2025-12-29T14:52:16.407+0000] {logging_mixin.py:188} INFO - [2025-12-29T14:52:16.405+0000] {dagbag.py:538} INFO - Filling up the DagBag from /opt/airflow/dags/ml_models.py
[2025-12-29T14:52:16.469+0000] {processor.py:840} INFO - DAG(s) 'ml_models' retrieved from /opt/airflow/dags/ml_models.py
[2025-12-29T14:52:16.542+0000] {logging_mixin.py:188} INFO - [2025-12-29T14:52:16.541+0000] {dag.py:3036} INFO - Sync 1 DAGs
[2025-12-29T14:52:16.609+0000] {logging_mixin.py:188} INFO - [2025-12-29T14:52:16.608+0000] {dag.py:3823} INFO - Setting next_dagrun for ml_models to 2025-12-28 00:00:00+00:00, run_after=2025-12-29 00:00:00+00:00
[2025-12-29T14:52:16.704+0000] {processor.py:183} INFO - Processing /opt/airflow/dags/ml_models.py took 0.320 seconds
[2025-12-29T14:52:46.875+0000] {processor.py:161} INFO - Started process (PID=4136) to work on /opt/airflow/dags/ml_models.py
[2025-12-29T14:52:46.878+0000] {processor.py:830} INFO - Processing file /opt/airflow/dags/ml_models.py for tasks to queue
[2025-12-29T14:52:46.880+0000] {logging_mixin.py:188} INFO - [2025-12-29T14:52:46.880+0000] {dagbag.py:538} INFO - Filling up the DagBag from /opt/airflow/dags/ml_models.py
[2025-12-29T14:52:46.939+0000] {processor.py:840} INFO - DAG(s) 'ml_models' retrieved from /opt/airflow/dags/ml_models.py
[2025-12-29T14:52:47.004+0000] {logging_mixin.py:188} INFO - [2025-12-29T14:52:47.003+0000] {dag.py:3036} INFO - Sync 1 DAGs
[2025-12-29T14:52:47.072+0000] {logging_mixin.py:188} INFO - [2025-12-29T14:52:47.071+0000] {dag.py:3823} INFO - Setting next_dagrun for ml_models to 2025-12-28 00:00:00+00:00, run_after=2025-12-29 00:00:00+00:00
[2025-12-29T14:52:47.161+0000] {processor.py:183} INFO - Processing /opt/airflow/dags/ml_models.py took 0.295 seconds
[2025-12-29T14:53:18.123+0000] {processor.py:161} INFO - Started process (PID=4156) to work on /opt/airflow/dags/ml_models.py
[2025-12-29T14:53:18.127+0000] {processor.py:830} INFO - Processing file /opt/airflow/dags/ml_models.py for tasks to queue
[2025-12-29T14:53:18.130+0000] {logging_mixin.py:188} INFO - [2025-12-29T14:53:18.129+0000] {dagbag.py:538} INFO - Filling up the DagBag from /opt/airflow/dags/ml_models.py
[2025-12-29T14:53:18.204+0000] {processor.py:840} INFO - DAG(s) 'ml_models' retrieved from /opt/airflow/dags/ml_models.py
[2025-12-29T14:53:18.291+0000] {logging_mixin.py:188} INFO - [2025-12-29T14:53:18.290+0000] {dag.py:3036} INFO - Sync 1 DAGs
[2025-12-29T14:53:18.357+0000] {logging_mixin.py:188} INFO - [2025-12-29T14:53:18.356+0000] {dag.py:3823} INFO - Setting next_dagrun for ml_models to 2025-12-28 00:00:00+00:00, run_after=2025-12-29 00:00:00+00:00
[2025-12-29T14:53:18.444+0000] {processor.py:183} INFO - Processing /opt/airflow/dags/ml_models.py took 0.332 seconds
[2025-12-29T14:53:48.890+0000] {processor.py:161} INFO - Started process (PID=4176) to work on /opt/airflow/dags/ml_models.py
[2025-12-29T14:53:48.893+0000] {processor.py:830} INFO - Processing file /opt/airflow/dags/ml_models.py for tasks to queue
[2025-12-29T14:53:48.896+0000] {logging_mixin.py:188} INFO - [2025-12-29T14:53:48.895+0000] {dagbag.py:538} INFO - Filling up the DagBag from /opt/airflow/dags/ml_models.py
[2025-12-29T14:53:48.950+0000] {processor.py:840} INFO - DAG(s) 'ml_models' retrieved from /opt/airflow/dags/ml_models.py
[2025-12-29T14:53:49.020+0000] {logging_mixin.py:188} INFO - [2025-12-29T14:53:49.020+0000] {dag.py:3036} INFO - Sync 1 DAGs
[2025-12-29T14:53:49.076+0000] {logging_mixin.py:188} INFO - [2025-12-29T14:53:49.075+0000] {dag.py:3823} INFO - Setting next_dagrun for ml_models to 2025-12-28 00:00:00+00:00, run_after=2025-12-29 00:00:00+00:00
[2025-12-29T14:53:49.125+0000] {processor.py:183} INFO - Processing /opt/airflow/dags/ml_models.py took 0.249 seconds
[2025-12-29T14:54:19.339+0000] {processor.py:161} INFO - Started process (PID=4196) to work on /opt/airflow/dags/ml_models.py
[2025-12-29T14:54:19.342+0000] {processor.py:830} INFO - Processing file /opt/airflow/dags/ml_models.py for tasks to queue
[2025-12-29T14:54:19.344+0000] {logging_mixin.py:188} INFO - [2025-12-29T14:54:19.344+0000] {dagbag.py:538} INFO - Filling up the DagBag from /opt/airflow/dags/ml_models.py
[2025-12-29T14:54:19.399+0000] {processor.py:840} INFO - DAG(s) 'ml_models' retrieved from /opt/airflow/dags/ml_models.py
[2025-12-29T14:54:19.458+0000] {logging_mixin.py:188} INFO - [2025-12-29T14:54:19.457+0000] {dag.py:3036} INFO - Sync 1 DAGs
[2025-12-29T14:54:19.516+0000] {logging_mixin.py:188} INFO - [2025-12-29T14:54:19.515+0000] {dag.py:3823} INFO - Setting next_dagrun for ml_models to 2025-12-28 00:00:00+00:00, run_after=2025-12-29 00:00:00+00:00
[2025-12-29T14:54:19.602+0000] {processor.py:183} INFO - Processing /opt/airflow/dags/ml_models.py took 0.271 seconds
[2025-12-29T14:54:49.791+0000] {processor.py:161} INFO - Started process (PID=4216) to work on /opt/airflow/dags/ml_models.py
[2025-12-29T14:54:49.794+0000] {processor.py:830} INFO - Processing file /opt/airflow/dags/ml_models.py for tasks to queue
[2025-12-29T14:54:49.797+0000] {logging_mixin.py:188} INFO - [2025-12-29T14:54:49.796+0000] {dagbag.py:538} INFO - Filling up the DagBag from /opt/airflow/dags/ml_models.py
[2025-12-29T14:54:49.855+0000] {processor.py:840} INFO - DAG(s) 'ml_models' retrieved from /opt/airflow/dags/ml_models.py
[2025-12-29T14:54:49.934+0000] {logging_mixin.py:188} INFO - [2025-12-29T14:54:49.934+0000] {dag.py:3036} INFO - Sync 1 DAGs
[2025-12-29T14:54:49.994+0000] {logging_mixin.py:188} INFO - [2025-12-29T14:54:49.993+0000] {dag.py:3823} INFO - Setting next_dagrun for ml_models to 2025-12-28 00:00:00+00:00, run_after=2025-12-29 00:00:00+00:00
[2025-12-29T14:54:50.090+0000] {processor.py:183} INFO - Processing /opt/airflow/dags/ml_models.py took 0.310 seconds
[2025-12-29T14:55:20.283+0000] {processor.py:161} INFO - Started process (PID=4236) to work on /opt/airflow/dags/ml_models.py
[2025-12-29T14:55:20.286+0000] {processor.py:830} INFO - Processing file /opt/airflow/dags/ml_models.py for tasks to queue
[2025-12-29T14:55:20.289+0000] {logging_mixin.py:188} INFO - [2025-12-29T14:55:20.289+0000] {dagbag.py:538} INFO - Filling up the DagBag from /opt/airflow/dags/ml_models.py
[2025-12-29T14:55:20.344+0000] {processor.py:840} INFO - DAG(s) 'ml_models' retrieved from /opt/airflow/dags/ml_models.py
[2025-12-29T14:55:20.403+0000] {logging_mixin.py:188} INFO - [2025-12-29T14:55:20.403+0000] {dag.py:3036} INFO - Sync 1 DAGs
[2025-12-29T14:55:20.467+0000] {logging_mixin.py:188} INFO - [2025-12-29T14:55:20.466+0000] {dag.py:3823} INFO - Setting next_dagrun for ml_models to 2025-12-28 00:00:00+00:00, run_after=2025-12-29 00:00:00+00:00
[2025-12-29T14:55:20.553+0000] {processor.py:183} INFO - Processing /opt/airflow/dags/ml_models.py took 0.278 seconds
[2025-12-29T14:55:51.025+0000] {processor.py:161} INFO - Started process (PID=4251) to work on /opt/airflow/dags/ml_models.py
[2025-12-29T14:55:51.029+0000] {processor.py:830} INFO - Processing file /opt/airflow/dags/ml_models.py for tasks to queue
[2025-12-29T14:55:51.031+0000] {logging_mixin.py:188} INFO - [2025-12-29T14:55:51.030+0000] {dagbag.py:538} INFO - Filling up the DagBag from /opt/airflow/dags/ml_models.py
[2025-12-29T14:55:51.098+0000] {processor.py:840} INFO - DAG(s) 'ml_models' retrieved from /opt/airflow/dags/ml_models.py
[2025-12-29T14:55:51.166+0000] {logging_mixin.py:188} INFO - [2025-12-29T14:55:51.166+0000] {dag.py:3036} INFO - Sync 1 DAGs
[2025-12-29T14:55:51.233+0000] {logging_mixin.py:188} INFO - [2025-12-29T14:55:51.232+0000] {dag.py:3823} INFO - Setting next_dagrun for ml_models to 2025-12-28 00:00:00+00:00, run_after=2025-12-29 00:00:00+00:00
[2025-12-29T14:55:51.326+0000] {processor.py:183} INFO - Processing /opt/airflow/dags/ml_models.py took 0.311 seconds
[2025-12-29T14:56:21.648+0000] {processor.py:161} INFO - Started process (PID=4271) to work on /opt/airflow/dags/ml_models.py
[2025-12-29T14:56:21.651+0000] {processor.py:830} INFO - Processing file /opt/airflow/dags/ml_models.py for tasks to queue
[2025-12-29T14:56:21.653+0000] {logging_mixin.py:188} INFO - [2025-12-29T14:56:21.653+0000] {dagbag.py:538} INFO - Filling up the DagBag from /opt/airflow/dags/ml_models.py
[2025-12-29T14:56:21.709+0000] {processor.py:840} INFO - DAG(s) 'ml_models' retrieved from /opt/airflow/dags/ml_models.py
[2025-12-29T14:56:21.774+0000] {logging_mixin.py:188} INFO - [2025-12-29T14:56:21.774+0000] {dag.py:3036} INFO - Sync 1 DAGs
[2025-12-29T14:56:21.839+0000] {logging_mixin.py:188} INFO - [2025-12-29T14:56:21.838+0000] {dag.py:3823} INFO - Setting next_dagrun for ml_models to 2025-12-28 00:00:00+00:00, run_after=2025-12-29 00:00:00+00:00
[2025-12-29T14:56:21.921+0000] {processor.py:183} INFO - Processing /opt/airflow/dags/ml_models.py took 0.283 seconds
[2025-12-29T14:56:52.146+0000] {processor.py:161} INFO - Started process (PID=4291) to work on /opt/airflow/dags/ml_models.py
[2025-12-29T14:56:52.150+0000] {processor.py:830} INFO - Processing file /opt/airflow/dags/ml_models.py for tasks to queue
[2025-12-29T14:56:52.152+0000] {logging_mixin.py:188} INFO - [2025-12-29T14:56:52.151+0000] {dagbag.py:538} INFO - Filling up the DagBag from /opt/airflow/dags/ml_models.py
[2025-12-29T14:56:52.202+0000] {processor.py:840} INFO - DAG(s) 'ml_models' retrieved from /opt/airflow/dags/ml_models.py
[2025-12-29T14:56:52.264+0000] {logging_mixin.py:188} INFO - [2025-12-29T14:56:52.263+0000] {dag.py:3036} INFO - Sync 1 DAGs
[2025-12-29T14:56:52.328+0000] {logging_mixin.py:188} INFO - [2025-12-29T14:56:52.327+0000] {dag.py:3823} INFO - Setting next_dagrun for ml_models to 2025-12-28 00:00:00+00:00, run_after=2025-12-29 00:00:00+00:00
[2025-12-29T14:56:52.415+0000] {processor.py:183} INFO - Processing /opt/airflow/dags/ml_models.py took 0.279 seconds
[2025-12-29T14:57:22.676+0000] {processor.py:161} INFO - Started process (PID=4311) to work on /opt/airflow/dags/ml_models.py
[2025-12-29T14:57:22.679+0000] {processor.py:830} INFO - Processing file /opt/airflow/dags/ml_models.py for tasks to queue
[2025-12-29T14:57:22.683+0000] {logging_mixin.py:188} INFO - [2025-12-29T14:57:22.681+0000] {dagbag.py:538} INFO - Filling up the DagBag from /opt/airflow/dags/ml_models.py
[2025-12-29T14:57:22.742+0000] {processor.py:840} INFO - DAG(s) 'ml_models' retrieved from /opt/airflow/dags/ml_models.py
[2025-12-29T14:57:22.810+0000] {logging_mixin.py:188} INFO - [2025-12-29T14:57:22.809+0000] {dag.py:3036} INFO - Sync 1 DAGs
[2025-12-29T14:57:22.874+0000] {logging_mixin.py:188} INFO - [2025-12-29T14:57:22.873+0000] {dag.py:3823} INFO - Setting next_dagrun for ml_models to 2025-12-28 00:00:00+00:00, run_after=2025-12-29 00:00:00+00:00
[2025-12-29T14:57:22.957+0000] {processor.py:183} INFO - Processing /opt/airflow/dags/ml_models.py took 0.294 seconds
[2025-12-29T14:57:53.205+0000] {processor.py:161} INFO - Started process (PID=4331) to work on /opt/airflow/dags/ml_models.py
[2025-12-29T14:57:53.209+0000] {processor.py:830} INFO - Processing file /opt/airflow/dags/ml_models.py for tasks to queue
[2025-12-29T14:57:53.212+0000] {logging_mixin.py:188} INFO - [2025-12-29T14:57:53.212+0000] {dagbag.py:538} INFO - Filling up the DagBag from /opt/airflow/dags/ml_models.py
[2025-12-29T14:57:53.266+0000] {processor.py:840} INFO - DAG(s) 'ml_models' retrieved from /opt/airflow/dags/ml_models.py
[2025-12-29T14:57:53.328+0000] {logging_mixin.py:188} INFO - [2025-12-29T14:57:53.328+0000] {dag.py:3036} INFO - Sync 1 DAGs
[2025-12-29T14:57:53.387+0000] {logging_mixin.py:188} INFO - [2025-12-29T14:57:53.386+0000] {dag.py:3823} INFO - Setting next_dagrun for ml_models to 2025-12-28 00:00:00+00:00, run_after=2025-12-29 00:00:00+00:00
[2025-12-29T14:57:53.440+0000] {processor.py:183} INFO - Processing /opt/airflow/dags/ml_models.py took 0.243 seconds
[2025-12-29T14:58:23.780+0000] {processor.py:161} INFO - Started process (PID=4351) to work on /opt/airflow/dags/ml_models.py
[2025-12-29T14:58:23.784+0000] {processor.py:830} INFO - Processing file /opt/airflow/dags/ml_models.py for tasks to queue
[2025-12-29T14:58:23.788+0000] {logging_mixin.py:188} INFO - [2025-12-29T14:58:23.787+0000] {dagbag.py:538} INFO - Filling up the DagBag from /opt/airflow/dags/ml_models.py
[2025-12-29T14:58:23.857+0000] {processor.py:840} INFO - DAG(s) 'ml_models' retrieved from /opt/airflow/dags/ml_models.py
[2025-12-29T14:58:23.917+0000] {logging_mixin.py:188} INFO - [2025-12-29T14:58:23.917+0000] {dag.py:3036} INFO - Sync 1 DAGs
[2025-12-29T14:58:23.970+0000] {logging_mixin.py:188} INFO - [2025-12-29T14:58:23.969+0000] {dag.py:3823} INFO - Setting next_dagrun for ml_models to 2025-12-28 00:00:00+00:00, run_after=2025-12-29 00:00:00+00:00
[2025-12-29T14:58:24.056+0000] {processor.py:183} INFO - Processing /opt/airflow/dags/ml_models.py took 0.299 seconds
[2025-12-29T14:58:54.799+0000] {processor.py:161} INFO - Started process (PID=4371) to work on /opt/airflow/dags/ml_models.py
[2025-12-29T14:58:54.804+0000] {processor.py:830} INFO - Processing file /opt/airflow/dags/ml_models.py for tasks to queue
[2025-12-29T14:58:54.807+0000] {logging_mixin.py:188} INFO - [2025-12-29T14:58:54.806+0000] {dagbag.py:538} INFO - Filling up the DagBag from /opt/airflow/dags/ml_models.py
[2025-12-29T14:58:54.869+0000] {processor.py:840} INFO - DAG(s) 'ml_models' retrieved from /opt/airflow/dags/ml_models.py
[2025-12-29T14:58:54.933+0000] {logging_mixin.py:188} INFO - [2025-12-29T14:58:54.933+0000] {dag.py:3036} INFO - Sync 1 DAGs
[2025-12-29T14:58:54.994+0000] {logging_mixin.py:188} INFO - [2025-12-29T14:58:54.993+0000] {dag.py:3823} INFO - Setting next_dagrun for ml_models to 2025-12-28 00:00:00+00:00, run_after=2025-12-29 00:00:00+00:00
[2025-12-29T14:58:55.043+0000] {processor.py:183} INFO - Processing /opt/airflow/dags/ml_models.py took 0.257 seconds
[2025-12-29T14:59:25.277+0000] {processor.py:161} INFO - Started process (PID=4391) to work on /opt/airflow/dags/ml_models.py
[2025-12-29T14:59:25.280+0000] {processor.py:830} INFO - Processing file /opt/airflow/dags/ml_models.py for tasks to queue
[2025-12-29T14:59:25.283+0000] {logging_mixin.py:188} INFO - [2025-12-29T14:59:25.282+0000] {dagbag.py:538} INFO - Filling up the DagBag from /opt/airflow/dags/ml_models.py
[2025-12-29T14:59:25.341+0000] {processor.py:840} INFO - DAG(s) 'ml_models' retrieved from /opt/airflow/dags/ml_models.py
[2025-12-29T14:59:25.409+0000] {logging_mixin.py:188} INFO - [2025-12-29T14:59:25.408+0000] {dag.py:3036} INFO - Sync 1 DAGs
[2025-12-29T14:59:25.475+0000] {logging_mixin.py:188} INFO - [2025-12-29T14:59:25.471+0000] {dag.py:3823} INFO - Setting next_dagrun for ml_models to 2025-12-28 00:00:00+00:00, run_after=2025-12-29 00:00:00+00:00
[2025-12-29T14:59:25.524+0000] {processor.py:183} INFO - Processing /opt/airflow/dags/ml_models.py took 0.257 seconds
[2025-12-29T14:59:55.706+0000] {processor.py:161} INFO - Started process (PID=4411) to work on /opt/airflow/dags/ml_models.py
[2025-12-29T14:59:55.710+0000] {processor.py:830} INFO - Processing file /opt/airflow/dags/ml_models.py for tasks to queue
[2025-12-29T14:59:55.712+0000] {logging_mixin.py:188} INFO - [2025-12-29T14:59:55.712+0000] {dagbag.py:538} INFO - Filling up the DagBag from /opt/airflow/dags/ml_models.py
[2025-12-29T14:59:55.772+0000] {processor.py:840} INFO - DAG(s) 'ml_models' retrieved from /opt/airflow/dags/ml_models.py
[2025-12-29T14:59:55.834+0000] {logging_mixin.py:188} INFO - [2025-12-29T14:59:55.833+0000] {dag.py:3036} INFO - Sync 1 DAGs
[2025-12-29T14:59:55.913+0000] {logging_mixin.py:188} INFO - [2025-12-29T14:59:55.908+0000] {dag.py:3823} INFO - Setting next_dagrun for ml_models to 2025-12-28 00:00:00+00:00, run_after=2025-12-29 00:00:00+00:00
[2025-12-29T14:59:56.009+0000] {processor.py:183} INFO - Processing /opt/airflow/dags/ml_models.py took 0.312 seconds
[2025-12-29T15:00:26.161+0000] {processor.py:161} INFO - Started process (PID=4431) to work on /opt/airflow/dags/ml_models.py
[2025-12-29T15:00:26.164+0000] {processor.py:830} INFO - Processing file /opt/airflow/dags/ml_models.py for tasks to queue
[2025-12-29T15:00:26.166+0000] {logging_mixin.py:188} INFO - [2025-12-29T15:00:26.165+0000] {dagbag.py:538} INFO - Filling up the DagBag from /opt/airflow/dags/ml_models.py
[2025-12-29T15:00:26.225+0000] {processor.py:840} INFO - DAG(s) 'ml_models' retrieved from /opt/airflow/dags/ml_models.py
[2025-12-29T15:00:26.291+0000] {logging_mixin.py:188} INFO - [2025-12-29T15:00:26.290+0000] {dag.py:3036} INFO - Sync 1 DAGs
[2025-12-29T15:00:26.356+0000] {logging_mixin.py:188} INFO - [2025-12-29T15:00:26.355+0000] {dag.py:3823} INFO - Setting next_dagrun for ml_models to 2025-12-28 00:00:00+00:00, run_after=2025-12-29 00:00:00+00:00
[2025-12-29T15:00:26.440+0000] {processor.py:183} INFO - Processing /opt/airflow/dags/ml_models.py took 0.287 seconds
[2025-12-29T15:00:57.365+0000] {processor.py:161} INFO - Started process (PID=4451) to work on /opt/airflow/dags/ml_models.py
[2025-12-29T15:00:57.368+0000] {processor.py:830} INFO - Processing file /opt/airflow/dags/ml_models.py for tasks to queue
[2025-12-29T15:00:57.371+0000] {logging_mixin.py:188} INFO - [2025-12-29T15:00:57.370+0000] {dagbag.py:538} INFO - Filling up the DagBag from /opt/airflow/dags/ml_models.py
[2025-12-29T15:00:57.433+0000] {processor.py:840} INFO - DAG(s) 'ml_models' retrieved from /opt/airflow/dags/ml_models.py
[2025-12-29T15:00:57.522+0000] {logging_mixin.py:188} INFO - [2025-12-29T15:00:57.521+0000] {dag.py:3036} INFO - Sync 1 DAGs
[2025-12-29T15:00:57.589+0000] {logging_mixin.py:188} INFO - [2025-12-29T15:00:57.588+0000] {dag.py:3823} INFO - Setting next_dagrun for ml_models to 2025-12-28 00:00:00+00:00, run_after=2025-12-29 00:00:00+00:00
[2025-12-29T15:00:57.685+0000] {processor.py:183} INFO - Processing /opt/airflow/dags/ml_models.py took 0.329 seconds
[2025-12-29T15:01:27.884+0000] {processor.py:161} INFO - Started process (PID=4471) to work on /opt/airflow/dags/ml_models.py
[2025-12-29T15:01:27.887+0000] {processor.py:830} INFO - Processing file /opt/airflow/dags/ml_models.py for tasks to queue
[2025-12-29T15:01:27.890+0000] {logging_mixin.py:188} INFO - [2025-12-29T15:01:27.889+0000] {dagbag.py:538} INFO - Filling up the DagBag from /opt/airflow/dags/ml_models.py
[2025-12-29T15:01:27.954+0000] {processor.py:840} INFO - DAG(s) 'ml_models' retrieved from /opt/airflow/dags/ml_models.py
[2025-12-29T15:01:28.027+0000] {logging_mixin.py:188} INFO - [2025-12-29T15:01:28.026+0000] {dag.py:3036} INFO - Sync 1 DAGs
[2025-12-29T15:01:28.092+0000] {logging_mixin.py:188} INFO - [2025-12-29T15:01:28.091+0000] {dag.py:3823} INFO - Setting next_dagrun for ml_models to 2025-12-28 00:00:00+00:00, run_after=2025-12-29 00:00:00+00:00
[2025-12-29T15:01:28.149+0000] {processor.py:183} INFO - Processing /opt/airflow/dags/ml_models.py took 0.276 seconds
[2025-12-29T15:01:58.299+0000] {processor.py:161} INFO - Started process (PID=4491) to work on /opt/airflow/dags/ml_models.py
[2025-12-29T15:01:58.302+0000] {processor.py:830} INFO - Processing file /opt/airflow/dags/ml_models.py for tasks to queue
[2025-12-29T15:01:58.304+0000] {logging_mixin.py:188} INFO - [2025-12-29T15:01:58.303+0000] {dagbag.py:538} INFO - Filling up the DagBag from /opt/airflow/dags/ml_models.py
[2025-12-29T15:01:58.361+0000] {processor.py:840} INFO - DAG(s) 'ml_models' retrieved from /opt/airflow/dags/ml_models.py
[2025-12-29T15:01:58.455+0000] {logging_mixin.py:188} INFO - [2025-12-29T15:01:58.454+0000] {dag.py:3036} INFO - Sync 1 DAGs
[2025-12-29T15:01:58.527+0000] {logging_mixin.py:188} INFO - [2025-12-29T15:01:58.526+0000] {dag.py:3823} INFO - Setting next_dagrun for ml_models to 2025-12-28 00:00:00+00:00, run_after=2025-12-29 00:00:00+00:00
[2025-12-29T15:01:58.617+0000] {processor.py:183} INFO - Processing /opt/airflow/dags/ml_models.py took 0.326 seconds
[2025-12-29T15:02:28.790+0000] {processor.py:161} INFO - Started process (PID=4511) to work on /opt/airflow/dags/ml_models.py
[2025-12-29T15:02:28.792+0000] {processor.py:830} INFO - Processing file /opt/airflow/dags/ml_models.py for tasks to queue
[2025-12-29T15:02:28.795+0000] {logging_mixin.py:188} INFO - [2025-12-29T15:02:28.794+0000] {dagbag.py:538} INFO - Filling up the DagBag from /opt/airflow/dags/ml_models.py
[2025-12-29T15:02:28.859+0000] {processor.py:840} INFO - DAG(s) 'ml_models' retrieved from /opt/airflow/dags/ml_models.py
[2025-12-29T15:02:28.915+0000] {logging_mixin.py:188} INFO - [2025-12-29T15:02:28.914+0000] {dag.py:3036} INFO - Sync 1 DAGs
[2025-12-29T15:02:28.986+0000] {logging_mixin.py:188} INFO - [2025-12-29T15:02:28.985+0000] {dag.py:3823} INFO - Setting next_dagrun for ml_models to 2025-12-28 00:00:00+00:00, run_after=2025-12-29 00:00:00+00:00
[2025-12-29T15:02:29.080+0000] {processor.py:183} INFO - Processing /opt/airflow/dags/ml_models.py took 0.299 seconds
[2025-12-29T15:02:59.957+0000] {processor.py:161} INFO - Started process (PID=4531) to work on /opt/airflow/dags/ml_models.py
[2025-12-29T15:02:59.960+0000] {processor.py:830} INFO - Processing file /opt/airflow/dags/ml_models.py for tasks to queue
[2025-12-29T15:02:59.963+0000] {logging_mixin.py:188} INFO - [2025-12-29T15:02:59.962+0000] {dagbag.py:538} INFO - Filling up the DagBag from /opt/airflow/dags/ml_models.py
[2025-12-29T15:03:00.026+0000] {processor.py:840} INFO - DAG(s) 'ml_models' retrieved from /opt/airflow/dags/ml_models.py
[2025-12-29T15:03:00.099+0000] {logging_mixin.py:188} INFO - [2025-12-29T15:03:00.098+0000] {dag.py:3036} INFO - Sync 1 DAGs
[2025-12-29T15:03:00.168+0000] {logging_mixin.py:188} INFO - [2025-12-29T15:03:00.167+0000] {dag.py:3823} INFO - Setting next_dagrun for ml_models to 2025-12-28 00:00:00+00:00, run_after=2025-12-29 00:00:00+00:00
[2025-12-29T15:03:00.264+0000] {processor.py:183} INFO - Processing /opt/airflow/dags/ml_models.py took 0.315 seconds
[2025-12-29T15:03:30.472+0000] {processor.py:161} INFO - Started process (PID=4551) to work on /opt/airflow/dags/ml_models.py
[2025-12-29T15:03:30.476+0000] {processor.py:830} INFO - Processing file /opt/airflow/dags/ml_models.py for tasks to queue
[2025-12-29T15:03:30.479+0000] {logging_mixin.py:188} INFO - [2025-12-29T15:03:30.477+0000] {dagbag.py:538} INFO - Filling up the DagBag from /opt/airflow/dags/ml_models.py
[2025-12-29T15:03:30.535+0000] {processor.py:840} INFO - DAG(s) 'ml_models' retrieved from /opt/airflow/dags/ml_models.py
[2025-12-29T15:03:30.615+0000] {logging_mixin.py:188} INFO - [2025-12-29T15:03:30.615+0000] {dag.py:3036} INFO - Sync 1 DAGs
[2025-12-29T15:03:30.683+0000] {logging_mixin.py:188} INFO - [2025-12-29T15:03:30.683+0000] {dag.py:3823} INFO - Setting next_dagrun for ml_models to 2025-12-28 00:00:00+00:00, run_after=2025-12-29 00:00:00+00:00
[2025-12-29T15:03:30.738+0000] {processor.py:183} INFO - Processing /opt/airflow/dags/ml_models.py took 0.276 seconds
[2025-12-29T15:04:00.881+0000] {processor.py:161} INFO - Started process (PID=4571) to work on /opt/airflow/dags/ml_models.py
[2025-12-29T15:04:00.884+0000] {processor.py:830} INFO - Processing file /opt/airflow/dags/ml_models.py for tasks to queue
[2025-12-29T15:04:00.887+0000] {logging_mixin.py:188} INFO - [2025-12-29T15:04:00.886+0000] {dagbag.py:538} INFO - Filling up the DagBag from /opt/airflow/dags/ml_models.py
[2025-12-29T15:04:00.946+0000] {processor.py:840} INFO - DAG(s) 'ml_models' retrieved from /opt/airflow/dags/ml_models.py
[2025-12-29T15:04:01.032+0000] {logging_mixin.py:188} INFO - [2025-12-29T15:04:01.031+0000] {dag.py:3036} INFO - Sync 1 DAGs
[2025-12-29T15:04:01.105+0000] {logging_mixin.py:188} INFO - [2025-12-29T15:04:01.104+0000] {dag.py:3823} INFO - Setting next_dagrun for ml_models to 2025-12-28 00:00:00+00:00, run_after=2025-12-29 00:00:00+00:00
[2025-12-29T15:04:01.162+0000] {processor.py:183} INFO - Processing /opt/airflow/dags/ml_models.py took 0.289 seconds
[2025-12-29T15:04:31.375+0000] {processor.py:161} INFO - Started process (PID=4591) to work on /opt/airflow/dags/ml_models.py
[2025-12-29T15:04:31.378+0000] {processor.py:830} INFO - Processing file /opt/airflow/dags/ml_models.py for tasks to queue
[2025-12-29T15:04:31.381+0000] {logging_mixin.py:188} INFO - [2025-12-29T15:04:31.380+0000] {dagbag.py:538} INFO - Filling up the DagBag from /opt/airflow/dags/ml_models.py
[2025-12-29T15:04:31.437+0000] {processor.py:840} INFO - DAG(s) 'ml_models' retrieved from /opt/airflow/dags/ml_models.py
[2025-12-29T15:04:31.503+0000] {logging_mixin.py:188} INFO - [2025-12-29T15:04:31.502+0000] {dag.py:3036} INFO - Sync 1 DAGs
[2025-12-29T15:04:31.564+0000] {logging_mixin.py:188} INFO - [2025-12-29T15:04:31.564+0000] {dag.py:3823} INFO - Setting next_dagrun for ml_models to 2025-12-28 00:00:00+00:00, run_after=2025-12-29 00:00:00+00:00
[2025-12-29T15:04:31.649+0000] {processor.py:183} INFO - Processing /opt/airflow/dags/ml_models.py took 0.281 seconds
[2025-12-29T15:05:02.508+0000] {processor.py:161} INFO - Started process (PID=4611) to work on /opt/airflow/dags/ml_models.py
[2025-12-29T15:05:02.511+0000] {processor.py:830} INFO - Processing file /opt/airflow/dags/ml_models.py for tasks to queue
[2025-12-29T15:05:02.514+0000] {logging_mixin.py:188} INFO - [2025-12-29T15:05:02.513+0000] {dagbag.py:538} INFO - Filling up the DagBag from /opt/airflow/dags/ml_models.py
[2025-12-29T15:05:02.571+0000] {processor.py:840} INFO - DAG(s) 'ml_models' retrieved from /opt/airflow/dags/ml_models.py
[2025-12-29T15:05:02.641+0000] {logging_mixin.py:188} INFO - [2025-12-29T15:05:02.641+0000] {dag.py:3036} INFO - Sync 1 DAGs
[2025-12-29T15:05:02.705+0000] {logging_mixin.py:188} INFO - [2025-12-29T15:05:02.705+0000] {dag.py:3823} INFO - Setting next_dagrun for ml_models to 2025-12-28 00:00:00+00:00, run_after=2025-12-29 00:00:00+00:00
[2025-12-29T15:05:02.788+0000] {processor.py:183} INFO - Processing /opt/airflow/dags/ml_models.py took 0.288 seconds
[2025-12-29T15:05:32.937+0000] {processor.py:161} INFO - Started process (PID=4631) to work on /opt/airflow/dags/ml_models.py
[2025-12-29T15:05:32.940+0000] {processor.py:830} INFO - Processing file /opt/airflow/dags/ml_models.py for tasks to queue
[2025-12-29T15:05:32.943+0000] {logging_mixin.py:188} INFO - [2025-12-29T15:05:32.943+0000] {dagbag.py:538} INFO - Filling up the DagBag from /opt/airflow/dags/ml_models.py
[2025-12-29T15:05:33.000+0000] {processor.py:840} INFO - DAG(s) 'ml_models' retrieved from /opt/airflow/dags/ml_models.py
[2025-12-29T15:05:33.059+0000] {logging_mixin.py:188} INFO - [2025-12-29T15:05:33.058+0000] {dag.py:3036} INFO - Sync 1 DAGs
[2025-12-29T15:05:33.131+0000] {logging_mixin.py:188} INFO - [2025-12-29T15:05:33.130+0000] {dag.py:3823} INFO - Setting next_dagrun for ml_models to 2025-12-28 00:00:00+00:00, run_after=2025-12-29 00:00:00+00:00
[2025-12-29T15:05:33.183+0000] {processor.py:183} INFO - Processing /opt/airflow/dags/ml_models.py took 0.255 seconds
[2025-12-29T15:06:03.331+0000] {processor.py:161} INFO - Started process (PID=4651) to work on /opt/airflow/dags/ml_models.py
[2025-12-29T15:06:03.335+0000] {processor.py:830} INFO - Processing file /opt/airflow/dags/ml_models.py for tasks to queue
[2025-12-29T15:06:03.338+0000] {logging_mixin.py:188} INFO - [2025-12-29T15:06:03.337+0000] {dagbag.py:538} INFO - Filling up the DagBag from /opt/airflow/dags/ml_models.py
[2025-12-29T15:06:03.403+0000] {processor.py:840} INFO - DAG(s) 'ml_models' retrieved from /opt/airflow/dags/ml_models.py
[2025-12-29T15:06:03.458+0000] {logging_mixin.py:188} INFO - [2025-12-29T15:06:03.457+0000] {dag.py:3036} INFO - Sync 1 DAGs
[2025-12-29T15:06:03.525+0000] {logging_mixin.py:188} INFO - [2025-12-29T15:06:03.525+0000] {dag.py:3823} INFO - Setting next_dagrun for ml_models to 2025-12-28 00:00:00+00:00, run_after=2025-12-29 00:00:00+00:00
[2025-12-29T15:06:03.603+0000] {processor.py:183} INFO - Processing /opt/airflow/dags/ml_models.py took 0.280 seconds
[2025-12-29T15:06:34.481+0000] {processor.py:161} INFO - Started process (PID=4671) to work on /opt/airflow/dags/ml_models.py
[2025-12-29T15:06:34.485+0000] {processor.py:830} INFO - Processing file /opt/airflow/dags/ml_models.py for tasks to queue
[2025-12-29T15:06:34.487+0000] {logging_mixin.py:188} INFO - [2025-12-29T15:06:34.486+0000] {dagbag.py:538} INFO - Filling up the DagBag from /opt/airflow/dags/ml_models.py
[2025-12-29T15:06:34.555+0000] {processor.py:840} INFO - DAG(s) 'ml_models' retrieved from /opt/airflow/dags/ml_models.py
[2025-12-29T15:06:34.636+0000] {logging_mixin.py:188} INFO - [2025-12-29T15:06:34.635+0000] {dag.py:3036} INFO - Sync 1 DAGs
[2025-12-29T15:06:34.714+0000] {logging_mixin.py:188} INFO - [2025-12-29T15:06:34.713+0000] {dag.py:3823} INFO - Setting next_dagrun for ml_models to 2025-12-28 00:00:00+00:00, run_after=2025-12-29 00:00:00+00:00
[2025-12-29T15:06:34.816+0000] {processor.py:183} INFO - Processing /opt/airflow/dags/ml_models.py took 0.345 seconds
[2025-12-29T15:07:04.980+0000] {processor.py:161} INFO - Started process (PID=4691) to work on /opt/airflow/dags/ml_models.py
[2025-12-29T15:07:04.984+0000] {processor.py:830} INFO - Processing file /opt/airflow/dags/ml_models.py for tasks to queue
[2025-12-29T15:07:04.987+0000] {logging_mixin.py:188} INFO - [2025-12-29T15:07:04.986+0000] {dagbag.py:538} INFO - Filling up the DagBag from /opt/airflow/dags/ml_models.py
[2025-12-29T15:07:05.060+0000] {processor.py:840} INFO - DAG(s) 'ml_models' retrieved from /opt/airflow/dags/ml_models.py
[2025-12-29T15:07:05.128+0000] {logging_mixin.py:188} INFO - [2025-12-29T15:07:05.127+0000] {dag.py:3036} INFO - Sync 1 DAGs
[2025-12-29T15:07:05.194+0000] {logging_mixin.py:188} INFO - [2025-12-29T15:07:05.193+0000] {dag.py:3823} INFO - Setting next_dagrun for ml_models to 2025-12-28 00:00:00+00:00, run_after=2025-12-29 00:00:00+00:00
[2025-12-29T15:07:05.287+0000] {processor.py:183} INFO - Processing /opt/airflow/dags/ml_models.py took 0.316 seconds
[2025-12-29T15:07:35.480+0000] {processor.py:161} INFO - Started process (PID=4711) to work on /opt/airflow/dags/ml_models.py
[2025-12-29T15:07:35.483+0000] {processor.py:830} INFO - Processing file /opt/airflow/dags/ml_models.py for tasks to queue
[2025-12-29T15:07:35.486+0000] {logging_mixin.py:188} INFO - [2025-12-29T15:07:35.485+0000] {dagbag.py:538} INFO - Filling up the DagBag from /opt/airflow/dags/ml_models.py
[2025-12-29T15:07:35.550+0000] {processor.py:840} INFO - DAG(s) 'ml_models' retrieved from /opt/airflow/dags/ml_models.py
[2025-12-29T15:07:35.617+0000] {logging_mixin.py:188} INFO - [2025-12-29T15:07:35.616+0000] {dag.py:3036} INFO - Sync 1 DAGs
[2025-12-29T15:07:35.684+0000] {logging_mixin.py:188} INFO - [2025-12-29T15:07:35.683+0000] {dag.py:3823} INFO - Setting next_dagrun for ml_models to 2025-12-28 00:00:00+00:00, run_after=2025-12-29 00:00:00+00:00
[2025-12-29T15:07:35.777+0000] {processor.py:183} INFO - Processing /opt/airflow/dags/ml_models.py took 0.306 seconds
[2025-12-29T15:08:06.013+0000] {processor.py:161} INFO - Started process (PID=4731) to work on /opt/airflow/dags/ml_models.py
[2025-12-29T15:08:06.017+0000] {processor.py:830} INFO - Processing file /opt/airflow/dags/ml_models.py for tasks to queue
[2025-12-29T15:08:06.019+0000] {logging_mixin.py:188} INFO - [2025-12-29T15:08:06.019+0000] {dagbag.py:538} INFO - Filling up the DagBag from /opt/airflow/dags/ml_models.py
[2025-12-29T15:08:06.086+0000] {processor.py:840} INFO - DAG(s) 'ml_models' retrieved from /opt/airflow/dags/ml_models.py
[2025-12-29T15:08:06.158+0000] {logging_mixin.py:188} INFO - [2025-12-29T15:08:06.157+0000] {dag.py:3036} INFO - Sync 1 DAGs
[2025-12-29T15:08:06.224+0000] {logging_mixin.py:188} INFO - [2025-12-29T15:08:06.224+0000] {dag.py:3823} INFO - Setting next_dagrun for ml_models to 2025-12-28 00:00:00+00:00, run_after=2025-12-29 00:00:00+00:00
[2025-12-29T15:08:06.275+0000] {processor.py:183} INFO - Processing /opt/airflow/dags/ml_models.py took 0.272 seconds
[2025-12-29T15:08:36.460+0000] {processor.py:161} INFO - Started process (PID=4751) to work on /opt/airflow/dags/ml_models.py
[2025-12-29T15:08:36.464+0000] {processor.py:830} INFO - Processing file /opt/airflow/dags/ml_models.py for tasks to queue
[2025-12-29T15:08:36.469+0000] {logging_mixin.py:188} INFO - [2025-12-29T15:08:36.468+0000] {dagbag.py:538} INFO - Filling up the DagBag from /opt/airflow/dags/ml_models.py
[2025-12-29T15:08:36.534+0000] {processor.py:840} INFO - DAG(s) 'ml_models' retrieved from /opt/airflow/dags/ml_models.py
[2025-12-29T15:08:36.597+0000] {logging_mixin.py:188} INFO - [2025-12-29T15:08:36.596+0000] {dag.py:3036} INFO - Sync 1 DAGs
[2025-12-29T15:08:36.669+0000] {logging_mixin.py:188} INFO - [2025-12-29T15:08:36.668+0000] {dag.py:3823} INFO - Setting next_dagrun for ml_models to 2025-12-28 00:00:00+00:00, run_after=2025-12-29 00:00:00+00:00
[2025-12-29T15:08:36.726+0000] {processor.py:183} INFO - Processing /opt/airflow/dags/ml_models.py took 0.276 seconds
[2025-12-29T15:09:06.925+0000] {processor.py:161} INFO - Started process (PID=4771) to work on /opt/airflow/dags/ml_models.py
[2025-12-29T15:09:06.928+0000] {processor.py:830} INFO - Processing file /opt/airflow/dags/ml_models.py for tasks to queue
[2025-12-29T15:09:06.930+0000] {logging_mixin.py:188} INFO - [2025-12-29T15:09:06.930+0000] {dagbag.py:538} INFO - Filling up the DagBag from /opt/airflow/dags/ml_models.py
[2025-12-29T15:09:06.987+0000] {processor.py:840} INFO - DAG(s) 'ml_models' retrieved from /opt/airflow/dags/ml_models.py
[2025-12-29T15:09:07.047+0000] {logging_mixin.py:188} INFO - [2025-12-29T15:09:07.046+0000] {dag.py:3036} INFO - Sync 1 DAGs
[2025-12-29T15:09:07.104+0000] {logging_mixin.py:188} INFO - [2025-12-29T15:09:07.104+0000] {dag.py:3823} INFO - Setting next_dagrun for ml_models to 2025-12-28 00:00:00+00:00, run_after=2025-12-29 00:00:00+00:00
[2025-12-29T15:09:07.196+0000] {processor.py:183} INFO - Processing /opt/airflow/dags/ml_models.py took 0.279 seconds
[2025-12-29T15:09:37.367+0000] {processor.py:161} INFO - Started process (PID=4791) to work on /opt/airflow/dags/ml_models.py
[2025-12-29T15:09:37.370+0000] {processor.py:830} INFO - Processing file /opt/airflow/dags/ml_models.py for tasks to queue
[2025-12-29T15:09:37.372+0000] {logging_mixin.py:188} INFO - [2025-12-29T15:09:37.372+0000] {dagbag.py:538} INFO - Filling up the DagBag from /opt/airflow/dags/ml_models.py
[2025-12-29T15:09:37.425+0000] {processor.py:840} INFO - DAG(s) 'ml_models' retrieved from /opt/airflow/dags/ml_models.py
[2025-12-29T15:09:37.471+0000] {logging_mixin.py:188} INFO - [2025-12-29T15:09:37.471+0000] {dag.py:3036} INFO - Sync 1 DAGs
[2025-12-29T15:09:37.522+0000] {logging_mixin.py:188} INFO - [2025-12-29T15:09:37.521+0000] {dag.py:3823} INFO - Setting next_dagrun for ml_models to 2025-12-28 00:00:00+00:00, run_after=2025-12-29 00:00:00+00:00
[2025-12-29T15:09:37.606+0000] {processor.py:183} INFO - Processing /opt/airflow/dags/ml_models.py took 0.247 seconds
[2025-12-29T15:10:08.497+0000] {processor.py:161} INFO - Started process (PID=4811) to work on /opt/airflow/dags/ml_models.py
[2025-12-29T15:10:08.500+0000] {processor.py:830} INFO - Processing file /opt/airflow/dags/ml_models.py for tasks to queue
[2025-12-29T15:10:08.504+0000] {logging_mixin.py:188} INFO - [2025-12-29T15:10:08.502+0000] {dagbag.py:538} INFO - Filling up the DagBag from /opt/airflow/dags/ml_models.py
[2025-12-29T15:10:08.555+0000] {processor.py:840} INFO - DAG(s) 'ml_models' retrieved from /opt/airflow/dags/ml_models.py
[2025-12-29T15:10:08.614+0000] {logging_mixin.py:188} INFO - [2025-12-29T15:10:08.613+0000] {dag.py:3036} INFO - Sync 1 DAGs
[2025-12-29T15:10:08.672+0000] {logging_mixin.py:188} INFO - [2025-12-29T15:10:08.671+0000] {dag.py:3823} INFO - Setting next_dagrun for ml_models to 2025-12-28 00:00:00+00:00, run_after=2025-12-29 00:00:00+00:00
[2025-12-29T15:10:08.762+0000] {processor.py:183} INFO - Processing /opt/airflow/dags/ml_models.py took 0.272 seconds
[2025-12-29T15:10:38.988+0000] {processor.py:161} INFO - Started process (PID=4831) to work on /opt/airflow/dags/ml_models.py
[2025-12-29T15:10:38.992+0000] {processor.py:830} INFO - Processing file /opt/airflow/dags/ml_models.py for tasks to queue
[2025-12-29T15:10:38.994+0000] {logging_mixin.py:188} INFO - [2025-12-29T15:10:38.993+0000] {dagbag.py:538} INFO - Filling up the DagBag from /opt/airflow/dags/ml_models.py
[2025-12-29T15:10:39.063+0000] {processor.py:840} INFO - DAG(s) 'ml_models' retrieved from /opt/airflow/dags/ml_models.py
[2025-12-29T15:10:39.145+0000] {logging_mixin.py:188} INFO - [2025-12-29T15:10:39.144+0000] {dag.py:3036} INFO - Sync 1 DAGs
[2025-12-29T15:10:39.208+0000] {logging_mixin.py:188} INFO - [2025-12-29T15:10:39.207+0000] {dag.py:3823} INFO - Setting next_dagrun for ml_models to 2025-12-28 00:00:00+00:00, run_after=2025-12-29 00:00:00+00:00
[2025-12-29T15:10:39.261+0000] {processor.py:183} INFO - Processing /opt/airflow/dags/ml_models.py took 0.282 seconds
[2025-12-29T15:11:09.546+0000] {processor.py:161} INFO - Started process (PID=4851) to work on /opt/airflow/dags/ml_models.py
[2025-12-29T15:11:09.550+0000] {processor.py:830} INFO - Processing file /opt/airflow/dags/ml_models.py for tasks to queue
[2025-12-29T15:11:09.554+0000] {logging_mixin.py:188} INFO - [2025-12-29T15:11:09.554+0000] {dagbag.py:538} INFO - Filling up the DagBag from /opt/airflow/dags/ml_models.py
[2025-12-29T15:11:09.616+0000] {processor.py:840} INFO - DAG(s) 'ml_models' retrieved from /opt/airflow/dags/ml_models.py
[2025-12-29T15:11:09.686+0000] {logging_mixin.py:188} INFO - [2025-12-29T15:11:09.685+0000] {dag.py:3036} INFO - Sync 1 DAGs
[2025-12-29T15:11:09.756+0000] {logging_mixin.py:188} INFO - [2025-12-29T15:11:09.755+0000] {dag.py:3823} INFO - Setting next_dagrun for ml_models to 2025-12-28 00:00:00+00:00, run_after=2025-12-29 00:00:00+00:00
[2025-12-29T15:11:09.814+0000] {processor.py:183} INFO - Processing /opt/airflow/dags/ml_models.py took 0.284 seconds
[2025-12-29T15:11:40.087+0000] {processor.py:161} INFO - Started process (PID=4871) to work on /opt/airflow/dags/ml_models.py
[2025-12-29T15:11:40.090+0000] {processor.py:830} INFO - Processing file /opt/airflow/dags/ml_models.py for tasks to queue
[2025-12-29T15:11:40.093+0000] {logging_mixin.py:188} INFO - [2025-12-29T15:11:40.092+0000] {dagbag.py:538} INFO - Filling up the DagBag from /opt/airflow/dags/ml_models.py
[2025-12-29T15:11:40.150+0000] {processor.py:840} INFO - DAG(s) 'ml_models' retrieved from /opt/airflow/dags/ml_models.py
[2025-12-29T15:11:40.219+0000] {logging_mixin.py:188} INFO - [2025-12-29T15:11:40.219+0000] {dag.py:3036} INFO - Sync 1 DAGs
[2025-12-29T15:11:40.293+0000] {logging_mixin.py:188} INFO - [2025-12-29T15:11:40.292+0000] {dag.py:3823} INFO - Setting next_dagrun for ml_models to 2025-12-28 00:00:00+00:00, run_after=2025-12-29 00:00:00+00:00
[2025-12-29T15:11:40.385+0000] {processor.py:183} INFO - Processing /opt/airflow/dags/ml_models.py took 0.307 seconds
[2025-12-29T15:12:10.704+0000] {processor.py:161} INFO - Started process (PID=4891) to work on /opt/airflow/dags/ml_models.py
[2025-12-29T15:12:10.707+0000] {processor.py:830} INFO - Processing file /opt/airflow/dags/ml_models.py for tasks to queue
[2025-12-29T15:12:10.710+0000] {logging_mixin.py:188} INFO - [2025-12-29T15:12:10.709+0000] {dagbag.py:538} INFO - Filling up the DagBag from /opt/airflow/dags/ml_models.py
[2025-12-29T15:12:10.764+0000] {processor.py:840} INFO - DAG(s) 'ml_models' retrieved from /opt/airflow/dags/ml_models.py
[2025-12-29T15:12:10.839+0000] {logging_mixin.py:188} INFO - [2025-12-29T15:12:10.839+0000] {dag.py:3036} INFO - Sync 1 DAGs
[2025-12-29T15:12:10.895+0000] {logging_mixin.py:188} INFO - [2025-12-29T15:12:10.894+0000] {dag.py:3823} INFO - Setting next_dagrun for ml_models to 2025-12-28 00:00:00+00:00, run_after=2025-12-29 00:00:00+00:00
[2025-12-29T15:12:10.980+0000] {processor.py:183} INFO - Processing /opt/airflow/dags/ml_models.py took 0.284 seconds
[2025-12-29T15:12:41.211+0000] {processor.py:161} INFO - Started process (PID=4911) to work on /opt/airflow/dags/ml_models.py
[2025-12-29T15:12:41.214+0000] {processor.py:830} INFO - Processing file /opt/airflow/dags/ml_models.py for tasks to queue
[2025-12-29T15:12:41.217+0000] {logging_mixin.py:188} INFO - [2025-12-29T15:12:41.216+0000] {dagbag.py:538} INFO - Filling up the DagBag from /opt/airflow/dags/ml_models.py
[2025-12-29T15:12:41.279+0000] {processor.py:840} INFO - DAG(s) 'ml_models' retrieved from /opt/airflow/dags/ml_models.py
[2025-12-29T15:12:41.343+0000] {logging_mixin.py:188} INFO - [2025-12-29T15:12:41.342+0000] {dag.py:3036} INFO - Sync 1 DAGs
[2025-12-29T15:12:41.413+0000] {logging_mixin.py:188} INFO - [2025-12-29T15:12:41.412+0000] {dag.py:3823} INFO - Setting next_dagrun for ml_models to 2025-12-28 00:00:00+00:00, run_after=2025-12-29 00:00:00+00:00
[2025-12-29T15:12:41.505+0000] {processor.py:183} INFO - Processing /opt/airflow/dags/ml_models.py took 0.302 seconds
[2025-12-29T15:13:11.773+0000] {processor.py:161} INFO - Started process (PID=4931) to work on /opt/airflow/dags/ml_models.py
[2025-12-29T15:13:11.776+0000] {processor.py:830} INFO - Processing file /opt/airflow/dags/ml_models.py for tasks to queue
[2025-12-29T15:13:11.779+0000] {logging_mixin.py:188} INFO - [2025-12-29T15:13:11.778+0000] {dagbag.py:538} INFO - Filling up the DagBag from /opt/airflow/dags/ml_models.py
[2025-12-29T15:13:11.839+0000] {processor.py:840} INFO - DAG(s) 'ml_models' retrieved from /opt/airflow/dags/ml_models.py
[2025-12-29T15:13:11.910+0000] {logging_mixin.py:188} INFO - [2025-12-29T15:13:11.909+0000] {dag.py:3036} INFO - Sync 1 DAGs
[2025-12-29T15:13:11.978+0000] {logging_mixin.py:188} INFO - [2025-12-29T15:13:11.977+0000] {dag.py:3823} INFO - Setting next_dagrun for ml_models to 2025-12-28 00:00:00+00:00, run_after=2025-12-29 00:00:00+00:00
[2025-12-29T15:13:12.079+0000] {processor.py:183} INFO - Processing /opt/airflow/dags/ml_models.py took 0.314 seconds
[2025-12-29T15:13:42.297+0000] {processor.py:161} INFO - Started process (PID=4951) to work on /opt/airflow/dags/ml_models.py
[2025-12-29T15:13:42.301+0000] {processor.py:830} INFO - Processing file /opt/airflow/dags/ml_models.py for tasks to queue
[2025-12-29T15:13:42.303+0000] {logging_mixin.py:188} INFO - [2025-12-29T15:13:42.303+0000] {dagbag.py:538} INFO - Filling up the DagBag from /opt/airflow/dags/ml_models.py
[2025-12-29T15:13:42.361+0000] {processor.py:840} INFO - DAG(s) 'ml_models' retrieved from /opt/airflow/dags/ml_models.py
[2025-12-29T15:13:42.428+0000] {logging_mixin.py:188} INFO - [2025-12-29T15:13:42.427+0000] {dag.py:3036} INFO - Sync 1 DAGs
[2025-12-29T15:13:42.498+0000] {logging_mixin.py:188} INFO - [2025-12-29T15:13:42.497+0000] {dag.py:3823} INFO - Setting next_dagrun for ml_models to 2025-12-28 00:00:00+00:00, run_after=2025-12-29 00:00:00+00:00
[2025-12-29T15:13:42.547+0000] {processor.py:183} INFO - Processing /opt/airflow/dags/ml_models.py took 0.261 seconds
[2025-12-29T15:14:13.062+0000] {processor.py:161} INFO - Started process (PID=4971) to work on /opt/airflow/dags/ml_models.py
[2025-12-29T15:14:13.066+0000] {processor.py:830} INFO - Processing file /opt/airflow/dags/ml_models.py for tasks to queue
[2025-12-29T15:14:13.069+0000] {logging_mixin.py:188} INFO - [2025-12-29T15:14:13.068+0000] {dagbag.py:538} INFO - Filling up the DagBag from /opt/airflow/dags/ml_models.py
[2025-12-29T15:14:13.140+0000] {processor.py:840} INFO - DAG(s) 'ml_models' retrieved from /opt/airflow/dags/ml_models.py
[2025-12-29T15:14:13.206+0000] {logging_mixin.py:188} INFO - [2025-12-29T15:14:13.205+0000] {dag.py:3036} INFO - Sync 1 DAGs
[2025-12-29T15:14:13.272+0000] {logging_mixin.py:188} INFO - [2025-12-29T15:14:13.272+0000] {dag.py:3823} INFO - Setting next_dagrun for ml_models to 2025-12-28 00:00:00+00:00, run_after=2025-12-29 00:00:00+00:00
[2025-12-29T15:14:13.324+0000] {processor.py:183} INFO - Processing /opt/airflow/dags/ml_models.py took 0.272 seconds
[2025-12-29T15:14:43.517+0000] {processor.py:161} INFO - Started process (PID=4991) to work on /opt/airflow/dags/ml_models.py
[2025-12-29T15:14:43.520+0000] {processor.py:830} INFO - Processing file /opt/airflow/dags/ml_models.py for tasks to queue
[2025-12-29T15:14:43.526+0000] {logging_mixin.py:188} INFO - [2025-12-29T15:14:43.522+0000] {dagbag.py:538} INFO - Filling up the DagBag from /opt/airflow/dags/ml_models.py
[2025-12-29T15:14:43.582+0000] {processor.py:840} INFO - DAG(s) 'ml_models' retrieved from /opt/airflow/dags/ml_models.py
[2025-12-29T15:14:43.649+0000] {logging_mixin.py:188} INFO - [2025-12-29T15:14:43.648+0000] {dag.py:3036} INFO - Sync 1 DAGs
[2025-12-29T15:14:43.714+0000] {logging_mixin.py:188} INFO - [2025-12-29T15:14:43.713+0000] {dag.py:3823} INFO - Setting next_dagrun for ml_models to 2025-12-28 00:00:00+00:00, run_after=2025-12-29 00:00:00+00:00
[2025-12-29T15:14:43.768+0000] {processor.py:183} INFO - Processing /opt/airflow/dags/ml_models.py took 0.259 seconds
[2025-12-29T15:15:13.991+0000] {processor.py:161} INFO - Started process (PID=5011) to work on /opt/airflow/dags/ml_models.py
[2025-12-29T15:15:14.001+0000] {processor.py:830} INFO - Processing file /opt/airflow/dags/ml_models.py for tasks to queue
[2025-12-29T15:15:14.004+0000] {logging_mixin.py:188} INFO - [2025-12-29T15:15:14.003+0000] {dagbag.py:538} INFO - Filling up the DagBag from /opt/airflow/dags/ml_models.py
[2025-12-29T15:15:14.062+0000] {processor.py:840} INFO - DAG(s) 'ml_models' retrieved from /opt/airflow/dags/ml_models.py
[2025-12-29T15:15:14.132+0000] {logging_mixin.py:188} INFO - [2025-12-29T15:15:14.131+0000] {dag.py:3036} INFO - Sync 1 DAGs
[2025-12-29T15:15:14.191+0000] {logging_mixin.py:188} INFO - [2025-12-29T15:15:14.190+0000] {dag.py:3823} INFO - Setting next_dagrun for ml_models to 2025-12-28 00:00:00+00:00, run_after=2025-12-29 00:00:00+00:00
[2025-12-29T15:15:14.281+0000] {processor.py:183} INFO - Processing /opt/airflow/dags/ml_models.py took 0.300 seconds
[2025-12-29T15:15:44.547+0000] {processor.py:161} INFO - Started process (PID=5031) to work on /opt/airflow/dags/ml_models.py
[2025-12-29T15:15:44.550+0000] {processor.py:830} INFO - Processing file /opt/airflow/dags/ml_models.py for tasks to queue
[2025-12-29T15:15:44.552+0000] {logging_mixin.py:188} INFO - [2025-12-29T15:15:44.551+0000] {dagbag.py:538} INFO - Filling up the DagBag from /opt/airflow/dags/ml_models.py
[2025-12-29T15:15:44.610+0000] {processor.py:840} INFO - DAG(s) 'ml_models' retrieved from /opt/airflow/dags/ml_models.py
[2025-12-29T15:15:44.679+0000] {logging_mixin.py:188} INFO - [2025-12-29T15:15:44.679+0000] {dag.py:3036} INFO - Sync 1 DAGs
[2025-12-29T15:15:44.743+0000] {logging_mixin.py:188} INFO - [2025-12-29T15:15:44.743+0000] {dag.py:3823} INFO - Setting next_dagrun for ml_models to 2025-12-28 00:00:00+00:00, run_after=2025-12-29 00:00:00+00:00
[2025-12-29T15:15:44.837+0000] {processor.py:183} INFO - Processing /opt/airflow/dags/ml_models.py took 0.301 seconds
[2025-12-29T15:16:15.142+0000] {processor.py:161} INFO - Started process (PID=5051) to work on /opt/airflow/dags/ml_models.py
[2025-12-29T15:16:15.144+0000] {processor.py:830} INFO - Processing file /opt/airflow/dags/ml_models.py for tasks to queue
[2025-12-29T15:16:15.147+0000] {logging_mixin.py:188} INFO - [2025-12-29T15:16:15.147+0000] {dagbag.py:538} INFO - Filling up the DagBag from /opt/airflow/dags/ml_models.py
[2025-12-29T15:16:15.206+0000] {processor.py:840} INFO - DAG(s) 'ml_models' retrieved from /opt/airflow/dags/ml_models.py
[2025-12-29T15:16:15.275+0000] {logging_mixin.py:188} INFO - [2025-12-29T15:16:15.275+0000] {dag.py:3036} INFO - Sync 1 DAGs
[2025-12-29T15:16:15.341+0000] {logging_mixin.py:188} INFO - [2025-12-29T15:16:15.341+0000] {dag.py:3823} INFO - Setting next_dagrun for ml_models to 2025-12-28 00:00:00+00:00, run_after=2025-12-29 00:00:00+00:00
[2025-12-29T15:16:15.390+0000] {processor.py:183} INFO - Processing /opt/airflow/dags/ml_models.py took 0.258 seconds
[2025-12-29T15:16:45.634+0000] {processor.py:161} INFO - Started process (PID=5071) to work on /opt/airflow/dags/ml_models.py
[2025-12-29T15:16:45.637+0000] {processor.py:830} INFO - Processing file /opt/airflow/dags/ml_models.py for tasks to queue
[2025-12-29T15:16:45.642+0000] {logging_mixin.py:188} INFO - [2025-12-29T15:16:45.642+0000] {dagbag.py:538} INFO - Filling up the DagBag from /opt/airflow/dags/ml_models.py
[2025-12-29T15:16:45.709+0000] {processor.py:840} INFO - DAG(s) 'ml_models' retrieved from /opt/airflow/dags/ml_models.py
[2025-12-29T15:16:45.780+0000] {logging_mixin.py:188} INFO - [2025-12-29T15:16:45.779+0000] {dag.py:3036} INFO - Sync 1 DAGs
[2025-12-29T15:16:45.847+0000] {logging_mixin.py:188} INFO - [2025-12-29T15:16:45.847+0000] {dag.py:3823} INFO - Setting next_dagrun for ml_models to 2025-12-28 00:00:00+00:00, run_after=2025-12-29 00:00:00+00:00
[2025-12-29T15:16:45.902+0000] {processor.py:183} INFO - Processing /opt/airflow/dags/ml_models.py took 0.276 seconds
[2025-12-29T15:17:16.172+0000] {processor.py:161} INFO - Started process (PID=5091) to work on /opt/airflow/dags/ml_models.py
[2025-12-29T15:17:16.175+0000] {processor.py:830} INFO - Processing file /opt/airflow/dags/ml_models.py for tasks to queue
[2025-12-29T15:17:16.179+0000] {logging_mixin.py:188} INFO - [2025-12-29T15:17:16.178+0000] {dagbag.py:538} INFO - Filling up the DagBag from /opt/airflow/dags/ml_models.py
[2025-12-29T15:17:16.240+0000] {processor.py:840} INFO - DAG(s) 'ml_models' retrieved from /opt/airflow/dags/ml_models.py
[2025-12-29T15:17:16.306+0000] {logging_mixin.py:188} INFO - [2025-12-29T15:17:16.305+0000] {dag.py:3036} INFO - Sync 1 DAGs
[2025-12-29T15:17:16.370+0000] {logging_mixin.py:188} INFO - [2025-12-29T15:17:16.369+0000] {dag.py:3823} INFO - Setting next_dagrun for ml_models to 2025-12-28 00:00:00+00:00, run_after=2025-12-29 00:00:00+00:00
[2025-12-29T15:17:16.463+0000] {processor.py:183} INFO - Processing /opt/airflow/dags/ml_models.py took 0.300 seconds
[2025-12-29T15:17:46.704+0000] {processor.py:161} INFO - Started process (PID=5111) to work on /opt/airflow/dags/ml_models.py
[2025-12-29T15:17:46.709+0000] {processor.py:830} INFO - Processing file /opt/airflow/dags/ml_models.py for tasks to queue
[2025-12-29T15:17:46.712+0000] {logging_mixin.py:188} INFO - [2025-12-29T15:17:46.711+0000] {dagbag.py:538} INFO - Filling up the DagBag from /opt/airflow/dags/ml_models.py
[2025-12-29T15:17:46.780+0000] {processor.py:840} INFO - DAG(s) 'ml_models' retrieved from /opt/airflow/dags/ml_models.py
[2025-12-29T15:17:46.847+0000] {logging_mixin.py:188} INFO - [2025-12-29T15:17:46.846+0000] {dag.py:3036} INFO - Sync 1 DAGs
[2025-12-29T15:17:46.921+0000] {logging_mixin.py:188} INFO - [2025-12-29T15:17:46.921+0000] {dag.py:3823} INFO - Setting next_dagrun for ml_models to 2025-12-28 00:00:00+00:00, run_after=2025-12-29 00:00:00+00:00
[2025-12-29T15:17:46.973+0000] {processor.py:183} INFO - Processing /opt/airflow/dags/ml_models.py took 0.286 seconds
[2025-12-29T15:18:17.252+0000] {processor.py:161} INFO - Started process (PID=5131) to work on /opt/airflow/dags/ml_models.py
[2025-12-29T15:18:17.255+0000] {processor.py:830} INFO - Processing file /opt/airflow/dags/ml_models.py for tasks to queue
[2025-12-29T15:18:17.257+0000] {logging_mixin.py:188} INFO - [2025-12-29T15:18:17.257+0000] {dagbag.py:538} INFO - Filling up the DagBag from /opt/airflow/dags/ml_models.py
[2025-12-29T15:18:17.322+0000] {processor.py:840} INFO - DAG(s) 'ml_models' retrieved from /opt/airflow/dags/ml_models.py
[2025-12-29T15:18:17.397+0000] {logging_mixin.py:188} INFO - [2025-12-29T15:18:17.396+0000] {dag.py:3036} INFO - Sync 1 DAGs
[2025-12-29T15:18:17.475+0000] {logging_mixin.py:188} INFO - [2025-12-29T15:18:17.474+0000] {dag.py:3823} INFO - Setting next_dagrun for ml_models to 2025-12-28 00:00:00+00:00, run_after=2025-12-29 00:00:00+00:00
[2025-12-29T15:18:17.530+0000] {processor.py:183} INFO - Processing /opt/airflow/dags/ml_models.py took 0.286 seconds
[2025-12-29T15:18:47.746+0000] {processor.py:161} INFO - Started process (PID=5151) to work on /opt/airflow/dags/ml_models.py
[2025-12-29T15:18:47.748+0000] {processor.py:830} INFO - Processing file /opt/airflow/dags/ml_models.py for tasks to queue
[2025-12-29T15:18:47.751+0000] {logging_mixin.py:188} INFO - [2025-12-29T15:18:47.750+0000] {dagbag.py:538} INFO - Filling up the DagBag from /opt/airflow/dags/ml_models.py
[2025-12-29T15:18:47.799+0000] {processor.py:840} INFO - DAG(s) 'ml_models' retrieved from /opt/airflow/dags/ml_models.py
[2025-12-29T15:18:47.861+0000] {logging_mixin.py:188} INFO - [2025-12-29T15:18:47.860+0000] {dag.py:3036} INFO - Sync 1 DAGs
[2025-12-29T15:18:47.917+0000] {logging_mixin.py:188} INFO - [2025-12-29T15:18:47.917+0000] {dag.py:3823} INFO - Setting next_dagrun for ml_models to 2025-12-28 00:00:00+00:00, run_after=2025-12-29 00:00:00+00:00
[2025-12-29T15:18:47.961+0000] {processor.py:183} INFO - Processing /opt/airflow/dags/ml_models.py took 0.223 seconds
[2025-12-29T15:19:18.333+0000] {processor.py:161} INFO - Started process (PID=5171) to work on /opt/airflow/dags/ml_models.py
[2025-12-29T15:19:18.336+0000] {processor.py:830} INFO - Processing file /opt/airflow/dags/ml_models.py for tasks to queue
[2025-12-29T15:19:18.339+0000] {logging_mixin.py:188} INFO - [2025-12-29T15:19:18.337+0000] {dagbag.py:538} INFO - Filling up the DagBag from /opt/airflow/dags/ml_models.py
[2025-12-29T15:19:18.400+0000] {processor.py:840} INFO - DAG(s) 'ml_models' retrieved from /opt/airflow/dags/ml_models.py
[2025-12-29T15:19:18.466+0000] {logging_mixin.py:188} INFO - [2025-12-29T15:19:18.466+0000] {dag.py:3036} INFO - Sync 1 DAGs
[2025-12-29T15:19:18.545+0000] {logging_mixin.py:188} INFO - [2025-12-29T15:19:18.544+0000] {dag.py:3823} INFO - Setting next_dagrun for ml_models to 2025-12-28 00:00:00+00:00, run_after=2025-12-29 00:00:00+00:00
[2025-12-29T15:19:18.606+0000] {processor.py:183} INFO - Processing /opt/airflow/dags/ml_models.py took 0.284 seconds
[2025-12-29T15:19:49.242+0000] {processor.py:161} INFO - Started process (PID=5191) to work on /opt/airflow/dags/ml_models.py
[2025-12-29T15:19:49.243+0000] {processor.py:830} INFO - Processing file /opt/airflow/dags/ml_models.py for tasks to queue
[2025-12-29T15:19:49.244+0000] {logging_mixin.py:188} INFO - [2025-12-29T15:19:49.243+0000] {dagbag.py:538} INFO - Filling up the DagBag from /opt/airflow/dags/ml_models.py
[2025-12-29T15:19:49.265+0000] {processor.py:840} INFO - DAG(s) 'ml_models' retrieved from /opt/airflow/dags/ml_models.py
[2025-12-29T15:19:49.292+0000] {logging_mixin.py:188} INFO - [2025-12-29T15:19:49.292+0000] {dag.py:3036} INFO - Sync 1 DAGs
[2025-12-29T15:19:49.317+0000] {logging_mixin.py:188} INFO - [2025-12-29T15:19:49.316+0000] {dag.py:3823} INFO - Setting next_dagrun for ml_models to 2025-12-28 00:00:00+00:00, run_after=2025-12-29 00:00:00+00:00
[2025-12-29T15:19:49.337+0000] {processor.py:183} INFO - Processing /opt/airflow/dags/ml_models.py took 0.099 seconds
[2025-12-29T15:20:19.703+0000] {processor.py:161} INFO - Started process (PID=5211) to work on /opt/airflow/dags/ml_models.py
[2025-12-29T15:20:19.705+0000] {processor.py:830} INFO - Processing file /opt/airflow/dags/ml_models.py for tasks to queue
[2025-12-29T15:20:19.706+0000] {logging_mixin.py:188} INFO - [2025-12-29T15:20:19.706+0000] {dagbag.py:538} INFO - Filling up the DagBag from /opt/airflow/dags/ml_models.py
[2025-12-29T15:20:19.727+0000] {processor.py:840} INFO - DAG(s) 'ml_models' retrieved from /opt/airflow/dags/ml_models.py
[2025-12-29T15:20:19.754+0000] {logging_mixin.py:188} INFO - [2025-12-29T15:20:19.754+0000] {dag.py:3036} INFO - Sync 1 DAGs
[2025-12-29T15:20:19.779+0000] {logging_mixin.py:188} INFO - [2025-12-29T15:20:19.779+0000] {dag.py:3823} INFO - Setting next_dagrun for ml_models to 2025-12-28 00:00:00+00:00, run_after=2025-12-29 00:00:00+00:00
[2025-12-29T15:20:19.800+0000] {processor.py:183} INFO - Processing /opt/airflow/dags/ml_models.py took 0.101 seconds
[2025-12-29T15:20:50.159+0000] {processor.py:161} INFO - Started process (PID=5231) to work on /opt/airflow/dags/ml_models.py
[2025-12-29T15:20:50.161+0000] {processor.py:830} INFO - Processing file /opt/airflow/dags/ml_models.py for tasks to queue
[2025-12-29T15:20:50.162+0000] {logging_mixin.py:188} INFO - [2025-12-29T15:20:50.162+0000] {dagbag.py:538} INFO - Filling up the DagBag from /opt/airflow/dags/ml_models.py
[2025-12-29T15:20:50.183+0000] {processor.py:840} INFO - DAG(s) 'ml_models' retrieved from /opt/airflow/dags/ml_models.py
[2025-12-29T15:20:50.210+0000] {logging_mixin.py:188} INFO - [2025-12-29T15:20:50.209+0000] {dag.py:3036} INFO - Sync 1 DAGs
[2025-12-29T15:20:50.233+0000] {logging_mixin.py:188} INFO - [2025-12-29T15:20:50.233+0000] {dag.py:3823} INFO - Setting next_dagrun for ml_models to 2025-12-28 00:00:00+00:00, run_after=2025-12-29 00:00:00+00:00
[2025-12-29T15:20:50.254+0000] {processor.py:183} INFO - Processing /opt/airflow/dags/ml_models.py took 0.098 seconds
[2025-12-29T15:21:20.615+0000] {processor.py:161} INFO - Started process (PID=5251) to work on /opt/airflow/dags/ml_models.py
[2025-12-29T15:21:20.617+0000] {processor.py:830} INFO - Processing file /opt/airflow/dags/ml_models.py for tasks to queue
[2025-12-29T15:21:20.618+0000] {logging_mixin.py:188} INFO - [2025-12-29T15:21:20.617+0000] {dagbag.py:538} INFO - Filling up the DagBag from /opt/airflow/dags/ml_models.py
[2025-12-29T15:21:20.639+0000] {processor.py:840} INFO - DAG(s) 'ml_models' retrieved from /opt/airflow/dags/ml_models.py
[2025-12-29T15:21:20.665+0000] {logging_mixin.py:188} INFO - [2025-12-29T15:21:20.664+0000] {dag.py:3036} INFO - Sync 1 DAGs
[2025-12-29T15:21:20.689+0000] {logging_mixin.py:188} INFO - [2025-12-29T15:21:20.688+0000] {dag.py:3823} INFO - Setting next_dagrun for ml_models to 2025-12-28 00:00:00+00:00, run_after=2025-12-29 00:00:00+00:00
[2025-12-29T15:21:20.710+0000] {processor.py:183} INFO - Processing /opt/airflow/dags/ml_models.py took 0.098 seconds
[2025-12-29T15:21:51.064+0000] {processor.py:161} INFO - Started process (PID=5271) to work on /opt/airflow/dags/ml_models.py
[2025-12-29T15:21:51.065+0000] {processor.py:830} INFO - Processing file /opt/airflow/dags/ml_models.py for tasks to queue
[2025-12-29T15:21:51.066+0000] {logging_mixin.py:188} INFO - [2025-12-29T15:21:51.066+0000] {dagbag.py:538} INFO - Filling up the DagBag from /opt/airflow/dags/ml_models.py
[2025-12-29T15:21:51.087+0000] {processor.py:840} INFO - DAG(s) 'ml_models' retrieved from /opt/airflow/dags/ml_models.py
[2025-12-29T15:21:51.115+0000] {logging_mixin.py:188} INFO - [2025-12-29T15:21:51.115+0000] {dag.py:3036} INFO - Sync 1 DAGs
[2025-12-29T15:21:51.142+0000] {logging_mixin.py:188} INFO - [2025-12-29T15:21:51.142+0000] {dag.py:3823} INFO - Setting next_dagrun for ml_models to 2025-12-28 00:00:00+00:00, run_after=2025-12-29 00:00:00+00:00
[2025-12-29T15:21:51.166+0000] {processor.py:183} INFO - Processing /opt/airflow/dags/ml_models.py took 0.106 seconds
[2025-12-29T15:22:21.540+0000] {processor.py:161} INFO - Started process (PID=5291) to work on /opt/airflow/dags/ml_models.py
[2025-12-29T15:22:21.541+0000] {processor.py:830} INFO - Processing file /opt/airflow/dags/ml_models.py for tasks to queue
[2025-12-29T15:22:21.543+0000] {logging_mixin.py:188} INFO - [2025-12-29T15:22:21.542+0000] {dagbag.py:538} INFO - Filling up the DagBag from /opt/airflow/dags/ml_models.py
[2025-12-29T15:22:21.567+0000] {processor.py:840} INFO - DAG(s) 'ml_models' retrieved from /opt/airflow/dags/ml_models.py
[2025-12-29T15:22:21.600+0000] {logging_mixin.py:188} INFO - [2025-12-29T15:22:21.600+0000] {dag.py:3036} INFO - Sync 1 DAGs
[2025-12-29T15:22:21.631+0000] {logging_mixin.py:188} INFO - [2025-12-29T15:22:21.630+0000] {dag.py:3823} INFO - Setting next_dagrun for ml_models to 2025-12-28 00:00:00+00:00, run_after=2025-12-29 00:00:00+00:00
[2025-12-29T15:22:21.663+0000] {processor.py:183} INFO - Processing /opt/airflow/dags/ml_models.py took 0.127 seconds
[2025-12-29T15:22:52.051+0000] {processor.py:161} INFO - Started process (PID=5311) to work on /opt/airflow/dags/ml_models.py
[2025-12-29T15:22:52.052+0000] {processor.py:830} INFO - Processing file /opt/airflow/dags/ml_models.py for tasks to queue
[2025-12-29T15:22:52.053+0000] {logging_mixin.py:188} INFO - [2025-12-29T15:22:52.053+0000] {dagbag.py:538} INFO - Filling up the DagBag from /opt/airflow/dags/ml_models.py
[2025-12-29T15:22:52.075+0000] {processor.py:840} INFO - DAG(s) 'ml_models' retrieved from /opt/airflow/dags/ml_models.py
[2025-12-29T15:22:52.109+0000] {logging_mixin.py:188} INFO - [2025-12-29T15:22:52.109+0000] {dag.py:3036} INFO - Sync 1 DAGs
[2025-12-29T15:22:52.139+0000] {logging_mixin.py:188} INFO - [2025-12-29T15:22:52.139+0000] {dag.py:3823} INFO - Setting next_dagrun for ml_models to 2025-12-28 00:00:00+00:00, run_after=2025-12-29 00:00:00+00:00
[2025-12-29T15:22:52.171+0000] {processor.py:183} INFO - Processing /opt/airflow/dags/ml_models.py took 0.123 seconds
[2025-12-29T15:23:22.551+0000] {processor.py:161} INFO - Started process (PID=5331) to work on /opt/airflow/dags/ml_models.py
[2025-12-29T15:23:22.553+0000] {processor.py:830} INFO - Processing file /opt/airflow/dags/ml_models.py for tasks to queue
[2025-12-29T15:23:22.554+0000] {logging_mixin.py:188} INFO - [2025-12-29T15:23:22.553+0000] {dagbag.py:538} INFO - Filling up the DagBag from /opt/airflow/dags/ml_models.py
[2025-12-29T15:23:22.577+0000] {processor.py:840} INFO - DAG(s) 'ml_models' retrieved from /opt/airflow/dags/ml_models.py
[2025-12-29T15:23:22.602+0000] {logging_mixin.py:188} INFO - [2025-12-29T15:23:22.602+0000] {dag.py:3036} INFO - Sync 1 DAGs
[2025-12-29T15:23:22.631+0000] {logging_mixin.py:188} INFO - [2025-12-29T15:23:22.630+0000] {dag.py:3823} INFO - Setting next_dagrun for ml_models to 2025-12-28 00:00:00+00:00, run_after=2025-12-29 00:00:00+00:00
[2025-12-29T15:23:22.653+0000] {processor.py:183} INFO - Processing /opt/airflow/dags/ml_models.py took 0.105 seconds
[2025-12-29T15:23:53.019+0000] {processor.py:161} INFO - Started process (PID=5351) to work on /opt/airflow/dags/ml_models.py
[2025-12-29T15:23:53.020+0000] {processor.py:830} INFO - Processing file /opt/airflow/dags/ml_models.py for tasks to queue
[2025-12-29T15:23:53.021+0000] {logging_mixin.py:188} INFO - [2025-12-29T15:23:53.021+0000] {dagbag.py:538} INFO - Filling up the DagBag from /opt/airflow/dags/ml_models.py
[2025-12-29T15:23:53.044+0000] {processor.py:840} INFO - DAG(s) 'ml_models' retrieved from /opt/airflow/dags/ml_models.py
[2025-12-29T15:23:53.080+0000] {logging_mixin.py:188} INFO - [2025-12-29T15:23:53.079+0000] {dag.py:3036} INFO - Sync 1 DAGs
[2025-12-29T15:23:53.107+0000] {logging_mixin.py:188} INFO - [2025-12-29T15:23:53.107+0000] {dag.py:3823} INFO - Setting next_dagrun for ml_models to 2025-12-28 00:00:00+00:00, run_after=2025-12-29 00:00:00+00:00
[2025-12-29T15:23:53.136+0000] {processor.py:183} INFO - Processing /opt/airflow/dags/ml_models.py took 0.120 seconds
[2025-12-29T15:24:23.587+0000] {processor.py:161} INFO - Started process (PID=5371) to work on /opt/airflow/dags/ml_models.py
[2025-12-29T15:24:23.588+0000] {processor.py:830} INFO - Processing file /opt/airflow/dags/ml_models.py for tasks to queue
[2025-12-29T15:24:23.589+0000] {logging_mixin.py:188} INFO - [2025-12-29T15:24:23.589+0000] {dagbag.py:538} INFO - Filling up the DagBag from /opt/airflow/dags/ml_models.py
[2025-12-29T15:24:23.616+0000] {processor.py:840} INFO - DAG(s) 'ml_models' retrieved from /opt/airflow/dags/ml_models.py
[2025-12-29T15:24:23.645+0000] {logging_mixin.py:188} INFO - [2025-12-29T15:24:23.645+0000] {dag.py:3036} INFO - Sync 1 DAGs
[2025-12-29T15:24:23.672+0000] {logging_mixin.py:188} INFO - [2025-12-29T15:24:23.672+0000] {dag.py:3823} INFO - Setting next_dagrun for ml_models to 2025-12-28 00:00:00+00:00, run_after=2025-12-29 00:00:00+00:00
[2025-12-29T15:24:23.705+0000] {processor.py:183} INFO - Processing /opt/airflow/dags/ml_models.py took 0.122 seconds
[2025-12-29T15:24:54.073+0000] {processor.py:161} INFO - Started process (PID=5391) to work on /opt/airflow/dags/ml_models.py
[2025-12-29T15:24:54.074+0000] {processor.py:830} INFO - Processing file /opt/airflow/dags/ml_models.py for tasks to queue
[2025-12-29T15:24:54.075+0000] {logging_mixin.py:188} INFO - [2025-12-29T15:24:54.075+0000] {dagbag.py:538} INFO - Filling up the DagBag from /opt/airflow/dags/ml_models.py
[2025-12-29T15:24:54.099+0000] {processor.py:840} INFO - DAG(s) 'ml_models' retrieved from /opt/airflow/dags/ml_models.py
[2025-12-29T15:24:54.133+0000] {logging_mixin.py:188} INFO - [2025-12-29T15:24:54.133+0000] {dag.py:3036} INFO - Sync 1 DAGs
[2025-12-29T15:24:54.161+0000] {logging_mixin.py:188} INFO - [2025-12-29T15:24:54.160+0000] {dag.py:3823} INFO - Setting next_dagrun for ml_models to 2025-12-28 00:00:00+00:00, run_after=2025-12-29 00:00:00+00:00
[2025-12-29T15:24:54.187+0000] {processor.py:183} INFO - Processing /opt/airflow/dags/ml_models.py took 0.118 seconds
[2025-12-29T15:25:24.564+0000] {processor.py:161} INFO - Started process (PID=5411) to work on /opt/airflow/dags/ml_models.py
[2025-12-29T15:25:24.566+0000] {processor.py:830} INFO - Processing file /opt/airflow/dags/ml_models.py for tasks to queue
[2025-12-29T15:25:24.568+0000] {logging_mixin.py:188} INFO - [2025-12-29T15:25:24.568+0000] {dagbag.py:538} INFO - Filling up the DagBag from /opt/airflow/dags/ml_models.py
[2025-12-29T15:25:24.590+0000] {processor.py:840} INFO - DAG(s) 'ml_models' retrieved from /opt/airflow/dags/ml_models.py
[2025-12-29T15:25:24.620+0000] {logging_mixin.py:188} INFO - [2025-12-29T15:25:24.620+0000] {dag.py:3036} INFO - Sync 1 DAGs
[2025-12-29T15:25:24.649+0000] {logging_mixin.py:188} INFO - [2025-12-29T15:25:24.648+0000] {dag.py:3823} INFO - Setting next_dagrun for ml_models to 2025-12-28 00:00:00+00:00, run_after=2025-12-29 00:00:00+00:00
[2025-12-29T15:25:24.683+0000] {processor.py:183} INFO - Processing /opt/airflow/dags/ml_models.py took 0.124 seconds
[2025-12-29T15:25:55.052+0000] {processor.py:161} INFO - Started process (PID=5431) to work on /opt/airflow/dags/ml_models.py
[2025-12-29T15:25:55.053+0000] {processor.py:830} INFO - Processing file /opt/airflow/dags/ml_models.py for tasks to queue
[2025-12-29T15:25:55.054+0000] {logging_mixin.py:188} INFO - [2025-12-29T15:25:55.054+0000] {dagbag.py:538} INFO - Filling up the DagBag from /opt/airflow/dags/ml_models.py
[2025-12-29T15:25:55.076+0000] {processor.py:840} INFO - DAG(s) 'ml_models' retrieved from /opt/airflow/dags/ml_models.py
[2025-12-29T15:25:55.109+0000] {logging_mixin.py:188} INFO - [2025-12-29T15:25:55.109+0000] {dag.py:3036} INFO - Sync 1 DAGs
[2025-12-29T15:25:55.138+0000] {logging_mixin.py:188} INFO - [2025-12-29T15:25:55.137+0000] {dag.py:3823} INFO - Setting next_dagrun for ml_models to 2025-12-28 00:00:00+00:00, run_after=2025-12-29 00:00:00+00:00
[2025-12-29T15:25:55.160+0000] {processor.py:183} INFO - Processing /opt/airflow/dags/ml_models.py took 0.112 seconds
[2025-12-29T15:26:25.545+0000] {processor.py:161} INFO - Started process (PID=5451) to work on /opt/airflow/dags/ml_models.py
[2025-12-29T15:26:25.547+0000] {processor.py:830} INFO - Processing file /opt/airflow/dags/ml_models.py for tasks to queue
[2025-12-29T15:26:25.549+0000] {logging_mixin.py:188} INFO - [2025-12-29T15:26:25.548+0000] {dagbag.py:538} INFO - Filling up the DagBag from /opt/airflow/dags/ml_models.py
[2025-12-29T15:26:25.571+0000] {processor.py:840} INFO - DAG(s) 'ml_models' retrieved from /opt/airflow/dags/ml_models.py
[2025-12-29T15:26:25.601+0000] {logging_mixin.py:188} INFO - [2025-12-29T15:26:25.601+0000] {dag.py:3036} INFO - Sync 1 DAGs
[2025-12-29T15:26:25.626+0000] {logging_mixin.py:188} INFO - [2025-12-29T15:26:25.626+0000] {dag.py:3823} INFO - Setting next_dagrun for ml_models to 2025-12-28 00:00:00+00:00, run_after=2025-12-29 00:00:00+00:00
[2025-12-29T15:26:25.660+0000] {processor.py:183} INFO - Processing /opt/airflow/dags/ml_models.py took 0.119 seconds
[2025-12-29T15:26:56.049+0000] {processor.py:161} INFO - Started process (PID=5471) to work on /opt/airflow/dags/ml_models.py
[2025-12-29T15:26:56.050+0000] {processor.py:830} INFO - Processing file /opt/airflow/dags/ml_models.py for tasks to queue
[2025-12-29T15:26:56.051+0000] {logging_mixin.py:188} INFO - [2025-12-29T15:26:56.051+0000] {dagbag.py:538} INFO - Filling up the DagBag from /opt/airflow/dags/ml_models.py
[2025-12-29T15:26:56.075+0000] {processor.py:840} INFO - DAG(s) 'ml_models' retrieved from /opt/airflow/dags/ml_models.py
[2025-12-29T15:26:56.108+0000] {logging_mixin.py:188} INFO - [2025-12-29T15:26:56.107+0000] {dag.py:3036} INFO - Sync 1 DAGs
[2025-12-29T15:26:56.136+0000] {logging_mixin.py:188} INFO - [2025-12-29T15:26:56.136+0000] {dag.py:3823} INFO - Setting next_dagrun for ml_models to 2025-12-28 00:00:00+00:00, run_after=2025-12-29 00:00:00+00:00
[2025-12-29T15:26:56.160+0000] {processor.py:183} INFO - Processing /opt/airflow/dags/ml_models.py took 0.117 seconds
[2025-12-29T15:27:26.545+0000] {processor.py:161} INFO - Started process (PID=5491) to work on /opt/airflow/dags/ml_models.py
[2025-12-29T15:27:26.546+0000] {processor.py:830} INFO - Processing file /opt/airflow/dags/ml_models.py for tasks to queue
[2025-12-29T15:27:26.548+0000] {logging_mixin.py:188} INFO - [2025-12-29T15:27:26.547+0000] {dagbag.py:538} INFO - Filling up the DagBag from /opt/airflow/dags/ml_models.py
[2025-12-29T15:27:26.569+0000] {processor.py:840} INFO - DAG(s) 'ml_models' retrieved from /opt/airflow/dags/ml_models.py
[2025-12-29T15:27:26.601+0000] {logging_mixin.py:188} INFO - [2025-12-29T15:27:26.601+0000] {dag.py:3036} INFO - Sync 1 DAGs
[2025-12-29T15:27:26.628+0000] {logging_mixin.py:188} INFO - [2025-12-29T15:27:26.628+0000] {dag.py:3823} INFO - Setting next_dagrun for ml_models to 2025-12-28 00:00:00+00:00, run_after=2025-12-29 00:00:00+00:00
[2025-12-29T15:27:26.654+0000] {processor.py:183} INFO - Processing /opt/airflow/dags/ml_models.py took 0.112 seconds
[2025-12-29T15:27:58.763+0000] {processor.py:161} INFO - Started process (PID=5511) to work on /opt/airflow/dags/ml_models.py
[2025-12-29T15:27:58.815+0000] {processor.py:830} INFO - Processing file /opt/airflow/dags/ml_models.py for tasks to queue
[2025-12-29T15:27:58.879+0000] {logging_mixin.py:188} INFO - [2025-12-29T15:27:58.863+0000] {dagbag.py:538} INFO - Filling up the DagBag from /opt/airflow/dags/ml_models.py
[2025-12-29T15:27:59.923+0000] {processor.py:840} INFO - DAG(s) 'ml_models' retrieved from /opt/airflow/dags/ml_models.py
[2025-12-29T15:28:00.814+0000] {logging_mixin.py:188} INFO - [2025-12-29T15:28:00.811+0000] {dag.py:3036} INFO - Sync 1 DAGs
[2025-12-29T15:28:01.869+0000] {logging_mixin.py:188} INFO - [2025-12-29T15:28:01.854+0000] {dag.py:3823} INFO - Setting next_dagrun for ml_models to 2025-12-28 00:00:00+00:00, run_after=2025-12-29 00:00:00+00:00
[2025-12-29T15:28:02.593+0000] {processor.py:183} INFO - Processing /opt/airflow/dags/ml_models.py took 4.093 seconds
[2025-12-29T15:28:33.674+0000] {processor.py:161} INFO - Started process (PID=5531) to work on /opt/airflow/dags/ml_models.py
[2025-12-29T15:28:33.707+0000] {processor.py:830} INFO - Processing file /opt/airflow/dags/ml_models.py for tasks to queue
[2025-12-29T15:28:33.741+0000] {logging_mixin.py:188} INFO - [2025-12-29T15:28:33.737+0000] {dagbag.py:538} INFO - Filling up the DagBag from /opt/airflow/dags/ml_models.py
[2025-12-29T15:28:34.210+0000] {processor.py:840} INFO - DAG(s) 'ml_models' retrieved from /opt/airflow/dags/ml_models.py
[2025-12-29T15:28:34.933+0000] {logging_mixin.py:188} INFO - [2025-12-29T15:28:34.930+0000] {dag.py:3036} INFO - Sync 1 DAGs
[2025-12-29T15:28:35.935+0000] {logging_mixin.py:188} INFO - [2025-12-29T15:28:35.926+0000] {dag.py:3823} INFO - Setting next_dagrun for ml_models to 2025-12-28 00:00:00+00:00, run_after=2025-12-29 00:00:00+00:00
[2025-12-29T15:28:36.468+0000] {processor.py:183} INFO - Processing /opt/airflow/dags/ml_models.py took 2.879 seconds
[2025-12-29T15:29:07.372+0000] {processor.py:161} INFO - Started process (PID=5551) to work on /opt/airflow/dags/ml_models.py
[2025-12-29T15:29:07.389+0000] {processor.py:830} INFO - Processing file /opt/airflow/dags/ml_models.py for tasks to queue
[2025-12-29T15:29:07.401+0000] {logging_mixin.py:188} INFO - [2025-12-29T15:29:07.398+0000] {dagbag.py:538} INFO - Filling up the DagBag from /opt/airflow/dags/ml_models.py
[2025-12-29T15:29:07.678+0000] {processor.py:840} INFO - DAG(s) 'ml_models' retrieved from /opt/airflow/dags/ml_models.py
[2025-12-29T15:29:08.022+0000] {logging_mixin.py:188} INFO - [2025-12-29T15:29:08.018+0000] {dag.py:3036} INFO - Sync 1 DAGs
[2025-12-29T15:29:08.531+0000] {logging_mixin.py:188} INFO - [2025-12-29T15:29:08.522+0000] {dag.py:3823} INFO - Setting next_dagrun for ml_models to 2025-12-28 00:00:00+00:00, run_after=2025-12-29 00:00:00+00:00
[2025-12-29T15:29:09.069+0000] {processor.py:183} INFO - Processing /opt/airflow/dags/ml_models.py took 1.748 seconds
[2025-12-29T15:29:40.476+0000] {processor.py:161} INFO - Started process (PID=5571) to work on /opt/airflow/dags/ml_models.py
[2025-12-29T15:29:40.493+0000] {processor.py:830} INFO - Processing file /opt/airflow/dags/ml_models.py for tasks to queue
[2025-12-29T15:29:40.514+0000] {logging_mixin.py:188} INFO - [2025-12-29T15:29:40.504+0000] {dagbag.py:538} INFO - Filling up the DagBag from /opt/airflow/dags/ml_models.py
[2025-12-29T15:29:40.834+0000] {processor.py:840} INFO - DAG(s) 'ml_models' retrieved from /opt/airflow/dags/ml_models.py
[2025-12-29T15:29:41.225+0000] {logging_mixin.py:188} INFO - [2025-12-29T15:29:41.219+0000] {dag.py:3036} INFO - Sync 1 DAGs
[2025-12-29T15:29:41.906+0000] {logging_mixin.py:188} INFO - [2025-12-29T15:29:41.902+0000] {dag.py:3823} INFO - Setting next_dagrun for ml_models to 2025-12-28 00:00:00+00:00, run_after=2025-12-29 00:00:00+00:00
[2025-12-29T15:29:42.299+0000] {processor.py:183} INFO - Processing /opt/airflow/dags/ml_models.py took 1.880 seconds
[2025-12-29T15:30:13.688+0000] {processor.py:161} INFO - Started process (PID=5591) to work on /opt/airflow/dags/ml_models.py
[2025-12-29T15:30:13.718+0000] {processor.py:830} INFO - Processing file /opt/airflow/dags/ml_models.py for tasks to queue
[2025-12-29T15:30:13.756+0000] {logging_mixin.py:188} INFO - [2025-12-29T15:30:13.740+0000] {dagbag.py:538} INFO - Filling up the DagBag from /opt/airflow/dags/ml_models.py
[2025-12-29T15:30:14.136+0000] {processor.py:840} INFO - DAG(s) 'ml_models' retrieved from /opt/airflow/dags/ml_models.py
[2025-12-29T15:30:14.598+0000] {logging_mixin.py:188} INFO - [2025-12-29T15:30:14.594+0000] {dag.py:3036} INFO - Sync 1 DAGs
[2025-12-29T15:30:15.251+0000] {logging_mixin.py:188} INFO - [2025-12-29T15:30:15.244+0000] {dag.py:3823} INFO - Setting next_dagrun for ml_models to 2025-12-28 00:00:00+00:00, run_after=2025-12-29 00:00:00+00:00
[2025-12-29T15:30:15.588+0000] {processor.py:183} INFO - Processing /opt/airflow/dags/ml_models.py took 1.996 seconds
[2025-12-29T15:30:46.552+0000] {processor.py:161} INFO - Started process (PID=5611) to work on /opt/airflow/dags/ml_models.py
[2025-12-29T15:30:46.568+0000] {processor.py:830} INFO - Processing file /opt/airflow/dags/ml_models.py for tasks to queue
[2025-12-29T15:30:46.584+0000] {logging_mixin.py:188} INFO - [2025-12-29T15:30:46.579+0000] {dagbag.py:538} INFO - Filling up the DagBag from /opt/airflow/dags/ml_models.py
[2025-12-29T15:30:46.949+0000] {processor.py:840} INFO - DAG(s) 'ml_models' retrieved from /opt/airflow/dags/ml_models.py
[2025-12-29T15:30:47.338+0000] {logging_mixin.py:188} INFO - [2025-12-29T15:30:47.335+0000] {dag.py:3036} INFO - Sync 1 DAGs
[2025-12-29T15:30:47.858+0000] {logging_mixin.py:188} INFO - [2025-12-29T15:30:47.855+0000] {dag.py:3823} INFO - Setting next_dagrun for ml_models to 2025-12-28 00:00:00+00:00, run_after=2025-12-29 00:00:00+00:00
[2025-12-29T15:30:48.236+0000] {processor.py:183} INFO - Processing /opt/airflow/dags/ml_models.py took 1.762 seconds
[2025-12-29T15:31:18.761+0000] {processor.py:161} INFO - Started process (PID=5631) to work on /opt/airflow/dags/ml_models.py
[2025-12-29T15:31:18.768+0000] {processor.py:830} INFO - Processing file /opt/airflow/dags/ml_models.py for tasks to queue
[2025-12-29T15:31:18.776+0000] {logging_mixin.py:188} INFO - [2025-12-29T15:31:18.774+0000] {dagbag.py:538} INFO - Filling up the DagBag from /opt/airflow/dags/ml_models.py
[2025-12-29T15:31:18.906+0000] {processor.py:840} INFO - DAG(s) 'ml_models' retrieved from /opt/airflow/dags/ml_models.py
[2025-12-29T15:31:19.071+0000] {logging_mixin.py:188} INFO - [2025-12-29T15:31:19.069+0000] {dag.py:3036} INFO - Sync 1 DAGs
[2025-12-29T15:31:19.243+0000] {logging_mixin.py:188} INFO - [2025-12-29T15:31:19.242+0000] {dag.py:3823} INFO - Setting next_dagrun for ml_models to 2025-12-28 00:00:00+00:00, run_after=2025-12-29 00:00:00+00:00
[2025-12-29T15:31:19.576+0000] {processor.py:183} INFO - Processing /opt/airflow/dags/ml_models.py took 0.845 seconds
[2025-12-29T15:31:50.363+0000] {processor.py:161} INFO - Started process (PID=5651) to work on /opt/airflow/dags/ml_models.py
[2025-12-29T15:31:50.376+0000] {processor.py:830} INFO - Processing file /opt/airflow/dags/ml_models.py for tasks to queue
[2025-12-29T15:31:50.385+0000] {logging_mixin.py:188} INFO - [2025-12-29T15:31:50.382+0000] {dagbag.py:538} INFO - Filling up the DagBag from /opt/airflow/dags/ml_models.py
[2025-12-29T15:31:50.622+0000] {processor.py:840} INFO - DAG(s) 'ml_models' retrieved from /opt/airflow/dags/ml_models.py
[2025-12-29T15:31:50.922+0000] {logging_mixin.py:188} INFO - [2025-12-29T15:31:50.920+0000] {dag.py:3036} INFO - Sync 1 DAGs
[2025-12-29T15:31:51.146+0000] {logging_mixin.py:188} INFO - [2025-12-29T15:31:51.144+0000] {dag.py:3823} INFO - Setting next_dagrun for ml_models to 2025-12-28 00:00:00+00:00, run_after=2025-12-29 00:00:00+00:00
[2025-12-29T15:31:51.354+0000] {processor.py:183} INFO - Processing /opt/airflow/dags/ml_models.py took 1.030 seconds
[2025-12-29T15:32:22.327+0000] {processor.py:161} INFO - Started process (PID=5671) to work on /opt/airflow/dags/ml_models.py
[2025-12-29T15:32:22.330+0000] {processor.py:830} INFO - Processing file /opt/airflow/dags/ml_models.py for tasks to queue
[2025-12-29T15:32:22.333+0000] {logging_mixin.py:188} INFO - [2025-12-29T15:32:22.332+0000] {dagbag.py:538} INFO - Filling up the DagBag from /opt/airflow/dags/ml_models.py
[2025-12-29T15:32:22.386+0000] {processor.py:840} INFO - DAG(s) 'ml_models' retrieved from /opt/airflow/dags/ml_models.py
[2025-12-29T15:32:22.446+0000] {logging_mixin.py:188} INFO - [2025-12-29T15:32:22.445+0000] {dag.py:3036} INFO - Sync 1 DAGs
[2025-12-29T15:32:22.517+0000] {logging_mixin.py:188} INFO - [2025-12-29T15:32:22.516+0000] {dag.py:3823} INFO - Setting next_dagrun for ml_models to 2025-12-28 00:00:00+00:00, run_after=2025-12-29 00:00:00+00:00
[2025-12-29T15:32:22.574+0000] {processor.py:183} INFO - Processing /opt/airflow/dags/ml_models.py took 0.260 seconds
[2025-12-29T15:32:52.758+0000] {processor.py:161} INFO - Started process (PID=5691) to work on /opt/airflow/dags/ml_models.py
[2025-12-29T15:32:52.761+0000] {processor.py:830} INFO - Processing file /opt/airflow/dags/ml_models.py for tasks to queue
[2025-12-29T15:32:52.764+0000] {logging_mixin.py:188} INFO - [2025-12-29T15:32:52.763+0000] {dagbag.py:538} INFO - Filling up the DagBag from /opt/airflow/dags/ml_models.py
[2025-12-29T15:32:52.818+0000] {processor.py:840} INFO - DAG(s) 'ml_models' retrieved from /opt/airflow/dags/ml_models.py
[2025-12-29T15:32:52.878+0000] {logging_mixin.py:188} INFO - [2025-12-29T15:32:52.878+0000] {dag.py:3036} INFO - Sync 1 DAGs
[2025-12-29T15:32:52.959+0000] {logging_mixin.py:188} INFO - [2025-12-29T15:32:52.958+0000] {dag.py:3823} INFO - Setting next_dagrun for ml_models to 2025-12-28 00:00:00+00:00, run_after=2025-12-29 00:00:00+00:00
[2025-12-29T15:32:53.016+0000] {processor.py:183} INFO - Processing /opt/airflow/dags/ml_models.py took 0.269 seconds
[2025-12-29T15:33:23.257+0000] {processor.py:161} INFO - Started process (PID=5711) to work on /opt/airflow/dags/ml_models.py
[2025-12-29T15:33:23.260+0000] {processor.py:830} INFO - Processing file /opt/airflow/dags/ml_models.py for tasks to queue
[2025-12-29T15:33:23.262+0000] {logging_mixin.py:188} INFO - [2025-12-29T15:33:23.261+0000] {dagbag.py:538} INFO - Filling up the DagBag from /opt/airflow/dags/ml_models.py
[2025-12-29T15:33:23.307+0000] {processor.py:840} INFO - DAG(s) 'ml_models' retrieved from /opt/airflow/dags/ml_models.py
[2025-12-29T15:33:23.365+0000] {logging_mixin.py:188} INFO - [2025-12-29T15:33:23.364+0000] {dag.py:3036} INFO - Sync 1 DAGs
[2025-12-29T15:33:23.433+0000] {logging_mixin.py:188} INFO - [2025-12-29T15:33:23.432+0000] {dag.py:3823} INFO - Setting next_dagrun for ml_models to 2025-12-28 00:00:00+00:00, run_after=2025-12-29 00:00:00+00:00
[2025-12-29T15:33:23.500+0000] {processor.py:183} INFO - Processing /opt/airflow/dags/ml_models.py took 0.251 seconds
[2025-12-29T15:33:54.423+0000] {processor.py:161} INFO - Started process (PID=5731) to work on /opt/airflow/dags/ml_models.py
[2025-12-29T15:33:54.426+0000] {processor.py:830} INFO - Processing file /opt/airflow/dags/ml_models.py for tasks to queue
[2025-12-29T15:33:54.428+0000] {logging_mixin.py:188} INFO - [2025-12-29T15:33:54.428+0000] {dagbag.py:538} INFO - Filling up the DagBag from /opt/airflow/dags/ml_models.py
[2025-12-29T15:33:54.469+0000] {processor.py:840} INFO - DAG(s) 'ml_models' retrieved from /opt/airflow/dags/ml_models.py
[2025-12-29T15:33:54.513+0000] {logging_mixin.py:188} INFO - [2025-12-29T15:33:54.513+0000] {dag.py:3036} INFO - Sync 1 DAGs
[2025-12-29T15:33:54.569+0000] {logging_mixin.py:188} INFO - [2025-12-29T15:33:54.569+0000] {dag.py:3823} INFO - Setting next_dagrun for ml_models to 2025-12-28 00:00:00+00:00, run_after=2025-12-29 00:00:00+00:00
[2025-12-29T15:33:54.619+0000] {processor.py:183} INFO - Processing /opt/airflow/dags/ml_models.py took 0.205 seconds
[2025-12-29T15:34:25.594+0000] {processor.py:161} INFO - Started process (PID=5751) to work on /opt/airflow/dags/ml_models.py
[2025-12-29T15:34:25.597+0000] {processor.py:830} INFO - Processing file /opt/airflow/dags/ml_models.py for tasks to queue
[2025-12-29T15:34:25.600+0000] {logging_mixin.py:188} INFO - [2025-12-29T15:34:25.599+0000] {dagbag.py:538} INFO - Filling up the DagBag from /opt/airflow/dags/ml_models.py
[2025-12-29T15:34:25.659+0000] {processor.py:840} INFO - DAG(s) 'ml_models' retrieved from /opt/airflow/dags/ml_models.py
[2025-12-29T15:34:25.725+0000] {logging_mixin.py:188} INFO - [2025-12-29T15:34:25.725+0000] {dag.py:3036} INFO - Sync 1 DAGs
[2025-12-29T15:34:25.792+0000] {logging_mixin.py:188} INFO - [2025-12-29T15:34:25.792+0000] {dag.py:3823} INFO - Setting next_dagrun for ml_models to 2025-12-28 00:00:00+00:00, run_after=2025-12-29 00:00:00+00:00
[2025-12-29T15:34:25.850+0000] {processor.py:183} INFO - Processing /opt/airflow/dags/ml_models.py took 0.267 seconds
[2025-12-29T15:34:56.040+0000] {processor.py:161} INFO - Started process (PID=5771) to work on /opt/airflow/dags/ml_models.py
[2025-12-29T15:34:56.043+0000] {processor.py:830} INFO - Processing file /opt/airflow/dags/ml_models.py for tasks to queue
[2025-12-29T15:34:56.045+0000] {logging_mixin.py:188} INFO - [2025-12-29T15:34:56.044+0000] {dagbag.py:538} INFO - Filling up the DagBag from /opt/airflow/dags/ml_models.py
[2025-12-29T15:34:56.084+0000] {processor.py:840} INFO - DAG(s) 'ml_models' retrieved from /opt/airflow/dags/ml_models.py
[2025-12-29T15:34:56.140+0000] {logging_mixin.py:188} INFO - [2025-12-29T15:34:56.139+0000] {dag.py:3036} INFO - Sync 1 DAGs
[2025-12-29T15:34:56.193+0000] {logging_mixin.py:188} INFO - [2025-12-29T15:34:56.192+0000] {dag.py:3823} INFO - Setting next_dagrun for ml_models to 2025-12-28 00:00:00+00:00, run_after=2025-12-29 00:00:00+00:00
[2025-12-29T15:34:56.246+0000] {processor.py:183} INFO - Processing /opt/airflow/dags/ml_models.py took 0.213 seconds
[2025-12-29T15:35:27.159+0000] {processor.py:161} INFO - Started process (PID=5791) to work on /opt/airflow/dags/ml_models.py
[2025-12-29T15:35:27.163+0000] {processor.py:830} INFO - Processing file /opt/airflow/dags/ml_models.py for tasks to queue
[2025-12-29T15:35:27.166+0000] {logging_mixin.py:188} INFO - [2025-12-29T15:35:27.166+0000] {dagbag.py:538} INFO - Filling up the DagBag from /opt/airflow/dags/ml_models.py
[2025-12-29T15:35:27.223+0000] {processor.py:840} INFO - DAG(s) 'ml_models' retrieved from /opt/airflow/dags/ml_models.py
[2025-12-29T15:35:27.297+0000] {logging_mixin.py:188} INFO - [2025-12-29T15:35:27.297+0000] {dag.py:3036} INFO - Sync 1 DAGs
[2025-12-29T15:35:27.367+0000] {logging_mixin.py:188} INFO - [2025-12-29T15:35:27.366+0000] {dag.py:3823} INFO - Setting next_dagrun for ml_models to 2025-12-28 00:00:00+00:00, run_after=2025-12-29 00:00:00+00:00
[2025-12-29T15:35:27.433+0000] {processor.py:183} INFO - Processing /opt/airflow/dags/ml_models.py took 0.289 seconds
[2025-12-29T15:35:58.377+0000] {processor.py:161} INFO - Started process (PID=5811) to work on /opt/airflow/dags/ml_models.py
[2025-12-29T15:35:58.380+0000] {processor.py:830} INFO - Processing file /opt/airflow/dags/ml_models.py for tasks to queue
[2025-12-29T15:35:58.383+0000] {logging_mixin.py:188} INFO - [2025-12-29T15:35:58.382+0000] {dagbag.py:538} INFO - Filling up the DagBag from /opt/airflow/dags/ml_models.py
[2025-12-29T15:35:58.446+0000] {processor.py:840} INFO - DAG(s) 'ml_models' retrieved from /opt/airflow/dags/ml_models.py
[2025-12-29T15:35:58.524+0000] {logging_mixin.py:188} INFO - [2025-12-29T15:35:58.523+0000] {dag.py:3036} INFO - Sync 1 DAGs
[2025-12-29T15:35:58.595+0000] {logging_mixin.py:188} INFO - [2025-12-29T15:35:58.594+0000] {dag.py:3823} INFO - Setting next_dagrun for ml_models to 2025-12-28 00:00:00+00:00, run_after=2025-12-29 00:00:00+00:00
[2025-12-29T15:35:58.651+0000] {processor.py:183} INFO - Processing /opt/airflow/dags/ml_models.py took 0.282 seconds
[2025-12-29T15:36:29.108+0000] {processor.py:161} INFO - Started process (PID=5831) to work on /opt/airflow/dags/ml_models.py
[2025-12-29T15:36:29.109+0000] {processor.py:830} INFO - Processing file /opt/airflow/dags/ml_models.py for tasks to queue
[2025-12-29T15:36:29.110+0000] {logging_mixin.py:188} INFO - [2025-12-29T15:36:29.109+0000] {dagbag.py:538} INFO - Filling up the DagBag from /opt/airflow/dags/ml_models.py
[2025-12-29T15:36:29.136+0000] {processor.py:840} INFO - DAG(s) 'ml_models' retrieved from /opt/airflow/dags/ml_models.py
[2025-12-29T15:36:29.171+0000] {logging_mixin.py:188} INFO - [2025-12-29T15:36:29.170+0000] {dag.py:3036} INFO - Sync 1 DAGs
[2025-12-29T15:36:29.207+0000] {logging_mixin.py:188} INFO - [2025-12-29T15:36:29.207+0000] {dag.py:3823} INFO - Setting next_dagrun for ml_models to 2025-12-28 00:00:00+00:00, run_after=2025-12-29 00:00:00+00:00
[2025-12-29T15:36:29.237+0000] {processor.py:183} INFO - Processing /opt/airflow/dags/ml_models.py took 0.133 seconds
[2025-12-29T17:59:09.257+0000] {processor.py:161} INFO - Started process (PID=5853) to work on /opt/airflow/dags/ml_models.py
[2025-12-29T17:59:09.381+0000] {processor.py:830} INFO - Processing file /opt/airflow/dags/ml_models.py for tasks to queue
[2025-12-29T17:59:09.464+0000] {logging_mixin.py:188} INFO - [2025-12-29T17:59:09.435+0000] {dagbag.py:538} INFO - Filling up the DagBag from /opt/airflow/dags/ml_models.py
[2025-12-29T17:59:11.626+0000] {processor.py:840} INFO - DAG(s) 'ml_models' retrieved from /opt/airflow/dags/ml_models.py
[2025-12-29T17:59:13.603+0000] {logging_mixin.py:188} INFO - [2025-12-29T17:59:13.600+0000] {dag.py:3036} INFO - Sync 1 DAGs
[2025-12-29T17:59:15.740+0000] {logging_mixin.py:188} INFO - [2025-12-29T17:59:15.726+0000] {dag.py:3823} INFO - Setting next_dagrun for ml_models to 2025-12-28 00:00:00+00:00, run_after=2025-12-29 00:00:00+00:00
[2025-12-29T17:59:17.315+0000] {processor.py:183} INFO - Processing /opt/airflow/dags/ml_models.py took 8.201 seconds
[2025-12-29T23:35:04.784+0000] {processor.py:161} INFO - Started process (PID=5875) to work on /opt/airflow/dags/ml_models.py
[2025-12-29T23:35:04.803+0000] {processor.py:830} INFO - Processing file /opt/airflow/dags/ml_models.py for tasks to queue
[2025-12-29T23:35:04.816+0000] {logging_mixin.py:188} INFO - [2025-12-29T23:35:04.814+0000] {dagbag.py:538} INFO - Filling up the DagBag from /opt/airflow/dags/ml_models.py
[2025-12-29T23:35:04.942+0000] {processor.py:840} INFO - DAG(s) 'ml_models' retrieved from /opt/airflow/dags/ml_models.py
[2025-12-29T23:47:34.703+0000] {logging_mixin.py:188} INFO - [2025-12-29T23:47:34.702+0000] {dag.py:3036} INFO - Sync 1 DAGs
[2025-12-29T23:47:34.883+0000] {logging_mixin.py:188} INFO - [2025-12-29T23:47:34.882+0000] {dag.py:3823} INFO - Setting next_dagrun for ml_models to 2025-12-28 00:00:00+00:00, run_after=2025-12-29 00:00:00+00:00
[2025-12-29T23:47:35.075+0000] {processor.py:183} INFO - Processing /opt/airflow/dags/ml_models.py took 0.688 seconds
