[2025-12-29T14:49:41.910+0000] {processor.py:161} INFO - Started process (PID=4011) to work on /opt/airflow/dags/rugby_pipeline.py
[2025-12-29T14:49:41.912+0000] {processor.py:830} INFO - Processing file /opt/airflow/dags/rugby_pipeline.py for tasks to queue
[2025-12-29T14:49:41.914+0000] {logging_mixin.py:188} INFO - [2025-12-29T14:49:41.913+0000] {dagbag.py:538} INFO - Filling up the DagBag from /opt/airflow/dags/rugby_pipeline.py
[2025-12-29T14:49:41.950+0000] {processor.py:840} INFO - DAG(s) 'rugby_pipeline' retrieved from /opt/airflow/dags/rugby_pipeline.py
[2025-12-29T14:49:41.987+0000] {logging_mixin.py:188} INFO - [2025-12-29T14:49:41.986+0000] {dag.py:3036} INFO - Sync 1 DAGs
[2025-12-29T14:49:42.019+0000] {logging_mixin.py:188} INFO - [2025-12-29T14:49:42.018+0000] {dag.py:3823} INFO - Setting next_dagrun for rugby_pipeline to 2025-12-28 00:00:00+00:00, run_after=2025-12-29 00:00:00+00:00
[2025-12-29T14:49:42.049+0000] {processor.py:183} INFO - Processing /opt/airflow/dags/rugby_pipeline.py took 0.144 seconds
[2025-12-29T14:50:12.664+0000] {processor.py:161} INFO - Started process (PID=4031) to work on /opt/airflow/dags/rugby_pipeline.py
[2025-12-29T14:50:12.666+0000] {processor.py:830} INFO - Processing file /opt/airflow/dags/rugby_pipeline.py for tasks to queue
[2025-12-29T14:50:12.668+0000] {logging_mixin.py:188} INFO - [2025-12-29T14:50:12.667+0000] {dagbag.py:538} INFO - Filling up the DagBag from /opt/airflow/dags/rugby_pipeline.py
[2025-12-29T14:50:12.702+0000] {processor.py:840} INFO - DAG(s) 'rugby_pipeline' retrieved from /opt/airflow/dags/rugby_pipeline.py
[2025-12-29T14:50:12.730+0000] {logging_mixin.py:188} INFO - [2025-12-29T14:50:12.730+0000] {dag.py:3036} INFO - Sync 1 DAGs
[2025-12-29T14:50:12.762+0000] {logging_mixin.py:188} INFO - [2025-12-29T14:50:12.762+0000] {dag.py:3823} INFO - Setting next_dagrun for rugby_pipeline to 2025-12-28 00:00:00+00:00, run_after=2025-12-29 00:00:00+00:00
[2025-12-29T14:50:12.793+0000] {processor.py:183} INFO - Processing /opt/airflow/dags/rugby_pipeline.py took 0.133 seconds
[2025-12-29T14:50:43.614+0000] {processor.py:161} INFO - Started process (PID=4051) to work on /opt/airflow/dags/rugby_pipeline.py
[2025-12-29T14:50:43.618+0000] {processor.py:830} INFO - Processing file /opt/airflow/dags/rugby_pipeline.py for tasks to queue
[2025-12-29T14:50:43.621+0000] {logging_mixin.py:188} INFO - [2025-12-29T14:50:43.620+0000] {dagbag.py:538} INFO - Filling up the DagBag from /opt/airflow/dags/rugby_pipeline.py
[2025-12-29T14:50:43.686+0000] {processor.py:840} INFO - DAG(s) 'rugby_pipeline' retrieved from /opt/airflow/dags/rugby_pipeline.py
[2025-12-29T14:50:43.751+0000] {logging_mixin.py:188} INFO - [2025-12-29T14:50:43.751+0000] {dag.py:3036} INFO - Sync 1 DAGs
[2025-12-29T14:50:43.822+0000] {logging_mixin.py:188} INFO - [2025-12-29T14:50:43.822+0000] {dag.py:3823} INFO - Setting next_dagrun for rugby_pipeline to 2025-12-28 00:00:00+00:00, run_after=2025-12-29 00:00:00+00:00
[2025-12-29T14:50:43.913+0000] {processor.py:183} INFO - Processing /opt/airflow/dags/rugby_pipeline.py took 0.311 seconds
[2025-12-29T14:51:14.827+0000] {processor.py:161} INFO - Started process (PID=4071) to work on /opt/airflow/dags/rugby_pipeline.py
[2025-12-29T14:51:14.830+0000] {processor.py:830} INFO - Processing file /opt/airflow/dags/rugby_pipeline.py for tasks to queue
[2025-12-29T14:51:14.835+0000] {logging_mixin.py:188} INFO - [2025-12-29T14:51:14.832+0000] {dagbag.py:538} INFO - Filling up the DagBag from /opt/airflow/dags/rugby_pipeline.py
[2025-12-29T14:51:14.889+0000] {processor.py:840} INFO - DAG(s) 'rugby_pipeline' retrieved from /opt/airflow/dags/rugby_pipeline.py
[2025-12-29T14:51:14.943+0000] {logging_mixin.py:188} INFO - [2025-12-29T14:51:14.943+0000] {dag.py:3036} INFO - Sync 1 DAGs
[2025-12-29T14:51:15.034+0000] {logging_mixin.py:188} INFO - [2025-12-29T14:51:15.034+0000] {dag.py:3823} INFO - Setting next_dagrun for rugby_pipeline to 2025-12-28 00:00:00+00:00, run_after=2025-12-29 00:00:00+00:00
[2025-12-29T14:51:15.083+0000] {processor.py:183} INFO - Processing /opt/airflow/dags/rugby_pipeline.py took 0.264 seconds
[2025-12-29T14:51:45.438+0000] {processor.py:161} INFO - Started process (PID=4091) to work on /opt/airflow/dags/rugby_pipeline.py
[2025-12-29T14:51:45.442+0000] {processor.py:830} INFO - Processing file /opt/airflow/dags/rugby_pipeline.py for tasks to queue
[2025-12-29T14:51:45.444+0000] {logging_mixin.py:188} INFO - [2025-12-29T14:51:45.444+0000] {dagbag.py:538} INFO - Filling up the DagBag from /opt/airflow/dags/rugby_pipeline.py
[2025-12-29T14:51:45.508+0000] {processor.py:840} INFO - DAG(s) 'rugby_pipeline' retrieved from /opt/airflow/dags/rugby_pipeline.py
[2025-12-29T14:51:45.569+0000] {logging_mixin.py:188} INFO - [2025-12-29T14:51:45.568+0000] {dag.py:3036} INFO - Sync 1 DAGs
[2025-12-29T14:51:45.633+0000] {logging_mixin.py:188} INFO - [2025-12-29T14:51:45.632+0000] {dag.py:3823} INFO - Setting next_dagrun for rugby_pipeline to 2025-12-28 00:00:00+00:00, run_after=2025-12-29 00:00:00+00:00
[2025-12-29T14:51:45.727+0000] {processor.py:183} INFO - Processing /opt/airflow/dags/rugby_pipeline.py took 0.300 seconds
[2025-12-29T14:52:15.943+0000] {processor.py:161} INFO - Started process (PID=4111) to work on /opt/airflow/dags/rugby_pipeline.py
[2025-12-29T14:52:15.946+0000] {processor.py:830} INFO - Processing file /opt/airflow/dags/rugby_pipeline.py for tasks to queue
[2025-12-29T14:52:15.949+0000] {logging_mixin.py:188} INFO - [2025-12-29T14:52:15.948+0000] {dagbag.py:538} INFO - Filling up the DagBag from /opt/airflow/dags/rugby_pipeline.py
[2025-12-29T14:52:16.014+0000] {processor.py:840} INFO - DAG(s) 'rugby_pipeline' retrieved from /opt/airflow/dags/rugby_pipeline.py
[2025-12-29T14:52:16.094+0000] {logging_mixin.py:188} INFO - [2025-12-29T14:52:16.093+0000] {dag.py:3036} INFO - Sync 1 DAGs
[2025-12-29T14:52:16.171+0000] {logging_mixin.py:188} INFO - [2025-12-29T14:52:16.170+0000] {dag.py:3823} INFO - Setting next_dagrun for rugby_pipeline to 2025-12-28 00:00:00+00:00, run_after=2025-12-29 00:00:00+00:00
[2025-12-29T14:52:16.234+0000] {processor.py:183} INFO - Processing /opt/airflow/dags/rugby_pipeline.py took 0.300 seconds
[2025-12-29T14:52:46.480+0000] {processor.py:161} INFO - Started process (PID=4131) to work on /opt/airflow/dags/rugby_pipeline.py
[2025-12-29T14:52:46.484+0000] {processor.py:830} INFO - Processing file /opt/airflow/dags/rugby_pipeline.py for tasks to queue
[2025-12-29T14:52:46.487+0000] {logging_mixin.py:188} INFO - [2025-12-29T14:52:46.486+0000] {dagbag.py:538} INFO - Filling up the DagBag from /opt/airflow/dags/rugby_pipeline.py
[2025-12-29T14:52:46.542+0000] {processor.py:840} INFO - DAG(s) 'rugby_pipeline' retrieved from /opt/airflow/dags/rugby_pipeline.py
[2025-12-29T14:52:46.604+0000] {logging_mixin.py:188} INFO - [2025-12-29T14:52:46.604+0000] {dag.py:3036} INFO - Sync 1 DAGs
[2025-12-29T14:52:46.672+0000] {logging_mixin.py:188} INFO - [2025-12-29T14:52:46.671+0000] {dag.py:3823} INFO - Setting next_dagrun for rugby_pipeline to 2025-12-28 00:00:00+00:00, run_after=2025-12-29 00:00:00+00:00
[2025-12-29T14:52:46.729+0000] {processor.py:183} INFO - Processing /opt/airflow/dags/rugby_pipeline.py took 0.256 seconds
[2025-12-29T14:53:16.880+0000] {processor.py:161} INFO - Started process (PID=4151) to work on /opt/airflow/dags/rugby_pipeline.py
[2025-12-29T14:53:16.883+0000] {processor.py:830} INFO - Processing file /opt/airflow/dags/rugby_pipeline.py for tasks to queue
[2025-12-29T14:53:16.885+0000] {logging_mixin.py:188} INFO - [2025-12-29T14:53:16.885+0000] {dagbag.py:538} INFO - Filling up the DagBag from /opt/airflow/dags/rugby_pipeline.py
[2025-12-29T14:53:16.941+0000] {processor.py:840} INFO - DAG(s) 'rugby_pipeline' retrieved from /opt/airflow/dags/rugby_pipeline.py
[2025-12-29T14:53:17.001+0000] {logging_mixin.py:188} INFO - [2025-12-29T14:53:17.001+0000] {dag.py:3036} INFO - Sync 1 DAGs
[2025-12-29T14:53:17.066+0000] {logging_mixin.py:188} INFO - [2025-12-29T14:53:17.065+0000] {dag.py:3823} INFO - Setting next_dagrun for rugby_pipeline to 2025-12-28 00:00:00+00:00, run_after=2025-12-29 00:00:00+00:00
[2025-12-29T14:53:17.114+0000] {processor.py:183} INFO - Processing /opt/airflow/dags/rugby_pipeline.py took 0.241 seconds
[2025-12-29T14:53:47.445+0000] {processor.py:161} INFO - Started process (PID=4171) to work on /opt/airflow/dags/rugby_pipeline.py
[2025-12-29T14:53:47.449+0000] {processor.py:830} INFO - Processing file /opt/airflow/dags/rugby_pipeline.py for tasks to queue
[2025-12-29T14:53:47.453+0000] {logging_mixin.py:188} INFO - [2025-12-29T14:53:47.452+0000] {dagbag.py:538} INFO - Filling up the DagBag from /opt/airflow/dags/rugby_pipeline.py
[2025-12-29T14:53:47.525+0000] {processor.py:840} INFO - DAG(s) 'rugby_pipeline' retrieved from /opt/airflow/dags/rugby_pipeline.py
[2025-12-29T14:53:47.596+0000] {logging_mixin.py:188} INFO - [2025-12-29T14:53:47.595+0000] {dag.py:3036} INFO - Sync 1 DAGs
[2025-12-29T14:53:47.662+0000] {logging_mixin.py:188} INFO - [2025-12-29T14:53:47.662+0000] {dag.py:3823} INFO - Setting next_dagrun for rugby_pipeline to 2025-12-28 00:00:00+00:00, run_after=2025-12-29 00:00:00+00:00
[2025-12-29T14:53:47.715+0000] {processor.py:183} INFO - Processing /opt/airflow/dags/rugby_pipeline.py took 0.282 seconds
[2025-12-29T14:54:18.136+0000] {processor.py:161} INFO - Started process (PID=4191) to work on /opt/airflow/dags/rugby_pipeline.py
[2025-12-29T14:54:18.140+0000] {processor.py:830} INFO - Processing file /opt/airflow/dags/rugby_pipeline.py for tasks to queue
[2025-12-29T14:54:18.143+0000] {logging_mixin.py:188} INFO - [2025-12-29T14:54:18.142+0000] {dagbag.py:538} INFO - Filling up the DagBag from /opt/airflow/dags/rugby_pipeline.py
[2025-12-29T14:54:18.207+0000] {processor.py:840} INFO - DAG(s) 'rugby_pipeline' retrieved from /opt/airflow/dags/rugby_pipeline.py
[2025-12-29T14:54:18.265+0000] {logging_mixin.py:188} INFO - [2025-12-29T14:54:18.264+0000] {dag.py:3036} INFO - Sync 1 DAGs
[2025-12-29T14:54:18.325+0000] {logging_mixin.py:188} INFO - [2025-12-29T14:54:18.325+0000] {dag.py:3823} INFO - Setting next_dagrun for rugby_pipeline to 2025-12-28 00:00:00+00:00, run_after=2025-12-29 00:00:00+00:00
[2025-12-29T14:54:18.379+0000] {processor.py:183} INFO - Processing /opt/airflow/dags/rugby_pipeline.py took 0.252 seconds
[2025-12-29T14:54:49.322+0000] {processor.py:161} INFO - Started process (PID=4211) to work on /opt/airflow/dags/rugby_pipeline.py
[2025-12-29T14:54:49.326+0000] {processor.py:830} INFO - Processing file /opt/airflow/dags/rugby_pipeline.py for tasks to queue
[2025-12-29T14:54:49.329+0000] {logging_mixin.py:188} INFO - [2025-12-29T14:54:49.328+0000] {dagbag.py:538} INFO - Filling up the DagBag from /opt/airflow/dags/rugby_pipeline.py
[2025-12-29T14:54:49.411+0000] {processor.py:840} INFO - DAG(s) 'rugby_pipeline' retrieved from /opt/airflow/dags/rugby_pipeline.py
[2025-12-29T14:54:49.490+0000] {logging_mixin.py:188} INFO - [2025-12-29T14:54:49.489+0000] {dag.py:3036} INFO - Sync 1 DAGs
[2025-12-29T14:54:49.568+0000] {logging_mixin.py:188} INFO - [2025-12-29T14:54:49.567+0000] {dag.py:3823} INFO - Setting next_dagrun for rugby_pipeline to 2025-12-28 00:00:00+00:00, run_after=2025-12-29 00:00:00+00:00
[2025-12-29T14:54:49.629+0000] {processor.py:183} INFO - Processing /opt/airflow/dags/rugby_pipeline.py took 0.319 seconds
[2025-12-29T14:55:19.840+0000] {processor.py:161} INFO - Started process (PID=4231) to work on /opt/airflow/dags/rugby_pipeline.py
[2025-12-29T14:55:19.843+0000] {processor.py:830} INFO - Processing file /opt/airflow/dags/rugby_pipeline.py for tasks to queue
[2025-12-29T14:55:19.845+0000] {logging_mixin.py:188} INFO - [2025-12-29T14:55:19.844+0000] {dagbag.py:538} INFO - Filling up the DagBag from /opt/airflow/dags/rugby_pipeline.py
[2025-12-29T14:55:19.926+0000] {processor.py:840} INFO - DAG(s) 'rugby_pipeline' retrieved from /opt/airflow/dags/rugby_pipeline.py
[2025-12-29T14:55:19.993+0000] {logging_mixin.py:188} INFO - [2025-12-29T14:55:19.993+0000] {dag.py:3036} INFO - Sync 1 DAGs
[2025-12-29T14:55:20.051+0000] {logging_mixin.py:188} INFO - [2025-12-29T14:55:20.050+0000] {dag.py:3823} INFO - Setting next_dagrun for rugby_pipeline to 2025-12-28 00:00:00+00:00, run_after=2025-12-29 00:00:00+00:00
[2025-12-29T14:55:20.139+0000] {processor.py:183} INFO - Processing /opt/airflow/dags/rugby_pipeline.py took 0.308 seconds
[2025-12-29T14:55:51.471+0000] {processor.py:161} INFO - Started process (PID=4261) to work on /opt/airflow/dags/rugby_pipeline.py
[2025-12-29T14:55:51.474+0000] {processor.py:830} INFO - Processing file /opt/airflow/dags/rugby_pipeline.py for tasks to queue
[2025-12-29T14:55:51.477+0000] {logging_mixin.py:188} INFO - [2025-12-29T14:55:51.476+0000] {dagbag.py:538} INFO - Filling up the DagBag from /opt/airflow/dags/rugby_pipeline.py
[2025-12-29T14:55:51.542+0000] {processor.py:840} INFO - DAG(s) 'rugby_pipeline' retrieved from /opt/airflow/dags/rugby_pipeline.py
[2025-12-29T14:55:51.600+0000] {logging_mixin.py:188} INFO - [2025-12-29T14:55:51.599+0000] {dag.py:3036} INFO - Sync 1 DAGs
[2025-12-29T14:55:51.658+0000] {logging_mixin.py:188} INFO - [2025-12-29T14:55:51.658+0000] {dag.py:3823} INFO - Setting next_dagrun for rugby_pipeline to 2025-12-28 00:00:00+00:00, run_after=2025-12-29 00:00:00+00:00
[2025-12-29T14:55:51.724+0000] {processor.py:183} INFO - Processing /opt/airflow/dags/rugby_pipeline.py took 0.261 seconds
[2025-12-29T14:56:22.063+0000] {processor.py:161} INFO - Started process (PID=4281) to work on /opt/airflow/dags/rugby_pipeline.py
[2025-12-29T14:56:22.067+0000] {processor.py:830} INFO - Processing file /opt/airflow/dags/rugby_pipeline.py for tasks to queue
[2025-12-29T14:56:22.069+0000] {logging_mixin.py:188} INFO - [2025-12-29T14:56:22.068+0000] {dagbag.py:538} INFO - Filling up the DagBag from /opt/airflow/dags/rugby_pipeline.py
[2025-12-29T14:56:22.123+0000] {processor.py:840} INFO - DAG(s) 'rugby_pipeline' retrieved from /opt/airflow/dags/rugby_pipeline.py
[2025-12-29T14:56:22.172+0000] {logging_mixin.py:188} INFO - [2025-12-29T14:56:22.172+0000] {dag.py:3036} INFO - Sync 1 DAGs
[2025-12-29T14:56:22.219+0000] {logging_mixin.py:188} INFO - [2025-12-29T14:56:22.219+0000] {dag.py:3823} INFO - Setting next_dagrun for rugby_pipeline to 2025-12-28 00:00:00+00:00, run_after=2025-12-29 00:00:00+00:00
[2025-12-29T14:56:22.299+0000] {processor.py:183} INFO - Processing /opt/airflow/dags/rugby_pipeline.py took 0.244 seconds
[2025-12-29T14:56:52.555+0000] {processor.py:161} INFO - Started process (PID=4301) to work on /opt/airflow/dags/rugby_pipeline.py
[2025-12-29T14:56:52.557+0000] {processor.py:830} INFO - Processing file /opt/airflow/dags/rugby_pipeline.py for tasks to queue
[2025-12-29T14:56:52.560+0000] {logging_mixin.py:188} INFO - [2025-12-29T14:56:52.559+0000] {dagbag.py:538} INFO - Filling up the DagBag from /opt/airflow/dags/rugby_pipeline.py
[2025-12-29T14:56:52.610+0000] {processor.py:840} INFO - DAG(s) 'rugby_pipeline' retrieved from /opt/airflow/dags/rugby_pipeline.py
[2025-12-29T14:56:52.668+0000] {logging_mixin.py:188} INFO - [2025-12-29T14:56:52.668+0000] {dag.py:3036} INFO - Sync 1 DAGs
[2025-12-29T14:56:52.730+0000] {logging_mixin.py:188} INFO - [2025-12-29T14:56:52.729+0000] {dag.py:3823} INFO - Setting next_dagrun for rugby_pipeline to 2025-12-28 00:00:00+00:00, run_after=2025-12-29 00:00:00+00:00
[2025-12-29T14:56:52.813+0000] {processor.py:183} INFO - Processing /opt/airflow/dags/rugby_pipeline.py took 0.266 seconds
[2025-12-29T14:57:23.094+0000] {processor.py:161} INFO - Started process (PID=4321) to work on /opt/airflow/dags/rugby_pipeline.py
[2025-12-29T14:57:23.097+0000] {processor.py:830} INFO - Processing file /opt/airflow/dags/rugby_pipeline.py for tasks to queue
[2025-12-29T14:57:23.099+0000] {logging_mixin.py:188} INFO - [2025-12-29T14:57:23.098+0000] {dagbag.py:538} INFO - Filling up the DagBag from /opt/airflow/dags/rugby_pipeline.py
[2025-12-29T14:57:23.156+0000] {processor.py:840} INFO - DAG(s) 'rugby_pipeline' retrieved from /opt/airflow/dags/rugby_pipeline.py
[2025-12-29T14:57:23.214+0000] {logging_mixin.py:188} INFO - [2025-12-29T14:57:23.214+0000] {dag.py:3036} INFO - Sync 1 DAGs
[2025-12-29T14:57:23.263+0000] {logging_mixin.py:188} INFO - [2025-12-29T14:57:23.263+0000] {dag.py:3823} INFO - Setting next_dagrun for rugby_pipeline to 2025-12-28 00:00:00+00:00, run_after=2025-12-29 00:00:00+00:00
[2025-12-29T14:57:23.345+0000] {processor.py:183} INFO - Processing /opt/airflow/dags/rugby_pipeline.py took 0.259 seconds
[2025-12-29T14:57:53.593+0000] {processor.py:161} INFO - Started process (PID=4341) to work on /opt/airflow/dags/rugby_pipeline.py
[2025-12-29T14:57:53.597+0000] {processor.py:830} INFO - Processing file /opt/airflow/dags/rugby_pipeline.py for tasks to queue
[2025-12-29T14:57:53.600+0000] {logging_mixin.py:188} INFO - [2025-12-29T14:57:53.599+0000] {dagbag.py:538} INFO - Filling up the DagBag from /opt/airflow/dags/rugby_pipeline.py
[2025-12-29T14:57:53.660+0000] {processor.py:840} INFO - DAG(s) 'rugby_pipeline' retrieved from /opt/airflow/dags/rugby_pipeline.py
[2025-12-29T14:57:53.733+0000] {logging_mixin.py:188} INFO - [2025-12-29T14:57:53.732+0000] {dag.py:3036} INFO - Sync 1 DAGs
[2025-12-29T14:57:53.800+0000] {logging_mixin.py:188} INFO - [2025-12-29T14:57:53.799+0000] {dag.py:3823} INFO - Setting next_dagrun for rugby_pipeline to 2025-12-28 00:00:00+00:00, run_after=2025-12-29 00:00:00+00:00
[2025-12-29T14:57:53.850+0000] {processor.py:183} INFO - Processing /opt/airflow/dags/rugby_pipeline.py took 0.267 seconds
[2025-12-29T14:58:24.200+0000] {processor.py:161} INFO - Started process (PID=4361) to work on /opt/airflow/dags/rugby_pipeline.py
[2025-12-29T14:58:24.203+0000] {processor.py:830} INFO - Processing file /opt/airflow/dags/rugby_pipeline.py for tasks to queue
[2025-12-29T14:58:24.205+0000] {logging_mixin.py:188} INFO - [2025-12-29T14:58:24.204+0000] {dagbag.py:538} INFO - Filling up the DagBag from /opt/airflow/dags/rugby_pipeline.py
[2025-12-29T14:58:24.256+0000] {processor.py:840} INFO - DAG(s) 'rugby_pipeline' retrieved from /opt/airflow/dags/rugby_pipeline.py
[2025-12-29T14:58:24.310+0000] {logging_mixin.py:188} INFO - [2025-12-29T14:58:24.310+0000] {dag.py:3036} INFO - Sync 1 DAGs
[2025-12-29T14:58:24.373+0000] {logging_mixin.py:188} INFO - [2025-12-29T14:58:24.372+0000] {dag.py:3823} INFO - Setting next_dagrun for rugby_pipeline to 2025-12-28 00:00:00+00:00, run_after=2025-12-29 00:00:00+00:00
[2025-12-29T14:58:24.422+0000] {processor.py:183} INFO - Processing /opt/airflow/dags/rugby_pipeline.py took 0.230 seconds
[2025-12-29T14:58:55.159+0000] {processor.py:161} INFO - Started process (PID=4381) to work on /opt/airflow/dags/rugby_pipeline.py
[2025-12-29T14:58:55.161+0000] {processor.py:830} INFO - Processing file /opt/airflow/dags/rugby_pipeline.py for tasks to queue
[2025-12-29T14:58:55.164+0000] {logging_mixin.py:188} INFO - [2025-12-29T14:58:55.163+0000] {dagbag.py:538} INFO - Filling up the DagBag from /opt/airflow/dags/rugby_pipeline.py
[2025-12-29T14:58:55.218+0000] {processor.py:840} INFO - DAG(s) 'rugby_pipeline' retrieved from /opt/airflow/dags/rugby_pipeline.py
[2025-12-29T14:58:55.266+0000] {logging_mixin.py:188} INFO - [2025-12-29T14:58:55.265+0000] {dag.py:3036} INFO - Sync 1 DAGs
[2025-12-29T14:58:55.314+0000] {logging_mixin.py:188} INFO - [2025-12-29T14:58:55.313+0000] {dag.py:3823} INFO - Setting next_dagrun for rugby_pipeline to 2025-12-28 00:00:00+00:00, run_after=2025-12-29 00:00:00+00:00
[2025-12-29T14:58:55.395+0000] {processor.py:183} INFO - Processing /opt/airflow/dags/rugby_pipeline.py took 0.244 seconds
[2025-12-29T14:59:25.659+0000] {processor.py:161} INFO - Started process (PID=4401) to work on /opt/airflow/dags/rugby_pipeline.py
[2025-12-29T14:59:25.662+0000] {processor.py:830} INFO - Processing file /opt/airflow/dags/rugby_pipeline.py for tasks to queue
[2025-12-29T14:59:25.664+0000] {logging_mixin.py:188} INFO - [2025-12-29T14:59:25.663+0000] {dagbag.py:538} INFO - Filling up the DagBag from /opt/airflow/dags/rugby_pipeline.py
[2025-12-29T14:59:25.720+0000] {processor.py:840} INFO - DAG(s) 'rugby_pipeline' retrieved from /opt/airflow/dags/rugby_pipeline.py
[2025-12-29T14:59:25.774+0000] {logging_mixin.py:188} INFO - [2025-12-29T14:59:25.773+0000] {dag.py:3036} INFO - Sync 1 DAGs
[2025-12-29T14:59:25.821+0000] {logging_mixin.py:188} INFO - [2025-12-29T14:59:25.821+0000] {dag.py:3823} INFO - Setting next_dagrun for rugby_pipeline to 2025-12-28 00:00:00+00:00, run_after=2025-12-29 00:00:00+00:00
[2025-12-29T14:59:25.908+0000] {processor.py:183} INFO - Processing /opt/airflow/dags/rugby_pipeline.py took 0.258 seconds
[2025-12-29T14:59:56.146+0000] {processor.py:161} INFO - Started process (PID=4419) to work on /opt/airflow/dags/rugby_pipeline.py
[2025-12-29T14:59:56.149+0000] {processor.py:830} INFO - Processing file /opt/airflow/dags/rugby_pipeline.py for tasks to queue
[2025-12-29T14:59:56.152+0000] {logging_mixin.py:188} INFO - [2025-12-29T14:59:56.151+0000] {dagbag.py:538} INFO - Filling up the DagBag from /opt/airflow/dags/rugby_pipeline.py
[2025-12-29T14:59:56.214+0000] {processor.py:840} INFO - DAG(s) 'rugby_pipeline' retrieved from /opt/airflow/dags/rugby_pipeline.py
[2025-12-29T14:59:56.270+0000] {logging_mixin.py:188} INFO - [2025-12-29T14:59:56.270+0000] {dag.py:3036} INFO - Sync 1 DAGs
[2025-12-29T14:59:56.331+0000] {logging_mixin.py:188} INFO - [2025-12-29T14:59:56.331+0000] {dag.py:3823} INFO - Setting next_dagrun for rugby_pipeline to 2025-12-28 00:00:00+00:00, run_after=2025-12-29 00:00:00+00:00
[2025-12-29T14:59:56.421+0000] {processor.py:183} INFO - Processing /opt/airflow/dags/rugby_pipeline.py took 0.287 seconds
[2025-12-29T15:00:26.624+0000] {processor.py:161} INFO - Started process (PID=4439) to work on /opt/airflow/dags/rugby_pipeline.py
[2025-12-29T15:00:26.628+0000] {processor.py:830} INFO - Processing file /opt/airflow/dags/rugby_pipeline.py for tasks to queue
[2025-12-29T15:00:26.631+0000] {logging_mixin.py:188} INFO - [2025-12-29T15:00:26.630+0000] {dagbag.py:538} INFO - Filling up the DagBag from /opt/airflow/dags/rugby_pipeline.py
[2025-12-29T15:00:26.696+0000] {processor.py:840} INFO - DAG(s) 'rugby_pipeline' retrieved from /opt/airflow/dags/rugby_pipeline.py
[2025-12-29T15:00:26.761+0000] {logging_mixin.py:188} INFO - [2025-12-29T15:00:26.760+0000] {dag.py:3036} INFO - Sync 1 DAGs
[2025-12-29T15:00:26.824+0000] {logging_mixin.py:188} INFO - [2025-12-29T15:00:26.823+0000] {dag.py:3823} INFO - Setting next_dagrun for rugby_pipeline to 2025-12-28 00:00:00+00:00, run_after=2025-12-29 00:00:00+00:00
[2025-12-29T15:00:26.880+0000] {processor.py:183} INFO - Processing /opt/airflow/dags/rugby_pipeline.py took 0.268 seconds
[2025-12-29T15:00:57.826+0000] {processor.py:161} INFO - Started process (PID=4461) to work on /opt/airflow/dags/rugby_pipeline.py
[2025-12-29T15:00:57.829+0000] {processor.py:830} INFO - Processing file /opt/airflow/dags/rugby_pipeline.py for tasks to queue
[2025-12-29T15:00:57.832+0000] {logging_mixin.py:188} INFO - [2025-12-29T15:00:57.831+0000] {dagbag.py:538} INFO - Filling up the DagBag from /opt/airflow/dags/rugby_pipeline.py
[2025-12-29T15:00:57.896+0000] {processor.py:840} INFO - DAG(s) 'rugby_pipeline' retrieved from /opt/airflow/dags/rugby_pipeline.py
[2025-12-29T15:00:57.955+0000] {logging_mixin.py:188} INFO - [2025-12-29T15:00:57.954+0000] {dag.py:3036} INFO - Sync 1 DAGs
[2025-12-29T15:00:58.033+0000] {logging_mixin.py:188} INFO - [2025-12-29T15:00:58.032+0000] {dag.py:3823} INFO - Setting next_dagrun for rugby_pipeline to 2025-12-28 00:00:00+00:00, run_after=2025-12-29 00:00:00+00:00
[2025-12-29T15:00:58.122+0000] {processor.py:183} INFO - Processing /opt/airflow/dags/rugby_pipeline.py took 0.305 seconds
[2025-12-29T15:01:28.300+0000] {processor.py:161} INFO - Started process (PID=4481) to work on /opt/airflow/dags/rugby_pipeline.py
[2025-12-29T15:01:28.304+0000] {processor.py:830} INFO - Processing file /opt/airflow/dags/rugby_pipeline.py for tasks to queue
[2025-12-29T15:01:28.306+0000] {logging_mixin.py:188} INFO - [2025-12-29T15:01:28.305+0000] {dagbag.py:538} INFO - Filling up the DagBag from /opt/airflow/dags/rugby_pipeline.py
[2025-12-29T15:01:28.368+0000] {processor.py:840} INFO - DAG(s) 'rugby_pipeline' retrieved from /opt/airflow/dags/rugby_pipeline.py
[2025-12-29T15:01:28.427+0000] {logging_mixin.py:188} INFO - [2025-12-29T15:01:28.426+0000] {dag.py:3036} INFO - Sync 1 DAGs
[2025-12-29T15:01:28.488+0000] {logging_mixin.py:188} INFO - [2025-12-29T15:01:28.487+0000] {dag.py:3823} INFO - Setting next_dagrun for rugby_pipeline to 2025-12-28 00:00:00+00:00, run_after=2025-12-29 00:00:00+00:00
[2025-12-29T15:01:28.536+0000] {processor.py:183} INFO - Processing /opt/airflow/dags/rugby_pipeline.py took 0.244 seconds
[2025-12-29T15:01:58.757+0000] {processor.py:161} INFO - Started process (PID=4499) to work on /opt/airflow/dags/rugby_pipeline.py
[2025-12-29T15:01:58.760+0000] {processor.py:830} INFO - Processing file /opt/airflow/dags/rugby_pipeline.py for tasks to queue
[2025-12-29T15:01:58.762+0000] {logging_mixin.py:188} INFO - [2025-12-29T15:01:58.761+0000] {dagbag.py:538} INFO - Filling up the DagBag from /opt/airflow/dags/rugby_pipeline.py
[2025-12-29T15:01:58.830+0000] {processor.py:840} INFO - DAG(s) 'rugby_pipeline' retrieved from /opt/airflow/dags/rugby_pipeline.py
[2025-12-29T15:01:58.891+0000] {logging_mixin.py:188} INFO - [2025-12-29T15:01:58.891+0000] {dag.py:3036} INFO - Sync 1 DAGs
[2025-12-29T15:01:58.947+0000] {logging_mixin.py:188} INFO - [2025-12-29T15:01:58.946+0000] {dag.py:3823} INFO - Setting next_dagrun for rugby_pipeline to 2025-12-28 00:00:00+00:00, run_after=2025-12-29 00:00:00+00:00
[2025-12-29T15:01:59.031+0000] {processor.py:183} INFO - Processing /opt/airflow/dags/rugby_pipeline.py took 0.283 seconds
[2025-12-29T15:02:29.260+0000] {processor.py:161} INFO - Started process (PID=4519) to work on /opt/airflow/dags/rugby_pipeline.py
[2025-12-29T15:02:29.263+0000] {processor.py:830} INFO - Processing file /opt/airflow/dags/rugby_pipeline.py for tasks to queue
[2025-12-29T15:02:29.266+0000] {logging_mixin.py:188} INFO - [2025-12-29T15:02:29.265+0000] {dagbag.py:538} INFO - Filling up the DagBag from /opt/airflow/dags/rugby_pipeline.py
[2025-12-29T15:02:29.325+0000] {processor.py:840} INFO - DAG(s) 'rugby_pipeline' retrieved from /opt/airflow/dags/rugby_pipeline.py
[2025-12-29T15:02:29.400+0000] {logging_mixin.py:188} INFO - [2025-12-29T15:02:29.399+0000] {dag.py:3036} INFO - Sync 1 DAGs
[2025-12-29T15:02:29.463+0000] {logging_mixin.py:188} INFO - [2025-12-29T15:02:29.463+0000] {dag.py:3823} INFO - Setting next_dagrun for rugby_pipeline to 2025-12-28 00:00:00+00:00, run_after=2025-12-29 00:00:00+00:00
[2025-12-29T15:02:29.525+0000] {processor.py:183} INFO - Processing /opt/airflow/dags/rugby_pipeline.py took 0.274 seconds
[2025-12-29T15:03:00.405+0000] {processor.py:161} INFO - Started process (PID=4541) to work on /opt/airflow/dags/rugby_pipeline.py
[2025-12-29T15:03:00.408+0000] {processor.py:830} INFO - Processing file /opt/airflow/dags/rugby_pipeline.py for tasks to queue
[2025-12-29T15:03:00.411+0000] {logging_mixin.py:188} INFO - [2025-12-29T15:03:00.410+0000] {dagbag.py:538} INFO - Filling up the DagBag from /opt/airflow/dags/rugby_pipeline.py
[2025-12-29T15:03:00.476+0000] {processor.py:840} INFO - DAG(s) 'rugby_pipeline' retrieved from /opt/airflow/dags/rugby_pipeline.py
[2025-12-29T15:03:00.533+0000] {logging_mixin.py:188} INFO - [2025-12-29T15:03:00.532+0000] {dag.py:3036} INFO - Sync 1 DAGs
[2025-12-29T15:03:00.592+0000] {logging_mixin.py:188} INFO - [2025-12-29T15:03:00.591+0000] {dag.py:3823} INFO - Setting next_dagrun for rugby_pipeline to 2025-12-28 00:00:00+00:00, run_after=2025-12-29 00:00:00+00:00
[2025-12-29T15:03:00.678+0000] {processor.py:183} INFO - Processing /opt/airflow/dags/rugby_pipeline.py took 0.281 seconds
[2025-12-29T15:03:30.879+0000] {processor.py:161} INFO - Started process (PID=4561) to work on /opt/airflow/dags/rugby_pipeline.py
[2025-12-29T15:03:30.882+0000] {processor.py:830} INFO - Processing file /opt/airflow/dags/rugby_pipeline.py for tasks to queue
[2025-12-29T15:03:30.884+0000] {logging_mixin.py:188} INFO - [2025-12-29T15:03:30.884+0000] {dagbag.py:538} INFO - Filling up the DagBag from /opt/airflow/dags/rugby_pipeline.py
[2025-12-29T15:03:30.945+0000] {processor.py:840} INFO - DAG(s) 'rugby_pipeline' retrieved from /opt/airflow/dags/rugby_pipeline.py
[2025-12-29T15:03:30.996+0000] {logging_mixin.py:188} INFO - [2025-12-29T15:03:30.995+0000] {dag.py:3036} INFO - Sync 1 DAGs
[2025-12-29T15:03:31.043+0000] {logging_mixin.py:188} INFO - [2025-12-29T15:03:31.043+0000] {dag.py:3823} INFO - Setting next_dagrun for rugby_pipeline to 2025-12-28 00:00:00+00:00, run_after=2025-12-29 00:00:00+00:00
[2025-12-29T15:03:31.118+0000] {processor.py:183} INFO - Processing /opt/airflow/dags/rugby_pipeline.py took 0.247 seconds
[2025-12-29T15:04:01.298+0000] {processor.py:161} INFO - Started process (PID=4579) to work on /opt/airflow/dags/rugby_pipeline.py
[2025-12-29T15:04:01.301+0000] {processor.py:830} INFO - Processing file /opt/airflow/dags/rugby_pipeline.py for tasks to queue
[2025-12-29T15:04:01.303+0000] {logging_mixin.py:188} INFO - [2025-12-29T15:04:01.303+0000] {dagbag.py:538} INFO - Filling up the DagBag from /opt/airflow/dags/rugby_pipeline.py
[2025-12-29T15:04:01.359+0000] {processor.py:840} INFO - DAG(s) 'rugby_pipeline' retrieved from /opt/airflow/dags/rugby_pipeline.py
[2025-12-29T15:04:01.421+0000] {logging_mixin.py:188} INFO - [2025-12-29T15:04:01.420+0000] {dag.py:3036} INFO - Sync 1 DAGs
[2025-12-29T15:04:01.475+0000] {logging_mixin.py:188} INFO - [2025-12-29T15:04:01.474+0000] {dag.py:3823} INFO - Setting next_dagrun for rugby_pipeline to 2025-12-28 00:00:00+00:00, run_after=2025-12-29 00:00:00+00:00
[2025-12-29T15:04:01.562+0000] {processor.py:183} INFO - Processing /opt/airflow/dags/rugby_pipeline.py took 0.273 seconds
[2025-12-29T15:04:31.812+0000] {processor.py:161} INFO - Started process (PID=4599) to work on /opt/airflow/dags/rugby_pipeline.py
[2025-12-29T15:04:31.815+0000] {processor.py:830} INFO - Processing file /opt/airflow/dags/rugby_pipeline.py for tasks to queue
[2025-12-29T15:04:31.818+0000] {logging_mixin.py:188} INFO - [2025-12-29T15:04:31.818+0000] {dagbag.py:538} INFO - Filling up the DagBag from /opt/airflow/dags/rugby_pipeline.py
[2025-12-29T15:04:31.875+0000] {processor.py:840} INFO - DAG(s) 'rugby_pipeline' retrieved from /opt/airflow/dags/rugby_pipeline.py
[2025-12-29T15:04:31.944+0000] {logging_mixin.py:188} INFO - [2025-12-29T15:04:31.943+0000] {dag.py:3036} INFO - Sync 1 DAGs
[2025-12-29T15:04:31.998+0000] {logging_mixin.py:188} INFO - [2025-12-29T15:04:31.997+0000] {dag.py:3823} INFO - Setting next_dagrun for rugby_pipeline to 2025-12-28 00:00:00+00:00, run_after=2025-12-29 00:00:00+00:00
[2025-12-29T15:04:32.064+0000] {processor.py:183} INFO - Processing /opt/airflow/dags/rugby_pipeline.py took 0.260 seconds
[2025-12-29T15:05:02.911+0000] {processor.py:161} INFO - Started process (PID=4621) to work on /opt/airflow/dags/rugby_pipeline.py
[2025-12-29T15:05:02.914+0000] {processor.py:830} INFO - Processing file /opt/airflow/dags/rugby_pipeline.py for tasks to queue
[2025-12-29T15:05:02.916+0000] {logging_mixin.py:188} INFO - [2025-12-29T15:05:02.915+0000] {dagbag.py:538} INFO - Filling up the DagBag from /opt/airflow/dags/rugby_pipeline.py
[2025-12-29T15:05:02.972+0000] {processor.py:840} INFO - DAG(s) 'rugby_pipeline' retrieved from /opt/airflow/dags/rugby_pipeline.py
[2025-12-29T15:05:03.020+0000] {logging_mixin.py:188} INFO - [2025-12-29T15:05:03.019+0000] {dag.py:3036} INFO - Sync 1 DAGs
[2025-12-29T15:05:03.075+0000] {logging_mixin.py:188} INFO - [2025-12-29T15:05:03.074+0000] {dag.py:3823} INFO - Setting next_dagrun for rugby_pipeline to 2025-12-28 00:00:00+00:00, run_after=2025-12-29 00:00:00+00:00
[2025-12-29T15:05:03.176+0000] {processor.py:183} INFO - Processing /opt/airflow/dags/rugby_pipeline.py took 0.272 seconds
[2025-12-29T15:05:33.314+0000] {processor.py:161} INFO - Started process (PID=4639) to work on /opt/airflow/dags/rugby_pipeline.py
[2025-12-29T15:05:33.317+0000] {processor.py:830} INFO - Processing file /opt/airflow/dags/rugby_pipeline.py for tasks to queue
[2025-12-29T15:05:33.319+0000] {logging_mixin.py:188} INFO - [2025-12-29T15:05:33.319+0000] {dagbag.py:538} INFO - Filling up the DagBag from /opt/airflow/dags/rugby_pipeline.py
[2025-12-29T15:05:33.388+0000] {processor.py:840} INFO - DAG(s) 'rugby_pipeline' retrieved from /opt/airflow/dags/rugby_pipeline.py
[2025-12-29T15:05:33.448+0000] {logging_mixin.py:188} INFO - [2025-12-29T15:05:33.447+0000] {dag.py:3036} INFO - Sync 1 DAGs
[2025-12-29T15:05:33.509+0000] {logging_mixin.py:188} INFO - [2025-12-29T15:05:33.508+0000] {dag.py:3823} INFO - Setting next_dagrun for rugby_pipeline to 2025-12-28 00:00:00+00:00, run_after=2025-12-29 00:00:00+00:00
[2025-12-29T15:05:33.592+0000] {processor.py:183} INFO - Processing /opt/airflow/dags/rugby_pipeline.py took 0.285 seconds
[2025-12-29T15:06:03.769+0000] {processor.py:161} INFO - Started process (PID=4659) to work on /opt/airflow/dags/rugby_pipeline.py
[2025-12-29T15:06:03.772+0000] {processor.py:830} INFO - Processing file /opt/airflow/dags/rugby_pipeline.py for tasks to queue
[2025-12-29T15:06:03.774+0000] {logging_mixin.py:188} INFO - [2025-12-29T15:06:03.774+0000] {dagbag.py:538} INFO - Filling up the DagBag from /opt/airflow/dags/rugby_pipeline.py
[2025-12-29T15:06:03.827+0000] {processor.py:840} INFO - DAG(s) 'rugby_pipeline' retrieved from /opt/airflow/dags/rugby_pipeline.py
[2025-12-29T15:06:03.900+0000] {logging_mixin.py:188} INFO - [2025-12-29T15:06:03.900+0000] {dag.py:3036} INFO - Sync 1 DAGs
[2025-12-29T15:06:03.961+0000] {logging_mixin.py:188} INFO - [2025-12-29T15:06:03.961+0000] {dag.py:3823} INFO - Setting next_dagrun for rugby_pipeline to 2025-12-28 00:00:00+00:00, run_after=2025-12-29 00:00:00+00:00
[2025-12-29T15:06:04.040+0000] {processor.py:183} INFO - Processing /opt/airflow/dags/rugby_pipeline.py took 0.280 seconds
[2025-12-29T15:06:34.962+0000] {processor.py:161} INFO - Started process (PID=4681) to work on /opt/airflow/dags/rugby_pipeline.py
[2025-12-29T15:06:34.966+0000] {processor.py:830} INFO - Processing file /opt/airflow/dags/rugby_pipeline.py for tasks to queue
[2025-12-29T15:06:34.969+0000] {logging_mixin.py:188} INFO - [2025-12-29T15:06:34.968+0000] {dagbag.py:538} INFO - Filling up the DagBag from /opt/airflow/dags/rugby_pipeline.py
[2025-12-29T15:06:35.034+0000] {processor.py:840} INFO - DAG(s) 'rugby_pipeline' retrieved from /opt/airflow/dags/rugby_pipeline.py
[2025-12-29T15:06:35.090+0000] {logging_mixin.py:188} INFO - [2025-12-29T15:06:35.090+0000] {dag.py:3036} INFO - Sync 1 DAGs
[2025-12-29T15:06:35.148+0000] {logging_mixin.py:188} INFO - [2025-12-29T15:06:35.147+0000] {dag.py:3823} INFO - Setting next_dagrun for rugby_pipeline to 2025-12-28 00:00:00+00:00, run_after=2025-12-29 00:00:00+00:00
[2025-12-29T15:06:35.199+0000] {processor.py:183} INFO - Processing /opt/airflow/dags/rugby_pipeline.py took 0.245 seconds
[2025-12-29T15:07:05.446+0000] {processor.py:161} INFO - Started process (PID=4701) to work on /opt/airflow/dags/rugby_pipeline.py
[2025-12-29T15:07:05.450+0000] {processor.py:830} INFO - Processing file /opt/airflow/dags/rugby_pipeline.py for tasks to queue
[2025-12-29T15:07:05.452+0000] {logging_mixin.py:188} INFO - [2025-12-29T15:07:05.452+0000] {dagbag.py:538} INFO - Filling up the DagBag from /opt/airflow/dags/rugby_pipeline.py
[2025-12-29T15:07:05.514+0000] {processor.py:840} INFO - DAG(s) 'rugby_pipeline' retrieved from /opt/airflow/dags/rugby_pipeline.py
[2025-12-29T15:07:05.573+0000] {logging_mixin.py:188} INFO - [2025-12-29T15:07:05.572+0000] {dag.py:3036} INFO - Sync 1 DAGs
[2025-12-29T15:07:05.631+0000] {logging_mixin.py:188} INFO - [2025-12-29T15:07:05.630+0000] {dag.py:3823} INFO - Setting next_dagrun for rugby_pipeline to 2025-12-28 00:00:00+00:00, run_after=2025-12-29 00:00:00+00:00
[2025-12-29T15:07:05.719+0000] {processor.py:183} INFO - Processing /opt/airflow/dags/rugby_pipeline.py took 0.281 seconds
[2025-12-29T15:07:35.939+0000] {processor.py:161} INFO - Started process (PID=4721) to work on /opt/airflow/dags/rugby_pipeline.py
[2025-12-29T15:07:35.943+0000] {processor.py:830} INFO - Processing file /opt/airflow/dags/rugby_pipeline.py for tasks to queue
[2025-12-29T15:07:35.945+0000] {logging_mixin.py:188} INFO - [2025-12-29T15:07:35.945+0000] {dagbag.py:538} INFO - Filling up the DagBag from /opt/airflow/dags/rugby_pipeline.py
[2025-12-29T15:07:36.005+0000] {processor.py:840} INFO - DAG(s) 'rugby_pipeline' retrieved from /opt/airflow/dags/rugby_pipeline.py
[2025-12-29T15:07:36.060+0000] {logging_mixin.py:188} INFO - [2025-12-29T15:07:36.060+0000] {dag.py:3036} INFO - Sync 1 DAGs
[2025-12-29T15:07:36.118+0000] {logging_mixin.py:188} INFO - [2025-12-29T15:07:36.117+0000] {dag.py:3823} INFO - Setting next_dagrun for rugby_pipeline to 2025-12-28 00:00:00+00:00, run_after=2025-12-29 00:00:00+00:00
[2025-12-29T15:07:36.208+0000] {processor.py:183} INFO - Processing /opt/airflow/dags/rugby_pipeline.py took 0.281 seconds
[2025-12-29T15:08:06.423+0000] {processor.py:161} INFO - Started process (PID=4741) to work on /opt/airflow/dags/rugby_pipeline.py
[2025-12-29T15:08:06.426+0000] {processor.py:830} INFO - Processing file /opt/airflow/dags/rugby_pipeline.py for tasks to queue
[2025-12-29T15:08:06.428+0000] {logging_mixin.py:188} INFO - [2025-12-29T15:08:06.428+0000] {dagbag.py:538} INFO - Filling up the DagBag from /opt/airflow/dags/rugby_pipeline.py
[2025-12-29T15:08:06.495+0000] {processor.py:840} INFO - DAG(s) 'rugby_pipeline' retrieved from /opt/airflow/dags/rugby_pipeline.py
[2025-12-29T15:08:06.552+0000] {logging_mixin.py:188} INFO - [2025-12-29T15:08:06.551+0000] {dag.py:3036} INFO - Sync 1 DAGs
[2025-12-29T15:08:06.606+0000] {logging_mixin.py:188} INFO - [2025-12-29T15:08:06.606+0000] {dag.py:3823} INFO - Setting next_dagrun for rugby_pipeline to 2025-12-28 00:00:00+00:00, run_after=2025-12-29 00:00:00+00:00
[2025-12-29T15:08:06.687+0000] {processor.py:183} INFO - Processing /opt/airflow/dags/rugby_pipeline.py took 0.273 seconds
[2025-12-29T15:08:36.861+0000] {processor.py:161} INFO - Started process (PID=4759) to work on /opt/airflow/dags/rugby_pipeline.py
[2025-12-29T15:08:36.864+0000] {processor.py:830} INFO - Processing file /opt/airflow/dags/rugby_pipeline.py for tasks to queue
[2025-12-29T15:08:36.871+0000] {logging_mixin.py:188} INFO - [2025-12-29T15:08:36.870+0000] {dagbag.py:538} INFO - Filling up the DagBag from /opt/airflow/dags/rugby_pipeline.py
[2025-12-29T15:08:36.932+0000] {processor.py:840} INFO - DAG(s) 'rugby_pipeline' retrieved from /opt/airflow/dags/rugby_pipeline.py
[2025-12-29T15:08:36.990+0000] {logging_mixin.py:188} INFO - [2025-12-29T15:08:36.989+0000] {dag.py:3036} INFO - Sync 1 DAGs
[2025-12-29T15:08:37.049+0000] {logging_mixin.py:188} INFO - [2025-12-29T15:08:37.048+0000] {dag.py:3823} INFO - Setting next_dagrun for rugby_pipeline to 2025-12-28 00:00:00+00:00, run_after=2025-12-29 00:00:00+00:00
[2025-12-29T15:08:37.096+0000] {processor.py:183} INFO - Processing /opt/airflow/dags/rugby_pipeline.py took 0.243 seconds
[2025-12-29T15:09:07.371+0000] {processor.py:161} INFO - Started process (PID=4779) to work on /opt/airflow/dags/rugby_pipeline.py
[2025-12-29T15:09:07.375+0000] {processor.py:830} INFO - Processing file /opt/airflow/dags/rugby_pipeline.py for tasks to queue
[2025-12-29T15:09:07.377+0000] {logging_mixin.py:188} INFO - [2025-12-29T15:09:07.377+0000] {dagbag.py:538} INFO - Filling up the DagBag from /opt/airflow/dags/rugby_pipeline.py
[2025-12-29T15:09:07.444+0000] {processor.py:840} INFO - DAG(s) 'rugby_pipeline' retrieved from /opt/airflow/dags/rugby_pipeline.py
[2025-12-29T15:09:07.508+0000] {logging_mixin.py:188} INFO - [2025-12-29T15:09:07.507+0000] {dag.py:3036} INFO - Sync 1 DAGs
[2025-12-29T15:09:07.573+0000] {logging_mixin.py:188} INFO - [2025-12-29T15:09:07.572+0000] {dag.py:3823} INFO - Setting next_dagrun for rugby_pipeline to 2025-12-28 00:00:00+00:00, run_after=2025-12-29 00:00:00+00:00
[2025-12-29T15:09:07.630+0000] {processor.py:183} INFO - Processing /opt/airflow/dags/rugby_pipeline.py took 0.270 seconds
[2025-12-29T15:09:38.514+0000] {processor.py:161} INFO - Started process (PID=4799) to work on /opt/airflow/dags/rugby_pipeline.py
[2025-12-29T15:09:38.517+0000] {processor.py:830} INFO - Processing file /opt/airflow/dags/rugby_pipeline.py for tasks to queue
[2025-12-29T15:09:38.520+0000] {logging_mixin.py:188} INFO - [2025-12-29T15:09:38.519+0000] {dagbag.py:538} INFO - Filling up the DagBag from /opt/airflow/dags/rugby_pipeline.py
[2025-12-29T15:09:38.580+0000] {processor.py:840} INFO - DAG(s) 'rugby_pipeline' retrieved from /opt/airflow/dags/rugby_pipeline.py
[2025-12-29T15:09:38.650+0000] {logging_mixin.py:188} INFO - [2025-12-29T15:09:38.649+0000] {dag.py:3036} INFO - Sync 1 DAGs
[2025-12-29T15:09:38.714+0000] {logging_mixin.py:188} INFO - [2025-12-29T15:09:38.713+0000] {dag.py:3823} INFO - Setting next_dagrun for rugby_pipeline to 2025-12-28 00:00:00+00:00, run_after=2025-12-29 00:00:00+00:00
[2025-12-29T15:09:38.778+0000] {processor.py:183} INFO - Processing /opt/airflow/dags/rugby_pipeline.py took 0.276 seconds
[2025-12-29T15:10:09.289+0000] {processor.py:161} INFO - Started process (PID=4821) to work on /opt/airflow/dags/rugby_pipeline.py
[2025-12-29T15:10:09.292+0000] {processor.py:830} INFO - Processing file /opt/airflow/dags/rugby_pipeline.py for tasks to queue
[2025-12-29T15:10:09.294+0000] {logging_mixin.py:188} INFO - [2025-12-29T15:10:09.293+0000] {dagbag.py:538} INFO - Filling up the DagBag from /opt/airflow/dags/rugby_pipeline.py
[2025-12-29T15:10:09.358+0000] {processor.py:840} INFO - DAG(s) 'rugby_pipeline' retrieved from /opt/airflow/dags/rugby_pipeline.py
[2025-12-29T15:10:09.409+0000] {logging_mixin.py:188} INFO - [2025-12-29T15:10:09.408+0000] {dag.py:3036} INFO - Sync 1 DAGs
[2025-12-29T15:10:09.460+0000] {logging_mixin.py:188} INFO - [2025-12-29T15:10:09.460+0000] {dag.py:3823} INFO - Setting next_dagrun for rugby_pipeline to 2025-12-28 00:00:00+00:00, run_after=2025-12-29 00:00:00+00:00
[2025-12-29T15:10:09.542+0000] {processor.py:183} INFO - Processing /opt/airflow/dags/rugby_pipeline.py took 0.261 seconds
[2025-12-29T15:10:39.854+0000] {processor.py:161} INFO - Started process (PID=4841) to work on /opt/airflow/dags/rugby_pipeline.py
[2025-12-29T15:10:39.857+0000] {processor.py:830} INFO - Processing file /opt/airflow/dags/rugby_pipeline.py for tasks to queue
[2025-12-29T15:10:39.859+0000] {logging_mixin.py:188} INFO - [2025-12-29T15:10:39.858+0000] {dagbag.py:538} INFO - Filling up the DagBag from /opt/airflow/dags/rugby_pipeline.py
[2025-12-29T15:10:39.924+0000] {processor.py:840} INFO - DAG(s) 'rugby_pipeline' retrieved from /opt/airflow/dags/rugby_pipeline.py
[2025-12-29T15:10:39.986+0000] {logging_mixin.py:188} INFO - [2025-12-29T15:10:39.986+0000] {dag.py:3036} INFO - Sync 1 DAGs
[2025-12-29T15:10:40.041+0000] {logging_mixin.py:188} INFO - [2025-12-29T15:10:40.041+0000] {dag.py:3823} INFO - Setting next_dagrun for rugby_pipeline to 2025-12-28 00:00:00+00:00, run_after=2025-12-29 00:00:00+00:00
[2025-12-29T15:10:40.124+0000] {processor.py:183} INFO - Processing /opt/airflow/dags/rugby_pipeline.py took 0.278 seconds
[2025-12-29T15:11:10.405+0000] {processor.py:161} INFO - Started process (PID=4861) to work on /opt/airflow/dags/rugby_pipeline.py
[2025-12-29T15:11:10.408+0000] {processor.py:830} INFO - Processing file /opt/airflow/dags/rugby_pipeline.py for tasks to queue
[2025-12-29T15:11:10.411+0000] {logging_mixin.py:188} INFO - [2025-12-29T15:11:10.410+0000] {dagbag.py:538} INFO - Filling up the DagBag from /opt/airflow/dags/rugby_pipeline.py
[2025-12-29T15:11:10.467+0000] {processor.py:840} INFO - DAG(s) 'rugby_pipeline' retrieved from /opt/airflow/dags/rugby_pipeline.py
[2025-12-29T15:11:10.524+0000] {logging_mixin.py:188} INFO - [2025-12-29T15:11:10.524+0000] {dag.py:3036} INFO - Sync 1 DAGs
[2025-12-29T15:11:10.571+0000] {logging_mixin.py:188} INFO - [2025-12-29T15:11:10.570+0000] {dag.py:3823} INFO - Setting next_dagrun for rugby_pipeline to 2025-12-28 00:00:00+00:00, run_after=2025-12-29 00:00:00+00:00
[2025-12-29T15:11:10.620+0000] {processor.py:183} INFO - Processing /opt/airflow/dags/rugby_pipeline.py took 0.223 seconds
[2025-12-29T15:11:40.984+0000] {processor.py:161} INFO - Started process (PID=4881) to work on /opt/airflow/dags/rugby_pipeline.py
[2025-12-29T15:11:40.987+0000] {processor.py:830} INFO - Processing file /opt/airflow/dags/rugby_pipeline.py for tasks to queue
[2025-12-29T15:11:40.990+0000] {logging_mixin.py:188} INFO - [2025-12-29T15:11:40.989+0000] {dagbag.py:538} INFO - Filling up the DagBag from /opt/airflow/dags/rugby_pipeline.py
[2025-12-29T15:11:41.050+0000] {processor.py:840} INFO - DAG(s) 'rugby_pipeline' retrieved from /opt/airflow/dags/rugby_pipeline.py
[2025-12-29T15:11:41.098+0000] {logging_mixin.py:188} INFO - [2025-12-29T15:11:41.098+0000] {dag.py:3036} INFO - Sync 1 DAGs
[2025-12-29T15:11:41.148+0000] {logging_mixin.py:188} INFO - [2025-12-29T15:11:41.147+0000] {dag.py:3823} INFO - Setting next_dagrun for rugby_pipeline to 2025-12-28 00:00:00+00:00, run_after=2025-12-29 00:00:00+00:00
[2025-12-29T15:11:41.228+0000] {processor.py:183} INFO - Processing /opt/airflow/dags/rugby_pipeline.py took 0.252 seconds
[2025-12-29T15:12:11.508+0000] {processor.py:161} INFO - Started process (PID=4901) to work on /opt/airflow/dags/rugby_pipeline.py
[2025-12-29T15:12:11.511+0000] {processor.py:830} INFO - Processing file /opt/airflow/dags/rugby_pipeline.py for tasks to queue
[2025-12-29T15:12:11.513+0000] {logging_mixin.py:188} INFO - [2025-12-29T15:12:11.512+0000] {dagbag.py:538} INFO - Filling up the DagBag from /opt/airflow/dags/rugby_pipeline.py
[2025-12-29T15:12:11.571+0000] {processor.py:840} INFO - DAG(s) 'rugby_pipeline' retrieved from /opt/airflow/dags/rugby_pipeline.py
[2025-12-29T15:12:11.625+0000] {logging_mixin.py:188} INFO - [2025-12-29T15:12:11.624+0000] {dag.py:3036} INFO - Sync 1 DAGs
[2025-12-29T15:12:11.674+0000] {logging_mixin.py:188} INFO - [2025-12-29T15:12:11.674+0000] {dag.py:3823} INFO - Setting next_dagrun for rugby_pipeline to 2025-12-28 00:00:00+00:00, run_after=2025-12-29 00:00:00+00:00
[2025-12-29T15:12:11.760+0000] {processor.py:183} INFO - Processing /opt/airflow/dags/rugby_pipeline.py took 0.259 seconds
[2025-12-29T15:12:42.040+0000] {processor.py:161} INFO - Started process (PID=4921) to work on /opt/airflow/dags/rugby_pipeline.py
[2025-12-29T15:12:42.043+0000] {processor.py:830} INFO - Processing file /opt/airflow/dags/rugby_pipeline.py for tasks to queue
[2025-12-29T15:12:42.045+0000] {logging_mixin.py:188} INFO - [2025-12-29T15:12:42.044+0000] {dagbag.py:538} INFO - Filling up the DagBag from /opt/airflow/dags/rugby_pipeline.py
[2025-12-29T15:12:42.100+0000] {processor.py:840} INFO - DAG(s) 'rugby_pipeline' retrieved from /opt/airflow/dags/rugby_pipeline.py
[2025-12-29T15:12:42.149+0000] {logging_mixin.py:188} INFO - [2025-12-29T15:12:42.148+0000] {dag.py:3036} INFO - Sync 1 DAGs
[2025-12-29T15:12:42.209+0000] {logging_mixin.py:188} INFO - [2025-12-29T15:12:42.208+0000] {dag.py:3823} INFO - Setting next_dagrun for rugby_pipeline to 2025-12-28 00:00:00+00:00, run_after=2025-12-29 00:00:00+00:00
[2025-12-29T15:12:42.294+0000] {processor.py:183} INFO - Processing /opt/airflow/dags/rugby_pipeline.py took 0.262 seconds
[2025-12-29T15:13:12.599+0000] {processor.py:161} INFO - Started process (PID=4941) to work on /opt/airflow/dags/rugby_pipeline.py
[2025-12-29T15:13:12.602+0000] {processor.py:830} INFO - Processing file /opt/airflow/dags/rugby_pipeline.py for tasks to queue
[2025-12-29T15:13:12.605+0000] {logging_mixin.py:188} INFO - [2025-12-29T15:13:12.604+0000] {dagbag.py:538} INFO - Filling up the DagBag from /opt/airflow/dags/rugby_pipeline.py
[2025-12-29T15:13:12.667+0000] {processor.py:840} INFO - DAG(s) 'rugby_pipeline' retrieved from /opt/airflow/dags/rugby_pipeline.py
[2025-12-29T15:13:12.720+0000] {logging_mixin.py:188} INFO - [2025-12-29T15:13:12.719+0000] {dag.py:3036} INFO - Sync 1 DAGs
[2025-12-29T15:13:12.777+0000] {logging_mixin.py:188} INFO - [2025-12-29T15:13:12.776+0000] {dag.py:3823} INFO - Setting next_dagrun for rugby_pipeline to 2025-12-28 00:00:00+00:00, run_after=2025-12-29 00:00:00+00:00
[2025-12-29T15:13:12.862+0000] {processor.py:183} INFO - Processing /opt/airflow/dags/rugby_pipeline.py took 0.271 seconds
[2025-12-29T15:13:43.145+0000] {processor.py:161} INFO - Started process (PID=4961) to work on /opt/airflow/dags/rugby_pipeline.py
[2025-12-29T15:13:43.148+0000] {processor.py:830} INFO - Processing file /opt/airflow/dags/rugby_pipeline.py for tasks to queue
[2025-12-29T15:13:43.151+0000] {logging_mixin.py:188} INFO - [2025-12-29T15:13:43.150+0000] {dagbag.py:538} INFO - Filling up the DagBag from /opt/airflow/dags/rugby_pipeline.py
[2025-12-29T15:13:43.215+0000] {processor.py:840} INFO - DAG(s) 'rugby_pipeline' retrieved from /opt/airflow/dags/rugby_pipeline.py
[2025-12-29T15:13:43.272+0000] {logging_mixin.py:188} INFO - [2025-12-29T15:13:43.272+0000] {dag.py:3036} INFO - Sync 1 DAGs
[2025-12-29T15:13:43.322+0000] {logging_mixin.py:188} INFO - [2025-12-29T15:13:43.321+0000] {dag.py:3823} INFO - Setting next_dagrun for rugby_pipeline to 2025-12-28 00:00:00+00:00, run_after=2025-12-29 00:00:00+00:00
[2025-12-29T15:13:43.400+0000] {processor.py:183} INFO - Processing /opt/airflow/dags/rugby_pipeline.py took 0.266 seconds
[2025-12-29T15:14:13.865+0000] {processor.py:161} INFO - Started process (PID=4981) to work on /opt/airflow/dags/rugby_pipeline.py
[2025-12-29T15:14:13.868+0000] {processor.py:830} INFO - Processing file /opt/airflow/dags/rugby_pipeline.py for tasks to queue
[2025-12-29T15:14:13.872+0000] {logging_mixin.py:188} INFO - [2025-12-29T15:14:13.871+0000] {dagbag.py:538} INFO - Filling up the DagBag from /opt/airflow/dags/rugby_pipeline.py
[2025-12-29T15:14:13.940+0000] {processor.py:840} INFO - DAG(s) 'rugby_pipeline' retrieved from /opt/airflow/dags/rugby_pipeline.py
[2025-12-29T15:14:13.993+0000] {logging_mixin.py:188} INFO - [2025-12-29T15:14:13.993+0000] {dag.py:3036} INFO - Sync 1 DAGs
[2025-12-29T15:14:14.043+0000] {logging_mixin.py:188} INFO - [2025-12-29T15:14:14.043+0000] {dag.py:3823} INFO - Setting next_dagrun for rugby_pipeline to 2025-12-28 00:00:00+00:00, run_after=2025-12-29 00:00:00+00:00
[2025-12-29T15:14:14.128+0000] {processor.py:183} INFO - Processing /opt/airflow/dags/rugby_pipeline.py took 0.278 seconds
[2025-12-29T15:14:44.312+0000] {processor.py:161} INFO - Started process (PID=5001) to work on /opt/airflow/dags/rugby_pipeline.py
[2025-12-29T15:14:44.315+0000] {processor.py:830} INFO - Processing file /opt/airflow/dags/rugby_pipeline.py for tasks to queue
[2025-12-29T15:14:44.318+0000] {logging_mixin.py:188} INFO - [2025-12-29T15:14:44.317+0000] {dagbag.py:538} INFO - Filling up the DagBag from /opt/airflow/dags/rugby_pipeline.py
[2025-12-29T15:14:44.376+0000] {processor.py:840} INFO - DAG(s) 'rugby_pipeline' retrieved from /opt/airflow/dags/rugby_pipeline.py
[2025-12-29T15:14:44.453+0000] {logging_mixin.py:188} INFO - [2025-12-29T15:14:44.453+0000] {dag.py:3036} INFO - Sync 1 DAGs
[2025-12-29T15:14:44.517+0000] {logging_mixin.py:188} INFO - [2025-12-29T15:14:44.517+0000] {dag.py:3823} INFO - Setting next_dagrun for rugby_pipeline to 2025-12-28 00:00:00+00:00, run_after=2025-12-29 00:00:00+00:00
[2025-12-29T15:14:44.568+0000] {processor.py:183} INFO - Processing /opt/airflow/dags/rugby_pipeline.py took 0.263 seconds
[2025-12-29T15:15:14.868+0000] {processor.py:161} INFO - Started process (PID=5021) to work on /opt/airflow/dags/rugby_pipeline.py
[2025-12-29T15:15:14.871+0000] {processor.py:830} INFO - Processing file /opt/airflow/dags/rugby_pipeline.py for tasks to queue
[2025-12-29T15:15:14.873+0000] {logging_mixin.py:188} INFO - [2025-12-29T15:15:14.873+0000] {dagbag.py:538} INFO - Filling up the DagBag from /opt/airflow/dags/rugby_pipeline.py
[2025-12-29T15:15:14.930+0000] {processor.py:840} INFO - DAG(s) 'rugby_pipeline' retrieved from /opt/airflow/dags/rugby_pipeline.py
[2025-12-29T15:15:14.977+0000] {logging_mixin.py:188} INFO - [2025-12-29T15:15:14.977+0000] {dag.py:3036} INFO - Sync 1 DAGs
[2025-12-29T15:15:15.027+0000] {logging_mixin.py:188} INFO - [2025-12-29T15:15:15.027+0000] {dag.py:3823} INFO - Setting next_dagrun for rugby_pipeline to 2025-12-28 00:00:00+00:00, run_after=2025-12-29 00:00:00+00:00
[2025-12-29T15:15:15.107+0000] {processor.py:183} INFO - Processing /opt/airflow/dags/rugby_pipeline.py took 0.247 seconds
[2025-12-29T15:15:45.409+0000] {processor.py:161} INFO - Started process (PID=5041) to work on /opt/airflow/dags/rugby_pipeline.py
[2025-12-29T15:15:45.412+0000] {processor.py:830} INFO - Processing file /opt/airflow/dags/rugby_pipeline.py for tasks to queue
[2025-12-29T15:15:45.414+0000] {logging_mixin.py:188} INFO - [2025-12-29T15:15:45.414+0000] {dagbag.py:538} INFO - Filling up the DagBag from /opt/airflow/dags/rugby_pipeline.py
[2025-12-29T15:15:45.473+0000] {processor.py:840} INFO - DAG(s) 'rugby_pipeline' retrieved from /opt/airflow/dags/rugby_pipeline.py
[2025-12-29T15:15:45.522+0000] {logging_mixin.py:188} INFO - [2025-12-29T15:15:45.522+0000] {dag.py:3036} INFO - Sync 1 DAGs
[2025-12-29T15:15:45.578+0000] {logging_mixin.py:188} INFO - [2025-12-29T15:15:45.577+0000] {dag.py:3823} INFO - Setting next_dagrun for rugby_pipeline to 2025-12-28 00:00:00+00:00, run_after=2025-12-29 00:00:00+00:00
[2025-12-29T15:15:45.659+0000] {processor.py:183} INFO - Processing /opt/airflow/dags/rugby_pipeline.py took 0.258 seconds
[2025-12-29T15:16:15.973+0000] {processor.py:161} INFO - Started process (PID=5061) to work on /opt/airflow/dags/rugby_pipeline.py
[2025-12-29T15:16:15.975+0000] {processor.py:830} INFO - Processing file /opt/airflow/dags/rugby_pipeline.py for tasks to queue
[2025-12-29T15:16:15.978+0000] {logging_mixin.py:188} INFO - [2025-12-29T15:16:15.977+0000] {dagbag.py:538} INFO - Filling up the DagBag from /opt/airflow/dags/rugby_pipeline.py
[2025-12-29T15:16:16.034+0000] {processor.py:840} INFO - DAG(s) 'rugby_pipeline' retrieved from /opt/airflow/dags/rugby_pipeline.py
[2025-12-29T15:16:16.083+0000] {logging_mixin.py:188} INFO - [2025-12-29T15:16:16.083+0000] {dag.py:3036} INFO - Sync 1 DAGs
[2025-12-29T15:16:16.133+0000] {logging_mixin.py:188} INFO - [2025-12-29T15:16:16.133+0000] {dag.py:3823} INFO - Setting next_dagrun for rugby_pipeline to 2025-12-28 00:00:00+00:00, run_after=2025-12-29 00:00:00+00:00
[2025-12-29T15:16:16.178+0000] {processor.py:183} INFO - Processing /opt/airflow/dags/rugby_pipeline.py took 0.212 seconds
[2025-12-29T15:16:46.496+0000] {processor.py:161} INFO - Started process (PID=5081) to work on /opt/airflow/dags/rugby_pipeline.py
[2025-12-29T15:16:46.499+0000] {processor.py:830} INFO - Processing file /opt/airflow/dags/rugby_pipeline.py for tasks to queue
[2025-12-29T15:16:46.501+0000] {logging_mixin.py:188} INFO - [2025-12-29T15:16:46.501+0000] {dagbag.py:538} INFO - Filling up the DagBag from /opt/airflow/dags/rugby_pipeline.py
[2025-12-29T15:16:46.555+0000] {processor.py:840} INFO - DAG(s) 'rugby_pipeline' retrieved from /opt/airflow/dags/rugby_pipeline.py
[2025-12-29T15:16:46.622+0000] {logging_mixin.py:188} INFO - [2025-12-29T15:16:46.621+0000] {dag.py:3036} INFO - Sync 1 DAGs
[2025-12-29T15:16:46.693+0000] {logging_mixin.py:188} INFO - [2025-12-29T15:16:46.692+0000] {dag.py:3823} INFO - Setting next_dagrun for rugby_pipeline to 2025-12-28 00:00:00+00:00, run_after=2025-12-29 00:00:00+00:00
[2025-12-29T15:16:46.783+0000] {processor.py:183} INFO - Processing /opt/airflow/dags/rugby_pipeline.py took 0.300 seconds
[2025-12-29T15:17:17.021+0000] {processor.py:161} INFO - Started process (PID=5101) to work on /opt/airflow/dags/rugby_pipeline.py
[2025-12-29T15:17:17.028+0000] {processor.py:830} INFO - Processing file /opt/airflow/dags/rugby_pipeline.py for tasks to queue
[2025-12-29T15:17:17.031+0000] {logging_mixin.py:188} INFO - [2025-12-29T15:17:17.030+0000] {dagbag.py:538} INFO - Filling up the DagBag from /opt/airflow/dags/rugby_pipeline.py
[2025-12-29T15:17:17.086+0000] {processor.py:840} INFO - DAG(s) 'rugby_pipeline' retrieved from /opt/airflow/dags/rugby_pipeline.py
[2025-12-29T15:17:17.140+0000] {logging_mixin.py:188} INFO - [2025-12-29T15:17:17.140+0000] {dag.py:3036} INFO - Sync 1 DAGs
[2025-12-29T15:17:17.200+0000] {logging_mixin.py:188} INFO - [2025-12-29T15:17:17.200+0000] {dag.py:3823} INFO - Setting next_dagrun for rugby_pipeline to 2025-12-28 00:00:00+00:00, run_after=2025-12-29 00:00:00+00:00
[2025-12-29T15:17:17.245+0000] {processor.py:183} INFO - Processing /opt/airflow/dags/rugby_pipeline.py took 0.231 seconds
[2025-12-29T15:17:47.562+0000] {processor.py:161} INFO - Started process (PID=5121) to work on /opt/airflow/dags/rugby_pipeline.py
[2025-12-29T15:17:47.566+0000] {processor.py:830} INFO - Processing file /opt/airflow/dags/rugby_pipeline.py for tasks to queue
[2025-12-29T15:17:47.568+0000] {logging_mixin.py:188} INFO - [2025-12-29T15:17:47.567+0000] {dagbag.py:538} INFO - Filling up the DagBag from /opt/airflow/dags/rugby_pipeline.py
[2025-12-29T15:17:47.625+0000] {processor.py:840} INFO - DAG(s) 'rugby_pipeline' retrieved from /opt/airflow/dags/rugby_pipeline.py
[2025-12-29T15:17:47.681+0000] {logging_mixin.py:188} INFO - [2025-12-29T15:17:47.680+0000] {dag.py:3036} INFO - Sync 1 DAGs
[2025-12-29T15:17:47.734+0000] {logging_mixin.py:188} INFO - [2025-12-29T15:17:47.733+0000] {dag.py:3823} INFO - Setting next_dagrun for rugby_pipeline to 2025-12-28 00:00:00+00:00, run_after=2025-12-29 00:00:00+00:00
[2025-12-29T15:17:47.814+0000] {processor.py:183} INFO - Processing /opt/airflow/dags/rugby_pipeline.py took 0.263 seconds
[2025-12-29T15:18:18.101+0000] {processor.py:161} INFO - Started process (PID=5141) to work on /opt/airflow/dags/rugby_pipeline.py
[2025-12-29T15:18:18.104+0000] {processor.py:830} INFO - Processing file /opt/airflow/dags/rugby_pipeline.py for tasks to queue
[2025-12-29T15:18:18.107+0000] {logging_mixin.py:188} INFO - [2025-12-29T15:18:18.106+0000] {dagbag.py:538} INFO - Filling up the DagBag from /opt/airflow/dags/rugby_pipeline.py
[2025-12-29T15:18:18.167+0000] {processor.py:840} INFO - DAG(s) 'rugby_pipeline' retrieved from /opt/airflow/dags/rugby_pipeline.py
[2025-12-29T15:18:18.220+0000] {logging_mixin.py:188} INFO - [2025-12-29T15:18:18.220+0000] {dag.py:3036} INFO - Sync 1 DAGs
[2025-12-29T15:18:18.271+0000] {logging_mixin.py:188} INFO - [2025-12-29T15:18:18.271+0000] {dag.py:3823} INFO - Setting next_dagrun for rugby_pipeline to 2025-12-28 00:00:00+00:00, run_after=2025-12-29 00:00:00+00:00
[2025-12-29T15:18:18.352+0000] {processor.py:183} INFO - Processing /opt/airflow/dags/rugby_pipeline.py took 0.261 seconds
[2025-12-29T15:18:49.131+0000] {processor.py:161} INFO - Started process (PID=5161) to work on /opt/airflow/dags/rugby_pipeline.py
[2025-12-29T15:18:49.133+0000] {processor.py:830} INFO - Processing file /opt/airflow/dags/rugby_pipeline.py for tasks to queue
[2025-12-29T15:18:49.136+0000] {logging_mixin.py:188} INFO - [2025-12-29T15:18:49.135+0000] {dagbag.py:538} INFO - Filling up the DagBag from /opt/airflow/dags/rugby_pipeline.py
[2025-12-29T15:18:49.186+0000] {processor.py:840} INFO - DAG(s) 'rugby_pipeline' retrieved from /opt/airflow/dags/rugby_pipeline.py
[2025-12-29T15:18:49.236+0000] {logging_mixin.py:188} INFO - [2025-12-29T15:18:49.235+0000] {dag.py:3036} INFO - Sync 1 DAGs
[2025-12-29T15:18:49.292+0000] {logging_mixin.py:188} INFO - [2025-12-29T15:18:49.291+0000] {dag.py:3823} INFO - Setting next_dagrun for rugby_pipeline to 2025-12-28 00:00:00+00:00, run_after=2025-12-29 00:00:00+00:00
[2025-12-29T15:18:49.370+0000] {processor.py:183} INFO - Processing /opt/airflow/dags/rugby_pipeline.py took 0.247 seconds
[2025-12-29T15:19:19.811+0000] {processor.py:161} INFO - Started process (PID=5181) to work on /opt/airflow/dags/rugby_pipeline.py
[2025-12-29T15:19:19.814+0000] {processor.py:830} INFO - Processing file /opt/airflow/dags/rugby_pipeline.py for tasks to queue
[2025-12-29T15:19:19.817+0000] {logging_mixin.py:188} INFO - [2025-12-29T15:19:19.816+0000] {dagbag.py:538} INFO - Filling up the DagBag from /opt/airflow/dags/rugby_pipeline.py
[2025-12-29T15:19:19.876+0000] {processor.py:840} INFO - DAG(s) 'rugby_pipeline' retrieved from /opt/airflow/dags/rugby_pipeline.py
[2025-12-29T15:19:19.932+0000] {logging_mixin.py:188} INFO - [2025-12-29T15:19:19.931+0000] {dag.py:3036} INFO - Sync 1 DAGs
[2025-12-29T15:19:19.984+0000] {logging_mixin.py:188} INFO - [2025-12-29T15:19:19.984+0000] {dag.py:3823} INFO - Setting next_dagrun for rugby_pipeline to 2025-12-28 00:00:00+00:00, run_after=2025-12-29 00:00:00+00:00
[2025-12-29T15:19:20.073+0000] {processor.py:183} INFO - Processing /opt/airflow/dags/rugby_pipeline.py took 0.272 seconds
[2025-12-29T15:19:50.325+0000] {processor.py:161} INFO - Started process (PID=5201) to work on /opt/airflow/dags/rugby_pipeline.py
[2025-12-29T15:19:50.326+0000] {processor.py:830} INFO - Processing file /opt/airflow/dags/rugby_pipeline.py for tasks to queue
[2025-12-29T15:19:50.327+0000] {logging_mixin.py:188} INFO - [2025-12-29T15:19:50.327+0000] {dagbag.py:538} INFO - Filling up the DagBag from /opt/airflow/dags/rugby_pipeline.py
[2025-12-29T15:19:50.347+0000] {processor.py:840} INFO - DAG(s) 'rugby_pipeline' retrieved from /opt/airflow/dags/rugby_pipeline.py
[2025-12-29T15:19:50.368+0000] {logging_mixin.py:188} INFO - [2025-12-29T15:19:50.368+0000] {dag.py:3036} INFO - Sync 1 DAGs
[2025-12-29T15:19:50.388+0000] {logging_mixin.py:188} INFO - [2025-12-29T15:19:50.388+0000] {dag.py:3823} INFO - Setting next_dagrun for rugby_pipeline to 2025-12-28 00:00:00+00:00, run_after=2025-12-29 00:00:00+00:00
[2025-12-29T15:19:50.407+0000] {processor.py:183} INFO - Processing /opt/airflow/dags/rugby_pipeline.py took 0.085 seconds
[2025-12-29T15:20:20.761+0000] {processor.py:161} INFO - Started process (PID=5221) to work on /opt/airflow/dags/rugby_pipeline.py
[2025-12-29T15:20:20.763+0000] {processor.py:830} INFO - Processing file /opt/airflow/dags/rugby_pipeline.py for tasks to queue
[2025-12-29T15:20:20.764+0000] {logging_mixin.py:188} INFO - [2025-12-29T15:20:20.764+0000] {dagbag.py:538} INFO - Filling up the DagBag from /opt/airflow/dags/rugby_pipeline.py
[2025-12-29T15:20:20.784+0000] {processor.py:840} INFO - DAG(s) 'rugby_pipeline' retrieved from /opt/airflow/dags/rugby_pipeline.py
[2025-12-29T15:20:20.806+0000] {logging_mixin.py:188} INFO - [2025-12-29T15:20:20.806+0000] {dag.py:3036} INFO - Sync 1 DAGs
[2025-12-29T15:20:20.829+0000] {logging_mixin.py:188} INFO - [2025-12-29T15:20:20.829+0000] {dag.py:3823} INFO - Setting next_dagrun for rugby_pipeline to 2025-12-28 00:00:00+00:00, run_after=2025-12-29 00:00:00+00:00
[2025-12-29T15:20:20.849+0000] {processor.py:183} INFO - Processing /opt/airflow/dags/rugby_pipeline.py took 0.092 seconds
[2025-12-29T15:20:51.218+0000] {processor.py:161} INFO - Started process (PID=5241) to work on /opt/airflow/dags/rugby_pipeline.py
[2025-12-29T15:20:51.220+0000] {processor.py:830} INFO - Processing file /opt/airflow/dags/rugby_pipeline.py for tasks to queue
[2025-12-29T15:20:51.221+0000] {logging_mixin.py:188} INFO - [2025-12-29T15:20:51.220+0000] {dagbag.py:538} INFO - Filling up the DagBag from /opt/airflow/dags/rugby_pipeline.py
[2025-12-29T15:20:51.241+0000] {processor.py:840} INFO - DAG(s) 'rugby_pipeline' retrieved from /opt/airflow/dags/rugby_pipeline.py
[2025-12-29T15:20:51.262+0000] {logging_mixin.py:188} INFO - [2025-12-29T15:20:51.262+0000] {dag.py:3036} INFO - Sync 1 DAGs
[2025-12-29T15:20:51.282+0000] {logging_mixin.py:188} INFO - [2025-12-29T15:20:51.282+0000] {dag.py:3823} INFO - Setting next_dagrun for rugby_pipeline to 2025-12-28 00:00:00+00:00, run_after=2025-12-29 00:00:00+00:00
[2025-12-29T15:20:51.299+0000] {processor.py:183} INFO - Processing /opt/airflow/dags/rugby_pipeline.py took 0.084 seconds
[2025-12-29T15:21:21.666+0000] {processor.py:161} INFO - Started process (PID=5261) to work on /opt/airflow/dags/rugby_pipeline.py
[2025-12-29T15:21:21.667+0000] {processor.py:830} INFO - Processing file /opt/airflow/dags/rugby_pipeline.py for tasks to queue
[2025-12-29T15:21:21.668+0000] {logging_mixin.py:188} INFO - [2025-12-29T15:21:21.668+0000] {dagbag.py:538} INFO - Filling up the DagBag from /opt/airflow/dags/rugby_pipeline.py
[2025-12-29T15:21:21.688+0000] {processor.py:840} INFO - DAG(s) 'rugby_pipeline' retrieved from /opt/airflow/dags/rugby_pipeline.py
[2025-12-29T15:21:21.710+0000] {logging_mixin.py:188} INFO - [2025-12-29T15:21:21.710+0000] {dag.py:3036} INFO - Sync 1 DAGs
[2025-12-29T15:21:21.733+0000] {logging_mixin.py:188} INFO - [2025-12-29T15:21:21.733+0000] {dag.py:3823} INFO - Setting next_dagrun for rugby_pipeline to 2025-12-28 00:00:00+00:00, run_after=2025-12-29 00:00:00+00:00
[2025-12-29T15:21:21.751+0000] {processor.py:183} INFO - Processing /opt/airflow/dags/rugby_pipeline.py took 0.088 seconds
[2025-12-29T15:21:52.229+0000] {processor.py:161} INFO - Started process (PID=5281) to work on /opt/airflow/dags/rugby_pipeline.py
[2025-12-29T15:21:52.230+0000] {processor.py:830} INFO - Processing file /opt/airflow/dags/rugby_pipeline.py for tasks to queue
[2025-12-29T15:21:52.232+0000] {logging_mixin.py:188} INFO - [2025-12-29T15:21:52.231+0000] {dagbag.py:538} INFO - Filling up the DagBag from /opt/airflow/dags/rugby_pipeline.py
[2025-12-29T15:21:52.250+0000] {processor.py:840} INFO - DAG(s) 'rugby_pipeline' retrieved from /opt/airflow/dags/rugby_pipeline.py
[2025-12-29T15:21:52.271+0000] {logging_mixin.py:188} INFO - [2025-12-29T15:21:52.270+0000] {dag.py:3036} INFO - Sync 1 DAGs
[2025-12-29T15:21:52.291+0000] {logging_mixin.py:188} INFO - [2025-12-29T15:21:52.291+0000] {dag.py:3823} INFO - Setting next_dagrun for rugby_pipeline to 2025-12-28 00:00:00+00:00, run_after=2025-12-29 00:00:00+00:00
[2025-12-29T15:21:52.319+0000] {processor.py:183} INFO - Processing /opt/airflow/dags/rugby_pipeline.py took 0.093 seconds
[2025-12-29T15:22:22.637+0000] {processor.py:161} INFO - Started process (PID=5301) to work on /opt/airflow/dags/rugby_pipeline.py
[2025-12-29T15:22:22.638+0000] {processor.py:830} INFO - Processing file /opt/airflow/dags/rugby_pipeline.py for tasks to queue
[2025-12-29T15:22:22.639+0000] {logging_mixin.py:188} INFO - [2025-12-29T15:22:22.639+0000] {dagbag.py:538} INFO - Filling up the DagBag from /opt/airflow/dags/rugby_pipeline.py
[2025-12-29T15:22:22.661+0000] {processor.py:840} INFO - DAG(s) 'rugby_pipeline' retrieved from /opt/airflow/dags/rugby_pipeline.py
[2025-12-29T15:22:22.686+0000] {logging_mixin.py:188} INFO - [2025-12-29T15:22:22.686+0000] {dag.py:3036} INFO - Sync 1 DAGs
[2025-12-29T15:22:22.711+0000] {logging_mixin.py:188} INFO - [2025-12-29T15:22:22.710+0000] {dag.py:3823} INFO - Setting next_dagrun for rugby_pipeline to 2025-12-28 00:00:00+00:00, run_after=2025-12-29 00:00:00+00:00
[2025-12-29T15:22:22.744+0000] {processor.py:183} INFO - Processing /opt/airflow/dags/rugby_pipeline.py took 0.112 seconds
[2025-12-29T15:22:53.238+0000] {processor.py:161} INFO - Started process (PID=5321) to work on /opt/airflow/dags/rugby_pipeline.py
[2025-12-29T15:22:53.239+0000] {processor.py:830} INFO - Processing file /opt/airflow/dags/rugby_pipeline.py for tasks to queue
[2025-12-29T15:22:53.240+0000] {logging_mixin.py:188} INFO - [2025-12-29T15:22:53.240+0000] {dagbag.py:538} INFO - Filling up the DagBag from /opt/airflow/dags/rugby_pipeline.py
[2025-12-29T15:22:53.260+0000] {processor.py:840} INFO - DAG(s) 'rugby_pipeline' retrieved from /opt/airflow/dags/rugby_pipeline.py
[2025-12-29T15:22:53.284+0000] {logging_mixin.py:188} INFO - [2025-12-29T15:22:53.284+0000] {dag.py:3036} INFO - Sync 1 DAGs
[2025-12-29T15:22:53.308+0000] {logging_mixin.py:188} INFO - [2025-12-29T15:22:53.308+0000] {dag.py:3823} INFO - Setting next_dagrun for rugby_pipeline to 2025-12-28 00:00:00+00:00, run_after=2025-12-29 00:00:00+00:00
[2025-12-29T15:22:53.339+0000] {processor.py:183} INFO - Processing /opt/airflow/dags/rugby_pipeline.py took 0.105 seconds
[2025-12-29T15:23:23.720+0000] {processor.py:161} INFO - Started process (PID=5341) to work on /opt/airflow/dags/rugby_pipeline.py
[2025-12-29T15:23:23.722+0000] {processor.py:830} INFO - Processing file /opt/airflow/dags/rugby_pipeline.py for tasks to queue
[2025-12-29T15:23:23.722+0000] {logging_mixin.py:188} INFO - [2025-12-29T15:23:23.722+0000] {dagbag.py:538} INFO - Filling up the DagBag from /opt/airflow/dags/rugby_pipeline.py
[2025-12-29T15:23:23.743+0000] {processor.py:840} INFO - DAG(s) 'rugby_pipeline' retrieved from /opt/airflow/dags/rugby_pipeline.py
[2025-12-29T15:23:23.768+0000] {logging_mixin.py:188} INFO - [2025-12-29T15:23:23.768+0000] {dag.py:3036} INFO - Sync 1 DAGs
[2025-12-29T15:23:23.789+0000] {logging_mixin.py:188} INFO - [2025-12-29T15:23:23.789+0000] {dag.py:3823} INFO - Setting next_dagrun for rugby_pipeline to 2025-12-28 00:00:00+00:00, run_after=2025-12-29 00:00:00+00:00
[2025-12-29T15:23:23.808+0000] {processor.py:183} INFO - Processing /opt/airflow/dags/rugby_pipeline.py took 0.091 seconds
[2025-12-29T15:23:54.102+0000] {processor.py:161} INFO - Started process (PID=5361) to work on /opt/airflow/dags/rugby_pipeline.py
[2025-12-29T15:23:54.103+0000] {processor.py:830} INFO - Processing file /opt/airflow/dags/rugby_pipeline.py for tasks to queue
[2025-12-29T15:23:54.105+0000] {logging_mixin.py:188} INFO - [2025-12-29T15:23:54.104+0000] {dagbag.py:538} INFO - Filling up the DagBag from /opt/airflow/dags/rugby_pipeline.py
[2025-12-29T15:23:54.128+0000] {processor.py:840} INFO - DAG(s) 'rugby_pipeline' retrieved from /opt/airflow/dags/rugby_pipeline.py
[2025-12-29T15:23:54.155+0000] {logging_mixin.py:188} INFO - [2025-12-29T15:23:54.155+0000] {dag.py:3036} INFO - Sync 1 DAGs
[2025-12-29T15:23:54.181+0000] {logging_mixin.py:188} INFO - [2025-12-29T15:23:54.180+0000] {dag.py:3823} INFO - Setting next_dagrun for rugby_pipeline to 2025-12-28 00:00:00+00:00, run_after=2025-12-29 00:00:00+00:00
[2025-12-29T15:23:54.213+0000] {processor.py:183} INFO - Processing /opt/airflow/dags/rugby_pipeline.py took 0.116 seconds
[2025-12-29T15:24:24.654+0000] {processor.py:161} INFO - Started process (PID=5381) to work on /opt/airflow/dags/rugby_pipeline.py
[2025-12-29T15:24:24.656+0000] {processor.py:830} INFO - Processing file /opt/airflow/dags/rugby_pipeline.py for tasks to queue
[2025-12-29T15:24:24.657+0000] {logging_mixin.py:188} INFO - [2025-12-29T15:24:24.657+0000] {dagbag.py:538} INFO - Filling up the DagBag from /opt/airflow/dags/rugby_pipeline.py
[2025-12-29T15:24:24.682+0000] {processor.py:840} INFO - DAG(s) 'rugby_pipeline' retrieved from /opt/airflow/dags/rugby_pipeline.py
[2025-12-29T15:24:24.709+0000] {logging_mixin.py:188} INFO - [2025-12-29T15:24:24.708+0000] {dag.py:3036} INFO - Sync 1 DAGs
[2025-12-29T15:24:24.734+0000] {logging_mixin.py:188} INFO - [2025-12-29T15:24:24.734+0000] {dag.py:3823} INFO - Setting next_dagrun for rugby_pipeline to 2025-12-28 00:00:00+00:00, run_after=2025-12-29 00:00:00+00:00
[2025-12-29T15:24:24.757+0000] {processor.py:183} INFO - Processing /opt/airflow/dags/rugby_pipeline.py took 0.108 seconds
[2025-12-29T15:24:55.144+0000] {processor.py:161} INFO - Started process (PID=5401) to work on /opt/airflow/dags/rugby_pipeline.py
[2025-12-29T15:24:55.146+0000] {processor.py:830} INFO - Processing file /opt/airflow/dags/rugby_pipeline.py for tasks to queue
[2025-12-29T15:24:55.147+0000] {logging_mixin.py:188} INFO - [2025-12-29T15:24:55.147+0000] {dagbag.py:538} INFO - Filling up the DagBag from /opt/airflow/dags/rugby_pipeline.py
[2025-12-29T15:24:55.169+0000] {processor.py:840} INFO - DAG(s) 'rugby_pipeline' retrieved from /opt/airflow/dags/rugby_pipeline.py
[2025-12-29T15:24:55.194+0000] {logging_mixin.py:188} INFO - [2025-12-29T15:24:55.193+0000] {dag.py:3036} INFO - Sync 1 DAGs
[2025-12-29T15:24:55.222+0000] {logging_mixin.py:188} INFO - [2025-12-29T15:24:55.222+0000] {dag.py:3823} INFO - Setting next_dagrun for rugby_pipeline to 2025-12-28 00:00:00+00:00, run_after=2025-12-29 00:00:00+00:00
[2025-12-29T15:24:55.243+0000] {processor.py:183} INFO - Processing /opt/airflow/dags/rugby_pipeline.py took 0.103 seconds
[2025-12-29T15:25:25.628+0000] {processor.py:161} INFO - Started process (PID=5421) to work on /opt/airflow/dags/rugby_pipeline.py
[2025-12-29T15:25:25.630+0000] {processor.py:830} INFO - Processing file /opt/airflow/dags/rugby_pipeline.py for tasks to queue
[2025-12-29T15:25:25.632+0000] {logging_mixin.py:188} INFO - [2025-12-29T15:25:25.632+0000] {dagbag.py:538} INFO - Filling up the DagBag from /opt/airflow/dags/rugby_pipeline.py
[2025-12-29T15:25:25.654+0000] {processor.py:840} INFO - DAG(s) 'rugby_pipeline' retrieved from /opt/airflow/dags/rugby_pipeline.py
[2025-12-29T15:25:25.679+0000] {logging_mixin.py:188} INFO - [2025-12-29T15:25:25.679+0000] {dag.py:3036} INFO - Sync 1 DAGs
[2025-12-29T15:25:25.703+0000] {logging_mixin.py:188} INFO - [2025-12-29T15:25:25.702+0000] {dag.py:3823} INFO - Setting next_dagrun for rugby_pipeline to 2025-12-28 00:00:00+00:00, run_after=2025-12-29 00:00:00+00:00
[2025-12-29T15:25:25.723+0000] {processor.py:183} INFO - Processing /opt/airflow/dags/rugby_pipeline.py took 0.099 seconds
[2025-12-29T15:25:56.235+0000] {processor.py:161} INFO - Started process (PID=5441) to work on /opt/airflow/dags/rugby_pipeline.py
[2025-12-29T15:25:56.238+0000] {processor.py:830} INFO - Processing file /opt/airflow/dags/rugby_pipeline.py for tasks to queue
[2025-12-29T15:25:56.240+0000] {logging_mixin.py:188} INFO - [2025-12-29T15:25:56.239+0000] {dagbag.py:538} INFO - Filling up the DagBag from /opt/airflow/dags/rugby_pipeline.py
[2025-12-29T15:25:56.265+0000] {processor.py:840} INFO - DAG(s) 'rugby_pipeline' retrieved from /opt/airflow/dags/rugby_pipeline.py
[2025-12-29T15:25:56.289+0000] {logging_mixin.py:188} INFO - [2025-12-29T15:25:56.289+0000] {dag.py:3036} INFO - Sync 1 DAGs
[2025-12-29T15:25:56.311+0000] {logging_mixin.py:188} INFO - [2025-12-29T15:25:56.311+0000] {dag.py:3823} INFO - Setting next_dagrun for rugby_pipeline to 2025-12-28 00:00:00+00:00, run_after=2025-12-29 00:00:00+00:00
[2025-12-29T15:25:56.342+0000] {processor.py:183} INFO - Processing /opt/airflow/dags/rugby_pipeline.py took 0.113 seconds
[2025-12-29T15:26:26.630+0000] {processor.py:161} INFO - Started process (PID=5461) to work on /opt/airflow/dags/rugby_pipeline.py
[2025-12-29T15:26:26.631+0000] {processor.py:830} INFO - Processing file /opt/airflow/dags/rugby_pipeline.py for tasks to queue
[2025-12-29T15:26:26.632+0000] {logging_mixin.py:188} INFO - [2025-12-29T15:26:26.632+0000] {dagbag.py:538} INFO - Filling up the DagBag from /opt/airflow/dags/rugby_pipeline.py
[2025-12-29T15:26:26.655+0000] {processor.py:840} INFO - DAG(s) 'rugby_pipeline' retrieved from /opt/airflow/dags/rugby_pipeline.py
[2025-12-29T15:26:26.677+0000] {logging_mixin.py:188} INFO - [2025-12-29T15:26:26.677+0000] {dag.py:3036} INFO - Sync 1 DAGs
[2025-12-29T15:26:26.701+0000] {logging_mixin.py:188} INFO - [2025-12-29T15:26:26.701+0000] {dag.py:3823} INFO - Setting next_dagrun for rugby_pipeline to 2025-12-28 00:00:00+00:00, run_after=2025-12-29 00:00:00+00:00
[2025-12-29T15:26:26.732+0000] {processor.py:183} INFO - Processing /opt/airflow/dags/rugby_pipeline.py took 0.107 seconds
[2025-12-29T15:26:57.230+0000] {processor.py:161} INFO - Started process (PID=5481) to work on /opt/airflow/dags/rugby_pipeline.py
[2025-12-29T15:26:57.232+0000] {processor.py:830} INFO - Processing file /opt/airflow/dags/rugby_pipeline.py for tasks to queue
[2025-12-29T15:26:57.233+0000] {logging_mixin.py:188} INFO - [2025-12-29T15:26:57.233+0000] {dagbag.py:538} INFO - Filling up the DagBag from /opt/airflow/dags/rugby_pipeline.py
[2025-12-29T15:26:57.255+0000] {processor.py:840} INFO - DAG(s) 'rugby_pipeline' retrieved from /opt/airflow/dags/rugby_pipeline.py
[2025-12-29T15:26:57.281+0000] {logging_mixin.py:188} INFO - [2025-12-29T15:26:57.281+0000] {dag.py:3036} INFO - Sync 1 DAGs
[2025-12-29T15:26:57.303+0000] {logging_mixin.py:188} INFO - [2025-12-29T15:26:57.303+0000] {dag.py:3823} INFO - Setting next_dagrun for rugby_pipeline to 2025-12-28 00:00:00+00:00, run_after=2025-12-29 00:00:00+00:00
[2025-12-29T15:26:57.336+0000] {processor.py:183} INFO - Processing /opt/airflow/dags/rugby_pipeline.py took 0.109 seconds
[2025-12-29T15:27:27.720+0000] {processor.py:161} INFO - Started process (PID=5501) to work on /opt/airflow/dags/rugby_pipeline.py
[2025-12-29T15:27:27.721+0000] {processor.py:830} INFO - Processing file /opt/airflow/dags/rugby_pipeline.py for tasks to queue
[2025-12-29T15:27:27.722+0000] {logging_mixin.py:188} INFO - [2025-12-29T15:27:27.722+0000] {dagbag.py:538} INFO - Filling up the DagBag from /opt/airflow/dags/rugby_pipeline.py
[2025-12-29T15:27:27.743+0000] {processor.py:840} INFO - DAG(s) 'rugby_pipeline' retrieved from /opt/airflow/dags/rugby_pipeline.py
[2025-12-29T15:27:27.766+0000] {logging_mixin.py:188} INFO - [2025-12-29T15:27:27.766+0000] {dag.py:3036} INFO - Sync 1 DAGs
[2025-12-29T15:27:27.790+0000] {logging_mixin.py:188} INFO - [2025-12-29T15:27:27.790+0000] {dag.py:3823} INFO - Setting next_dagrun for rugby_pipeline to 2025-12-28 00:00:00+00:00, run_after=2025-12-29 00:00:00+00:00
[2025-12-29T15:27:27.812+0000] {processor.py:183} INFO - Processing /opt/airflow/dags/rugby_pipeline.py took 0.096 seconds
[2025-12-29T15:28:03.670+0000] {processor.py:161} INFO - Started process (PID=5519) to work on /opt/airflow/dags/rugby_pipeline.py
[2025-12-29T15:28:03.708+0000] {processor.py:830} INFO - Processing file /opt/airflow/dags/rugby_pipeline.py for tasks to queue
[2025-12-29T15:28:03.743+0000] {logging_mixin.py:188} INFO - [2025-12-29T15:28:03.729+0000] {dagbag.py:538} INFO - Filling up the DagBag from /opt/airflow/dags/rugby_pipeline.py
[2025-12-29T15:28:04.117+0000] {processor.py:840} INFO - DAG(s) 'rugby_pipeline' retrieved from /opt/airflow/dags/rugby_pipeline.py
[2025-12-29T15:28:04.663+0000] {logging_mixin.py:188} INFO - [2025-12-29T15:28:04.649+0000] {dag.py:3036} INFO - Sync 1 DAGs
[2025-12-29T15:28:05.367+0000] {logging_mixin.py:188} INFO - [2025-12-29T15:28:05.362+0000] {dag.py:3823} INFO - Setting next_dagrun for rugby_pipeline to 2025-12-28 00:00:00+00:00, run_after=2025-12-29 00:00:00+00:00
[2025-12-29T15:28:05.787+0000] {processor.py:183} INFO - Processing /opt/airflow/dags/rugby_pipeline.py took 2.215 seconds
[2025-12-29T15:28:37.414+0000] {processor.py:161} INFO - Started process (PID=5539) to work on /opt/airflow/dags/rugby_pipeline.py
[2025-12-29T15:28:37.457+0000] {processor.py:830} INFO - Processing file /opt/airflow/dags/rugby_pipeline.py for tasks to queue
[2025-12-29T15:28:37.489+0000] {logging_mixin.py:188} INFO - [2025-12-29T15:28:37.475+0000] {dagbag.py:538} INFO - Filling up the DagBag from /opt/airflow/dags/rugby_pipeline.py
[2025-12-29T15:28:37.839+0000] {processor.py:840} INFO - DAG(s) 'rugby_pipeline' retrieved from /opt/airflow/dags/rugby_pipeline.py
[2025-12-29T15:28:38.269+0000] {logging_mixin.py:188} INFO - [2025-12-29T15:28:38.266+0000] {dag.py:3036} INFO - Sync 1 DAGs
[2025-12-29T15:28:38.908+0000] {logging_mixin.py:188} INFO - [2025-12-29T15:28:38.901+0000] {dag.py:3823} INFO - Setting next_dagrun for rugby_pipeline to 2025-12-28 00:00:00+00:00, run_after=2025-12-29 00:00:00+00:00
[2025-12-29T15:28:39.233+0000] {processor.py:183} INFO - Processing /opt/airflow/dags/rugby_pipeline.py took 1.936 seconds
[2025-12-29T15:29:10.278+0000] {processor.py:161} INFO - Started process (PID=5559) to work on /opt/airflow/dags/rugby_pipeline.py
[2025-12-29T15:29:10.299+0000] {processor.py:830} INFO - Processing file /opt/airflow/dags/rugby_pipeline.py for tasks to queue
[2025-12-29T15:29:10.326+0000] {logging_mixin.py:188} INFO - [2025-12-29T15:29:10.316+0000] {dagbag.py:538} INFO - Filling up the DagBag from /opt/airflow/dags/rugby_pipeline.py
[2025-12-29T15:29:10.875+0000] {processor.py:840} INFO - DAG(s) 'rugby_pipeline' retrieved from /opt/airflow/dags/rugby_pipeline.py
[2025-12-29T15:29:11.333+0000] {logging_mixin.py:188} INFO - [2025-12-29T15:29:11.330+0000] {dag.py:3036} INFO - Sync 1 DAGs
[2025-12-29T15:29:12.074+0000] {logging_mixin.py:188} INFO - [2025-12-29T15:29:12.062+0000] {dag.py:3823} INFO - Setting next_dagrun for rugby_pipeline to 2025-12-28 00:00:00+00:00, run_after=2025-12-29 00:00:00+00:00
[2025-12-29T15:29:12.576+0000] {processor.py:183} INFO - Processing /opt/airflow/dags/rugby_pipeline.py took 2.373 seconds
[2025-12-29T15:29:44.073+0000] {processor.py:161} INFO - Started process (PID=5579) to work on /opt/airflow/dags/rugby_pipeline.py
[2025-12-29T15:29:44.088+0000] {processor.py:830} INFO - Processing file /opt/airflow/dags/rugby_pipeline.py for tasks to queue
[2025-12-29T15:29:44.101+0000] {logging_mixin.py:188} INFO - [2025-12-29T15:29:44.097+0000] {dagbag.py:538} INFO - Filling up the DagBag from /opt/airflow/dags/rugby_pipeline.py
[2025-12-29T15:29:44.374+0000] {processor.py:840} INFO - DAG(s) 'rugby_pipeline' retrieved from /opt/airflow/dags/rugby_pipeline.py
[2025-12-29T15:29:44.749+0000] {logging_mixin.py:188} INFO - [2025-12-29T15:29:44.745+0000] {dag.py:3036} INFO - Sync 1 DAGs
[2025-12-29T15:29:45.130+0000] {logging_mixin.py:188} INFO - [2025-12-29T15:29:45.126+0000] {dag.py:3823} INFO - Setting next_dagrun for rugby_pipeline to 2025-12-28 00:00:00+00:00, run_after=2025-12-29 00:00:00+00:00
[2025-12-29T15:29:45.419+0000] {processor.py:183} INFO - Processing /opt/airflow/dags/rugby_pipeline.py took 1.392 seconds
[2025-12-29T15:30:16.304+0000] {processor.py:161} INFO - Started process (PID=5599) to work on /opt/airflow/dags/rugby_pipeline.py
[2025-12-29T15:30:16.323+0000] {processor.py:830} INFO - Processing file /opt/airflow/dags/rugby_pipeline.py for tasks to queue
[2025-12-29T15:30:16.340+0000] {logging_mixin.py:188} INFO - [2025-12-29T15:30:16.335+0000] {dagbag.py:538} INFO - Filling up the DagBag from /opt/airflow/dags/rugby_pipeline.py
[2025-12-29T15:30:16.708+0000] {processor.py:840} INFO - DAG(s) 'rugby_pipeline' retrieved from /opt/airflow/dags/rugby_pipeline.py
[2025-12-29T15:30:17.190+0000] {logging_mixin.py:188} INFO - [2025-12-29T15:30:17.187+0000] {dag.py:3036} INFO - Sync 1 DAGs
[2025-12-29T15:30:17.647+0000] {logging_mixin.py:188} INFO - [2025-12-29T15:30:17.644+0000] {dag.py:3823} INFO - Setting next_dagrun for rugby_pipeline to 2025-12-28 00:00:00+00:00, run_after=2025-12-29 00:00:00+00:00
[2025-12-29T15:30:17.898+0000] {processor.py:183} INFO - Processing /opt/airflow/dags/rugby_pipeline.py took 1.661 seconds
[2025-12-29T15:30:49.170+0000] {processor.py:161} INFO - Started process (PID=5619) to work on /opt/airflow/dags/rugby_pipeline.py
[2025-12-29T15:30:49.188+0000] {processor.py:830} INFO - Processing file /opt/airflow/dags/rugby_pipeline.py for tasks to queue
[2025-12-29T15:30:49.208+0000] {logging_mixin.py:188} INFO - [2025-12-29T15:30:49.200+0000] {dagbag.py:538} INFO - Filling up the DagBag from /opt/airflow/dags/rugby_pipeline.py
[2025-12-29T15:30:49.519+0000] {processor.py:840} INFO - DAG(s) 'rugby_pipeline' retrieved from /opt/airflow/dags/rugby_pipeline.py
[2025-12-29T15:30:49.932+0000] {logging_mixin.py:188} INFO - [2025-12-29T15:30:49.919+0000] {dag.py:3036} INFO - Sync 1 DAGs
[2025-12-29T15:30:50.378+0000] {logging_mixin.py:188} INFO - [2025-12-29T15:30:50.375+0000] {dag.py:3823} INFO - Setting next_dagrun for rugby_pipeline to 2025-12-28 00:00:00+00:00, run_after=2025-12-29 00:00:00+00:00
[2025-12-29T15:30:50.688+0000] {processor.py:183} INFO - Processing /opt/airflow/dags/rugby_pipeline.py took 1.602 seconds
[2025-12-29T15:31:22.078+0000] {processor.py:161} INFO - Started process (PID=5641) to work on /opt/airflow/dags/rugby_pipeline.py
[2025-12-29T15:31:22.088+0000] {processor.py:830} INFO - Processing file /opt/airflow/dags/rugby_pipeline.py for tasks to queue
[2025-12-29T15:31:22.096+0000] {logging_mixin.py:188} INFO - [2025-12-29T15:31:22.093+0000] {dagbag.py:538} INFO - Filling up the DagBag from /opt/airflow/dags/rugby_pipeline.py
[2025-12-29T15:31:22.241+0000] {processor.py:840} INFO - DAG(s) 'rugby_pipeline' retrieved from /opt/airflow/dags/rugby_pipeline.py
[2025-12-29T15:31:22.397+0000] {logging_mixin.py:188} INFO - [2025-12-29T15:31:22.395+0000] {dag.py:3036} INFO - Sync 1 DAGs
[2025-12-29T15:31:22.569+0000] {logging_mixin.py:188} INFO - [2025-12-29T15:31:22.568+0000] {dag.py:3823} INFO - Setting next_dagrun for rugby_pipeline to 2025-12-28 00:00:00+00:00, run_after=2025-12-29 00:00:00+00:00
[2025-12-29T15:31:22.735+0000] {processor.py:183} INFO - Processing /opt/airflow/dags/rugby_pipeline.py took 0.685 seconds
[2025-12-29T15:31:53.375+0000] {processor.py:161} INFO - Started process (PID=5661) to work on /opt/airflow/dags/rugby_pipeline.py
[2025-12-29T15:31:53.382+0000] {processor.py:830} INFO - Processing file /opt/airflow/dags/rugby_pipeline.py for tasks to queue
[2025-12-29T15:31:53.387+0000] {logging_mixin.py:188} INFO - [2025-12-29T15:31:53.386+0000] {dagbag.py:538} INFO - Filling up the DagBag from /opt/airflow/dags/rugby_pipeline.py
[2025-12-29T15:31:53.488+0000] {processor.py:840} INFO - DAG(s) 'rugby_pipeline' retrieved from /opt/airflow/dags/rugby_pipeline.py
[2025-12-29T15:31:53.588+0000] {logging_mixin.py:188} INFO - [2025-12-29T15:31:53.586+0000] {dag.py:3036} INFO - Sync 1 DAGs
[2025-12-29T15:31:53.700+0000] {logging_mixin.py:188} INFO - [2025-12-29T15:31:53.699+0000] {dag.py:3823} INFO - Setting next_dagrun for rugby_pipeline to 2025-12-28 00:00:00+00:00, run_after=2025-12-29 00:00:00+00:00
[2025-12-29T15:31:53.795+0000] {processor.py:183} INFO - Processing /opt/airflow/dags/rugby_pipeline.py took 0.441 seconds
[2025-12-29T15:32:24.771+0000] {processor.py:161} INFO - Started process (PID=5681) to work on /opt/airflow/dags/rugby_pipeline.py
[2025-12-29T15:32:24.775+0000] {processor.py:830} INFO - Processing file /opt/airflow/dags/rugby_pipeline.py for tasks to queue
[2025-12-29T15:32:24.778+0000] {logging_mixin.py:188} INFO - [2025-12-29T15:32:24.777+0000] {dagbag.py:538} INFO - Filling up the DagBag from /opt/airflow/dags/rugby_pipeline.py
[2025-12-29T15:32:24.836+0000] {processor.py:840} INFO - DAG(s) 'rugby_pipeline' retrieved from /opt/airflow/dags/rugby_pipeline.py
[2025-12-29T15:32:24.893+0000] {logging_mixin.py:188} INFO - [2025-12-29T15:32:24.893+0000] {dag.py:3036} INFO - Sync 1 DAGs
[2025-12-29T15:32:24.965+0000] {logging_mixin.py:188} INFO - [2025-12-29T15:32:24.964+0000] {dag.py:3823} INFO - Setting next_dagrun for rugby_pipeline to 2025-12-28 00:00:00+00:00, run_after=2025-12-29 00:00:00+00:00
[2025-12-29T15:32:25.024+0000] {processor.py:183} INFO - Processing /opt/airflow/dags/rugby_pipeline.py took 0.263 seconds
[2025-12-29T15:32:55.206+0000] {processor.py:161} INFO - Started process (PID=5701) to work on /opt/airflow/dags/rugby_pipeline.py
[2025-12-29T15:32:55.210+0000] {processor.py:830} INFO - Processing file /opt/airflow/dags/rugby_pipeline.py for tasks to queue
[2025-12-29T15:32:55.212+0000] {logging_mixin.py:188} INFO - [2025-12-29T15:32:55.212+0000] {dagbag.py:538} INFO - Filling up the DagBag from /opt/airflow/dags/rugby_pipeline.py
[2025-12-29T15:32:55.269+0000] {processor.py:840} INFO - DAG(s) 'rugby_pipeline' retrieved from /opt/airflow/dags/rugby_pipeline.py
[2025-12-29T15:32:55.327+0000] {logging_mixin.py:188} INFO - [2025-12-29T15:32:55.326+0000] {dag.py:3036} INFO - Sync 1 DAGs
[2025-12-29T15:32:55.392+0000] {logging_mixin.py:188} INFO - [2025-12-29T15:32:55.391+0000] {dag.py:3823} INFO - Setting next_dagrun for rugby_pipeline to 2025-12-28 00:00:00+00:00, run_after=2025-12-29 00:00:00+00:00
[2025-12-29T15:32:55.451+0000] {processor.py:183} INFO - Processing /opt/airflow/dags/rugby_pipeline.py took 0.254 seconds
[2025-12-29T15:33:25.684+0000] {processor.py:161} INFO - Started process (PID=5721) to work on /opt/airflow/dags/rugby_pipeline.py
[2025-12-29T15:33:25.687+0000] {processor.py:830} INFO - Processing file /opt/airflow/dags/rugby_pipeline.py for tasks to queue
[2025-12-29T15:33:25.689+0000] {logging_mixin.py:188} INFO - [2025-12-29T15:33:25.689+0000] {dagbag.py:538} INFO - Filling up the DagBag from /opt/airflow/dags/rugby_pipeline.py
[2025-12-29T15:33:25.731+0000] {processor.py:840} INFO - DAG(s) 'rugby_pipeline' retrieved from /opt/airflow/dags/rugby_pipeline.py
[2025-12-29T15:33:25.772+0000] {logging_mixin.py:188} INFO - [2025-12-29T15:33:25.772+0000] {dag.py:3036} INFO - Sync 1 DAGs
[2025-12-29T15:33:25.818+0000] {logging_mixin.py:188} INFO - [2025-12-29T15:33:25.818+0000] {dag.py:3823} INFO - Setting next_dagrun for rugby_pipeline to 2025-12-28 00:00:00+00:00, run_after=2025-12-29 00:00:00+00:00
[2025-12-29T15:33:25.866+0000] {processor.py:183} INFO - Processing /opt/airflow/dags/rugby_pipeline.py took 0.189 seconds
[2025-12-29T15:33:56.784+0000] {processor.py:161} INFO - Started process (PID=5741) to work on /opt/airflow/dags/rugby_pipeline.py
[2025-12-29T15:33:56.787+0000] {processor.py:830} INFO - Processing file /opt/airflow/dags/rugby_pipeline.py for tasks to queue
[2025-12-29T15:33:56.790+0000] {logging_mixin.py:188} INFO - [2025-12-29T15:33:56.789+0000] {dagbag.py:538} INFO - Filling up the DagBag from /opt/airflow/dags/rugby_pipeline.py
[2025-12-29T15:33:56.847+0000] {processor.py:840} INFO - DAG(s) 'rugby_pipeline' retrieved from /opt/airflow/dags/rugby_pipeline.py
[2025-12-29T15:33:56.906+0000] {logging_mixin.py:188} INFO - [2025-12-29T15:33:56.905+0000] {dag.py:3036} INFO - Sync 1 DAGs
[2025-12-29T15:33:56.975+0000] {logging_mixin.py:188} INFO - [2025-12-29T15:33:56.974+0000] {dag.py:3823} INFO - Setting next_dagrun for rugby_pipeline to 2025-12-28 00:00:00+00:00, run_after=2025-12-29 00:00:00+00:00
[2025-12-29T15:33:57.031+0000] {processor.py:183} INFO - Processing /opt/airflow/dags/rugby_pipeline.py took 0.257 seconds
[2025-12-29T15:34:27.408+0000] {processor.py:161} INFO - Started process (PID=5761) to work on /opt/airflow/dags/rugby_pipeline.py
[2025-12-29T15:34:27.411+0000] {processor.py:830} INFO - Processing file /opt/airflow/dags/rugby_pipeline.py for tasks to queue
[2025-12-29T15:34:27.414+0000] {logging_mixin.py:188} INFO - [2025-12-29T15:34:27.414+0000] {dagbag.py:538} INFO - Filling up the DagBag from /opt/airflow/dags/rugby_pipeline.py
[2025-12-29T15:34:27.468+0000] {processor.py:840} INFO - DAG(s) 'rugby_pipeline' retrieved from /opt/airflow/dags/rugby_pipeline.py
[2025-12-29T15:34:27.527+0000] {logging_mixin.py:188} INFO - [2025-12-29T15:34:27.526+0000] {dag.py:3036} INFO - Sync 1 DAGs
[2025-12-29T15:34:27.578+0000] {logging_mixin.py:188} INFO - [2025-12-29T15:34:27.578+0000] {dag.py:3823} INFO - Setting next_dagrun for rugby_pipeline to 2025-12-28 00:00:00+00:00, run_after=2025-12-29 00:00:00+00:00
[2025-12-29T15:34:27.618+0000] {processor.py:183} INFO - Processing /opt/airflow/dags/rugby_pipeline.py took 0.222 seconds
[2025-12-29T15:34:58.410+0000] {processor.py:161} INFO - Started process (PID=5781) to work on /opt/airflow/dags/rugby_pipeline.py
[2025-12-29T15:34:58.413+0000] {processor.py:830} INFO - Processing file /opt/airflow/dags/rugby_pipeline.py for tasks to queue
[2025-12-29T15:34:58.415+0000] {logging_mixin.py:188} INFO - [2025-12-29T15:34:58.414+0000] {dagbag.py:538} INFO - Filling up the DagBag from /opt/airflow/dags/rugby_pipeline.py
[2025-12-29T15:34:58.452+0000] {processor.py:840} INFO - DAG(s) 'rugby_pipeline' retrieved from /opt/airflow/dags/rugby_pipeline.py
[2025-12-29T15:34:58.500+0000] {logging_mixin.py:188} INFO - [2025-12-29T15:34:58.499+0000] {dag.py:3036} INFO - Sync 1 DAGs
[2025-12-29T15:34:58.546+0000] {logging_mixin.py:188} INFO - [2025-12-29T15:34:58.546+0000] {dag.py:3823} INFO - Setting next_dagrun for rugby_pipeline to 2025-12-28 00:00:00+00:00, run_after=2025-12-29 00:00:00+00:00
[2025-12-29T15:34:58.593+0000] {processor.py:183} INFO - Processing /opt/airflow/dags/rugby_pipeline.py took 0.190 seconds
[2025-12-29T15:35:29.584+0000] {processor.py:161} INFO - Started process (PID=5801) to work on /opt/airflow/dags/rugby_pipeline.py
[2025-12-29T15:35:29.587+0000] {processor.py:830} INFO - Processing file /opt/airflow/dags/rugby_pipeline.py for tasks to queue
[2025-12-29T15:35:29.590+0000] {logging_mixin.py:188} INFO - [2025-12-29T15:35:29.590+0000] {dagbag.py:538} INFO - Filling up the DagBag from /opt/airflow/dags/rugby_pipeline.py
[2025-12-29T15:35:29.642+0000] {processor.py:840} INFO - DAG(s) 'rugby_pipeline' retrieved from /opt/airflow/dags/rugby_pipeline.py
[2025-12-29T15:35:29.695+0000] {logging_mixin.py:188} INFO - [2025-12-29T15:35:29.694+0000] {dag.py:3036} INFO - Sync 1 DAGs
[2025-12-29T15:35:29.749+0000] {logging_mixin.py:188} INFO - [2025-12-29T15:35:29.748+0000] {dag.py:3823} INFO - Setting next_dagrun for rugby_pipeline to 2025-12-28 00:00:00+00:00, run_after=2025-12-29 00:00:00+00:00
[2025-12-29T15:35:29.802+0000] {processor.py:183} INFO - Processing /opt/airflow/dags/rugby_pipeline.py took 0.227 seconds
[2025-12-29T15:36:00.764+0000] {processor.py:161} INFO - Started process (PID=5821) to work on /opt/airflow/dags/rugby_pipeline.py
[2025-12-29T15:36:00.765+0000] {processor.py:830} INFO - Processing file /opt/airflow/dags/rugby_pipeline.py for tasks to queue
[2025-12-29T15:36:00.767+0000] {logging_mixin.py:188} INFO - [2025-12-29T15:36:00.766+0000] {dagbag.py:538} INFO - Filling up the DagBag from /opt/airflow/dags/rugby_pipeline.py
[2025-12-29T15:36:00.798+0000] {processor.py:840} INFO - DAG(s) 'rugby_pipeline' retrieved from /opt/airflow/dags/rugby_pipeline.py
[2025-12-29T15:36:00.836+0000] {logging_mixin.py:188} INFO - [2025-12-29T15:36:00.836+0000] {dag.py:3036} INFO - Sync 1 DAGs
[2025-12-29T15:36:00.884+0000] {logging_mixin.py:188} INFO - [2025-12-29T15:36:00.883+0000] {dag.py:3823} INFO - Setting next_dagrun for rugby_pipeline to 2025-12-28 00:00:00+00:00, run_after=2025-12-29 00:00:00+00:00
[2025-12-29T15:36:00.921+0000] {processor.py:183} INFO - Processing /opt/airflow/dags/rugby_pipeline.py took 0.161 seconds
[2025-12-29T15:36:31.319+0000] {processor.py:161} INFO - Started process (PID=5841) to work on /opt/airflow/dags/rugby_pipeline.py
[2025-12-29T15:36:31.320+0000] {processor.py:830} INFO - Processing file /opt/airflow/dags/rugby_pipeline.py for tasks to queue
[2025-12-29T15:36:31.321+0000] {logging_mixin.py:188} INFO - [2025-12-29T15:36:31.321+0000] {dagbag.py:538} INFO - Filling up the DagBag from /opt/airflow/dags/rugby_pipeline.py
[2025-12-29T15:36:31.339+0000] {processor.py:840} INFO - DAG(s) 'rugby_pipeline' retrieved from /opt/airflow/dags/rugby_pipeline.py
[2025-12-29T15:36:31.365+0000] {logging_mixin.py:188} INFO - [2025-12-29T15:36:31.364+0000] {dag.py:3036} INFO - Sync 1 DAGs
[2025-12-29T15:36:31.392+0000] {logging_mixin.py:188} INFO - [2025-12-29T15:36:31.392+0000] {dag.py:3823} INFO - Setting next_dagrun for rugby_pipeline to 2025-12-28 00:00:00+00:00, run_after=2025-12-29 00:00:00+00:00
[2025-12-29T15:36:31.414+0000] {processor.py:183} INFO - Processing /opt/airflow/dags/rugby_pipeline.py took 0.098 seconds
[2025-12-29T17:59:19.205+0000] {processor.py:161} INFO - Started process (PID=5863) to work on /opt/airflow/dags/rugby_pipeline.py
[2025-12-29T17:59:19.329+0000] {processor.py:830} INFO - Processing file /opt/airflow/dags/rugby_pipeline.py for tasks to queue
[2025-12-29T17:59:19.385+0000] {logging_mixin.py:188} INFO - [2025-12-29T17:59:19.371+0000] {dagbag.py:538} INFO - Filling up the DagBag from /opt/airflow/dags/rugby_pipeline.py
[2025-12-29T17:59:20.610+0000] {processor.py:840} INFO - DAG(s) 'rugby_pipeline' retrieved from /opt/airflow/dags/rugby_pipeline.py
[2025-12-29T17:59:21.601+0000] {logging_mixin.py:188} INFO - [2025-12-29T17:59:21.584+0000] {dag.py:3036} INFO - Sync 1 DAGs
[2025-12-29T17:59:22.881+0000] {logging_mixin.py:188} INFO - [2025-12-29T17:59:22.867+0000] {dag.py:3823} INFO - Setting next_dagrun for rugby_pipeline to 2025-12-28 00:00:00+00:00, run_after=2025-12-29 00:00:00+00:00
[2025-12-29T17:59:23.588+0000] {processor.py:183} INFO - Processing /opt/airflow/dags/rugby_pipeline.py took 4.548 seconds
[2025-12-29T23:47:36.261+0000] {processor.py:161} INFO - Started process (PID=5887) to work on /opt/airflow/dags/rugby_pipeline.py
[2025-12-29T23:47:36.280+0000] {processor.py:830} INFO - Processing file /opt/airflow/dags/rugby_pipeline.py for tasks to queue
[2025-12-29T23:47:36.294+0000] {logging_mixin.py:188} INFO - [2025-12-29T23:47:36.292+0000] {dagbag.py:538} INFO - Filling up the DagBag from /opt/airflow/dags/rugby_pipeline.py
[2025-12-29T23:47:36.740+0000] {processor.py:840} INFO - DAG(s) 'rugby_pipeline' retrieved from /opt/airflow/dags/rugby_pipeline.py
[2025-12-29T23:47:37.224+0000] {logging_mixin.py:188} INFO - [2025-12-29T23:47:37.222+0000] {dag.py:3036} INFO - Sync 1 DAGs
[2025-12-29T23:47:37.988+0000] {logging_mixin.py:188} INFO - [2025-12-29T23:47:37.986+0000] {dag.py:3823} INFO - Setting next_dagrun for rugby_pipeline to 2025-12-28 00:00:00+00:00, run_after=2025-12-29 00:00:00+00:00
[2025-12-29T23:47:38.475+0000] {processor.py:183} INFO - Processing /opt/airflow/dags/rugby_pipeline.py took 2.268 seconds
