[2025-12-28T14:52:16.485+0000] {processor.py:161} INFO - Started process (PID=2231) to work on /opt/airflow/dags/match_predictions.py
[2025-12-28T14:52:16.491+0000] {processor.py:830} INFO - Processing file /opt/airflow/dags/match_predictions.py for tasks to queue
[2025-12-28T14:52:16.504+0000] {logging_mixin.py:188} INFO - [2025-12-28T14:52:16.503+0000] {dagbag.py:538} INFO - Filling up the DagBag from /opt/airflow/dags/match_predictions.py
[2025-12-28T14:52:16.742+0000] {processor.py:842} WARNING - No viable dags retrieved from /opt/airflow/dags/match_predictions.py
[2025-12-28T14:52:16.840+0000] {processor.py:183} INFO - Processing /opt/airflow/dags/match_predictions.py took 0.408 seconds
[2025-12-28T14:52:47.527+0000] {processor.py:161} INFO - Started process (PID=2251) to work on /opt/airflow/dags/match_predictions.py
[2025-12-28T14:52:47.530+0000] {processor.py:830} INFO - Processing file /opt/airflow/dags/match_predictions.py for tasks to queue
[2025-12-28T14:52:47.532+0000] {logging_mixin.py:188} INFO - [2025-12-28T14:52:47.531+0000] {dagbag.py:538} INFO - Filling up the DagBag from /opt/airflow/dags/match_predictions.py
[2025-12-28T14:52:47.560+0000] {processor.py:842} WARNING - No viable dags retrieved from /opt/airflow/dags/match_predictions.py
[2025-12-28T14:52:47.597+0000] {processor.py:183} INFO - Processing /opt/airflow/dags/match_predictions.py took 0.076 seconds
[2025-12-28T14:53:18.179+0000] {processor.py:161} INFO - Started process (PID=2271) to work on /opt/airflow/dags/match_predictions.py
[2025-12-28T14:53:18.182+0000] {processor.py:830} INFO - Processing file /opt/airflow/dags/match_predictions.py for tasks to queue
[2025-12-28T14:53:18.185+0000] {logging_mixin.py:188} INFO - [2025-12-28T14:53:18.184+0000] {dagbag.py:538} INFO - Filling up the DagBag from /opt/airflow/dags/match_predictions.py
[2025-12-28T14:53:18.217+0000] {processor.py:842} WARNING - No viable dags retrieved from /opt/airflow/dags/match_predictions.py
[2025-12-28T14:53:18.248+0000] {processor.py:183} INFO - Processing /opt/airflow/dags/match_predictions.py took 0.079 seconds
[2025-12-28T14:53:48.825+0000] {processor.py:161} INFO - Started process (PID=2291) to work on /opt/airflow/dags/match_predictions.py
[2025-12-28T14:53:48.827+0000] {processor.py:830} INFO - Processing file /opt/airflow/dags/match_predictions.py for tasks to queue
[2025-12-28T14:53:48.830+0000] {logging_mixin.py:188} INFO - [2025-12-28T14:53:48.829+0000] {dagbag.py:538} INFO - Filling up the DagBag from /opt/airflow/dags/match_predictions.py
[2025-12-28T14:53:48.859+0000] {processor.py:842} WARNING - No viable dags retrieved from /opt/airflow/dags/match_predictions.py
[2025-12-28T14:53:48.897+0000] {processor.py:183} INFO - Processing /opt/airflow/dags/match_predictions.py took 0.082 seconds
[2025-12-28T14:54:19.555+0000] {processor.py:161} INFO - Started process (PID=2311) to work on /opt/airflow/dags/match_predictions.py
[2025-12-28T14:54:19.567+0000] {processor.py:830} INFO - Processing file /opt/airflow/dags/match_predictions.py for tasks to queue
[2025-12-28T14:54:19.571+0000] {logging_mixin.py:188} INFO - [2025-12-28T14:54:19.570+0000] {dagbag.py:538} INFO - Filling up the DagBag from /opt/airflow/dags/match_predictions.py
[2025-12-28T14:54:19.651+0000] {processor.py:842} WARNING - No viable dags retrieved from /opt/airflow/dags/match_predictions.py
[2025-12-28T14:54:19.696+0000] {processor.py:183} INFO - Processing /opt/airflow/dags/match_predictions.py took 0.156 seconds
[2025-12-28T18:53:36.210+0000] {processor.py:161} INFO - Started process (PID=2343) to work on /opt/airflow/dags/match_predictions.py
[2025-12-28T18:53:36.332+0000] {processor.py:830} INFO - Processing file /opt/airflow/dags/match_predictions.py for tasks to queue
[2025-12-28T18:53:36.589+0000] {logging_mixin.py:188} INFO - [2025-12-28T18:53:36.574+0000] {dagbag.py:538} INFO - Filling up the DagBag from /opt/airflow/dags/match_predictions.py
[2025-12-28T18:53:37.875+0000] {processor.py:842} WARNING - No viable dags retrieved from /opt/airflow/dags/match_predictions.py
[2025-12-28T18:53:38.448+0000] {processor.py:183} INFO - Processing /opt/airflow/dags/match_predictions.py took 2.366 seconds
[2025-12-28T20:23:36.864+0000] {processor.py:161} INFO - Started process (PID=2365) to work on /opt/airflow/dags/match_predictions.py
[2025-12-28T20:23:36.868+0000] {processor.py:830} INFO - Processing file /opt/airflow/dags/match_predictions.py for tasks to queue
[2025-12-28T20:23:36.882+0000] {logging_mixin.py:188} INFO - [2025-12-28T20:23:36.881+0000] {dagbag.py:538} INFO - Filling up the DagBag from /opt/airflow/dags/match_predictions.py
[2025-12-28T20:23:36.965+0000] {processor.py:842} WARNING - No viable dags retrieved from /opt/airflow/dags/match_predictions.py
[2025-12-28T20:23:37.014+0000] {processor.py:183} INFO - Processing /opt/airflow/dags/match_predictions.py took 0.167 seconds
[2025-12-28T20:24:07.595+0000] {processor.py:161} INFO - Started process (PID=2385) to work on /opt/airflow/dags/match_predictions.py
[2025-12-28T20:24:07.596+0000] {processor.py:830} INFO - Processing file /opt/airflow/dags/match_predictions.py for tasks to queue
[2025-12-28T20:24:07.598+0000] {logging_mixin.py:188} INFO - [2025-12-28T20:24:07.597+0000] {dagbag.py:538} INFO - Filling up the DagBag from /opt/airflow/dags/match_predictions.py
[2025-12-28T20:24:07.623+0000] {processor.py:842} WARNING - No viable dags retrieved from /opt/airflow/dags/match_predictions.py
[2025-12-28T20:24:07.642+0000] {processor.py:183} INFO - Processing /opt/airflow/dags/match_predictions.py took 0.051 seconds
[2025-12-28T20:24:38.107+0000] {processor.py:161} INFO - Started process (PID=2405) to work on /opt/airflow/dags/match_predictions.py
[2025-12-28T20:24:38.109+0000] {processor.py:830} INFO - Processing file /opt/airflow/dags/match_predictions.py for tasks to queue
[2025-12-28T20:24:38.110+0000] {logging_mixin.py:188} INFO - [2025-12-28T20:24:38.110+0000] {dagbag.py:538} INFO - Filling up the DagBag from /opt/airflow/dags/match_predictions.py
[2025-12-28T20:24:38.134+0000] {processor.py:842} WARNING - No viable dags retrieved from /opt/airflow/dags/match_predictions.py
[2025-12-28T20:24:38.154+0000] {processor.py:183} INFO - Processing /opt/airflow/dags/match_predictions.py took 0.051 seconds
[2025-12-28T20:25:08.675+0000] {processor.py:161} INFO - Started process (PID=2425) to work on /opt/airflow/dags/match_predictions.py
[2025-12-28T20:25:08.677+0000] {processor.py:830} INFO - Processing file /opt/airflow/dags/match_predictions.py for tasks to queue
[2025-12-28T20:25:08.680+0000] {logging_mixin.py:188} INFO - [2025-12-28T20:25:08.679+0000] {dagbag.py:538} INFO - Filling up the DagBag from /opt/airflow/dags/match_predictions.py
[2025-12-28T20:25:08.706+0000] {processor.py:842} WARNING - No viable dags retrieved from /opt/airflow/dags/match_predictions.py
[2025-12-28T20:25:08.735+0000] {processor.py:183} INFO - Processing /opt/airflow/dags/match_predictions.py took 0.068 seconds
[2025-12-28T20:25:39.334+0000] {processor.py:161} INFO - Started process (PID=2445) to work on /opt/airflow/dags/match_predictions.py
[2025-12-28T20:25:39.336+0000] {processor.py:830} INFO - Processing file /opt/airflow/dags/match_predictions.py for tasks to queue
[2025-12-28T20:25:39.337+0000] {logging_mixin.py:188} INFO - [2025-12-28T20:25:39.337+0000] {dagbag.py:538} INFO - Filling up the DagBag from /opt/airflow/dags/match_predictions.py
[2025-12-28T20:25:39.355+0000] {processor.py:842} WARNING - No viable dags retrieved from /opt/airflow/dags/match_predictions.py
[2025-12-28T20:25:39.378+0000] {processor.py:183} INFO - Processing /opt/airflow/dags/match_predictions.py took 0.048 seconds
[2025-12-28T20:26:09.962+0000] {processor.py:161} INFO - Started process (PID=2465) to work on /opt/airflow/dags/match_predictions.py
[2025-12-28T20:26:09.964+0000] {processor.py:830} INFO - Processing file /opt/airflow/dags/match_predictions.py for tasks to queue
[2025-12-28T20:26:09.965+0000] {logging_mixin.py:188} INFO - [2025-12-28T20:26:09.965+0000] {dagbag.py:538} INFO - Filling up the DagBag from /opt/airflow/dags/match_predictions.py
[2025-12-28T20:26:09.992+0000] {processor.py:842} WARNING - No viable dags retrieved from /opt/airflow/dags/match_predictions.py
[2025-12-28T20:26:10.022+0000] {processor.py:183} INFO - Processing /opt/airflow/dags/match_predictions.py took 0.066 seconds
[2025-12-28T20:26:40.862+0000] {processor.py:161} INFO - Started process (PID=2485) to work on /opt/airflow/dags/match_predictions.py
[2025-12-28T20:26:40.864+0000] {processor.py:830} INFO - Processing file /opt/airflow/dags/match_predictions.py for tasks to queue
[2025-12-28T20:26:40.866+0000] {logging_mixin.py:188} INFO - [2025-12-28T20:26:40.865+0000] {dagbag.py:538} INFO - Filling up the DagBag from /opt/airflow/dags/match_predictions.py
[2025-12-28T20:26:40.891+0000] {processor.py:842} WARNING - No viable dags retrieved from /opt/airflow/dags/match_predictions.py
[2025-12-28T20:26:40.916+0000] {processor.py:183} INFO - Processing /opt/airflow/dags/match_predictions.py took 0.059 seconds
[2025-12-28T20:27:11.550+0000] {processor.py:161} INFO - Started process (PID=2505) to work on /opt/airflow/dags/match_predictions.py
[2025-12-28T20:27:11.552+0000] {processor.py:830} INFO - Processing file /opt/airflow/dags/match_predictions.py for tasks to queue
[2025-12-28T20:27:11.555+0000] {logging_mixin.py:188} INFO - [2025-12-28T20:27:11.554+0000] {dagbag.py:538} INFO - Filling up the DagBag from /opt/airflow/dags/match_predictions.py
[2025-12-28T20:27:11.582+0000] {processor.py:842} WARNING - No viable dags retrieved from /opt/airflow/dags/match_predictions.py
[2025-12-28T20:27:11.612+0000] {processor.py:183} INFO - Processing /opt/airflow/dags/match_predictions.py took 0.068 seconds
[2025-12-28T20:27:42.428+0000] {processor.py:161} INFO - Started process (PID=2525) to work on /opt/airflow/dags/match_predictions.py
[2025-12-28T20:27:42.430+0000] {processor.py:830} INFO - Processing file /opt/airflow/dags/match_predictions.py for tasks to queue
[2025-12-28T20:27:42.432+0000] {logging_mixin.py:188} INFO - [2025-12-28T20:27:42.432+0000] {dagbag.py:538} INFO - Filling up the DagBag from /opt/airflow/dags/match_predictions.py
[2025-12-28T20:27:42.461+0000] {processor.py:842} WARNING - No viable dags retrieved from /opt/airflow/dags/match_predictions.py
[2025-12-28T20:27:42.484+0000] {processor.py:183} INFO - Processing /opt/airflow/dags/match_predictions.py took 0.061 seconds
[2025-12-28T20:28:13.149+0000] {processor.py:161} INFO - Started process (PID=2545) to work on /opt/airflow/dags/match_predictions.py
[2025-12-28T20:28:13.151+0000] {processor.py:830} INFO - Processing file /opt/airflow/dags/match_predictions.py for tasks to queue
[2025-12-28T20:28:13.153+0000] {logging_mixin.py:188} INFO - [2025-12-28T20:28:13.153+0000] {dagbag.py:538} INFO - Filling up the DagBag from /opt/airflow/dags/match_predictions.py
[2025-12-28T20:28:13.182+0000] {processor.py:842} WARNING - No viable dags retrieved from /opt/airflow/dags/match_predictions.py
[2025-12-28T20:28:13.210+0000] {processor.py:183} INFO - Processing /opt/airflow/dags/match_predictions.py took 0.069 seconds
[2025-12-28T20:28:43.950+0000] {processor.py:161} INFO - Started process (PID=2565) to work on /opt/airflow/dags/match_predictions.py
[2025-12-28T20:28:43.953+0000] {processor.py:830} INFO - Processing file /opt/airflow/dags/match_predictions.py for tasks to queue
[2025-12-28T20:28:43.956+0000] {logging_mixin.py:188} INFO - [2025-12-28T20:28:43.955+0000] {dagbag.py:538} INFO - Filling up the DagBag from /opt/airflow/dags/match_predictions.py
[2025-12-28T20:28:43.984+0000] {processor.py:842} WARNING - No viable dags retrieved from /opt/airflow/dags/match_predictions.py
[2025-12-28T20:28:44.011+0000] {processor.py:183} INFO - Processing /opt/airflow/dags/match_predictions.py took 0.068 seconds
[2025-12-28T20:29:14.628+0000] {processor.py:161} INFO - Started process (PID=2585) to work on /opt/airflow/dags/match_predictions.py
[2025-12-28T20:29:14.630+0000] {processor.py:830} INFO - Processing file /opt/airflow/dags/match_predictions.py for tasks to queue
[2025-12-28T20:29:14.631+0000] {logging_mixin.py:188} INFO - [2025-12-28T20:29:14.631+0000] {dagbag.py:538} INFO - Filling up the DagBag from /opt/airflow/dags/match_predictions.py
[2025-12-28T20:29:14.659+0000] {processor.py:842} WARNING - No viable dags retrieved from /opt/airflow/dags/match_predictions.py
[2025-12-28T20:29:14.686+0000] {processor.py:183} INFO - Processing /opt/airflow/dags/match_predictions.py took 0.064 seconds
[2025-12-28T20:29:45.353+0000] {processor.py:161} INFO - Started process (PID=2605) to work on /opt/airflow/dags/match_predictions.py
[2025-12-28T20:29:45.355+0000] {processor.py:830} INFO - Processing file /opt/airflow/dags/match_predictions.py for tasks to queue
[2025-12-28T20:29:45.357+0000] {logging_mixin.py:188} INFO - [2025-12-28T20:29:45.356+0000] {dagbag.py:538} INFO - Filling up the DagBag from /opt/airflow/dags/match_predictions.py
[2025-12-28T20:29:45.383+0000] {processor.py:842} WARNING - No viable dags retrieved from /opt/airflow/dags/match_predictions.py
[2025-12-28T20:29:45.413+0000] {processor.py:183} INFO - Processing /opt/airflow/dags/match_predictions.py took 0.069 seconds
[2025-12-28T20:30:16.245+0000] {processor.py:161} INFO - Started process (PID=2625) to work on /opt/airflow/dags/match_predictions.py
[2025-12-28T20:30:16.247+0000] {processor.py:830} INFO - Processing file /opt/airflow/dags/match_predictions.py for tasks to queue
[2025-12-28T20:30:16.248+0000] {logging_mixin.py:188} INFO - [2025-12-28T20:30:16.248+0000] {dagbag.py:538} INFO - Filling up the DagBag from /opt/airflow/dags/match_predictions.py
[2025-12-28T20:30:16.277+0000] {processor.py:842} WARNING - No viable dags retrieved from /opt/airflow/dags/match_predictions.py
[2025-12-28T20:30:16.304+0000] {processor.py:183} INFO - Processing /opt/airflow/dags/match_predictions.py took 0.065 seconds
[2025-12-28T20:30:46.990+0000] {processor.py:161} INFO - Started process (PID=2645) to work on /opt/airflow/dags/match_predictions.py
[2025-12-28T20:30:46.992+0000] {processor.py:830} INFO - Processing file /opt/airflow/dags/match_predictions.py for tasks to queue
[2025-12-28T20:30:46.994+0000] {logging_mixin.py:188} INFO - [2025-12-28T20:30:46.994+0000] {dagbag.py:538} INFO - Filling up the DagBag from /opt/airflow/dags/match_predictions.py
[2025-12-28T20:30:47.019+0000] {processor.py:842} WARNING - No viable dags retrieved from /opt/airflow/dags/match_predictions.py
[2025-12-28T20:30:47.043+0000] {processor.py:183} INFO - Processing /opt/airflow/dags/match_predictions.py took 0.064 seconds
[2025-12-28T20:31:17.705+0000] {processor.py:161} INFO - Started process (PID=2665) to work on /opt/airflow/dags/match_predictions.py
[2025-12-28T20:31:17.707+0000] {processor.py:830} INFO - Processing file /opt/airflow/dags/match_predictions.py for tasks to queue
[2025-12-28T20:31:17.708+0000] {logging_mixin.py:188} INFO - [2025-12-28T20:31:17.708+0000] {dagbag.py:538} INFO - Filling up the DagBag from /opt/airflow/dags/match_predictions.py
[2025-12-28T20:31:17.737+0000] {processor.py:842} WARNING - No viable dags retrieved from /opt/airflow/dags/match_predictions.py
[2025-12-28T20:31:17.763+0000] {processor.py:183} INFO - Processing /opt/airflow/dags/match_predictions.py took 0.065 seconds
[2025-12-28T20:31:48.581+0000] {processor.py:161} INFO - Started process (PID=2685) to work on /opt/airflow/dags/match_predictions.py
[2025-12-28T20:31:48.583+0000] {processor.py:830} INFO - Processing file /opt/airflow/dags/match_predictions.py for tasks to queue
[2025-12-28T20:31:48.585+0000] {logging_mixin.py:188} INFO - [2025-12-28T20:31:48.585+0000] {dagbag.py:538} INFO - Filling up the DagBag from /opt/airflow/dags/match_predictions.py
[2025-12-28T20:31:48.613+0000] {processor.py:842} WARNING - No viable dags retrieved from /opt/airflow/dags/match_predictions.py
[2025-12-28T20:31:48.640+0000] {processor.py:183} INFO - Processing /opt/airflow/dags/match_predictions.py took 0.066 seconds
[2025-12-28T20:32:19.282+0000] {processor.py:161} INFO - Started process (PID=2705) to work on /opt/airflow/dags/match_predictions.py
[2025-12-28T20:32:19.285+0000] {processor.py:830} INFO - Processing file /opt/airflow/dags/match_predictions.py for tasks to queue
[2025-12-28T20:32:19.287+0000] {logging_mixin.py:188} INFO - [2025-12-28T20:32:19.286+0000] {dagbag.py:538} INFO - Filling up the DagBag from /opt/airflow/dags/match_predictions.py
[2025-12-28T20:32:19.315+0000] {processor.py:842} WARNING - No viable dags retrieved from /opt/airflow/dags/match_predictions.py
[2025-12-28T20:32:19.346+0000] {processor.py:183} INFO - Processing /opt/airflow/dags/match_predictions.py took 0.070 seconds
[2025-12-28T20:32:50.023+0000] {processor.py:161} INFO - Started process (PID=2725) to work on /opt/airflow/dags/match_predictions.py
[2025-12-28T20:32:50.026+0000] {processor.py:830} INFO - Processing file /opt/airflow/dags/match_predictions.py for tasks to queue
[2025-12-28T20:32:50.027+0000] {logging_mixin.py:188} INFO - [2025-12-28T20:32:50.027+0000] {dagbag.py:538} INFO - Filling up the DagBag from /opt/airflow/dags/match_predictions.py
[2025-12-28T20:32:50.051+0000] {processor.py:842} WARNING - No viable dags retrieved from /opt/airflow/dags/match_predictions.py
[2025-12-28T20:32:50.080+0000] {processor.py:183} INFO - Processing /opt/airflow/dags/match_predictions.py took 0.064 seconds
[2025-12-28T20:33:20.749+0000] {processor.py:161} INFO - Started process (PID=2745) to work on /opt/airflow/dags/match_predictions.py
[2025-12-28T20:33:20.752+0000] {processor.py:830} INFO - Processing file /opt/airflow/dags/match_predictions.py for tasks to queue
[2025-12-28T20:33:20.754+0000] {logging_mixin.py:188} INFO - [2025-12-28T20:33:20.753+0000] {dagbag.py:538} INFO - Filling up the DagBag from /opt/airflow/dags/match_predictions.py
[2025-12-28T20:33:20.783+0000] {processor.py:842} WARNING - No viable dags retrieved from /opt/airflow/dags/match_predictions.py
[2025-12-28T20:33:20.814+0000] {processor.py:183} INFO - Processing /opt/airflow/dags/match_predictions.py took 0.074 seconds
[2025-12-28T20:33:51.571+0000] {processor.py:161} INFO - Started process (PID=2765) to work on /opt/airflow/dags/match_predictions.py
[2025-12-28T20:33:51.574+0000] {processor.py:830} INFO - Processing file /opt/airflow/dags/match_predictions.py for tasks to queue
[2025-12-28T20:33:51.576+0000] {logging_mixin.py:188} INFO - [2025-12-28T20:33:51.575+0000] {dagbag.py:538} INFO - Filling up the DagBag from /opt/airflow/dags/match_predictions.py
[2025-12-28T20:33:51.601+0000] {processor.py:842} WARNING - No viable dags retrieved from /opt/airflow/dags/match_predictions.py
[2025-12-28T20:33:51.626+0000] {processor.py:183} INFO - Processing /opt/airflow/dags/match_predictions.py took 0.061 seconds
[2025-12-28T20:34:22.275+0000] {processor.py:161} INFO - Started process (PID=2785) to work on /opt/airflow/dags/match_predictions.py
[2025-12-28T20:34:22.277+0000] {processor.py:830} INFO - Processing file /opt/airflow/dags/match_predictions.py for tasks to queue
[2025-12-28T20:34:22.279+0000] {logging_mixin.py:188} INFO - [2025-12-28T20:34:22.279+0000] {dagbag.py:538} INFO - Filling up the DagBag from /opt/airflow/dags/match_predictions.py
[2025-12-28T20:34:22.305+0000] {processor.py:842} WARNING - No viable dags retrieved from /opt/airflow/dags/match_predictions.py
[2025-12-28T20:34:22.333+0000] {processor.py:183} INFO - Processing /opt/airflow/dags/match_predictions.py took 0.065 seconds
[2025-12-28T20:34:53.148+0000] {processor.py:161} INFO - Started process (PID=2805) to work on /opt/airflow/dags/match_predictions.py
[2025-12-28T20:34:53.150+0000] {processor.py:830} INFO - Processing file /opt/airflow/dags/match_predictions.py for tasks to queue
[2025-12-28T20:34:53.152+0000] {logging_mixin.py:188} INFO - [2025-12-28T20:34:53.152+0000] {dagbag.py:538} INFO - Filling up the DagBag from /opt/airflow/dags/match_predictions.py
[2025-12-28T20:34:53.181+0000] {processor.py:842} WARNING - No viable dags retrieved from /opt/airflow/dags/match_predictions.py
[2025-12-28T20:34:53.208+0000] {processor.py:183} INFO - Processing /opt/airflow/dags/match_predictions.py took 0.067 seconds
[2025-12-28T20:35:23.867+0000] {processor.py:161} INFO - Started process (PID=2825) to work on /opt/airflow/dags/match_predictions.py
[2025-12-28T20:35:23.869+0000] {processor.py:830} INFO - Processing file /opt/airflow/dags/match_predictions.py for tasks to queue
[2025-12-28T20:35:23.871+0000] {logging_mixin.py:188} INFO - [2025-12-28T20:35:23.871+0000] {dagbag.py:538} INFO - Filling up the DagBag from /opt/airflow/dags/match_predictions.py
[2025-12-28T20:35:23.902+0000] {processor.py:842} WARNING - No viable dags retrieved from /opt/airflow/dags/match_predictions.py
[2025-12-28T20:35:23.929+0000] {processor.py:183} INFO - Processing /opt/airflow/dags/match_predictions.py took 0.069 seconds
[2025-12-28T20:35:54.575+0000] {processor.py:161} INFO - Started process (PID=2845) to work on /opt/airflow/dags/match_predictions.py
[2025-12-28T20:35:54.579+0000] {processor.py:830} INFO - Processing file /opt/airflow/dags/match_predictions.py for tasks to queue
[2025-12-28T20:35:54.581+0000] {logging_mixin.py:188} INFO - [2025-12-28T20:35:54.580+0000] {dagbag.py:538} INFO - Filling up the DagBag from /opt/airflow/dags/match_predictions.py
[2025-12-28T20:35:54.616+0000] {processor.py:842} WARNING - No viable dags retrieved from /opt/airflow/dags/match_predictions.py
[2025-12-28T20:35:54.649+0000] {processor.py:183} INFO - Processing /opt/airflow/dags/match_predictions.py took 0.082 seconds
[2025-12-28T20:36:25.309+0000] {processor.py:161} INFO - Started process (PID=2865) to work on /opt/airflow/dags/match_predictions.py
[2025-12-28T20:36:25.311+0000] {processor.py:830} INFO - Processing file /opt/airflow/dags/match_predictions.py for tasks to queue
[2025-12-28T20:36:25.312+0000] {logging_mixin.py:188} INFO - [2025-12-28T20:36:25.312+0000] {dagbag.py:538} INFO - Filling up the DagBag from /opt/airflow/dags/match_predictions.py
[2025-12-28T20:36:25.338+0000] {processor.py:842} WARNING - No viable dags retrieved from /opt/airflow/dags/match_predictions.py
[2025-12-28T20:36:25.368+0000] {processor.py:183} INFO - Processing /opt/airflow/dags/match_predictions.py took 0.065 seconds
[2025-12-28T20:36:56.189+0000] {processor.py:161} INFO - Started process (PID=2885) to work on /opt/airflow/dags/match_predictions.py
[2025-12-28T20:36:56.191+0000] {processor.py:830} INFO - Processing file /opt/airflow/dags/match_predictions.py for tasks to queue
[2025-12-28T20:36:56.195+0000] {logging_mixin.py:188} INFO - [2025-12-28T20:36:56.195+0000] {dagbag.py:538} INFO - Filling up the DagBag from /opt/airflow/dags/match_predictions.py
[2025-12-28T20:36:56.222+0000] {processor.py:842} WARNING - No viable dags retrieved from /opt/airflow/dags/match_predictions.py
[2025-12-28T20:36:56.251+0000] {processor.py:183} INFO - Processing /opt/airflow/dags/match_predictions.py took 0.069 seconds
[2025-12-28T20:37:26.885+0000] {processor.py:161} INFO - Started process (PID=2905) to work on /opt/airflow/dags/match_predictions.py
[2025-12-28T20:37:26.887+0000] {processor.py:830} INFO - Processing file /opt/airflow/dags/match_predictions.py for tasks to queue
[2025-12-28T20:37:26.889+0000] {logging_mixin.py:188} INFO - [2025-12-28T20:37:26.888+0000] {dagbag.py:538} INFO - Filling up the DagBag from /opt/airflow/dags/match_predictions.py
[2025-12-28T20:37:26.917+0000] {processor.py:842} WARNING - No viable dags retrieved from /opt/airflow/dags/match_predictions.py
[2025-12-28T20:37:26.947+0000] {processor.py:183} INFO - Processing /opt/airflow/dags/match_predictions.py took 0.070 seconds
[2025-12-28T20:37:57.607+0000] {processor.py:161} INFO - Started process (PID=2925) to work on /opt/airflow/dags/match_predictions.py
[2025-12-28T20:37:57.609+0000] {processor.py:830} INFO - Processing file /opt/airflow/dags/match_predictions.py for tasks to queue
[2025-12-28T20:37:57.610+0000] {logging_mixin.py:188} INFO - [2025-12-28T20:37:57.610+0000] {dagbag.py:538} INFO - Filling up the DagBag from /opt/airflow/dags/match_predictions.py
[2025-12-28T20:37:57.635+0000] {processor.py:842} WARNING - No viable dags retrieved from /opt/airflow/dags/match_predictions.py
[2025-12-28T20:37:57.661+0000] {processor.py:183} INFO - Processing /opt/airflow/dags/match_predictions.py took 0.060 seconds
[2025-12-28T20:38:28.310+0000] {processor.py:161} INFO - Started process (PID=2945) to work on /opt/airflow/dags/match_predictions.py
[2025-12-28T20:38:28.314+0000] {processor.py:830} INFO - Processing file /opt/airflow/dags/match_predictions.py for tasks to queue
[2025-12-28T20:38:28.317+0000] {logging_mixin.py:188} INFO - [2025-12-28T20:38:28.317+0000] {dagbag.py:538} INFO - Filling up the DagBag from /opt/airflow/dags/match_predictions.py
[2025-12-28T20:38:28.347+0000] {processor.py:842} WARNING - No viable dags retrieved from /opt/airflow/dags/match_predictions.py
[2025-12-28T20:38:28.373+0000] {processor.py:183} INFO - Processing /opt/airflow/dags/match_predictions.py took 0.068 seconds
[2025-12-28T20:38:59.224+0000] {processor.py:161} INFO - Started process (PID=2965) to work on /opt/airflow/dags/match_predictions.py
[2025-12-28T20:38:59.226+0000] {processor.py:830} INFO - Processing file /opt/airflow/dags/match_predictions.py for tasks to queue
[2025-12-28T20:38:59.228+0000] {logging_mixin.py:188} INFO - [2025-12-28T20:38:59.228+0000] {dagbag.py:538} INFO - Filling up the DagBag from /opt/airflow/dags/match_predictions.py
[2025-12-28T20:38:59.262+0000] {processor.py:842} WARNING - No viable dags retrieved from /opt/airflow/dags/match_predictions.py
[2025-12-28T20:38:59.295+0000] {processor.py:183} INFO - Processing /opt/airflow/dags/match_predictions.py took 0.081 seconds
[2025-12-28T20:39:30.019+0000] {processor.py:161} INFO - Started process (PID=2985) to work on /opt/airflow/dags/match_predictions.py
[2025-12-28T20:39:30.023+0000] {processor.py:830} INFO - Processing file /opt/airflow/dags/match_predictions.py for tasks to queue
[2025-12-28T20:39:30.025+0000] {logging_mixin.py:188} INFO - [2025-12-28T20:39:30.024+0000] {dagbag.py:538} INFO - Filling up the DagBag from /opt/airflow/dags/match_predictions.py
[2025-12-28T20:39:30.061+0000] {processor.py:842} WARNING - No viable dags retrieved from /opt/airflow/dags/match_predictions.py
[2025-12-28T20:39:30.093+0000] {processor.py:183} INFO - Processing /opt/airflow/dags/match_predictions.py took 0.084 seconds
[2025-12-28T20:40:00.821+0000] {processor.py:161} INFO - Started process (PID=3005) to work on /opt/airflow/dags/match_predictions.py
[2025-12-28T20:40:00.824+0000] {processor.py:830} INFO - Processing file /opt/airflow/dags/match_predictions.py for tasks to queue
[2025-12-28T20:40:00.827+0000] {logging_mixin.py:188} INFO - [2025-12-28T20:40:00.826+0000] {dagbag.py:538} INFO - Filling up the DagBag from /opt/airflow/dags/match_predictions.py
[2025-12-28T20:40:00.860+0000] {processor.py:842} WARNING - No viable dags retrieved from /opt/airflow/dags/match_predictions.py
[2025-12-28T20:40:00.896+0000] {processor.py:183} INFO - Processing /opt/airflow/dags/match_predictions.py took 0.086 seconds
[2025-12-28T20:40:31.620+0000] {processor.py:161} INFO - Started process (PID=3025) to work on /opt/airflow/dags/match_predictions.py
[2025-12-28T20:40:31.622+0000] {processor.py:830} INFO - Processing file /opt/airflow/dags/match_predictions.py for tasks to queue
[2025-12-28T20:40:31.625+0000] {logging_mixin.py:188} INFO - [2025-12-28T20:40:31.624+0000] {dagbag.py:538} INFO - Filling up the DagBag from /opt/airflow/dags/match_predictions.py
[2025-12-28T20:40:31.662+0000] {processor.py:842} WARNING - No viable dags retrieved from /opt/airflow/dags/match_predictions.py
[2025-12-28T20:40:31.693+0000] {processor.py:183} INFO - Processing /opt/airflow/dags/match_predictions.py took 0.086 seconds
[2025-12-28T20:41:02.445+0000] {processor.py:161} INFO - Started process (PID=3045) to work on /opt/airflow/dags/match_predictions.py
[2025-12-28T20:41:02.447+0000] {processor.py:830} INFO - Processing file /opt/airflow/dags/match_predictions.py for tasks to queue
[2025-12-28T20:41:02.453+0000] {logging_mixin.py:188} INFO - [2025-12-28T20:41:02.451+0000] {dagbag.py:538} INFO - Filling up the DagBag from /opt/airflow/dags/match_predictions.py
[2025-12-28T20:41:02.484+0000] {processor.py:842} WARNING - No viable dags retrieved from /opt/airflow/dags/match_predictions.py
[2025-12-28T20:41:02.514+0000] {processor.py:183} INFO - Processing /opt/airflow/dags/match_predictions.py took 0.079 seconds
[2025-12-28T20:41:33.271+0000] {processor.py:161} INFO - Started process (PID=3065) to work on /opt/airflow/dags/match_predictions.py
[2025-12-28T20:41:33.274+0000] {processor.py:830} INFO - Processing file /opt/airflow/dags/match_predictions.py for tasks to queue
[2025-12-28T20:41:33.276+0000] {logging_mixin.py:188} INFO - [2025-12-28T20:41:33.275+0000] {dagbag.py:538} INFO - Filling up the DagBag from /opt/airflow/dags/match_predictions.py
[2025-12-28T20:41:33.308+0000] {processor.py:842} WARNING - No viable dags retrieved from /opt/airflow/dags/match_predictions.py
[2025-12-28T20:41:33.339+0000] {processor.py:183} INFO - Processing /opt/airflow/dags/match_predictions.py took 0.076 seconds
[2025-12-28T20:42:04.090+0000] {processor.py:161} INFO - Started process (PID=3085) to work on /opt/airflow/dags/match_predictions.py
[2025-12-28T20:42:04.093+0000] {processor.py:830} INFO - Processing file /opt/airflow/dags/match_predictions.py for tasks to queue
[2025-12-28T20:42:04.095+0000] {logging_mixin.py:188} INFO - [2025-12-28T20:42:04.094+0000] {dagbag.py:538} INFO - Filling up the DagBag from /opt/airflow/dags/match_predictions.py
[2025-12-28T20:42:04.126+0000] {processor.py:842} WARNING - No viable dags retrieved from /opt/airflow/dags/match_predictions.py
[2025-12-28T20:42:04.155+0000] {processor.py:183} INFO - Processing /opt/airflow/dags/match_predictions.py took 0.072 seconds
[2025-12-28T20:42:34.926+0000] {processor.py:161} INFO - Started process (PID=3105) to work on /opt/airflow/dags/match_predictions.py
[2025-12-28T20:42:34.928+0000] {processor.py:830} INFO - Processing file /opt/airflow/dags/match_predictions.py for tasks to queue
[2025-12-28T20:42:34.930+0000] {logging_mixin.py:188} INFO - [2025-12-28T20:42:34.930+0000] {dagbag.py:538} INFO - Filling up the DagBag from /opt/airflow/dags/match_predictions.py
[2025-12-28T20:42:34.966+0000] {processor.py:842} WARNING - No viable dags retrieved from /opt/airflow/dags/match_predictions.py
[2025-12-28T20:42:34.997+0000] {processor.py:183} INFO - Processing /opt/airflow/dags/match_predictions.py took 0.078 seconds
[2025-12-28T20:43:05.703+0000] {processor.py:161} INFO - Started process (PID=3125) to work on /opt/airflow/dags/match_predictions.py
[2025-12-28T20:43:05.705+0000] {processor.py:830} INFO - Processing file /opt/airflow/dags/match_predictions.py for tasks to queue
[2025-12-28T20:43:05.708+0000] {logging_mixin.py:188} INFO - [2025-12-28T20:43:05.707+0000] {dagbag.py:538} INFO - Filling up the DagBag from /opt/airflow/dags/match_predictions.py
[2025-12-28T20:43:05.738+0000] {processor.py:842} WARNING - No viable dags retrieved from /opt/airflow/dags/match_predictions.py
[2025-12-28T20:43:05.766+0000] {processor.py:183} INFO - Processing /opt/airflow/dags/match_predictions.py took 0.069 seconds
[2025-12-28T20:43:36.474+0000] {processor.py:161} INFO - Started process (PID=3145) to work on /opt/airflow/dags/match_predictions.py
[2025-12-28T20:43:36.476+0000] {processor.py:830} INFO - Processing file /opt/airflow/dags/match_predictions.py for tasks to queue
[2025-12-28T20:43:36.478+0000] {logging_mixin.py:188} INFO - [2025-12-28T20:43:36.478+0000] {dagbag.py:538} INFO - Filling up the DagBag from /opt/airflow/dags/match_predictions.py
[2025-12-28T20:43:36.512+0000] {processor.py:842} WARNING - No viable dags retrieved from /opt/airflow/dags/match_predictions.py
[2025-12-28T20:43:36.549+0000] {processor.py:183} INFO - Processing /opt/airflow/dags/match_predictions.py took 0.083 seconds
[2025-12-28T20:44:07.316+0000] {processor.py:161} INFO - Started process (PID=3165) to work on /opt/airflow/dags/match_predictions.py
[2025-12-28T20:44:07.319+0000] {processor.py:830} INFO - Processing file /opt/airflow/dags/match_predictions.py for tasks to queue
[2025-12-28T20:44:07.321+0000] {logging_mixin.py:188} INFO - [2025-12-28T20:44:07.320+0000] {dagbag.py:538} INFO - Filling up the DagBag from /opt/airflow/dags/match_predictions.py
[2025-12-28T20:44:07.357+0000] {processor.py:842} WARNING - No viable dags retrieved from /opt/airflow/dags/match_predictions.py
[2025-12-28T20:44:07.392+0000] {processor.py:183} INFO - Processing /opt/airflow/dags/match_predictions.py took 0.082 seconds
[2025-12-28T20:44:38.088+0000] {processor.py:161} INFO - Started process (PID=3185) to work on /opt/airflow/dags/match_predictions.py
[2025-12-28T20:44:38.090+0000] {processor.py:830} INFO - Processing file /opt/airflow/dags/match_predictions.py for tasks to queue
[2025-12-28T20:44:38.092+0000] {logging_mixin.py:188} INFO - [2025-12-28T20:44:38.091+0000] {dagbag.py:538} INFO - Filling up the DagBag from /opt/airflow/dags/match_predictions.py
[2025-12-28T20:44:38.123+0000] {processor.py:842} WARNING - No viable dags retrieved from /opt/airflow/dags/match_predictions.py
[2025-12-28T20:44:38.148+0000] {processor.py:183} INFO - Processing /opt/airflow/dags/match_predictions.py took 0.066 seconds
[2025-12-28T20:45:08.982+0000] {processor.py:161} INFO - Started process (PID=3205) to work on /opt/airflow/dags/match_predictions.py
[2025-12-28T20:45:08.984+0000] {processor.py:830} INFO - Processing file /opt/airflow/dags/match_predictions.py for tasks to queue
[2025-12-28T20:45:08.987+0000] {logging_mixin.py:188} INFO - [2025-12-28T20:45:08.986+0000] {dagbag.py:538} INFO - Filling up the DagBag from /opt/airflow/dags/match_predictions.py
[2025-12-28T20:45:09.019+0000] {processor.py:842} WARNING - No viable dags retrieved from /opt/airflow/dags/match_predictions.py
[2025-12-28T20:45:09.058+0000] {processor.py:183} INFO - Processing /opt/airflow/dags/match_predictions.py took 0.084 seconds
[2025-12-28T20:45:39.722+0000] {processor.py:161} INFO - Started process (PID=3225) to work on /opt/airflow/dags/match_predictions.py
[2025-12-28T20:45:39.724+0000] {processor.py:830} INFO - Processing file /opt/airflow/dags/match_predictions.py for tasks to queue
[2025-12-28T20:45:39.726+0000] {logging_mixin.py:188} INFO - [2025-12-28T20:45:39.725+0000] {dagbag.py:538} INFO - Filling up the DagBag from /opt/airflow/dags/match_predictions.py
[2025-12-28T20:45:39.755+0000] {processor.py:842} WARNING - No viable dags retrieved from /opt/airflow/dags/match_predictions.py
[2025-12-28T20:45:39.782+0000] {processor.py:183} INFO - Processing /opt/airflow/dags/match_predictions.py took 0.067 seconds
[2025-12-28T20:46:10.497+0000] {processor.py:161} INFO - Started process (PID=3245) to work on /opt/airflow/dags/match_predictions.py
[2025-12-28T20:46:10.500+0000] {processor.py:830} INFO - Processing file /opt/airflow/dags/match_predictions.py for tasks to queue
[2025-12-28T20:46:10.502+0000] {logging_mixin.py:188} INFO - [2025-12-28T20:46:10.501+0000] {dagbag.py:538} INFO - Filling up the DagBag from /opt/airflow/dags/match_predictions.py
[2025-12-28T20:46:10.534+0000] {processor.py:842} WARNING - No viable dags retrieved from /opt/airflow/dags/match_predictions.py
[2025-12-28T20:46:10.565+0000] {processor.py:183} INFO - Processing /opt/airflow/dags/match_predictions.py took 0.078 seconds
[2025-12-28T20:46:41.265+0000] {processor.py:161} INFO - Started process (PID=3265) to work on /opt/airflow/dags/match_predictions.py
[2025-12-28T20:46:41.267+0000] {processor.py:830} INFO - Processing file /opt/airflow/dags/match_predictions.py for tasks to queue
[2025-12-28T20:46:41.269+0000] {logging_mixin.py:188} INFO - [2025-12-28T20:46:41.268+0000] {dagbag.py:538} INFO - Filling up the DagBag from /opt/airflow/dags/match_predictions.py
[2025-12-28T20:46:41.300+0000] {processor.py:842} WARNING - No viable dags retrieved from /opt/airflow/dags/match_predictions.py
[2025-12-28T20:46:41.332+0000] {processor.py:183} INFO - Processing /opt/airflow/dags/match_predictions.py took 0.074 seconds
[2025-12-28T20:47:12.282+0000] {processor.py:161} INFO - Started process (PID=3285) to work on /opt/airflow/dags/match_predictions.py
[2025-12-28T20:47:12.307+0000] {processor.py:830} INFO - Processing file /opt/airflow/dags/match_predictions.py for tasks to queue
[2025-12-28T20:47:12.310+0000] {logging_mixin.py:188} INFO - [2025-12-28T20:47:12.309+0000] {dagbag.py:538} INFO - Filling up the DagBag from /opt/airflow/dags/match_predictions.py
[2025-12-28T20:47:12.338+0000] {processor.py:842} WARNING - No viable dags retrieved from /opt/airflow/dags/match_predictions.py
[2025-12-28T20:47:12.361+0000] {processor.py:183} INFO - Processing /opt/airflow/dags/match_predictions.py took 0.086 seconds
[2025-12-28T20:47:43.037+0000] {processor.py:161} INFO - Started process (PID=3305) to work on /opt/airflow/dags/match_predictions.py
[2025-12-28T20:47:43.040+0000] {processor.py:830} INFO - Processing file /opt/airflow/dags/match_predictions.py for tasks to queue
[2025-12-28T20:47:43.042+0000] {logging_mixin.py:188} INFO - [2025-12-28T20:47:43.042+0000] {dagbag.py:538} INFO - Filling up the DagBag from /opt/airflow/dags/match_predictions.py
[2025-12-28T20:47:43.071+0000] {processor.py:842} WARNING - No viable dags retrieved from /opt/airflow/dags/match_predictions.py
[2025-12-28T20:47:43.097+0000] {processor.py:183} INFO - Processing /opt/airflow/dags/match_predictions.py took 0.069 seconds
[2025-12-28T20:48:13.817+0000] {processor.py:161} INFO - Started process (PID=3325) to work on /opt/airflow/dags/match_predictions.py
[2025-12-28T20:48:13.819+0000] {processor.py:830} INFO - Processing file /opt/airflow/dags/match_predictions.py for tasks to queue
[2025-12-28T20:48:13.821+0000] {logging_mixin.py:188} INFO - [2025-12-28T20:48:13.820+0000] {dagbag.py:538} INFO - Filling up the DagBag from /opt/airflow/dags/match_predictions.py
[2025-12-28T20:48:13.855+0000] {processor.py:842} WARNING - No viable dags retrieved from /opt/airflow/dags/match_predictions.py
[2025-12-28T20:48:13.886+0000] {processor.py:183} INFO - Processing /opt/airflow/dags/match_predictions.py took 0.075 seconds
[2025-12-28T20:48:44.704+0000] {processor.py:161} INFO - Started process (PID=3345) to work on /opt/airflow/dags/match_predictions.py
[2025-12-28T20:48:44.706+0000] {processor.py:830} INFO - Processing file /opt/airflow/dags/match_predictions.py for tasks to queue
[2025-12-28T20:48:44.709+0000] {logging_mixin.py:188} INFO - [2025-12-28T20:48:44.709+0000] {dagbag.py:538} INFO - Filling up the DagBag from /opt/airflow/dags/match_predictions.py
[2025-12-28T20:48:44.736+0000] {processor.py:842} WARNING - No viable dags retrieved from /opt/airflow/dags/match_predictions.py
[2025-12-28T20:48:44.763+0000] {processor.py:183} INFO - Processing /opt/airflow/dags/match_predictions.py took 0.066 seconds
[2025-12-28T20:49:15.517+0000] {processor.py:161} INFO - Started process (PID=3365) to work on /opt/airflow/dags/match_predictions.py
[2025-12-28T20:49:15.520+0000] {processor.py:830} INFO - Processing file /opt/airflow/dags/match_predictions.py for tasks to queue
[2025-12-28T20:49:15.522+0000] {logging_mixin.py:188} INFO - [2025-12-28T20:49:15.521+0000] {dagbag.py:538} INFO - Filling up the DagBag from /opt/airflow/dags/match_predictions.py
[2025-12-28T20:49:15.553+0000] {processor.py:842} WARNING - No viable dags retrieved from /opt/airflow/dags/match_predictions.py
[2025-12-28T20:49:15.583+0000] {processor.py:183} INFO - Processing /opt/airflow/dags/match_predictions.py took 0.074 seconds
[2025-12-28T20:49:46.266+0000] {processor.py:161} INFO - Started process (PID=3385) to work on /opt/airflow/dags/match_predictions.py
[2025-12-28T20:49:46.268+0000] {processor.py:830} INFO - Processing file /opt/airflow/dags/match_predictions.py for tasks to queue
[2025-12-28T20:49:46.271+0000] {logging_mixin.py:188} INFO - [2025-12-28T20:49:46.270+0000] {dagbag.py:538} INFO - Filling up the DagBag from /opt/airflow/dags/match_predictions.py
[2025-12-28T20:49:46.300+0000] {processor.py:842} WARNING - No viable dags retrieved from /opt/airflow/dags/match_predictions.py
[2025-12-28T20:49:46.328+0000] {processor.py:183} INFO - Processing /opt/airflow/dags/match_predictions.py took 0.070 seconds
[2025-12-28T20:50:17.044+0000] {processor.py:161} INFO - Started process (PID=3405) to work on /opt/airflow/dags/match_predictions.py
[2025-12-28T20:50:17.046+0000] {processor.py:830} INFO - Processing file /opt/airflow/dags/match_predictions.py for tasks to queue
[2025-12-28T20:50:17.048+0000] {logging_mixin.py:188} INFO - [2025-12-28T20:50:17.047+0000] {dagbag.py:538} INFO - Filling up the DagBag from /opt/airflow/dags/match_predictions.py
[2025-12-28T20:50:17.082+0000] {processor.py:842} WARNING - No viable dags retrieved from /opt/airflow/dags/match_predictions.py
[2025-12-28T20:50:17.111+0000] {processor.py:183} INFO - Processing /opt/airflow/dags/match_predictions.py took 0.075 seconds
[2025-12-28T20:50:48.003+0000] {processor.py:161} INFO - Started process (PID=3425) to work on /opt/airflow/dags/match_predictions.py
[2025-12-28T20:50:48.005+0000] {processor.py:830} INFO - Processing file /opt/airflow/dags/match_predictions.py for tasks to queue
[2025-12-28T20:50:48.007+0000] {logging_mixin.py:188} INFO - [2025-12-28T20:50:48.006+0000] {dagbag.py:538} INFO - Filling up the DagBag from /opt/airflow/dags/match_predictions.py
[2025-12-28T20:50:48.036+0000] {processor.py:842} WARNING - No viable dags retrieved from /opt/airflow/dags/match_predictions.py
[2025-12-28T20:50:48.062+0000] {processor.py:183} INFO - Processing /opt/airflow/dags/match_predictions.py took 0.064 seconds
[2025-12-28T20:51:18.806+0000] {processor.py:161} INFO - Started process (PID=3445) to work on /opt/airflow/dags/match_predictions.py
[2025-12-28T20:51:18.809+0000] {processor.py:830} INFO - Processing file /opt/airflow/dags/match_predictions.py for tasks to queue
[2025-12-28T20:51:18.811+0000] {logging_mixin.py:188} INFO - [2025-12-28T20:51:18.811+0000] {dagbag.py:538} INFO - Filling up the DagBag from /opt/airflow/dags/match_predictions.py
[2025-12-28T20:51:18.841+0000] {processor.py:842} WARNING - No viable dags retrieved from /opt/airflow/dags/match_predictions.py
[2025-12-28T20:51:18.871+0000] {processor.py:183} INFO - Processing /opt/airflow/dags/match_predictions.py took 0.071 seconds
[2025-12-28T20:51:49.730+0000] {processor.py:161} INFO - Started process (PID=3465) to work on /opt/airflow/dags/match_predictions.py
[2025-12-28T20:51:49.733+0000] {processor.py:830} INFO - Processing file /opt/airflow/dags/match_predictions.py for tasks to queue
[2025-12-28T20:51:49.735+0000] {logging_mixin.py:188} INFO - [2025-12-28T20:51:49.734+0000] {dagbag.py:538} INFO - Filling up the DagBag from /opt/airflow/dags/match_predictions.py
[2025-12-28T20:51:49.762+0000] {processor.py:842} WARNING - No viable dags retrieved from /opt/airflow/dags/match_predictions.py
[2025-12-28T20:51:49.791+0000] {processor.py:183} INFO - Processing /opt/airflow/dags/match_predictions.py took 0.066 seconds
[2025-12-28T20:52:20.454+0000] {processor.py:161} INFO - Started process (PID=3485) to work on /opt/airflow/dags/match_predictions.py
[2025-12-28T20:52:20.457+0000] {processor.py:830} INFO - Processing file /opt/airflow/dags/match_predictions.py for tasks to queue
[2025-12-28T20:52:20.467+0000] {logging_mixin.py:188} INFO - [2025-12-28T20:52:20.466+0000] {dagbag.py:538} INFO - Filling up the DagBag from /opt/airflow/dags/match_predictions.py
[2025-12-28T20:52:20.497+0000] {processor.py:842} WARNING - No viable dags retrieved from /opt/airflow/dags/match_predictions.py
[2025-12-28T20:52:20.527+0000] {processor.py:183} INFO - Processing /opt/airflow/dags/match_predictions.py took 0.079 seconds
[2025-12-28T20:52:51.247+0000] {processor.py:161} INFO - Started process (PID=3505) to work on /opt/airflow/dags/match_predictions.py
[2025-12-28T20:52:51.250+0000] {processor.py:830} INFO - Processing file /opt/airflow/dags/match_predictions.py for tasks to queue
[2025-12-28T20:52:51.252+0000] {logging_mixin.py:188} INFO - [2025-12-28T20:52:51.251+0000] {dagbag.py:538} INFO - Filling up the DagBag from /opt/airflow/dags/match_predictions.py
[2025-12-28T20:52:51.285+0000] {processor.py:842} WARNING - No viable dags retrieved from /opt/airflow/dags/match_predictions.py
[2025-12-28T20:52:51.315+0000] {processor.py:183} INFO - Processing /opt/airflow/dags/match_predictions.py took 0.076 seconds
[2025-12-28T20:53:22.030+0000] {processor.py:161} INFO - Started process (PID=3525) to work on /opt/airflow/dags/match_predictions.py
[2025-12-28T20:53:22.033+0000] {processor.py:830} INFO - Processing file /opt/airflow/dags/match_predictions.py for tasks to queue
[2025-12-28T20:53:22.035+0000] {logging_mixin.py:188} INFO - [2025-12-28T20:53:22.034+0000] {dagbag.py:538} INFO - Filling up the DagBag from /opt/airflow/dags/match_predictions.py
[2025-12-28T20:53:22.068+0000] {processor.py:842} WARNING - No viable dags retrieved from /opt/airflow/dags/match_predictions.py
[2025-12-28T20:53:22.096+0000] {processor.py:183} INFO - Processing /opt/airflow/dags/match_predictions.py took 0.077 seconds
[2025-12-28T20:53:52.953+0000] {processor.py:161} INFO - Started process (PID=3545) to work on /opt/airflow/dags/match_predictions.py
[2025-12-28T20:53:52.955+0000] {processor.py:830} INFO - Processing file /opt/airflow/dags/match_predictions.py for tasks to queue
[2025-12-28T20:53:52.957+0000] {logging_mixin.py:188} INFO - [2025-12-28T20:53:52.956+0000] {dagbag.py:538} INFO - Filling up the DagBag from /opt/airflow/dags/match_predictions.py
[2025-12-28T20:53:52.990+0000] {processor.py:842} WARNING - No viable dags retrieved from /opt/airflow/dags/match_predictions.py
[2025-12-28T20:53:53.021+0000] {processor.py:183} INFO - Processing /opt/airflow/dags/match_predictions.py took 0.076 seconds
[2025-12-28T20:54:23.767+0000] {processor.py:161} INFO - Started process (PID=3565) to work on /opt/airflow/dags/match_predictions.py
[2025-12-28T20:54:23.769+0000] {processor.py:830} INFO - Processing file /opt/airflow/dags/match_predictions.py for tasks to queue
[2025-12-28T20:54:23.771+0000] {logging_mixin.py:188} INFO - [2025-12-28T20:54:23.771+0000] {dagbag.py:538} INFO - Filling up the DagBag from /opt/airflow/dags/match_predictions.py
[2025-12-28T20:54:23.804+0000] {processor.py:842} WARNING - No viable dags retrieved from /opt/airflow/dags/match_predictions.py
[2025-12-28T20:54:23.835+0000] {processor.py:183} INFO - Processing /opt/airflow/dags/match_predictions.py took 0.077 seconds
[2025-12-28T20:54:54.546+0000] {processor.py:161} INFO - Started process (PID=3585) to work on /opt/airflow/dags/match_predictions.py
[2025-12-28T20:54:54.548+0000] {processor.py:830} INFO - Processing file /opt/airflow/dags/match_predictions.py for tasks to queue
[2025-12-28T20:54:54.550+0000] {logging_mixin.py:188} INFO - [2025-12-28T20:54:54.549+0000] {dagbag.py:538} INFO - Filling up the DagBag from /opt/airflow/dags/match_predictions.py
[2025-12-28T20:54:54.580+0000] {processor.py:842} WARNING - No viable dags retrieved from /opt/airflow/dags/match_predictions.py
[2025-12-28T20:54:54.610+0000] {processor.py:183} INFO - Processing /opt/airflow/dags/match_predictions.py took 0.072 seconds
[2025-12-28T20:55:25.303+0000] {processor.py:161} INFO - Started process (PID=3605) to work on /opt/airflow/dags/match_predictions.py
[2025-12-28T20:55:25.305+0000] {processor.py:830} INFO - Processing file /opt/airflow/dags/match_predictions.py for tasks to queue
[2025-12-28T20:55:25.307+0000] {logging_mixin.py:188} INFO - [2025-12-28T20:55:25.307+0000] {dagbag.py:538} INFO - Filling up the DagBag from /opt/airflow/dags/match_predictions.py
[2025-12-28T20:55:25.339+0000] {processor.py:842} WARNING - No viable dags retrieved from /opt/airflow/dags/match_predictions.py
[2025-12-28T20:55:25.371+0000] {processor.py:183} INFO - Processing /opt/airflow/dags/match_predictions.py took 0.075 seconds
[2025-12-28T20:55:56.126+0000] {processor.py:161} INFO - Started process (PID=3625) to work on /opt/airflow/dags/match_predictions.py
[2025-12-28T20:55:56.129+0000] {processor.py:830} INFO - Processing file /opt/airflow/dags/match_predictions.py for tasks to queue
[2025-12-28T20:55:56.133+0000] {logging_mixin.py:188} INFO - [2025-12-28T20:55:56.132+0000] {dagbag.py:538} INFO - Filling up the DagBag from /opt/airflow/dags/match_predictions.py
[2025-12-28T20:55:56.178+0000] {processor.py:842} WARNING - No viable dags retrieved from /opt/airflow/dags/match_predictions.py
[2025-12-28T20:55:56.213+0000] {processor.py:183} INFO - Processing /opt/airflow/dags/match_predictions.py took 0.096 seconds
[2025-12-28T20:56:26.340+0000] {processor.py:161} INFO - Started process (PID=3642) to work on /opt/airflow/dags/match_predictions.py
[2025-12-28T20:56:26.343+0000] {processor.py:830} INFO - Processing file /opt/airflow/dags/match_predictions.py for tasks to queue
[2025-12-28T20:56:26.346+0000] {logging_mixin.py:188} INFO - [2025-12-28T20:56:26.345+0000] {dagbag.py:538} INFO - Filling up the DagBag from /opt/airflow/dags/match_predictions.py
[2025-12-28T20:56:26.393+0000] {processor.py:842} WARNING - No viable dags retrieved from /opt/airflow/dags/match_predictions.py
[2025-12-28T20:56:26.435+0000] {processor.py:183} INFO - Processing /opt/airflow/dags/match_predictions.py took 0.102 seconds
[2025-12-28T20:56:57.034+0000] {processor.py:161} INFO - Started process (PID=3665) to work on /opt/airflow/dags/match_predictions.py
[2025-12-28T20:56:57.037+0000] {processor.py:830} INFO - Processing file /opt/airflow/dags/match_predictions.py for tasks to queue
[2025-12-28T20:56:57.039+0000] {logging_mixin.py:188} INFO - [2025-12-28T20:56:57.038+0000] {dagbag.py:538} INFO - Filling up the DagBag from /opt/airflow/dags/match_predictions.py
[2025-12-28T20:56:57.082+0000] {processor.py:842} WARNING - No viable dags retrieved from /opt/airflow/dags/match_predictions.py
[2025-12-28T20:56:57.120+0000] {processor.py:183} INFO - Processing /opt/airflow/dags/match_predictions.py took 0.095 seconds
[2025-12-28T20:57:28.656+0000] {processor.py:161} INFO - Started process (PID=3687) to work on /opt/airflow/dags/match_predictions.py
[2025-12-28T20:57:28.659+0000] {processor.py:830} INFO - Processing file /opt/airflow/dags/match_predictions.py for tasks to queue
[2025-12-28T20:57:28.661+0000] {logging_mixin.py:188} INFO - [2025-12-28T20:57:28.661+0000] {dagbag.py:538} INFO - Filling up the DagBag from /opt/airflow/dags/match_predictions.py
[2025-12-28T20:57:28.704+0000] {processor.py:842} WARNING - No viable dags retrieved from /opt/airflow/dags/match_predictions.py
[2025-12-28T20:57:28.742+0000] {processor.py:183} INFO - Processing /opt/airflow/dags/match_predictions.py took 0.095 seconds
[2025-12-28T20:57:59.255+0000] {processor.py:161} INFO - Started process (PID=3707) to work on /opt/airflow/dags/match_predictions.py
[2025-12-28T20:57:59.258+0000] {processor.py:830} INFO - Processing file /opt/airflow/dags/match_predictions.py for tasks to queue
[2025-12-28T20:57:59.260+0000] {logging_mixin.py:188} INFO - [2025-12-28T20:57:59.260+0000] {dagbag.py:538} INFO - Filling up the DagBag from /opt/airflow/dags/match_predictions.py
[2025-12-28T20:57:59.306+0000] {processor.py:842} WARNING - No viable dags retrieved from /opt/airflow/dags/match_predictions.py
[2025-12-28T20:57:59.345+0000] {processor.py:183} INFO - Processing /opt/airflow/dags/match_predictions.py took 0.099 seconds
[2025-12-28T20:58:29.468+0000] {processor.py:161} INFO - Started process (PID=3725) to work on /opt/airflow/dags/match_predictions.py
[2025-12-28T20:58:29.471+0000] {processor.py:830} INFO - Processing file /opt/airflow/dags/match_predictions.py for tasks to queue
[2025-12-28T20:58:29.473+0000] {logging_mixin.py:188} INFO - [2025-12-28T20:58:29.473+0000] {dagbag.py:538} INFO - Filling up the DagBag from /opt/airflow/dags/match_predictions.py
[2025-12-28T20:58:29.516+0000] {processor.py:842} WARNING - No viable dags retrieved from /opt/airflow/dags/match_predictions.py
[2025-12-28T20:58:29.554+0000] {processor.py:183} INFO - Processing /opt/airflow/dags/match_predictions.py took 0.095 seconds
[2025-12-28T20:58:59.941+0000] {processor.py:161} INFO - Started process (PID=3745) to work on /opt/airflow/dags/match_predictions.py
[2025-12-28T20:58:59.944+0000] {processor.py:830} INFO - Processing file /opt/airflow/dags/match_predictions.py for tasks to queue
[2025-12-28T20:58:59.947+0000] {logging_mixin.py:188} INFO - [2025-12-28T20:58:59.946+0000] {dagbag.py:538} INFO - Filling up the DagBag from /opt/airflow/dags/match_predictions.py
[2025-12-28T20:58:59.987+0000] {processor.py:842} WARNING - No viable dags retrieved from /opt/airflow/dags/match_predictions.py
[2025-12-28T20:59:00.026+0000] {processor.py:183} INFO - Processing /opt/airflow/dags/match_predictions.py took 0.094 seconds
[2025-12-28T20:59:31.570+0000] {processor.py:161} INFO - Started process (PID=3767) to work on /opt/airflow/dags/match_predictions.py
[2025-12-28T20:59:31.572+0000] {processor.py:830} INFO - Processing file /opt/airflow/dags/match_predictions.py for tasks to queue
[2025-12-28T20:59:31.575+0000] {logging_mixin.py:188} INFO - [2025-12-28T20:59:31.574+0000] {dagbag.py:538} INFO - Filling up the DagBag from /opt/airflow/dags/match_predictions.py
[2025-12-28T20:59:31.618+0000] {processor.py:842} WARNING - No viable dags retrieved from /opt/airflow/dags/match_predictions.py
[2025-12-28T20:59:31.656+0000] {processor.py:183} INFO - Processing /opt/airflow/dags/match_predictions.py took 0.094 seconds
[2025-12-28T21:00:02.155+0000] {processor.py:161} INFO - Started process (PID=3787) to work on /opt/airflow/dags/match_predictions.py
[2025-12-28T21:00:02.158+0000] {processor.py:830} INFO - Processing file /opt/airflow/dags/match_predictions.py for tasks to queue
[2025-12-28T21:00:02.160+0000] {logging_mixin.py:188} INFO - [2025-12-28T21:00:02.160+0000] {dagbag.py:538} INFO - Filling up the DagBag from /opt/airflow/dags/match_predictions.py
[2025-12-28T21:00:02.205+0000] {processor.py:842} WARNING - No viable dags retrieved from /opt/airflow/dags/match_predictions.py
[2025-12-28T21:00:02.242+0000] {processor.py:183} INFO - Processing /opt/airflow/dags/match_predictions.py took 0.095 seconds
[2025-12-28T21:00:32.893+0000] {processor.py:161} INFO - Started process (PID=3807) to work on /opt/airflow/dags/match_predictions.py
[2025-12-28T21:00:32.896+0000] {processor.py:830} INFO - Processing file /opt/airflow/dags/match_predictions.py for tasks to queue
[2025-12-28T21:00:32.899+0000] {logging_mixin.py:188} INFO - [2025-12-28T21:00:32.898+0000] {dagbag.py:538} INFO - Filling up the DagBag from /opt/airflow/dags/match_predictions.py
[2025-12-28T21:00:32.941+0000] {processor.py:842} WARNING - No viable dags retrieved from /opt/airflow/dags/match_predictions.py
[2025-12-28T21:00:32.981+0000] {processor.py:183} INFO - Processing /opt/airflow/dags/match_predictions.py took 0.102 seconds
[2025-12-28T21:01:03.435+0000] {processor.py:161} INFO - Started process (PID=3827) to work on /opt/airflow/dags/match_predictions.py
[2025-12-28T21:01:03.438+0000] {processor.py:830} INFO - Processing file /opt/airflow/dags/match_predictions.py for tasks to queue
[2025-12-28T21:01:03.441+0000] {logging_mixin.py:188} INFO - [2025-12-28T21:01:03.440+0000] {dagbag.py:538} INFO - Filling up the DagBag from /opt/airflow/dags/match_predictions.py
[2025-12-28T21:01:03.487+0000] {processor.py:842} WARNING - No viable dags retrieved from /opt/airflow/dags/match_predictions.py
[2025-12-28T21:01:03.524+0000] {processor.py:183} INFO - Processing /opt/airflow/dags/match_predictions.py took 0.098 seconds
[2025-12-28T21:01:33.820+0000] {processor.py:161} INFO - Started process (PID=3847) to work on /opt/airflow/dags/match_predictions.py
[2025-12-28T21:01:33.823+0000] {processor.py:830} INFO - Processing file /opt/airflow/dags/match_predictions.py for tasks to queue
[2025-12-28T21:01:33.825+0000] {logging_mixin.py:188} INFO - [2025-12-28T21:01:33.825+0000] {dagbag.py:538} INFO - Filling up the DagBag from /opt/airflow/dags/match_predictions.py
[2025-12-28T21:01:33.868+0000] {processor.py:842} WARNING - No viable dags retrieved from /opt/airflow/dags/match_predictions.py
[2025-12-28T21:01:33.904+0000] {processor.py:183} INFO - Processing /opt/airflow/dags/match_predictions.py took 0.092 seconds
[2025-12-28T21:02:04.034+0000] {processor.py:161} INFO - Started process (PID=3865) to work on /opt/airflow/dags/match_predictions.py
[2025-12-28T21:02:04.037+0000] {processor.py:830} INFO - Processing file /opt/airflow/dags/match_predictions.py for tasks to queue
[2025-12-28T21:02:04.039+0000] {logging_mixin.py:188} INFO - [2025-12-28T21:02:04.039+0000] {dagbag.py:538} INFO - Filling up the DagBag from /opt/airflow/dags/match_predictions.py
[2025-12-28T21:02:04.081+0000] {processor.py:842} WARNING - No viable dags retrieved from /opt/airflow/dags/match_predictions.py
[2025-12-28T21:02:04.118+0000] {processor.py:183} INFO - Processing /opt/airflow/dags/match_predictions.py took 0.092 seconds
[2025-12-28T21:02:35.685+0000] {processor.py:161} INFO - Started process (PID=3887) to work on /opt/airflow/dags/match_predictions.py
[2025-12-28T21:02:35.688+0000] {processor.py:830} INFO - Processing file /opt/airflow/dags/match_predictions.py for tasks to queue
[2025-12-28T21:02:35.691+0000] {logging_mixin.py:188} INFO - [2025-12-28T21:02:35.690+0000] {dagbag.py:538} INFO - Filling up the DagBag from /opt/airflow/dags/match_predictions.py
[2025-12-28T21:02:35.738+0000] {processor.py:842} WARNING - No viable dags retrieved from /opt/airflow/dags/match_predictions.py
[2025-12-28T21:02:35.780+0000] {processor.py:183} INFO - Processing /opt/airflow/dags/match_predictions.py took 0.105 seconds
[2025-12-28T21:03:05.891+0000] {processor.py:161} INFO - Started process (PID=3905) to work on /opt/airflow/dags/match_predictions.py
[2025-12-28T21:03:05.894+0000] {processor.py:830} INFO - Processing file /opt/airflow/dags/match_predictions.py for tasks to queue
[2025-12-28T21:03:05.896+0000] {logging_mixin.py:188} INFO - [2025-12-28T21:03:05.896+0000] {dagbag.py:538} INFO - Filling up the DagBag from /opt/airflow/dags/match_predictions.py
[2025-12-28T21:03:05.941+0000] {processor.py:842} WARNING - No viable dags retrieved from /opt/airflow/dags/match_predictions.py
[2025-12-28T21:03:05.997+0000] {processor.py:183} INFO - Processing /opt/airflow/dags/match_predictions.py took 0.115 seconds
[2025-12-28T21:03:37.349+0000] {processor.py:161} INFO - Started process (PID=3927) to work on /opt/airflow/dags/match_predictions.py
[2025-12-28T21:03:37.352+0000] {processor.py:830} INFO - Processing file /opt/airflow/dags/match_predictions.py for tasks to queue
[2025-12-28T21:03:37.355+0000] {logging_mixin.py:188} INFO - [2025-12-28T21:03:37.354+0000] {dagbag.py:538} INFO - Filling up the DagBag from /opt/airflow/dags/match_predictions.py
[2025-12-28T21:03:37.400+0000] {processor.py:842} WARNING - No viable dags retrieved from /opt/airflow/dags/match_predictions.py
[2025-12-28T21:03:37.436+0000] {processor.py:183} INFO - Processing /opt/airflow/dags/match_predictions.py took 0.094 seconds
[2025-12-28T21:04:07.914+0000] {processor.py:161} INFO - Started process (PID=3947) to work on /opt/airflow/dags/match_predictions.py
[2025-12-28T21:04:07.918+0000] {processor.py:830} INFO - Processing file /opt/airflow/dags/match_predictions.py for tasks to queue
[2025-12-28T21:04:07.920+0000] {logging_mixin.py:188} INFO - [2025-12-28T21:04:07.919+0000] {dagbag.py:538} INFO - Filling up the DagBag from /opt/airflow/dags/match_predictions.py
[2025-12-28T21:04:07.965+0000] {processor.py:842} WARNING - No viable dags retrieved from /opt/airflow/dags/match_predictions.py
[2025-12-28T21:04:08.001+0000] {processor.py:183} INFO - Processing /opt/airflow/dags/match_predictions.py took 0.095 seconds
[2025-12-28T21:04:38.459+0000] {processor.py:161} INFO - Started process (PID=3967) to work on /opt/airflow/dags/match_predictions.py
[2025-12-28T21:04:38.462+0000] {processor.py:830} INFO - Processing file /opt/airflow/dags/match_predictions.py for tasks to queue
[2025-12-28T21:04:38.464+0000] {logging_mixin.py:188} INFO - [2025-12-28T21:04:38.463+0000] {dagbag.py:538} INFO - Filling up the DagBag from /opt/airflow/dags/match_predictions.py
[2025-12-28T21:04:38.505+0000] {processor.py:842} WARNING - No viable dags retrieved from /opt/airflow/dags/match_predictions.py
[2025-12-28T21:04:38.551+0000] {processor.py:183} INFO - Processing /opt/airflow/dags/match_predictions.py took 0.099 seconds
[2025-12-28T23:04:56.440+0000] {processor.py:161} INFO - Started process (PID=3987) to work on /opt/airflow/dags/match_predictions.py
[2025-12-28T23:04:56.476+0000] {processor.py:830} INFO - Processing file /opt/airflow/dags/match_predictions.py for tasks to queue
[2025-12-28T23:04:56.523+0000] {logging_mixin.py:188} INFO - [2025-12-28T23:04:56.507+0000] {dagbag.py:538} INFO - Filling up the DagBag from /opt/airflow/dags/match_predictions.py
[2025-12-29T14:49:09.303+0000] {processor.py:842} WARNING - No viable dags retrieved from /opt/airflow/dags/match_predictions.py
[2025-12-29T14:49:09.414+0000] {processor.py:183} INFO - Processing /opt/airflow/dags/match_predictions.py took 0.972 seconds
