[2025-12-28T01:51:18.985+0000] {processor.py:161} INFO - Started process (PID=2217) to work on /opt/airflow/dags/ml_models.py
[2025-12-28T01:51:19.479+0000] {processor.py:830} INFO - Processing file /opt/airflow/dags/ml_models.py for tasks to queue
[2025-12-28T01:51:19.745+0000] {logging_mixin.py:188} INFO - [2025-12-28T01:51:19.622+0000] {dagbag.py:538} INFO - Filling up the DagBag from /opt/airflow/dags/ml_models.py
[2025-12-28T01:51:21.595+0000] {processor.py:840} INFO - DAG(s) 'ml_models' retrieved from /opt/airflow/dags/ml_models.py
[2025-12-28T01:51:23.189+0000] {logging_mixin.py:188} INFO - [2025-12-28T01:51:23.174+0000] {dag.py:3036} INFO - Sync 1 DAGs
[2025-12-28T01:51:27.446+0000] {logging_mixin.py:188} INFO - [2025-12-28T01:51:27.442+0000] {dag.py:3823} INFO - Setting next_dagrun for ml_models to 2025-12-27 00:00:00+00:00, run_after=2025-12-28 00:00:00+00:00
[2025-12-28T01:51:29.643+0000] {processor.py:183} INFO - Processing /opt/airflow/dags/ml_models.py took 11.302 seconds
[2025-12-28T14:52:17.348+0000] {processor.py:161} INFO - Started process (PID=2238) to work on /opt/airflow/dags/ml_models.py
[2025-12-28T14:52:17.352+0000] {processor.py:830} INFO - Processing file /opt/airflow/dags/ml_models.py for tasks to queue
[2025-12-28T14:52:17.364+0000] {logging_mixin.py:188} INFO - [2025-12-28T14:52:17.363+0000] {dagbag.py:538} INFO - Filling up the DagBag from /opt/airflow/dags/ml_models.py
[2025-12-28T14:52:17.453+0000] {processor.py:840} INFO - DAG(s) 'ml_models' retrieved from /opt/airflow/dags/ml_models.py
[2025-12-28T14:52:17.530+0000] {logging_mixin.py:188} INFO - [2025-12-28T14:52:17.529+0000] {dag.py:3036} INFO - Sync 1 DAGs
[2025-12-28T14:52:17.635+0000] {logging_mixin.py:188} INFO - [2025-12-28T14:52:17.635+0000] {dag.py:3823} INFO - Setting next_dagrun for ml_models to 2025-12-27 00:00:00+00:00, run_after=2025-12-28 00:00:00+00:00
[2025-12-28T14:52:17.747+0000] {processor.py:183} INFO - Processing /opt/airflow/dags/ml_models.py took 0.414 seconds
[2025-12-28T14:52:48.682+0000] {processor.py:161} INFO - Started process (PID=2258) to work on /opt/airflow/dags/ml_models.py
[2025-12-28T14:52:48.684+0000] {processor.py:830} INFO - Processing file /opt/airflow/dags/ml_models.py for tasks to queue
[2025-12-28T14:52:48.686+0000] {logging_mixin.py:188} INFO - [2025-12-28T14:52:48.685+0000] {dagbag.py:538} INFO - Filling up the DagBag from /opt/airflow/dags/ml_models.py
[2025-12-28T14:52:48.716+0000] {processor.py:840} INFO - DAG(s) 'ml_models' retrieved from /opt/airflow/dags/ml_models.py
[2025-12-28T14:52:48.754+0000] {logging_mixin.py:188} INFO - [2025-12-28T14:52:48.754+0000] {dag.py:3036} INFO - Sync 1 DAGs
[2025-12-28T14:52:48.788+0000] {logging_mixin.py:188} INFO - [2025-12-28T14:52:48.788+0000] {dag.py:3823} INFO - Setting next_dagrun for ml_models to 2025-12-27 00:00:00+00:00, run_after=2025-12-28 00:00:00+00:00
[2025-12-28T14:52:48.814+0000] {processor.py:183} INFO - Processing /opt/airflow/dags/ml_models.py took 0.136 seconds
[2025-12-28T14:53:19.341+0000] {processor.py:161} INFO - Started process (PID=2278) to work on /opt/airflow/dags/ml_models.py
[2025-12-28T14:53:19.343+0000] {processor.py:830} INFO - Processing file /opt/airflow/dags/ml_models.py for tasks to queue
[2025-12-28T14:53:19.345+0000] {logging_mixin.py:188} INFO - [2025-12-28T14:53:19.345+0000] {dagbag.py:538} INFO - Filling up the DagBag from /opt/airflow/dags/ml_models.py
[2025-12-28T14:53:19.377+0000] {processor.py:840} INFO - DAG(s) 'ml_models' retrieved from /opt/airflow/dags/ml_models.py
[2025-12-28T14:53:19.408+0000] {logging_mixin.py:188} INFO - [2025-12-28T14:53:19.408+0000] {dag.py:3036} INFO - Sync 1 DAGs
[2025-12-28T14:53:19.440+0000] {logging_mixin.py:188} INFO - [2025-12-28T14:53:19.439+0000] {dag.py:3823} INFO - Setting next_dagrun for ml_models to 2025-12-27 00:00:00+00:00, run_after=2025-12-28 00:00:00+00:00
[2025-12-28T14:53:19.468+0000] {processor.py:183} INFO - Processing /opt/airflow/dags/ml_models.py took 0.133 seconds
[2025-12-28T14:53:50.005+0000] {processor.py:161} INFO - Started process (PID=2298) to work on /opt/airflow/dags/ml_models.py
[2025-12-28T14:53:50.009+0000] {processor.py:830} INFO - Processing file /opt/airflow/dags/ml_models.py for tasks to queue
[2025-12-28T14:53:50.011+0000] {logging_mixin.py:188} INFO - [2025-12-28T14:53:50.011+0000] {dagbag.py:538} INFO - Filling up the DagBag from /opt/airflow/dags/ml_models.py
[2025-12-28T14:53:50.048+0000] {processor.py:840} INFO - DAG(s) 'ml_models' retrieved from /opt/airflow/dags/ml_models.py
[2025-12-28T14:53:50.094+0000] {logging_mixin.py:188} INFO - [2025-12-28T14:53:50.094+0000] {dag.py:3036} INFO - Sync 1 DAGs
[2025-12-28T14:53:50.124+0000] {logging_mixin.py:188} INFO - [2025-12-28T14:53:50.123+0000] {dag.py:3823} INFO - Setting next_dagrun for ml_models to 2025-12-27 00:00:00+00:00, run_after=2025-12-28 00:00:00+00:00
[2025-12-28T14:53:50.152+0000] {processor.py:183} INFO - Processing /opt/airflow/dags/ml_models.py took 0.154 seconds
[2025-12-28T14:54:20.809+0000] {processor.py:161} INFO - Started process (PID=2318) to work on /opt/airflow/dags/ml_models.py
[2025-12-28T14:54:20.812+0000] {processor.py:830} INFO - Processing file /opt/airflow/dags/ml_models.py for tasks to queue
[2025-12-28T14:54:20.814+0000] {logging_mixin.py:188} INFO - [2025-12-28T14:54:20.813+0000] {dagbag.py:538} INFO - Filling up the DagBag from /opt/airflow/dags/ml_models.py
[2025-12-28T14:54:20.855+0000] {processor.py:840} INFO - DAG(s) 'ml_models' retrieved from /opt/airflow/dags/ml_models.py
[2025-12-28T14:54:20.951+0000] {logging_mixin.py:188} INFO - [2025-12-28T14:54:20.950+0000] {dag.py:3036} INFO - Sync 1 DAGs
[2025-12-28T14:54:21.006+0000] {logging_mixin.py:188} INFO - [2025-12-28T14:54:21.006+0000] {dag.py:3823} INFO - Setting next_dagrun for ml_models to 2025-12-27 00:00:00+00:00, run_after=2025-12-28 00:00:00+00:00
[2025-12-28T14:54:21.042+0000] {processor.py:183} INFO - Processing /opt/airflow/dags/ml_models.py took 0.241 seconds
[2025-12-28T18:53:24.492+0000] {processor.py:161} INFO - Started process (PID=2328) to work on /opt/airflow/dags/ml_models.py
[2025-12-28T18:53:24.496+0000] {processor.py:830} INFO - Processing file /opt/airflow/dags/ml_models.py for tasks to queue
[2025-12-28T18:53:24.501+0000] {logging_mixin.py:188} INFO - [2025-12-28T18:53:24.500+0000] {dagbag.py:538} INFO - Filling up the DagBag from /opt/airflow/dags/ml_models.py
[2025-12-28T18:53:24.657+0000] {processor.py:840} INFO - DAG(s) 'ml_models' retrieved from /opt/airflow/dags/ml_models.py
[2025-12-28T18:53:26.519+0000] {logging_mixin.py:188} INFO - [2025-12-28T18:53:26.505+0000] {dag.py:3036} INFO - Sync 1 DAGs
[2025-12-28T18:53:28.208+0000] {logging_mixin.py:188} INFO - [2025-12-28T18:53:28.194+0000] {dag.py:3823} INFO - Setting next_dagrun for ml_models to 2025-12-27 00:00:00+00:00, run_after=2025-12-28 00:00:00+00:00
[2025-12-28T18:53:29.747+0000] {processor.py:183} INFO - Processing /opt/airflow/dags/ml_models.py took 5.272 seconds
[2025-12-28T20:23:35.760+0000] {processor.py:161} INFO - Started process (PID=2352) to work on /opt/airflow/dags/ml_models.py
[2025-12-28T20:23:35.769+0000] {processor.py:830} INFO - Processing file /opt/airflow/dags/ml_models.py for tasks to queue
[2025-12-28T20:23:35.776+0000] {logging_mixin.py:188} INFO - [2025-12-28T20:23:35.775+0000] {dagbag.py:538} INFO - Filling up the DagBag from /opt/airflow/dags/ml_models.py
[2025-12-28T20:23:36.027+0000] {processor.py:840} INFO - DAG(s) 'ml_models' retrieved from /opt/airflow/dags/ml_models.py
[2025-12-28T20:23:36.097+0000] {logging_mixin.py:188} INFO - [2025-12-28T20:23:36.096+0000] {dag.py:3036} INFO - Sync 1 DAGs
[2025-12-28T20:23:36.213+0000] {logging_mixin.py:188} INFO - [2025-12-28T20:23:36.212+0000] {dag.py:3823} INFO - Setting next_dagrun for ml_models to 2025-12-27 00:00:00+00:00, run_after=2025-12-28 00:00:00+00:00
[2025-12-28T20:23:36.341+0000] {processor.py:183} INFO - Processing /opt/airflow/dags/ml_models.py took 0.600 seconds
[2025-12-28T20:24:06.554+0000] {processor.py:161} INFO - Started process (PID=2375) to work on /opt/airflow/dags/ml_models.py
[2025-12-28T20:24:06.557+0000] {processor.py:830} INFO - Processing file /opt/airflow/dags/ml_models.py for tasks to queue
[2025-12-28T20:24:06.560+0000] {logging_mixin.py:188} INFO - [2025-12-28T20:24:06.559+0000] {dagbag.py:538} INFO - Filling up the DagBag from /opt/airflow/dags/ml_models.py
[2025-12-28T20:24:06.596+0000] {processor.py:840} INFO - DAG(s) 'ml_models' retrieved from /opt/airflow/dags/ml_models.py
[2025-12-28T20:24:06.635+0000] {logging_mixin.py:188} INFO - [2025-12-28T20:24:06.635+0000] {dag.py:3036} INFO - Sync 1 DAGs
[2025-12-28T20:24:06.664+0000] {logging_mixin.py:188} INFO - [2025-12-28T20:24:06.664+0000] {dag.py:3823} INFO - Setting next_dagrun for ml_models to 2025-12-27 00:00:00+00:00, run_after=2025-12-28 00:00:00+00:00
[2025-12-28T20:24:06.698+0000] {processor.py:183} INFO - Processing /opt/airflow/dags/ml_models.py took 0.152 seconds
[2025-12-28T20:24:37.030+0000] {processor.py:161} INFO - Started process (PID=2392) to work on /opt/airflow/dags/ml_models.py
[2025-12-28T20:24:37.031+0000] {processor.py:830} INFO - Processing file /opt/airflow/dags/ml_models.py for tasks to queue
[2025-12-28T20:24:37.033+0000] {logging_mixin.py:188} INFO - [2025-12-28T20:24:37.032+0000] {dagbag.py:538} INFO - Filling up the DagBag from /opt/airflow/dags/ml_models.py
[2025-12-28T20:24:37.063+0000] {processor.py:840} INFO - DAG(s) 'ml_models' retrieved from /opt/airflow/dags/ml_models.py
[2025-12-28T20:24:37.093+0000] {logging_mixin.py:188} INFO - [2025-12-28T20:24:37.093+0000] {dag.py:3036} INFO - Sync 1 DAGs
[2025-12-28T20:24:37.123+0000] {logging_mixin.py:188} INFO - [2025-12-28T20:24:37.123+0000] {dag.py:3823} INFO - Setting next_dagrun for ml_models to 2025-12-27 00:00:00+00:00, run_after=2025-12-28 00:00:00+00:00
[2025-12-28T20:24:37.182+0000] {processor.py:183} INFO - Processing /opt/airflow/dags/ml_models.py took 0.157 seconds
[2025-12-28T20:25:07.576+0000] {processor.py:161} INFO - Started process (PID=2412) to work on /opt/airflow/dags/ml_models.py
[2025-12-28T20:25:07.579+0000] {processor.py:830} INFO - Processing file /opt/airflow/dags/ml_models.py for tasks to queue
[2025-12-28T20:25:07.581+0000] {logging_mixin.py:188} INFO - [2025-12-28T20:25:07.580+0000] {dagbag.py:538} INFO - Filling up the DagBag from /opt/airflow/dags/ml_models.py
[2025-12-28T20:25:07.616+0000] {processor.py:840} INFO - DAG(s) 'ml_models' retrieved from /opt/airflow/dags/ml_models.py
[2025-12-28T20:25:07.656+0000] {logging_mixin.py:188} INFO - [2025-12-28T20:25:07.656+0000] {dag.py:3036} INFO - Sync 1 DAGs
[2025-12-28T20:25:07.703+0000] {logging_mixin.py:188} INFO - [2025-12-28T20:25:07.703+0000] {dag.py:3823} INFO - Setting next_dagrun for ml_models to 2025-12-27 00:00:00+00:00, run_after=2025-12-28 00:00:00+00:00
[2025-12-28T20:25:07.764+0000] {processor.py:183} INFO - Processing /opt/airflow/dags/ml_models.py took 0.195 seconds
[2025-12-28T20:25:38.118+0000] {processor.py:161} INFO - Started process (PID=2432) to work on /opt/airflow/dags/ml_models.py
[2025-12-28T20:25:38.120+0000] {processor.py:830} INFO - Processing file /opt/airflow/dags/ml_models.py for tasks to queue
[2025-12-28T20:25:38.121+0000] {logging_mixin.py:188} INFO - [2025-12-28T20:25:38.121+0000] {dagbag.py:538} INFO - Filling up the DagBag from /opt/airflow/dags/ml_models.py
[2025-12-28T20:25:38.146+0000] {processor.py:840} INFO - DAG(s) 'ml_models' retrieved from /opt/airflow/dags/ml_models.py
[2025-12-28T20:25:38.176+0000] {logging_mixin.py:188} INFO - [2025-12-28T20:25:38.176+0000] {dag.py:3036} INFO - Sync 1 DAGs
[2025-12-28T20:25:38.213+0000] {logging_mixin.py:188} INFO - [2025-12-28T20:25:38.212+0000] {dag.py:3823} INFO - Setting next_dagrun for ml_models to 2025-12-27 00:00:00+00:00, run_after=2025-12-28 00:00:00+00:00
[2025-12-28T20:25:38.238+0000] {processor.py:183} INFO - Processing /opt/airflow/dags/ml_models.py took 0.124 seconds
[2025-12-28T20:26:08.856+0000] {processor.py:161} INFO - Started process (PID=2452) to work on /opt/airflow/dags/ml_models.py
[2025-12-28T20:26:08.858+0000] {processor.py:830} INFO - Processing file /opt/airflow/dags/ml_models.py for tasks to queue
[2025-12-28T20:26:08.860+0000] {logging_mixin.py:188} INFO - [2025-12-28T20:26:08.860+0000] {dagbag.py:538} INFO - Filling up the DagBag from /opt/airflow/dags/ml_models.py
[2025-12-28T20:26:08.898+0000] {processor.py:840} INFO - DAG(s) 'ml_models' retrieved from /opt/airflow/dags/ml_models.py
[2025-12-28T20:26:08.953+0000] {logging_mixin.py:188} INFO - [2025-12-28T20:26:08.953+0000] {dag.py:3036} INFO - Sync 1 DAGs
[2025-12-28T20:26:09.003+0000] {logging_mixin.py:188} INFO - [2025-12-28T20:26:09.002+0000] {dag.py:3823} INFO - Setting next_dagrun for ml_models to 2025-12-27 00:00:00+00:00, run_after=2025-12-28 00:00:00+00:00
[2025-12-28T20:26:09.078+0000] {processor.py:183} INFO - Processing /opt/airflow/dags/ml_models.py took 0.230 seconds
[2025-12-28T20:26:39.553+0000] {processor.py:161} INFO - Started process (PID=2472) to work on /opt/airflow/dags/ml_models.py
[2025-12-28T20:26:39.556+0000] {processor.py:830} INFO - Processing file /opt/airflow/dags/ml_models.py for tasks to queue
[2025-12-28T20:26:39.558+0000] {logging_mixin.py:188} INFO - [2025-12-28T20:26:39.557+0000] {dagbag.py:538} INFO - Filling up the DagBag from /opt/airflow/dags/ml_models.py
[2025-12-28T20:26:39.605+0000] {processor.py:840} INFO - DAG(s) 'ml_models' retrieved from /opt/airflow/dags/ml_models.py
[2025-12-28T20:26:39.659+0000] {logging_mixin.py:188} INFO - [2025-12-28T20:26:39.658+0000] {dag.py:3036} INFO - Sync 1 DAGs
[2025-12-28T20:26:39.708+0000] {logging_mixin.py:188} INFO - [2025-12-28T20:26:39.707+0000] {dag.py:3823} INFO - Setting next_dagrun for ml_models to 2025-12-27 00:00:00+00:00, run_after=2025-12-28 00:00:00+00:00
[2025-12-28T20:26:39.744+0000] {processor.py:183} INFO - Processing /opt/airflow/dags/ml_models.py took 0.199 seconds
[2025-12-28T20:27:10.429+0000] {processor.py:161} INFO - Started process (PID=2492) to work on /opt/airflow/dags/ml_models.py
[2025-12-28T20:27:10.431+0000] {processor.py:830} INFO - Processing file /opt/airflow/dags/ml_models.py for tasks to queue
[2025-12-28T20:27:10.434+0000] {logging_mixin.py:188} INFO - [2025-12-28T20:27:10.433+0000] {dagbag.py:538} INFO - Filling up the DagBag from /opt/airflow/dags/ml_models.py
[2025-12-28T20:27:10.471+0000] {processor.py:840} INFO - DAG(s) 'ml_models' retrieved from /opt/airflow/dags/ml_models.py
[2025-12-28T20:27:10.525+0000] {logging_mixin.py:188} INFO - [2025-12-28T20:27:10.525+0000] {dag.py:3036} INFO - Sync 1 DAGs
[2025-12-28T20:27:10.571+0000] {logging_mixin.py:188} INFO - [2025-12-28T20:27:10.570+0000] {dag.py:3823} INFO - Setting next_dagrun for ml_models to 2025-12-27 00:00:00+00:00, run_after=2025-12-28 00:00:00+00:00
[2025-12-28T20:27:10.648+0000] {processor.py:183} INFO - Processing /opt/airflow/dags/ml_models.py took 0.227 seconds
[2025-12-28T20:27:41.124+0000] {processor.py:161} INFO - Started process (PID=2512) to work on /opt/airflow/dags/ml_models.py
[2025-12-28T20:27:41.127+0000] {processor.py:830} INFO - Processing file /opt/airflow/dags/ml_models.py for tasks to queue
[2025-12-28T20:27:41.129+0000] {logging_mixin.py:188} INFO - [2025-12-28T20:27:41.128+0000] {dagbag.py:538} INFO - Filling up the DagBag from /opt/airflow/dags/ml_models.py
[2025-12-28T20:27:41.167+0000] {processor.py:840} INFO - DAG(s) 'ml_models' retrieved from /opt/airflow/dags/ml_models.py
[2025-12-28T20:27:41.223+0000] {logging_mixin.py:188} INFO - [2025-12-28T20:27:41.222+0000] {dag.py:3036} INFO - Sync 1 DAGs
[2025-12-28T20:27:41.269+0000] {logging_mixin.py:188} INFO - [2025-12-28T20:27:41.269+0000] {dag.py:3823} INFO - Setting next_dagrun for ml_models to 2025-12-27 00:00:00+00:00, run_after=2025-12-28 00:00:00+00:00
[2025-12-28T20:27:41.302+0000] {processor.py:183} INFO - Processing /opt/airflow/dags/ml_models.py took 0.185 seconds
[2025-12-28T20:28:12.010+0000] {processor.py:161} INFO - Started process (PID=2532) to work on /opt/airflow/dags/ml_models.py
[2025-12-28T20:28:12.012+0000] {processor.py:830} INFO - Processing file /opt/airflow/dags/ml_models.py for tasks to queue
[2025-12-28T20:28:12.014+0000] {logging_mixin.py:188} INFO - [2025-12-28T20:28:12.013+0000] {dagbag.py:538} INFO - Filling up the DagBag from /opt/airflow/dags/ml_models.py
[2025-12-28T20:28:12.053+0000] {processor.py:840} INFO - DAG(s) 'ml_models' retrieved from /opt/airflow/dags/ml_models.py
[2025-12-28T20:28:12.100+0000] {logging_mixin.py:188} INFO - [2025-12-28T20:28:12.099+0000] {dag.py:3036} INFO - Sync 1 DAGs
[2025-12-28T20:28:12.139+0000] {logging_mixin.py:188} INFO - [2025-12-28T20:28:12.138+0000] {dag.py:3823} INFO - Setting next_dagrun for ml_models to 2025-12-27 00:00:00+00:00, run_after=2025-12-28 00:00:00+00:00
[2025-12-28T20:28:12.209+0000] {processor.py:183} INFO - Processing /opt/airflow/dags/ml_models.py took 0.205 seconds
[2025-12-28T20:28:42.844+0000] {processor.py:161} INFO - Started process (PID=2552) to work on /opt/airflow/dags/ml_models.py
[2025-12-28T20:28:42.847+0000] {processor.py:830} INFO - Processing file /opt/airflow/dags/ml_models.py for tasks to queue
[2025-12-28T20:28:42.849+0000] {logging_mixin.py:188} INFO - [2025-12-28T20:28:42.848+0000] {dagbag.py:538} INFO - Filling up the DagBag from /opt/airflow/dags/ml_models.py
[2025-12-28T20:28:42.899+0000] {processor.py:840} INFO - DAG(s) 'ml_models' retrieved from /opt/airflow/dags/ml_models.py
[2025-12-28T20:28:42.948+0000] {logging_mixin.py:188} INFO - [2025-12-28T20:28:42.947+0000] {dag.py:3036} INFO - Sync 1 DAGs
[2025-12-28T20:28:42.988+0000] {logging_mixin.py:188} INFO - [2025-12-28T20:28:42.987+0000] {dag.py:3823} INFO - Setting next_dagrun for ml_models to 2025-12-27 00:00:00+00:00, run_after=2025-12-28 00:00:00+00:00
[2025-12-28T20:28:43.052+0000] {processor.py:183} INFO - Processing /opt/airflow/dags/ml_models.py took 0.214 seconds
[2025-12-28T20:29:13.524+0000] {processor.py:161} INFO - Started process (PID=2572) to work on /opt/airflow/dags/ml_models.py
[2025-12-28T20:29:13.527+0000] {processor.py:830} INFO - Processing file /opt/airflow/dags/ml_models.py for tasks to queue
[2025-12-28T20:29:13.528+0000] {logging_mixin.py:188} INFO - [2025-12-28T20:29:13.528+0000] {dagbag.py:538} INFO - Filling up the DagBag from /opt/airflow/dags/ml_models.py
[2025-12-28T20:29:13.571+0000] {processor.py:840} INFO - DAG(s) 'ml_models' retrieved from /opt/airflow/dags/ml_models.py
[2025-12-28T20:29:13.617+0000] {logging_mixin.py:188} INFO - [2025-12-28T20:29:13.617+0000] {dag.py:3036} INFO - Sync 1 DAGs
[2025-12-28T20:29:13.657+0000] {logging_mixin.py:188} INFO - [2025-12-28T20:29:13.656+0000] {dag.py:3823} INFO - Setting next_dagrun for ml_models to 2025-12-27 00:00:00+00:00, run_after=2025-12-28 00:00:00+00:00
[2025-12-28T20:29:13.728+0000] {processor.py:183} INFO - Processing /opt/airflow/dags/ml_models.py took 0.210 seconds
[2025-12-28T20:29:44.212+0000] {processor.py:161} INFO - Started process (PID=2592) to work on /opt/airflow/dags/ml_models.py
[2025-12-28T20:29:44.215+0000] {processor.py:830} INFO - Processing file /opt/airflow/dags/ml_models.py for tasks to queue
[2025-12-28T20:29:44.217+0000] {logging_mixin.py:188} INFO - [2025-12-28T20:29:44.216+0000] {dagbag.py:538} INFO - Filling up the DagBag from /opt/airflow/dags/ml_models.py
[2025-12-28T20:29:44.259+0000] {processor.py:840} INFO - DAG(s) 'ml_models' retrieved from /opt/airflow/dags/ml_models.py
[2025-12-28T20:29:44.305+0000] {logging_mixin.py:188} INFO - [2025-12-28T20:29:44.305+0000] {dag.py:3036} INFO - Sync 1 DAGs
[2025-12-28T20:29:44.349+0000] {logging_mixin.py:188} INFO - [2025-12-28T20:29:44.348+0000] {dag.py:3823} INFO - Setting next_dagrun for ml_models to 2025-12-27 00:00:00+00:00, run_after=2025-12-28 00:00:00+00:00
[2025-12-28T20:29:44.418+0000] {processor.py:183} INFO - Processing /opt/airflow/dags/ml_models.py took 0.214 seconds
[2025-12-28T20:30:14.952+0000] {processor.py:161} INFO - Started process (PID=2612) to work on /opt/airflow/dags/ml_models.py
[2025-12-28T20:30:14.954+0000] {processor.py:830} INFO - Processing file /opt/airflow/dags/ml_models.py for tasks to queue
[2025-12-28T20:30:14.956+0000] {logging_mixin.py:188} INFO - [2025-12-28T20:30:14.955+0000] {dagbag.py:538} INFO - Filling up the DagBag from /opt/airflow/dags/ml_models.py
[2025-12-28T20:30:14.992+0000] {processor.py:840} INFO - DAG(s) 'ml_models' retrieved from /opt/airflow/dags/ml_models.py
[2025-12-28T20:30:15.037+0000] {logging_mixin.py:188} INFO - [2025-12-28T20:30:15.037+0000] {dag.py:3036} INFO - Sync 1 DAGs
[2025-12-28T20:30:15.079+0000] {logging_mixin.py:188} INFO - [2025-12-28T20:30:15.078+0000] {dag.py:3823} INFO - Setting next_dagrun for ml_models to 2025-12-27 00:00:00+00:00, run_after=2025-12-28 00:00:00+00:00
[2025-12-28T20:30:15.115+0000] {processor.py:183} INFO - Processing /opt/airflow/dags/ml_models.py took 0.171 seconds
[2025-12-28T20:30:45.885+0000] {processor.py:161} INFO - Started process (PID=2632) to work on /opt/airflow/dags/ml_models.py
[2025-12-28T20:30:45.888+0000] {processor.py:830} INFO - Processing file /opt/airflow/dags/ml_models.py for tasks to queue
[2025-12-28T20:30:45.890+0000] {logging_mixin.py:188} INFO - [2025-12-28T20:30:45.889+0000] {dagbag.py:538} INFO - Filling up the DagBag from /opt/airflow/dags/ml_models.py
[2025-12-28T20:30:45.932+0000] {processor.py:840} INFO - DAG(s) 'ml_models' retrieved from /opt/airflow/dags/ml_models.py
[2025-12-28T20:30:45.981+0000] {logging_mixin.py:188} INFO - [2025-12-28T20:30:45.981+0000] {dag.py:3036} INFO - Sync 1 DAGs
[2025-12-28T20:30:46.021+0000] {logging_mixin.py:188} INFO - [2025-12-28T20:30:46.021+0000] {dag.py:3823} INFO - Setting next_dagrun for ml_models to 2025-12-27 00:00:00+00:00, run_after=2025-12-28 00:00:00+00:00
[2025-12-28T20:30:46.092+0000] {processor.py:183} INFO - Processing /opt/airflow/dags/ml_models.py took 0.215 seconds
[2025-12-28T20:31:16.545+0000] {processor.py:161} INFO - Started process (PID=2652) to work on /opt/airflow/dags/ml_models.py
[2025-12-28T20:31:16.547+0000] {processor.py:830} INFO - Processing file /opt/airflow/dags/ml_models.py for tasks to queue
[2025-12-28T20:31:16.549+0000] {logging_mixin.py:188} INFO - [2025-12-28T20:31:16.549+0000] {dagbag.py:538} INFO - Filling up the DagBag from /opt/airflow/dags/ml_models.py
[2025-12-28T20:31:16.586+0000] {processor.py:840} INFO - DAG(s) 'ml_models' retrieved from /opt/airflow/dags/ml_models.py
[2025-12-28T20:31:16.638+0000] {logging_mixin.py:188} INFO - [2025-12-28T20:31:16.637+0000] {dag.py:3036} INFO - Sync 1 DAGs
[2025-12-28T20:31:16.679+0000] {logging_mixin.py:188} INFO - [2025-12-28T20:31:16.678+0000] {dag.py:3823} INFO - Setting next_dagrun for ml_models to 2025-12-27 00:00:00+00:00, run_after=2025-12-28 00:00:00+00:00
[2025-12-28T20:31:16.753+0000] {processor.py:183} INFO - Processing /opt/airflow/dags/ml_models.py took 0.214 seconds
[2025-12-28T20:31:47.285+0000] {processor.py:161} INFO - Started process (PID=2672) to work on /opt/airflow/dags/ml_models.py
[2025-12-28T20:31:47.287+0000] {processor.py:830} INFO - Processing file /opt/airflow/dags/ml_models.py for tasks to queue
[2025-12-28T20:31:47.289+0000] {logging_mixin.py:188} INFO - [2025-12-28T20:31:47.289+0000] {dagbag.py:538} INFO - Filling up the DagBag from /opt/airflow/dags/ml_models.py
[2025-12-28T20:31:47.325+0000] {processor.py:840} INFO - DAG(s) 'ml_models' retrieved from /opt/airflow/dags/ml_models.py
[2025-12-28T20:31:47.374+0000] {logging_mixin.py:188} INFO - [2025-12-28T20:31:47.374+0000] {dag.py:3036} INFO - Sync 1 DAGs
[2025-12-28T20:31:47.420+0000] {logging_mixin.py:188} INFO - [2025-12-28T20:31:47.420+0000] {dag.py:3823} INFO - Setting next_dagrun for ml_models to 2025-12-27 00:00:00+00:00, run_after=2025-12-28 00:00:00+00:00
[2025-12-28T20:31:47.452+0000] {processor.py:183} INFO - Processing /opt/airflow/dags/ml_models.py took 0.174 seconds
[2025-12-28T20:32:18.172+0000] {processor.py:161} INFO - Started process (PID=2692) to work on /opt/airflow/dags/ml_models.py
[2025-12-28T20:32:18.174+0000] {processor.py:830} INFO - Processing file /opt/airflow/dags/ml_models.py for tasks to queue
[2025-12-28T20:32:18.176+0000] {logging_mixin.py:188} INFO - [2025-12-28T20:32:18.175+0000] {dagbag.py:538} INFO - Filling up the DagBag from /opt/airflow/dags/ml_models.py
[2025-12-28T20:32:18.215+0000] {processor.py:840} INFO - DAG(s) 'ml_models' retrieved from /opt/airflow/dags/ml_models.py
[2025-12-28T20:32:18.264+0000] {logging_mixin.py:188} INFO - [2025-12-28T20:32:18.263+0000] {dag.py:3036} INFO - Sync 1 DAGs
[2025-12-28T20:32:18.313+0000] {logging_mixin.py:188} INFO - [2025-12-28T20:32:18.312+0000] {dag.py:3823} INFO - Setting next_dagrun for ml_models to 2025-12-27 00:00:00+00:00, run_after=2025-12-28 00:00:00+00:00
[2025-12-28T20:32:18.382+0000] {processor.py:183} INFO - Processing /opt/airflow/dags/ml_models.py took 0.217 seconds
[2025-12-28T20:32:48.903+0000] {processor.py:161} INFO - Started process (PID=2712) to work on /opt/airflow/dags/ml_models.py
[2025-12-28T20:32:48.906+0000] {processor.py:830} INFO - Processing file /opt/airflow/dags/ml_models.py for tasks to queue
[2025-12-28T20:32:48.912+0000] {logging_mixin.py:188} INFO - [2025-12-28T20:32:48.911+0000] {dagbag.py:538} INFO - Filling up the DagBag from /opt/airflow/dags/ml_models.py
[2025-12-28T20:32:48.952+0000] {processor.py:840} INFO - DAG(s) 'ml_models' retrieved from /opt/airflow/dags/ml_models.py
[2025-12-28T20:32:49.001+0000] {logging_mixin.py:188} INFO - [2025-12-28T20:32:49.000+0000] {dag.py:3036} INFO - Sync 1 DAGs
[2025-12-28T20:32:49.043+0000] {logging_mixin.py:188} INFO - [2025-12-28T20:32:49.043+0000] {dag.py:3823} INFO - Setting next_dagrun for ml_models to 2025-12-27 00:00:00+00:00, run_after=2025-12-28 00:00:00+00:00
[2025-12-28T20:32:49.117+0000] {processor.py:183} INFO - Processing /opt/airflow/dags/ml_models.py took 0.223 seconds
[2025-12-28T20:33:19.643+0000] {processor.py:161} INFO - Started process (PID=2732) to work on /opt/airflow/dags/ml_models.py
[2025-12-28T20:33:19.645+0000] {processor.py:830} INFO - Processing file /opt/airflow/dags/ml_models.py for tasks to queue
[2025-12-28T20:33:19.647+0000] {logging_mixin.py:188} INFO - [2025-12-28T20:33:19.646+0000] {dagbag.py:538} INFO - Filling up the DagBag from /opt/airflow/dags/ml_models.py
[2025-12-28T20:33:19.689+0000] {processor.py:840} INFO - DAG(s) 'ml_models' retrieved from /opt/airflow/dags/ml_models.py
[2025-12-28T20:33:19.734+0000] {logging_mixin.py:188} INFO - [2025-12-28T20:33:19.734+0000] {dag.py:3036} INFO - Sync 1 DAGs
[2025-12-28T20:33:19.774+0000] {logging_mixin.py:188} INFO - [2025-12-28T20:33:19.774+0000] {dag.py:3823} INFO - Setting next_dagrun for ml_models to 2025-12-27 00:00:00+00:00, run_after=2025-12-28 00:00:00+00:00
[2025-12-28T20:33:19.817+0000] {processor.py:183} INFO - Processing /opt/airflow/dags/ml_models.py took 0.179 seconds
[2025-12-28T20:33:50.481+0000] {processor.py:161} INFO - Started process (PID=2752) to work on /opt/airflow/dags/ml_models.py
[2025-12-28T20:33:50.483+0000] {processor.py:830} INFO - Processing file /opt/airflow/dags/ml_models.py for tasks to queue
[2025-12-28T20:33:50.487+0000] {logging_mixin.py:188} INFO - [2025-12-28T20:33:50.486+0000] {dagbag.py:538} INFO - Filling up the DagBag from /opt/airflow/dags/ml_models.py
[2025-12-28T20:33:50.534+0000] {processor.py:840} INFO - DAG(s) 'ml_models' retrieved from /opt/airflow/dags/ml_models.py
[2025-12-28T20:33:50.587+0000] {logging_mixin.py:188} INFO - [2025-12-28T20:33:50.587+0000] {dag.py:3036} INFO - Sync 1 DAGs
[2025-12-28T20:33:50.633+0000] {logging_mixin.py:188} INFO - [2025-12-28T20:33:50.632+0000] {dag.py:3823} INFO - Setting next_dagrun for ml_models to 2025-12-27 00:00:00+00:00, run_after=2025-12-28 00:00:00+00:00
[2025-12-28T20:33:50.704+0000] {processor.py:183} INFO - Processing /opt/airflow/dags/ml_models.py took 0.236 seconds
[2025-12-28T20:34:21.170+0000] {processor.py:161} INFO - Started process (PID=2772) to work on /opt/airflow/dags/ml_models.py
[2025-12-28T20:34:21.173+0000] {processor.py:830} INFO - Processing file /opt/airflow/dags/ml_models.py for tasks to queue
[2025-12-28T20:34:21.175+0000] {logging_mixin.py:188} INFO - [2025-12-28T20:34:21.174+0000] {dagbag.py:538} INFO - Filling up the DagBag from /opt/airflow/dags/ml_models.py
[2025-12-28T20:34:21.252+0000] {processor.py:840} INFO - DAG(s) 'ml_models' retrieved from /opt/airflow/dags/ml_models.py
[2025-12-28T20:34:21.302+0000] {logging_mixin.py:188} INFO - [2025-12-28T20:34:21.302+0000] {dag.py:3036} INFO - Sync 1 DAGs
[2025-12-28T20:34:21.341+0000] {logging_mixin.py:188} INFO - [2025-12-28T20:34:21.341+0000] {dag.py:3823} INFO - Setting next_dagrun for ml_models to 2025-12-27 00:00:00+00:00, run_after=2025-12-28 00:00:00+00:00
[2025-12-28T20:34:21.375+0000] {processor.py:183} INFO - Processing /opt/airflow/dags/ml_models.py took 0.214 seconds
[2025-12-28T20:34:51.842+0000] {processor.py:161} INFO - Started process (PID=2792) to work on /opt/airflow/dags/ml_models.py
[2025-12-28T20:34:51.844+0000] {processor.py:830} INFO - Processing file /opt/airflow/dags/ml_models.py for tasks to queue
[2025-12-28T20:34:51.846+0000] {logging_mixin.py:188} INFO - [2025-12-28T20:34:51.845+0000] {dagbag.py:538} INFO - Filling up the DagBag from /opt/airflow/dags/ml_models.py
[2025-12-28T20:34:51.884+0000] {processor.py:840} INFO - DAG(s) 'ml_models' retrieved from /opt/airflow/dags/ml_models.py
[2025-12-28T20:34:51.927+0000] {logging_mixin.py:188} INFO - [2025-12-28T20:34:51.927+0000] {dag.py:3036} INFO - Sync 1 DAGs
[2025-12-28T20:34:51.975+0000] {logging_mixin.py:188} INFO - [2025-12-28T20:34:51.975+0000] {dag.py:3823} INFO - Setting next_dagrun for ml_models to 2025-12-27 00:00:00+00:00, run_after=2025-12-28 00:00:00+00:00
[2025-12-28T20:34:52.010+0000] {processor.py:183} INFO - Processing /opt/airflow/dags/ml_models.py took 0.175 seconds
[2025-12-28T20:35:22.760+0000] {processor.py:161} INFO - Started process (PID=2812) to work on /opt/airflow/dags/ml_models.py
[2025-12-28T20:35:22.763+0000] {processor.py:830} INFO - Processing file /opt/airflow/dags/ml_models.py for tasks to queue
[2025-12-28T20:35:22.765+0000] {logging_mixin.py:188} INFO - [2025-12-28T20:35:22.764+0000] {dagbag.py:538} INFO - Filling up the DagBag from /opt/airflow/dags/ml_models.py
[2025-12-28T20:35:22.799+0000] {processor.py:840} INFO - DAG(s) 'ml_models' retrieved from /opt/airflow/dags/ml_models.py
[2025-12-28T20:35:22.852+0000] {logging_mixin.py:188} INFO - [2025-12-28T20:35:22.851+0000] {dag.py:3036} INFO - Sync 1 DAGs
[2025-12-28T20:35:22.900+0000] {logging_mixin.py:188} INFO - [2025-12-28T20:35:22.900+0000] {dag.py:3823} INFO - Setting next_dagrun for ml_models to 2025-12-27 00:00:00+00:00, run_after=2025-12-28 00:00:00+00:00
[2025-12-28T20:35:22.935+0000] {processor.py:183} INFO - Processing /opt/airflow/dags/ml_models.py took 0.183 seconds
[2025-12-28T20:35:53.443+0000] {processor.py:161} INFO - Started process (PID=2832) to work on /opt/airflow/dags/ml_models.py
[2025-12-28T20:35:53.446+0000] {processor.py:830} INFO - Processing file /opt/airflow/dags/ml_models.py for tasks to queue
[2025-12-28T20:35:53.447+0000] {logging_mixin.py:188} INFO - [2025-12-28T20:35:53.447+0000] {dagbag.py:538} INFO - Filling up the DagBag from /opt/airflow/dags/ml_models.py
[2025-12-28T20:35:53.489+0000] {processor.py:840} INFO - DAG(s) 'ml_models' retrieved from /opt/airflow/dags/ml_models.py
[2025-12-28T20:35:53.554+0000] {logging_mixin.py:188} INFO - [2025-12-28T20:35:53.554+0000] {dag.py:3036} INFO - Sync 1 DAGs
[2025-12-28T20:35:53.610+0000] {logging_mixin.py:188} INFO - [2025-12-28T20:35:53.609+0000] {dag.py:3823} INFO - Setting next_dagrun for ml_models to 2025-12-27 00:00:00+00:00, run_after=2025-12-28 00:00:00+00:00
[2025-12-28T20:35:53.690+0000] {processor.py:183} INFO - Processing /opt/airflow/dags/ml_models.py took 0.253 seconds
[2025-12-28T20:36:24.161+0000] {processor.py:161} INFO - Started process (PID=2852) to work on /opt/airflow/dags/ml_models.py
[2025-12-28T20:36:24.163+0000] {processor.py:830} INFO - Processing file /opt/airflow/dags/ml_models.py for tasks to queue
[2025-12-28T20:36:24.166+0000] {logging_mixin.py:188} INFO - [2025-12-28T20:36:24.165+0000] {dagbag.py:538} INFO - Filling up the DagBag from /opt/airflow/dags/ml_models.py
[2025-12-28T20:36:24.256+0000] {processor.py:840} INFO - DAG(s) 'ml_models' retrieved from /opt/airflow/dags/ml_models.py
[2025-12-28T20:36:24.306+0000] {logging_mixin.py:188} INFO - [2025-12-28T20:36:24.306+0000] {dag.py:3036} INFO - Sync 1 DAGs
[2025-12-28T20:36:24.351+0000] {logging_mixin.py:188} INFO - [2025-12-28T20:36:24.350+0000] {dag.py:3823} INFO - Setting next_dagrun for ml_models to 2025-12-27 00:00:00+00:00, run_after=2025-12-28 00:00:00+00:00
[2025-12-28T20:36:24.384+0000] {processor.py:183} INFO - Processing /opt/airflow/dags/ml_models.py took 0.230 seconds
[2025-12-28T20:36:54.884+0000] {processor.py:161} INFO - Started process (PID=2872) to work on /opt/airflow/dags/ml_models.py
[2025-12-28T20:36:54.887+0000] {processor.py:830} INFO - Processing file /opt/airflow/dags/ml_models.py for tasks to queue
[2025-12-28T20:36:54.889+0000] {logging_mixin.py:188} INFO - [2025-12-28T20:36:54.888+0000] {dagbag.py:538} INFO - Filling up the DagBag from /opt/airflow/dags/ml_models.py
[2025-12-28T20:36:54.926+0000] {processor.py:840} INFO - DAG(s) 'ml_models' retrieved from /opt/airflow/dags/ml_models.py
[2025-12-28T20:36:54.974+0000] {logging_mixin.py:188} INFO - [2025-12-28T20:36:54.974+0000] {dag.py:3036} INFO - Sync 1 DAGs
[2025-12-28T20:36:55.019+0000] {logging_mixin.py:188} INFO - [2025-12-28T20:36:55.019+0000] {dag.py:3823} INFO - Setting next_dagrun for ml_models to 2025-12-27 00:00:00+00:00, run_after=2025-12-28 00:00:00+00:00
[2025-12-28T20:36:55.058+0000] {processor.py:183} INFO - Processing /opt/airflow/dags/ml_models.py took 0.181 seconds
[2025-12-28T20:37:25.753+0000] {processor.py:161} INFO - Started process (PID=2892) to work on /opt/airflow/dags/ml_models.py
[2025-12-28T20:37:25.755+0000] {processor.py:830} INFO - Processing file /opt/airflow/dags/ml_models.py for tasks to queue
[2025-12-28T20:37:25.757+0000] {logging_mixin.py:188} INFO - [2025-12-28T20:37:25.756+0000] {dagbag.py:538} INFO - Filling up the DagBag from /opt/airflow/dags/ml_models.py
[2025-12-28T20:37:25.801+0000] {processor.py:840} INFO - DAG(s) 'ml_models' retrieved from /opt/airflow/dags/ml_models.py
[2025-12-28T20:37:25.866+0000] {logging_mixin.py:188} INFO - [2025-12-28T20:37:25.866+0000] {dag.py:3036} INFO - Sync 1 DAGs
[2025-12-28T20:37:25.911+0000] {logging_mixin.py:188} INFO - [2025-12-28T20:37:25.911+0000] {dag.py:3823} INFO - Setting next_dagrun for ml_models to 2025-12-27 00:00:00+00:00, run_after=2025-12-28 00:00:00+00:00
[2025-12-28T20:37:25.983+0000] {processor.py:183} INFO - Processing /opt/airflow/dags/ml_models.py took 0.237 seconds
[2025-12-28T20:37:56.497+0000] {processor.py:161} INFO - Started process (PID=2912) to work on /opt/airflow/dags/ml_models.py
[2025-12-28T20:37:56.500+0000] {processor.py:830} INFO - Processing file /opt/airflow/dags/ml_models.py for tasks to queue
[2025-12-28T20:37:56.501+0000] {logging_mixin.py:188} INFO - [2025-12-28T20:37:56.501+0000] {dagbag.py:538} INFO - Filling up the DagBag from /opt/airflow/dags/ml_models.py
[2025-12-28T20:37:56.540+0000] {processor.py:840} INFO - DAG(s) 'ml_models' retrieved from /opt/airflow/dags/ml_models.py
[2025-12-28T20:37:56.586+0000] {logging_mixin.py:188} INFO - [2025-12-28T20:37:56.586+0000] {dag.py:3036} INFO - Sync 1 DAGs
[2025-12-28T20:37:56.629+0000] {logging_mixin.py:188} INFO - [2025-12-28T20:37:56.629+0000] {dag.py:3823} INFO - Setting next_dagrun for ml_models to 2025-12-27 00:00:00+00:00, run_after=2025-12-28 00:00:00+00:00
[2025-12-28T20:37:56.703+0000] {processor.py:183} INFO - Processing /opt/airflow/dags/ml_models.py took 0.214 seconds
[2025-12-28T20:38:27.199+0000] {processor.py:161} INFO - Started process (PID=2932) to work on /opt/airflow/dags/ml_models.py
[2025-12-28T20:38:27.202+0000] {processor.py:830} INFO - Processing file /opt/airflow/dags/ml_models.py for tasks to queue
[2025-12-28T20:38:27.204+0000] {logging_mixin.py:188} INFO - [2025-12-28T20:38:27.203+0000] {dagbag.py:538} INFO - Filling up the DagBag from /opt/airflow/dags/ml_models.py
[2025-12-28T20:38:27.245+0000] {processor.py:840} INFO - DAG(s) 'ml_models' retrieved from /opt/airflow/dags/ml_models.py
[2025-12-28T20:38:27.296+0000] {logging_mixin.py:188} INFO - [2025-12-28T20:38:27.295+0000] {dag.py:3036} INFO - Sync 1 DAGs
[2025-12-28T20:38:27.344+0000] {logging_mixin.py:188} INFO - [2025-12-28T20:38:27.343+0000] {dag.py:3823} INFO - Setting next_dagrun for ml_models to 2025-12-27 00:00:00+00:00, run_after=2025-12-28 00:00:00+00:00
[2025-12-28T20:38:27.420+0000] {processor.py:183} INFO - Processing /opt/airflow/dags/ml_models.py took 0.228 seconds
[2025-12-28T20:38:58.095+0000] {processor.py:161} INFO - Started process (PID=2952) to work on /opt/airflow/dags/ml_models.py
[2025-12-28T20:38:58.097+0000] {processor.py:830} INFO - Processing file /opt/airflow/dags/ml_models.py for tasks to queue
[2025-12-28T20:38:58.100+0000] {logging_mixin.py:188} INFO - [2025-12-28T20:38:58.099+0000] {dagbag.py:538} INFO - Filling up the DagBag from /opt/airflow/dags/ml_models.py
[2025-12-28T20:38:58.150+0000] {processor.py:840} INFO - DAG(s) 'ml_models' retrieved from /opt/airflow/dags/ml_models.py
[2025-12-28T20:38:58.194+0000] {logging_mixin.py:188} INFO - [2025-12-28T20:38:58.194+0000] {dag.py:3036} INFO - Sync 1 DAGs
[2025-12-28T20:38:58.235+0000] {logging_mixin.py:188} INFO - [2025-12-28T20:38:58.234+0000] {dag.py:3823} INFO - Setting next_dagrun for ml_models to 2025-12-27 00:00:00+00:00, run_after=2025-12-28 00:00:00+00:00
[2025-12-28T20:38:58.309+0000] {processor.py:183} INFO - Processing /opt/airflow/dags/ml_models.py took 0.222 seconds
[2025-12-28T20:39:28.891+0000] {processor.py:161} INFO - Started process (PID=2972) to work on /opt/airflow/dags/ml_models.py
[2025-12-28T20:39:28.893+0000] {processor.py:830} INFO - Processing file /opt/airflow/dags/ml_models.py for tasks to queue
[2025-12-28T20:39:28.895+0000] {logging_mixin.py:188} INFO - [2025-12-28T20:39:28.894+0000] {dagbag.py:538} INFO - Filling up the DagBag from /opt/airflow/dags/ml_models.py
[2025-12-28T20:39:28.973+0000] {processor.py:840} INFO - DAG(s) 'ml_models' retrieved from /opt/airflow/dags/ml_models.py
[2025-12-28T20:39:29.033+0000] {logging_mixin.py:188} INFO - [2025-12-28T20:39:29.032+0000] {dag.py:3036} INFO - Sync 1 DAGs
[2025-12-28T20:39:29.085+0000] {logging_mixin.py:188} INFO - [2025-12-28T20:39:29.084+0000] {dag.py:3823} INFO - Setting next_dagrun for ml_models to 2025-12-27 00:00:00+00:00, run_after=2025-12-28 00:00:00+00:00
[2025-12-28T20:39:29.140+0000] {processor.py:183} INFO - Processing /opt/airflow/dags/ml_models.py took 0.258 seconds
[2025-12-28T20:39:59.674+0000] {processor.py:161} INFO - Started process (PID=2992) to work on /opt/airflow/dags/ml_models.py
[2025-12-28T20:39:59.676+0000] {processor.py:830} INFO - Processing file /opt/airflow/dags/ml_models.py for tasks to queue
[2025-12-28T20:39:59.678+0000] {logging_mixin.py:188} INFO - [2025-12-28T20:39:59.677+0000] {dagbag.py:538} INFO - Filling up the DagBag from /opt/airflow/dags/ml_models.py
[2025-12-28T20:39:59.715+0000] {processor.py:840} INFO - DAG(s) 'ml_models' retrieved from /opt/airflow/dags/ml_models.py
[2025-12-28T20:39:59.764+0000] {logging_mixin.py:188} INFO - [2025-12-28T20:39:59.764+0000] {dag.py:3036} INFO - Sync 1 DAGs
[2025-12-28T20:39:59.809+0000] {logging_mixin.py:188} INFO - [2025-12-28T20:39:59.809+0000] {dag.py:3823} INFO - Setting next_dagrun for ml_models to 2025-12-27 00:00:00+00:00, run_after=2025-12-28 00:00:00+00:00
[2025-12-28T20:39:59.844+0000] {processor.py:183} INFO - Processing /opt/airflow/dags/ml_models.py took 0.177 seconds
[2025-12-28T20:40:30.496+0000] {processor.py:161} INFO - Started process (PID=3012) to work on /opt/airflow/dags/ml_models.py
[2025-12-28T20:40:30.498+0000] {processor.py:830} INFO - Processing file /opt/airflow/dags/ml_models.py for tasks to queue
[2025-12-28T20:40:30.501+0000] {logging_mixin.py:188} INFO - [2025-12-28T20:40:30.500+0000] {dagbag.py:538} INFO - Filling up the DagBag from /opt/airflow/dags/ml_models.py
[2025-12-28T20:40:30.547+0000] {processor.py:840} INFO - DAG(s) 'ml_models' retrieved from /opt/airflow/dags/ml_models.py
[2025-12-28T20:40:30.621+0000] {logging_mixin.py:188} INFO - [2025-12-28T20:40:30.620+0000] {dag.py:3036} INFO - Sync 1 DAGs
[2025-12-28T20:40:30.667+0000] {logging_mixin.py:188} INFO - [2025-12-28T20:40:30.666+0000] {dag.py:3823} INFO - Setting next_dagrun for ml_models to 2025-12-27 00:00:00+00:00, run_after=2025-12-28 00:00:00+00:00
[2025-12-28T20:40:30.711+0000] {processor.py:183} INFO - Processing /opt/airflow/dags/ml_models.py took 0.222 seconds
[2025-12-28T20:41:01.310+0000] {processor.py:161} INFO - Started process (PID=3032) to work on /opt/airflow/dags/ml_models.py
[2025-12-28T20:41:01.312+0000] {processor.py:830} INFO - Processing file /opt/airflow/dags/ml_models.py for tasks to queue
[2025-12-28T20:41:01.314+0000] {logging_mixin.py:188} INFO - [2025-12-28T20:41:01.313+0000] {dagbag.py:538} INFO - Filling up the DagBag from /opt/airflow/dags/ml_models.py
[2025-12-28T20:41:01.363+0000] {processor.py:840} INFO - DAG(s) 'ml_models' retrieved from /opt/airflow/dags/ml_models.py
[2025-12-28T20:41:01.420+0000] {logging_mixin.py:188} INFO - [2025-12-28T20:41:01.420+0000] {dag.py:3036} INFO - Sync 1 DAGs
[2025-12-28T20:41:01.469+0000] {logging_mixin.py:188} INFO - [2025-12-28T20:41:01.468+0000] {dag.py:3823} INFO - Setting next_dagrun for ml_models to 2025-12-27 00:00:00+00:00, run_after=2025-12-28 00:00:00+00:00
[2025-12-28T20:41:01.549+0000] {processor.py:183} INFO - Processing /opt/airflow/dags/ml_models.py took 0.248 seconds
[2025-12-28T20:41:32.104+0000] {processor.py:161} INFO - Started process (PID=3052) to work on /opt/airflow/dags/ml_models.py
[2025-12-28T20:41:32.107+0000] {processor.py:830} INFO - Processing file /opt/airflow/dags/ml_models.py for tasks to queue
[2025-12-28T20:41:32.109+0000] {logging_mixin.py:188} INFO - [2025-12-28T20:41:32.109+0000] {dagbag.py:538} INFO - Filling up the DagBag from /opt/airflow/dags/ml_models.py
[2025-12-28T20:41:32.197+0000] {processor.py:840} INFO - DAG(s) 'ml_models' retrieved from /opt/airflow/dags/ml_models.py
[2025-12-28T20:41:32.256+0000] {logging_mixin.py:188} INFO - [2025-12-28T20:41:32.256+0000] {dag.py:3036} INFO - Sync 1 DAGs
[2025-12-28T20:41:32.308+0000] {logging_mixin.py:188} INFO - [2025-12-28T20:41:32.308+0000] {dag.py:3823} INFO - Setting next_dagrun for ml_models to 2025-12-27 00:00:00+00:00, run_after=2025-12-28 00:00:00+00:00
[2025-12-28T20:41:32.353+0000] {processor.py:183} INFO - Processing /opt/airflow/dags/ml_models.py took 0.257 seconds
[2025-12-28T20:42:02.930+0000] {processor.py:161} INFO - Started process (PID=3072) to work on /opt/airflow/dags/ml_models.py
[2025-12-28T20:42:02.932+0000] {processor.py:830} INFO - Processing file /opt/airflow/dags/ml_models.py for tasks to queue
[2025-12-28T20:42:02.935+0000] {logging_mixin.py:188} INFO - [2025-12-28T20:42:02.934+0000] {dagbag.py:538} INFO - Filling up the DagBag from /opt/airflow/dags/ml_models.py
[2025-12-28T20:42:02.981+0000] {processor.py:840} INFO - DAG(s) 'ml_models' retrieved from /opt/airflow/dags/ml_models.py
[2025-12-28T20:42:03.038+0000] {logging_mixin.py:188} INFO - [2025-12-28T20:42:03.037+0000] {dag.py:3036} INFO - Sync 1 DAGs
[2025-12-28T20:42:03.096+0000] {logging_mixin.py:188} INFO - [2025-12-28T20:42:03.096+0000] {dag.py:3823} INFO - Setting next_dagrun for ml_models to 2025-12-27 00:00:00+00:00, run_after=2025-12-28 00:00:00+00:00
[2025-12-28T20:42:03.140+0000] {processor.py:183} INFO - Processing /opt/airflow/dags/ml_models.py took 0.218 seconds
[2025-12-28T20:42:33.803+0000] {processor.py:161} INFO - Started process (PID=3092) to work on /opt/airflow/dags/ml_models.py
[2025-12-28T20:42:33.806+0000] {processor.py:830} INFO - Processing file /opt/airflow/dags/ml_models.py for tasks to queue
[2025-12-28T20:42:33.810+0000] {logging_mixin.py:188} INFO - [2025-12-28T20:42:33.809+0000] {dagbag.py:538} INFO - Filling up the DagBag from /opt/airflow/dags/ml_models.py
[2025-12-28T20:42:33.889+0000] {processor.py:840} INFO - DAG(s) 'ml_models' retrieved from /opt/airflow/dags/ml_models.py
[2025-12-28T20:42:33.953+0000] {logging_mixin.py:188} INFO - [2025-12-28T20:42:33.952+0000] {dag.py:3036} INFO - Sync 1 DAGs
[2025-12-28T20:42:34.028+0000] {logging_mixin.py:188} INFO - [2025-12-28T20:42:34.027+0000] {dag.py:3823} INFO - Setting next_dagrun for ml_models to 2025-12-27 00:00:00+00:00, run_after=2025-12-28 00:00:00+00:00
[2025-12-28T20:42:34.088+0000] {processor.py:183} INFO - Processing /opt/airflow/dags/ml_models.py took 0.293 seconds
[2025-12-28T20:43:04.581+0000] {processor.py:161} INFO - Started process (PID=3112) to work on /opt/airflow/dags/ml_models.py
[2025-12-28T20:43:04.584+0000] {processor.py:830} INFO - Processing file /opt/airflow/dags/ml_models.py for tasks to queue
[2025-12-28T20:43:04.599+0000] {logging_mixin.py:188} INFO - [2025-12-28T20:43:04.598+0000] {dagbag.py:538} INFO - Filling up the DagBag from /opt/airflow/dags/ml_models.py
[2025-12-28T20:43:04.642+0000] {processor.py:840} INFO - DAG(s) 'ml_models' retrieved from /opt/airflow/dags/ml_models.py
[2025-12-28T20:43:04.704+0000] {logging_mixin.py:188} INFO - [2025-12-28T20:43:04.703+0000] {dag.py:3036} INFO - Sync 1 DAGs
[2025-12-28T20:43:04.758+0000] {logging_mixin.py:188} INFO - [2025-12-28T20:43:04.757+0000] {dag.py:3823} INFO - Setting next_dagrun for ml_models to 2025-12-27 00:00:00+00:00, run_after=2025-12-28 00:00:00+00:00
[2025-12-28T20:43:04.839+0000] {processor.py:183} INFO - Processing /opt/airflow/dags/ml_models.py took 0.265 seconds
[2025-12-28T20:43:35.340+0000] {processor.py:161} INFO - Started process (PID=3132) to work on /opt/airflow/dags/ml_models.py
[2025-12-28T20:43:35.343+0000] {processor.py:830} INFO - Processing file /opt/airflow/dags/ml_models.py for tasks to queue
[2025-12-28T20:43:35.345+0000] {logging_mixin.py:188} INFO - [2025-12-28T20:43:35.345+0000] {dagbag.py:538} INFO - Filling up the DagBag from /opt/airflow/dags/ml_models.py
[2025-12-28T20:43:35.400+0000] {processor.py:840} INFO - DAG(s) 'ml_models' retrieved from /opt/airflow/dags/ml_models.py
[2025-12-28T20:43:35.457+0000] {logging_mixin.py:188} INFO - [2025-12-28T20:43:35.456+0000] {dag.py:3036} INFO - Sync 1 DAGs
[2025-12-28T20:43:35.510+0000] {logging_mixin.py:188} INFO - [2025-12-28T20:43:35.510+0000] {dag.py:3823} INFO - Setting next_dagrun for ml_models to 2025-12-27 00:00:00+00:00, run_after=2025-12-28 00:00:00+00:00
[2025-12-28T20:43:35.594+0000] {processor.py:183} INFO - Processing /opt/airflow/dags/ml_models.py took 0.260 seconds
[2025-12-28T20:44:06.011+0000] {processor.py:161} INFO - Started process (PID=3152) to work on /opt/airflow/dags/ml_models.py
[2025-12-28T20:44:06.014+0000] {processor.py:830} INFO - Processing file /opt/airflow/dags/ml_models.py for tasks to queue
[2025-12-28T20:44:06.015+0000] {logging_mixin.py:188} INFO - [2025-12-28T20:44:06.015+0000] {dagbag.py:538} INFO - Filling up the DagBag from /opt/airflow/dags/ml_models.py
[2025-12-28T20:44:06.098+0000] {processor.py:840} INFO - DAG(s) 'ml_models' retrieved from /opt/airflow/dags/ml_models.py
[2025-12-28T20:44:06.166+0000] {logging_mixin.py:188} INFO - [2025-12-28T20:44:06.165+0000] {dag.py:3036} INFO - Sync 1 DAGs
[2025-12-28T20:44:06.216+0000] {logging_mixin.py:188} INFO - [2025-12-28T20:44:06.216+0000] {dag.py:3823} INFO - Setting next_dagrun for ml_models to 2025-12-27 00:00:00+00:00, run_after=2025-12-28 00:00:00+00:00
[2025-12-28T20:44:06.255+0000] {processor.py:183} INFO - Processing /opt/airflow/dags/ml_models.py took 0.251 seconds
[2025-12-28T20:44:36.969+0000] {processor.py:161} INFO - Started process (PID=3172) to work on /opt/airflow/dags/ml_models.py
[2025-12-28T20:44:36.972+0000] {processor.py:830} INFO - Processing file /opt/airflow/dags/ml_models.py for tasks to queue
[2025-12-28T20:44:36.974+0000] {logging_mixin.py:188} INFO - [2025-12-28T20:44:36.974+0000] {dagbag.py:538} INFO - Filling up the DagBag from /opt/airflow/dags/ml_models.py
[2025-12-28T20:44:37.016+0000] {processor.py:840} INFO - DAG(s) 'ml_models' retrieved from /opt/airflow/dags/ml_models.py
[2025-12-28T20:44:37.064+0000] {logging_mixin.py:188} INFO - [2025-12-28T20:44:37.063+0000] {dag.py:3036} INFO - Sync 1 DAGs
[2025-12-28T20:44:37.109+0000] {logging_mixin.py:188} INFO - [2025-12-28T20:44:37.108+0000] {dag.py:3823} INFO - Setting next_dagrun for ml_models to 2025-12-27 00:00:00+00:00, run_after=2025-12-28 00:00:00+00:00
[2025-12-28T20:44:37.189+0000] {processor.py:183} INFO - Processing /opt/airflow/dags/ml_models.py took 0.225 seconds
[2025-12-28T20:45:07.848+0000] {processor.py:161} INFO - Started process (PID=3192) to work on /opt/airflow/dags/ml_models.py
[2025-12-28T20:45:07.859+0000] {processor.py:830} INFO - Processing file /opt/airflow/dags/ml_models.py for tasks to queue
[2025-12-28T20:45:07.862+0000] {logging_mixin.py:188} INFO - [2025-12-28T20:45:07.862+0000] {dagbag.py:538} INFO - Filling up the DagBag from /opt/airflow/dags/ml_models.py
[2025-12-28T20:45:07.940+0000] {processor.py:840} INFO - DAG(s) 'ml_models' retrieved from /opt/airflow/dags/ml_models.py
[2025-12-28T20:45:07.998+0000] {logging_mixin.py:188} INFO - [2025-12-28T20:45:07.998+0000] {dag.py:3036} INFO - Sync 1 DAGs
[2025-12-28T20:45:08.049+0000] {logging_mixin.py:188} INFO - [2025-12-28T20:45:08.049+0000] {dag.py:3823} INFO - Setting next_dagrun for ml_models to 2025-12-27 00:00:00+00:00, run_after=2025-12-28 00:00:00+00:00
[2025-12-28T20:45:08.087+0000] {processor.py:183} INFO - Processing /opt/airflow/dags/ml_models.py took 0.247 seconds
[2025-12-28T20:45:38.629+0000] {processor.py:161} INFO - Started process (PID=3212) to work on /opt/airflow/dags/ml_models.py
[2025-12-28T20:45:38.631+0000] {processor.py:830} INFO - Processing file /opt/airflow/dags/ml_models.py for tasks to queue
[2025-12-28T20:45:38.633+0000] {logging_mixin.py:188} INFO - [2025-12-28T20:45:38.632+0000] {dagbag.py:538} INFO - Filling up the DagBag from /opt/airflow/dags/ml_models.py
[2025-12-28T20:45:38.678+0000] {processor.py:840} INFO - DAG(s) 'ml_models' retrieved from /opt/airflow/dags/ml_models.py
[2025-12-28T20:45:38.729+0000] {logging_mixin.py:188} INFO - [2025-12-28T20:45:38.728+0000] {dag.py:3036} INFO - Sync 1 DAGs
[2025-12-28T20:45:38.779+0000] {logging_mixin.py:188} INFO - [2025-12-28T20:45:38.779+0000] {dag.py:3823} INFO - Setting next_dagrun for ml_models to 2025-12-27 00:00:00+00:00, run_after=2025-12-28 00:00:00+00:00
[2025-12-28T20:45:38.859+0000] {processor.py:183} INFO - Processing /opt/airflow/dags/ml_models.py took 0.236 seconds
[2025-12-28T20:46:09.341+0000] {processor.py:161} INFO - Started process (PID=3232) to work on /opt/airflow/dags/ml_models.py
[2025-12-28T20:46:09.344+0000] {processor.py:830} INFO - Processing file /opt/airflow/dags/ml_models.py for tasks to queue
[2025-12-28T20:46:09.346+0000] {logging_mixin.py:188} INFO - [2025-12-28T20:46:09.345+0000] {dagbag.py:538} INFO - Filling up the DagBag from /opt/airflow/dags/ml_models.py
[2025-12-28T20:46:09.423+0000] {processor.py:840} INFO - DAG(s) 'ml_models' retrieved from /opt/airflow/dags/ml_models.py
[2025-12-28T20:46:09.480+0000] {logging_mixin.py:188} INFO - [2025-12-28T20:46:09.479+0000] {dag.py:3036} INFO - Sync 1 DAGs
[2025-12-28T20:46:09.528+0000] {logging_mixin.py:188} INFO - [2025-12-28T20:46:09.528+0000] {dag.py:3823} INFO - Setting next_dagrun for ml_models to 2025-12-27 00:00:00+00:00, run_after=2025-12-28 00:00:00+00:00
[2025-12-28T20:46:09.567+0000] {processor.py:183} INFO - Processing /opt/airflow/dags/ml_models.py took 0.235 seconds
[2025-12-28T20:46:40.143+0000] {processor.py:161} INFO - Started process (PID=3252) to work on /opt/airflow/dags/ml_models.py
[2025-12-28T20:46:40.145+0000] {processor.py:830} INFO - Processing file /opt/airflow/dags/ml_models.py for tasks to queue
[2025-12-28T20:46:40.148+0000] {logging_mixin.py:188} INFO - [2025-12-28T20:46:40.147+0000] {dagbag.py:538} INFO - Filling up the DagBag from /opt/airflow/dags/ml_models.py
[2025-12-28T20:46:40.196+0000] {processor.py:840} INFO - DAG(s) 'ml_models' retrieved from /opt/airflow/dags/ml_models.py
[2025-12-28T20:46:40.245+0000] {logging_mixin.py:188} INFO - [2025-12-28T20:46:40.244+0000] {dag.py:3036} INFO - Sync 1 DAGs
[2025-12-28T20:46:40.293+0000] {logging_mixin.py:188} INFO - [2025-12-28T20:46:40.292+0000] {dag.py:3823} INFO - Setting next_dagrun for ml_models to 2025-12-27 00:00:00+00:00, run_after=2025-12-28 00:00:00+00:00
[2025-12-28T20:46:40.355+0000] {processor.py:183} INFO - Processing /opt/airflow/dags/ml_models.py took 0.223 seconds
[2025-12-28T20:47:10.917+0000] {processor.py:161} INFO - Started process (PID=3272) to work on /opt/airflow/dags/ml_models.py
[2025-12-28T20:47:10.919+0000] {processor.py:830} INFO - Processing file /opt/airflow/dags/ml_models.py for tasks to queue
[2025-12-28T20:47:10.922+0000] {logging_mixin.py:188} INFO - [2025-12-28T20:47:10.921+0000] {dagbag.py:538} INFO - Filling up the DagBag from /opt/airflow/dags/ml_models.py
[2025-12-28T20:47:10.975+0000] {processor.py:840} INFO - DAG(s) 'ml_models' retrieved from /opt/airflow/dags/ml_models.py
[2025-12-28T20:47:11.044+0000] {logging_mixin.py:188} INFO - [2025-12-28T20:47:11.043+0000] {dag.py:3036} INFO - Sync 1 DAGs
[2025-12-28T20:47:11.098+0000] {logging_mixin.py:188} INFO - [2025-12-28T20:47:11.098+0000] {dag.py:3823} INFO - Setting next_dagrun for ml_models to 2025-12-27 00:00:00+00:00, run_after=2025-12-28 00:00:00+00:00
[2025-12-28T20:47:11.147+0000] {processor.py:183} INFO - Processing /opt/airflow/dags/ml_models.py took 0.235 seconds
[2025-12-28T20:47:41.934+0000] {processor.py:161} INFO - Started process (PID=3292) to work on /opt/airflow/dags/ml_models.py
[2025-12-28T20:47:41.936+0000] {processor.py:830} INFO - Processing file /opt/airflow/dags/ml_models.py for tasks to queue
[2025-12-28T20:47:41.937+0000] {logging_mixin.py:188} INFO - [2025-12-28T20:47:41.937+0000] {dagbag.py:538} INFO - Filling up the DagBag from /opt/airflow/dags/ml_models.py
[2025-12-28T20:47:41.975+0000] {processor.py:840} INFO - DAG(s) 'ml_models' retrieved from /opt/airflow/dags/ml_models.py
[2025-12-28T20:47:42.027+0000] {logging_mixin.py:188} INFO - [2025-12-28T20:47:42.026+0000] {dag.py:3036} INFO - Sync 1 DAGs
[2025-12-28T20:47:42.077+0000] {logging_mixin.py:188} INFO - [2025-12-28T20:47:42.077+0000] {dag.py:3823} INFO - Setting next_dagrun for ml_models to 2025-12-27 00:00:00+00:00, run_after=2025-12-28 00:00:00+00:00
[2025-12-28T20:47:42.150+0000] {processor.py:183} INFO - Processing /opt/airflow/dags/ml_models.py took 0.222 seconds
[2025-12-28T20:48:12.704+0000] {processor.py:161} INFO - Started process (PID=3312) to work on /opt/airflow/dags/ml_models.py
[2025-12-28T20:48:12.711+0000] {processor.py:830} INFO - Processing file /opt/airflow/dags/ml_models.py for tasks to queue
[2025-12-28T20:48:12.713+0000] {logging_mixin.py:188} INFO - [2025-12-28T20:48:12.712+0000] {dagbag.py:538} INFO - Filling up the DagBag from /opt/airflow/dags/ml_models.py
[2025-12-28T20:48:12.787+0000] {processor.py:840} INFO - DAG(s) 'ml_models' retrieved from /opt/airflow/dags/ml_models.py
[2025-12-28T20:48:12.853+0000] {logging_mixin.py:188} INFO - [2025-12-28T20:48:12.853+0000] {dag.py:3036} INFO - Sync 1 DAGs
[2025-12-28T20:48:12.900+0000] {logging_mixin.py:188} INFO - [2025-12-28T20:48:12.900+0000] {dag.py:3823} INFO - Setting next_dagrun for ml_models to 2025-12-27 00:00:00+00:00, run_after=2025-12-28 00:00:00+00:00
[2025-12-28T20:48:12.943+0000] {processor.py:183} INFO - Processing /opt/airflow/dags/ml_models.py took 0.250 seconds
[2025-12-28T20:48:43.605+0000] {processor.py:161} INFO - Started process (PID=3332) to work on /opt/airflow/dags/ml_models.py
[2025-12-28T20:48:43.608+0000] {processor.py:830} INFO - Processing file /opt/airflow/dags/ml_models.py for tasks to queue
[2025-12-28T20:48:43.610+0000] {logging_mixin.py:188} INFO - [2025-12-28T20:48:43.610+0000] {dagbag.py:538} INFO - Filling up the DagBag from /opt/airflow/dags/ml_models.py
[2025-12-28T20:48:43.645+0000] {processor.py:840} INFO - DAG(s) 'ml_models' retrieved from /opt/airflow/dags/ml_models.py
[2025-12-28T20:48:43.695+0000] {logging_mixin.py:188} INFO - [2025-12-28T20:48:43.695+0000] {dag.py:3036} INFO - Sync 1 DAGs
[2025-12-28T20:48:43.744+0000] {logging_mixin.py:188} INFO - [2025-12-28T20:48:43.744+0000] {dag.py:3823} INFO - Setting next_dagrun for ml_models to 2025-12-27 00:00:00+00:00, run_after=2025-12-28 00:00:00+00:00
[2025-12-28T20:48:43.817+0000] {processor.py:183} INFO - Processing /opt/airflow/dags/ml_models.py took 0.219 seconds
[2025-12-28T20:49:14.370+0000] {processor.py:161} INFO - Started process (PID=3352) to work on /opt/airflow/dags/ml_models.py
[2025-12-28T20:49:14.373+0000] {processor.py:830} INFO - Processing file /opt/airflow/dags/ml_models.py for tasks to queue
[2025-12-28T20:49:14.376+0000] {logging_mixin.py:188} INFO - [2025-12-28T20:49:14.375+0000] {dagbag.py:538} INFO - Filling up the DagBag from /opt/airflow/dags/ml_models.py
[2025-12-28T20:49:14.414+0000] {processor.py:840} INFO - DAG(s) 'ml_models' retrieved from /opt/airflow/dags/ml_models.py
[2025-12-28T20:49:14.472+0000] {logging_mixin.py:188} INFO - [2025-12-28T20:49:14.472+0000] {dag.py:3036} INFO - Sync 1 DAGs
[2025-12-28T20:49:14.517+0000] {logging_mixin.py:188} INFO - [2025-12-28T20:49:14.517+0000] {dag.py:3823} INFO - Setting next_dagrun for ml_models to 2025-12-27 00:00:00+00:00, run_after=2025-12-28 00:00:00+00:00
[2025-12-28T20:49:14.557+0000] {processor.py:183} INFO - Processing /opt/airflow/dags/ml_models.py took 0.197 seconds
[2025-12-28T20:49:45.126+0000] {processor.py:161} INFO - Started process (PID=3372) to work on /opt/airflow/dags/ml_models.py
[2025-12-28T20:49:45.130+0000] {processor.py:830} INFO - Processing file /opt/airflow/dags/ml_models.py for tasks to queue
[2025-12-28T20:49:45.132+0000] {logging_mixin.py:188} INFO - [2025-12-28T20:49:45.131+0000] {dagbag.py:538} INFO - Filling up the DagBag from /opt/airflow/dags/ml_models.py
[2025-12-28T20:49:45.169+0000] {processor.py:840} INFO - DAG(s) 'ml_models' retrieved from /opt/airflow/dags/ml_models.py
[2025-12-28T20:49:45.218+0000] {logging_mixin.py:188} INFO - [2025-12-28T20:49:45.217+0000] {dag.py:3036} INFO - Sync 1 DAGs
[2025-12-28T20:49:45.269+0000] {logging_mixin.py:188} INFO - [2025-12-28T20:49:45.268+0000] {dag.py:3823} INFO - Setting next_dagrun for ml_models to 2025-12-27 00:00:00+00:00, run_after=2025-12-28 00:00:00+00:00
[2025-12-28T20:49:45.339+0000] {processor.py:183} INFO - Processing /opt/airflow/dags/ml_models.py took 0.220 seconds
[2025-12-28T20:50:15.915+0000] {processor.py:161} INFO - Started process (PID=3392) to work on /opt/airflow/dags/ml_models.py
[2025-12-28T20:50:15.922+0000] {processor.py:830} INFO - Processing file /opt/airflow/dags/ml_models.py for tasks to queue
[2025-12-28T20:50:15.928+0000] {logging_mixin.py:188} INFO - [2025-12-28T20:50:15.927+0000] {dagbag.py:538} INFO - Filling up the DagBag from /opt/airflow/dags/ml_models.py
[2025-12-28T20:50:16.006+0000] {processor.py:840} INFO - DAG(s) 'ml_models' retrieved from /opt/airflow/dags/ml_models.py
[2025-12-28T20:50:16.072+0000] {logging_mixin.py:188} INFO - [2025-12-28T20:50:16.072+0000] {dag.py:3036} INFO - Sync 1 DAGs
[2025-12-28T20:50:16.119+0000] {logging_mixin.py:188} INFO - [2025-12-28T20:50:16.118+0000] {dag.py:3823} INFO - Setting next_dagrun for ml_models to 2025-12-27 00:00:00+00:00, run_after=2025-12-28 00:00:00+00:00
[2025-12-28T20:50:16.156+0000] {processor.py:183} INFO - Processing /opt/airflow/dags/ml_models.py took 0.249 seconds
[2025-12-28T20:50:46.700+0000] {processor.py:161} INFO - Started process (PID=3412) to work on /opt/airflow/dags/ml_models.py
[2025-12-28T20:50:46.702+0000] {processor.py:830} INFO - Processing file /opt/airflow/dags/ml_models.py for tasks to queue
[2025-12-28T20:50:46.705+0000] {logging_mixin.py:188} INFO - [2025-12-28T20:50:46.704+0000] {dagbag.py:538} INFO - Filling up the DagBag from /opt/airflow/dags/ml_models.py
[2025-12-28T20:50:46.747+0000] {processor.py:840} INFO - DAG(s) 'ml_models' retrieved from /opt/airflow/dags/ml_models.py
[2025-12-28T20:50:46.796+0000] {logging_mixin.py:188} INFO - [2025-12-28T20:50:46.796+0000] {dag.py:3036} INFO - Sync 1 DAGs
[2025-12-28T20:50:46.843+0000] {logging_mixin.py:188} INFO - [2025-12-28T20:50:46.843+0000] {dag.py:3823} INFO - Setting next_dagrun for ml_models to 2025-12-27 00:00:00+00:00, run_after=2025-12-28 00:00:00+00:00
[2025-12-28T20:50:46.883+0000] {processor.py:183} INFO - Processing /opt/airflow/dags/ml_models.py took 0.193 seconds
[2025-12-28T20:51:17.623+0000] {processor.py:161} INFO - Started process (PID=3432) to work on /opt/airflow/dags/ml_models.py
[2025-12-28T20:51:17.628+0000] {processor.py:830} INFO - Processing file /opt/airflow/dags/ml_models.py for tasks to queue
[2025-12-28T20:51:17.629+0000] {logging_mixin.py:188} INFO - [2025-12-28T20:51:17.629+0000] {dagbag.py:538} INFO - Filling up the DagBag from /opt/airflow/dags/ml_models.py
[2025-12-28T20:51:17.700+0000] {processor.py:840} INFO - DAG(s) 'ml_models' retrieved from /opt/airflow/dags/ml_models.py
[2025-12-28T20:51:17.754+0000] {logging_mixin.py:188} INFO - [2025-12-28T20:51:17.753+0000] {dag.py:3036} INFO - Sync 1 DAGs
[2025-12-28T20:51:17.802+0000] {logging_mixin.py:188} INFO - [2025-12-28T20:51:17.802+0000] {dag.py:3823} INFO - Setting next_dagrun for ml_models to 2025-12-27 00:00:00+00:00, run_after=2025-12-28 00:00:00+00:00
[2025-12-28T20:51:17.841+0000] {processor.py:183} INFO - Processing /opt/airflow/dags/ml_models.py took 0.224 seconds
[2025-12-28T20:51:48.431+0000] {processor.py:161} INFO - Started process (PID=3452) to work on /opt/airflow/dags/ml_models.py
[2025-12-28T20:51:48.433+0000] {processor.py:830} INFO - Processing file /opt/airflow/dags/ml_models.py for tasks to queue
[2025-12-28T20:51:48.435+0000] {logging_mixin.py:188} INFO - [2025-12-28T20:51:48.434+0000] {dagbag.py:538} INFO - Filling up the DagBag from /opt/airflow/dags/ml_models.py
[2025-12-28T20:51:48.474+0000] {processor.py:840} INFO - DAG(s) 'ml_models' retrieved from /opt/airflow/dags/ml_models.py
[2025-12-28T20:51:48.521+0000] {logging_mixin.py:188} INFO - [2025-12-28T20:51:48.521+0000] {dag.py:3036} INFO - Sync 1 DAGs
[2025-12-28T20:51:48.569+0000] {logging_mixin.py:188} INFO - [2025-12-28T20:51:48.569+0000] {dag.py:3823} INFO - Setting next_dagrun for ml_models to 2025-12-27 00:00:00+00:00, run_after=2025-12-28 00:00:00+00:00
[2025-12-28T20:51:48.607+0000] {processor.py:183} INFO - Processing /opt/airflow/dags/ml_models.py took 0.182 seconds
[2025-12-28T20:52:19.346+0000] {processor.py:161} INFO - Started process (PID=3472) to work on /opt/airflow/dags/ml_models.py
[2025-12-28T20:52:19.349+0000] {processor.py:830} INFO - Processing file /opt/airflow/dags/ml_models.py for tasks to queue
[2025-12-28T20:52:19.352+0000] {logging_mixin.py:188} INFO - [2025-12-28T20:52:19.351+0000] {dagbag.py:538} INFO - Filling up the DagBag from /opt/airflow/dags/ml_models.py
[2025-12-28T20:52:19.434+0000] {processor.py:840} INFO - DAG(s) 'ml_models' retrieved from /opt/airflow/dags/ml_models.py
[2025-12-28T20:52:19.487+0000] {logging_mixin.py:188} INFO - [2025-12-28T20:52:19.487+0000] {dag.py:3036} INFO - Sync 1 DAGs
[2025-12-28T20:52:19.539+0000] {logging_mixin.py:188} INFO - [2025-12-28T20:52:19.539+0000] {dag.py:3823} INFO - Setting next_dagrun for ml_models to 2025-12-27 00:00:00+00:00, run_after=2025-12-28 00:00:00+00:00
[2025-12-28T20:52:19.579+0000] {processor.py:183} INFO - Processing /opt/airflow/dags/ml_models.py took 0.244 seconds
[2025-12-28T20:52:50.104+0000] {processor.py:161} INFO - Started process (PID=3492) to work on /opt/airflow/dags/ml_models.py
[2025-12-28T20:52:50.107+0000] {processor.py:830} INFO - Processing file /opt/airflow/dags/ml_models.py for tasks to queue
[2025-12-28T20:52:50.109+0000] {logging_mixin.py:188} INFO - [2025-12-28T20:52:50.108+0000] {dagbag.py:538} INFO - Filling up the DagBag from /opt/airflow/dags/ml_models.py
[2025-12-28T20:52:50.153+0000] {processor.py:840} INFO - DAG(s) 'ml_models' retrieved from /opt/airflow/dags/ml_models.py
[2025-12-28T20:52:50.211+0000] {logging_mixin.py:188} INFO - [2025-12-28T20:52:50.211+0000] {dag.py:3036} INFO - Sync 1 DAGs
[2025-12-28T20:52:50.260+0000] {logging_mixin.py:188} INFO - [2025-12-28T20:52:50.259+0000] {dag.py:3823} INFO - Setting next_dagrun for ml_models to 2025-12-27 00:00:00+00:00, run_after=2025-12-28 00:00:00+00:00
[2025-12-28T20:52:50.324+0000] {processor.py:183} INFO - Processing /opt/airflow/dags/ml_models.py took 0.226 seconds
[2025-12-28T20:53:20.866+0000] {processor.py:161} INFO - Started process (PID=3512) to work on /opt/airflow/dags/ml_models.py
[2025-12-28T20:53:20.868+0000] {processor.py:830} INFO - Processing file /opt/airflow/dags/ml_models.py for tasks to queue
[2025-12-28T20:53:20.870+0000] {logging_mixin.py:188} INFO - [2025-12-28T20:53:20.869+0000] {dagbag.py:538} INFO - Filling up the DagBag from /opt/airflow/dags/ml_models.py
[2025-12-28T20:53:20.946+0000] {processor.py:840} INFO - DAG(s) 'ml_models' retrieved from /opt/airflow/dags/ml_models.py
[2025-12-28T20:53:21.004+0000] {logging_mixin.py:188} INFO - [2025-12-28T20:53:21.003+0000] {dag.py:3036} INFO - Sync 1 DAGs
[2025-12-28T20:53:21.059+0000] {logging_mixin.py:188} INFO - [2025-12-28T20:53:21.059+0000] {dag.py:3823} INFO - Setting next_dagrun for ml_models to 2025-12-27 00:00:00+00:00, run_after=2025-12-28 00:00:00+00:00
[2025-12-28T20:53:21.101+0000] {processor.py:183} INFO - Processing /opt/airflow/dags/ml_models.py took 0.244 seconds
[2025-12-28T20:53:51.833+0000] {processor.py:161} INFO - Started process (PID=3532) to work on /opt/airflow/dags/ml_models.py
[2025-12-28T20:53:51.836+0000] {processor.py:830} INFO - Processing file /opt/airflow/dags/ml_models.py for tasks to queue
[2025-12-28T20:53:51.838+0000] {logging_mixin.py:188} INFO - [2025-12-28T20:53:51.838+0000] {dagbag.py:538} INFO - Filling up the DagBag from /opt/airflow/dags/ml_models.py
[2025-12-28T20:53:51.883+0000] {processor.py:840} INFO - DAG(s) 'ml_models' retrieved from /opt/airflow/dags/ml_models.py
[2025-12-28T20:53:51.942+0000] {logging_mixin.py:188} INFO - [2025-12-28T20:53:51.941+0000] {dag.py:3036} INFO - Sync 1 DAGs
[2025-12-28T20:53:51.985+0000] {logging_mixin.py:188} INFO - [2025-12-28T20:53:51.985+0000] {dag.py:3823} INFO - Setting next_dagrun for ml_models to 2025-12-27 00:00:00+00:00, run_after=2025-12-28 00:00:00+00:00
[2025-12-28T20:53:52.048+0000] {processor.py:183} INFO - Processing /opt/airflow/dags/ml_models.py took 0.224 seconds
[2025-12-28T20:54:22.591+0000] {processor.py:161} INFO - Started process (PID=3552) to work on /opt/airflow/dags/ml_models.py
[2025-12-28T20:54:22.594+0000] {processor.py:830} INFO - Processing file /opt/airflow/dags/ml_models.py for tasks to queue
[2025-12-28T20:54:22.603+0000] {logging_mixin.py:188} INFO - [2025-12-28T20:54:22.602+0000] {dagbag.py:538} INFO - Filling up the DagBag from /opt/airflow/dags/ml_models.py
[2025-12-28T20:54:22.680+0000] {processor.py:840} INFO - DAG(s) 'ml_models' retrieved from /opt/airflow/dags/ml_models.py
[2025-12-28T20:54:22.735+0000] {logging_mixin.py:188} INFO - [2025-12-28T20:54:22.735+0000] {dag.py:3036} INFO - Sync 1 DAGs
[2025-12-28T20:54:22.788+0000] {logging_mixin.py:188} INFO - [2025-12-28T20:54:22.787+0000] {dag.py:3823} INFO - Setting next_dagrun for ml_models to 2025-12-27 00:00:00+00:00, run_after=2025-12-28 00:00:00+00:00
[2025-12-28T20:54:22.838+0000] {processor.py:183} INFO - Processing /opt/airflow/dags/ml_models.py took 0.254 seconds
[2025-12-28T20:54:53.417+0000] {processor.py:161} INFO - Started process (PID=3572) to work on /opt/airflow/dags/ml_models.py
[2025-12-28T20:54:53.420+0000] {processor.py:830} INFO - Processing file /opt/airflow/dags/ml_models.py for tasks to queue
[2025-12-28T20:54:53.422+0000] {logging_mixin.py:188} INFO - [2025-12-28T20:54:53.421+0000] {dagbag.py:538} INFO - Filling up the DagBag from /opt/airflow/dags/ml_models.py
[2025-12-28T20:54:53.463+0000] {processor.py:840} INFO - DAG(s) 'ml_models' retrieved from /opt/airflow/dags/ml_models.py
[2025-12-28T20:54:53.519+0000] {logging_mixin.py:188} INFO - [2025-12-28T20:54:53.518+0000] {dag.py:3036} INFO - Sync 1 DAGs
[2025-12-28T20:54:53.569+0000] {logging_mixin.py:188} INFO - [2025-12-28T20:54:53.569+0000] {dag.py:3823} INFO - Setting next_dagrun for ml_models to 2025-12-27 00:00:00+00:00, run_after=2025-12-28 00:00:00+00:00
[2025-12-28T20:54:53.645+0000] {processor.py:183} INFO - Processing /opt/airflow/dags/ml_models.py took 0.236 seconds
[2025-12-28T20:55:24.151+0000] {processor.py:161} INFO - Started process (PID=3592) to work on /opt/airflow/dags/ml_models.py
[2025-12-28T20:55:24.154+0000] {processor.py:830} INFO - Processing file /opt/airflow/dags/ml_models.py for tasks to queue
[2025-12-28T20:55:24.156+0000] {logging_mixin.py:188} INFO - [2025-12-28T20:55:24.155+0000] {dagbag.py:538} INFO - Filling up the DagBag from /opt/airflow/dags/ml_models.py
[2025-12-28T20:55:24.206+0000] {processor.py:840} INFO - DAG(s) 'ml_models' retrieved from /opt/airflow/dags/ml_models.py
[2025-12-28T20:55:24.271+0000] {logging_mixin.py:188} INFO - [2025-12-28T20:55:24.270+0000] {dag.py:3036} INFO - Sync 1 DAGs
[2025-12-28T20:55:24.321+0000] {logging_mixin.py:188} INFO - [2025-12-28T20:55:24.320+0000] {dag.py:3823} INFO - Setting next_dagrun for ml_models to 2025-12-27 00:00:00+00:00, run_after=2025-12-28 00:00:00+00:00
[2025-12-28T20:55:24.360+0000] {processor.py:183} INFO - Processing /opt/airflow/dags/ml_models.py took 0.217 seconds
[2025-12-28T20:55:54.985+0000] {processor.py:161} INFO - Started process (PID=3612) to work on /opt/airflow/dags/ml_models.py
[2025-12-28T20:55:54.989+0000] {processor.py:830} INFO - Processing file /opt/airflow/dags/ml_models.py for tasks to queue
[2025-12-28T20:55:54.991+0000] {logging_mixin.py:188} INFO - [2025-12-28T20:55:54.991+0000] {dagbag.py:538} INFO - Filling up the DagBag from /opt/airflow/dags/ml_models.py
[2025-12-28T20:55:55.049+0000] {processor.py:840} INFO - DAG(s) 'ml_models' retrieved from /opt/airflow/dags/ml_models.py
[2025-12-28T20:55:55.109+0000] {logging_mixin.py:188} INFO - [2025-12-28T20:55:55.109+0000] {dag.py:3036} INFO - Sync 1 DAGs
[2025-12-28T20:55:55.176+0000] {logging_mixin.py:188} INFO - [2025-12-28T20:55:55.176+0000] {dag.py:3823} INFO - Setting next_dagrun for ml_models to 2025-12-27 00:00:00+00:00, run_after=2025-12-28 00:00:00+00:00
[2025-12-28T20:55:55.234+0000] {processor.py:183} INFO - Processing /opt/airflow/dags/ml_models.py took 0.258 seconds
[2025-12-28T20:56:25.943+0000] {processor.py:161} INFO - Started process (PID=3632) to work on /opt/airflow/dags/ml_models.py
[2025-12-28T20:56:25.946+0000] {processor.py:830} INFO - Processing file /opt/airflow/dags/ml_models.py for tasks to queue
[2025-12-28T20:56:25.948+0000] {logging_mixin.py:188} INFO - [2025-12-28T20:56:25.948+0000] {dagbag.py:538} INFO - Filling up the DagBag from /opt/airflow/dags/ml_models.py
[2025-12-28T20:56:26.001+0000] {processor.py:840} INFO - DAG(s) 'ml_models' retrieved from /opt/airflow/dags/ml_models.py
[2025-12-28T20:56:26.075+0000] {logging_mixin.py:188} INFO - [2025-12-28T20:56:26.074+0000] {dag.py:3036} INFO - Sync 1 DAGs
[2025-12-28T20:56:26.149+0000] {logging_mixin.py:188} INFO - [2025-12-28T20:56:26.148+0000] {dag.py:3823} INFO - Setting next_dagrun for ml_models to 2025-12-27 00:00:00+00:00, run_after=2025-12-28 00:00:00+00:00
[2025-12-28T20:56:26.206+0000] {processor.py:183} INFO - Processing /opt/airflow/dags/ml_models.py took 0.272 seconds
[2025-12-28T20:56:56.552+0000] {processor.py:161} INFO - Started process (PID=3652) to work on /opt/airflow/dags/ml_models.py
[2025-12-28T20:56:56.555+0000] {processor.py:830} INFO - Processing file /opt/airflow/dags/ml_models.py for tasks to queue
[2025-12-28T20:56:56.558+0000] {logging_mixin.py:188} INFO - [2025-12-28T20:56:56.557+0000] {dagbag.py:538} INFO - Filling up the DagBag from /opt/airflow/dags/ml_models.py
[2025-12-28T20:56:56.624+0000] {processor.py:840} INFO - DAG(s) 'ml_models' retrieved from /opt/airflow/dags/ml_models.py
[2025-12-28T20:56:56.696+0000] {logging_mixin.py:188} INFO - [2025-12-28T20:56:56.695+0000] {dag.py:3036} INFO - Sync 1 DAGs
[2025-12-28T20:56:56.769+0000] {logging_mixin.py:188} INFO - [2025-12-28T20:56:56.768+0000] {dag.py:3823} INFO - Setting next_dagrun for ml_models to 2025-12-27 00:00:00+00:00, run_after=2025-12-28 00:00:00+00:00
[2025-12-28T20:56:56.858+0000] {processor.py:183} INFO - Processing /opt/airflow/dags/ml_models.py took 0.316 seconds
[2025-12-28T20:57:27.868+0000] {processor.py:161} INFO - Started process (PID=3672) to work on /opt/airflow/dags/ml_models.py
[2025-12-28T20:57:27.871+0000] {processor.py:830} INFO - Processing file /opt/airflow/dags/ml_models.py for tasks to queue
[2025-12-28T20:57:27.874+0000] {logging_mixin.py:188} INFO - [2025-12-28T20:57:27.873+0000] {dagbag.py:538} INFO - Filling up the DagBag from /opt/airflow/dags/ml_models.py
[2025-12-28T20:57:27.937+0000] {processor.py:840} INFO - DAG(s) 'ml_models' retrieved from /opt/airflow/dags/ml_models.py
[2025-12-28T20:57:28.020+0000] {logging_mixin.py:188} INFO - [2025-12-28T20:57:28.019+0000] {dag.py:3036} INFO - Sync 1 DAGs
[2025-12-28T20:57:28.077+0000] {logging_mixin.py:188} INFO - [2025-12-28T20:57:28.077+0000] {dag.py:3823} INFO - Setting next_dagrun for ml_models to 2025-12-27 00:00:00+00:00, run_after=2025-12-28 00:00:00+00:00
[2025-12-28T20:57:28.166+0000] {processor.py:183} INFO - Processing /opt/airflow/dags/ml_models.py took 0.306 seconds
[2025-12-28T20:57:58.445+0000] {processor.py:161} INFO - Started process (PID=3692) to work on /opt/airflow/dags/ml_models.py
[2025-12-28T20:57:58.449+0000] {processor.py:830} INFO - Processing file /opt/airflow/dags/ml_models.py for tasks to queue
[2025-12-28T20:57:58.452+0000] {logging_mixin.py:188} INFO - [2025-12-28T20:57:58.451+0000] {dagbag.py:538} INFO - Filling up the DagBag from /opt/airflow/dags/ml_models.py
[2025-12-28T20:57:58.510+0000] {processor.py:840} INFO - DAG(s) 'ml_models' retrieved from /opt/airflow/dags/ml_models.py
[2025-12-28T20:57:58.590+0000] {logging_mixin.py:188} INFO - [2025-12-28T20:57:58.589+0000] {dag.py:3036} INFO - Sync 1 DAGs
[2025-12-28T20:57:58.656+0000] {logging_mixin.py:188} INFO - [2025-12-28T20:57:58.656+0000] {dag.py:3823} INFO - Setting next_dagrun for ml_models to 2025-12-27 00:00:00+00:00, run_after=2025-12-28 00:00:00+00:00
[2025-12-28T20:57:58.705+0000] {processor.py:183} INFO - Processing /opt/airflow/dags/ml_models.py took 0.274 seconds
[2025-12-28T20:58:28.893+0000] {processor.py:161} INFO - Started process (PID=3712) to work on /opt/airflow/dags/ml_models.py
[2025-12-28T20:58:28.896+0000] {processor.py:830} INFO - Processing file /opt/airflow/dags/ml_models.py for tasks to queue
[2025-12-28T20:58:28.899+0000] {logging_mixin.py:188} INFO - [2025-12-28T20:58:28.898+0000] {dagbag.py:538} INFO - Filling up the DagBag from /opt/airflow/dags/ml_models.py
[2025-12-28T20:58:28.951+0000] {processor.py:840} INFO - DAG(s) 'ml_models' retrieved from /opt/airflow/dags/ml_models.py
[2025-12-28T20:58:29.026+0000] {logging_mixin.py:188} INFO - [2025-12-28T20:58:29.025+0000] {dag.py:3036} INFO - Sync 1 DAGs
[2025-12-28T20:58:29.095+0000] {logging_mixin.py:188} INFO - [2025-12-28T20:58:29.095+0000] {dag.py:3823} INFO - Setting next_dagrun for ml_models to 2025-12-27 00:00:00+00:00, run_after=2025-12-28 00:00:00+00:00
[2025-12-28T20:58:29.187+0000] {processor.py:183} INFO - Processing /opt/airflow/dags/ml_models.py took 0.302 seconds
[2025-12-28T20:58:59.503+0000] {processor.py:161} INFO - Started process (PID=3732) to work on /opt/airflow/dags/ml_models.py
[2025-12-28T20:58:59.506+0000] {processor.py:830} INFO - Processing file /opt/airflow/dags/ml_models.py for tasks to queue
[2025-12-28T20:58:59.508+0000] {logging_mixin.py:188} INFO - [2025-12-28T20:58:59.508+0000] {dagbag.py:538} INFO - Filling up the DagBag from /opt/airflow/dags/ml_models.py
[2025-12-28T20:58:59.568+0000] {processor.py:840} INFO - DAG(s) 'ml_models' retrieved from /opt/airflow/dags/ml_models.py
[2025-12-28T20:58:59.632+0000] {logging_mixin.py:188} INFO - [2025-12-28T20:58:59.632+0000] {dag.py:3036} INFO - Sync 1 DAGs
[2025-12-28T20:58:59.695+0000] {logging_mixin.py:188} INFO - [2025-12-28T20:58:59.695+0000] {dag.py:3823} INFO - Setting next_dagrun for ml_models to 2025-12-27 00:00:00+00:00, run_after=2025-12-28 00:00:00+00:00
[2025-12-28T20:58:59.779+0000] {processor.py:183} INFO - Processing /opt/airflow/dags/ml_models.py took 0.285 seconds
[2025-12-28T20:59:30.776+0000] {processor.py:161} INFO - Started process (PID=3752) to work on /opt/airflow/dags/ml_models.py
[2025-12-28T20:59:30.779+0000] {processor.py:830} INFO - Processing file /opt/airflow/dags/ml_models.py for tasks to queue
[2025-12-28T20:59:30.782+0000] {logging_mixin.py:188} INFO - [2025-12-28T20:59:30.781+0000] {dagbag.py:538} INFO - Filling up the DagBag from /opt/airflow/dags/ml_models.py
[2025-12-28T20:59:30.840+0000] {processor.py:840} INFO - DAG(s) 'ml_models' retrieved from /opt/airflow/dags/ml_models.py
[2025-12-28T20:59:30.912+0000] {logging_mixin.py:188} INFO - [2025-12-28T20:59:30.912+0000] {dag.py:3036} INFO - Sync 1 DAGs
[2025-12-28T20:59:30.976+0000] {logging_mixin.py:188} INFO - [2025-12-28T20:59:30.975+0000] {dag.py:3823} INFO - Setting next_dagrun for ml_models to 2025-12-27 00:00:00+00:00, run_after=2025-12-28 00:00:00+00:00
[2025-12-28T20:59:31.070+0000] {processor.py:183} INFO - Processing /opt/airflow/dags/ml_models.py took 0.303 seconds
[2025-12-28T21:00:01.376+0000] {processor.py:161} INFO - Started process (PID=3772) to work on /opt/airflow/dags/ml_models.py
[2025-12-28T21:00:01.380+0000] {processor.py:830} INFO - Processing file /opt/airflow/dags/ml_models.py for tasks to queue
[2025-12-28T21:00:01.383+0000] {logging_mixin.py:188} INFO - [2025-12-28T21:00:01.382+0000] {dagbag.py:538} INFO - Filling up the DagBag from /opt/airflow/dags/ml_models.py
[2025-12-28T21:00:01.447+0000] {processor.py:840} INFO - DAG(s) 'ml_models' retrieved from /opt/airflow/dags/ml_models.py
[2025-12-28T21:00:01.515+0000] {logging_mixin.py:188} INFO - [2025-12-28T21:00:01.515+0000] {dag.py:3036} INFO - Sync 1 DAGs
[2025-12-28T21:00:01.578+0000] {logging_mixin.py:188} INFO - [2025-12-28T21:00:01.578+0000] {dag.py:3823} INFO - Setting next_dagrun for ml_models to 2025-12-27 00:00:00+00:00, run_after=2025-12-28 00:00:00+00:00
[2025-12-28T21:00:01.673+0000] {processor.py:183} INFO - Processing /opt/airflow/dags/ml_models.py took 0.309 seconds
[2025-12-28T21:00:31.939+0000] {processor.py:161} INFO - Started process (PID=3792) to work on /opt/airflow/dags/ml_models.py
[2025-12-28T21:00:31.943+0000] {processor.py:830} INFO - Processing file /opt/airflow/dags/ml_models.py for tasks to queue
[2025-12-28T21:00:31.981+0000] {logging_mixin.py:188} INFO - [2025-12-28T21:00:31.978+0000] {dagbag.py:538} INFO - Filling up the DagBag from /opt/airflow/dags/ml_models.py
[2025-12-28T21:00:32.045+0000] {processor.py:840} INFO - DAG(s) 'ml_models' retrieved from /opt/airflow/dags/ml_models.py
[2025-12-28T21:00:32.116+0000] {logging_mixin.py:188} INFO - [2025-12-28T21:00:32.115+0000] {dag.py:3036} INFO - Sync 1 DAGs
[2025-12-28T21:00:32.181+0000] {logging_mixin.py:188} INFO - [2025-12-28T21:00:32.181+0000] {dag.py:3823} INFO - Setting next_dagrun for ml_models to 2025-12-27 00:00:00+00:00, run_after=2025-12-28 00:00:00+00:00
[2025-12-28T21:00:32.281+0000] {processor.py:183} INFO - Processing /opt/airflow/dags/ml_models.py took 0.353 seconds
[2025-12-28T21:01:02.519+0000] {processor.py:161} INFO - Started process (PID=3812) to work on /opt/airflow/dags/ml_models.py
[2025-12-28T21:01:02.522+0000] {processor.py:830} INFO - Processing file /opt/airflow/dags/ml_models.py for tasks to queue
[2025-12-28T21:01:02.524+0000] {logging_mixin.py:188} INFO - [2025-12-28T21:01:02.524+0000] {dagbag.py:538} INFO - Filling up the DagBag from /opt/airflow/dags/ml_models.py
[2025-12-28T21:01:02.584+0000] {processor.py:840} INFO - DAG(s) 'ml_models' retrieved from /opt/airflow/dags/ml_models.py
[2025-12-28T21:01:02.661+0000] {logging_mixin.py:188} INFO - [2025-12-28T21:01:02.660+0000] {dag.py:3036} INFO - Sync 1 DAGs
[2025-12-28T21:01:02.743+0000] {logging_mixin.py:188} INFO - [2025-12-28T21:01:02.743+0000] {dag.py:3823} INFO - Setting next_dagrun for ml_models to 2025-12-27 00:00:00+00:00, run_after=2025-12-28 00:00:00+00:00
[2025-12-28T21:01:02.848+0000] {processor.py:183} INFO - Processing /opt/airflow/dags/ml_models.py took 0.339 seconds
[2025-12-28T21:01:33.071+0000] {processor.py:161} INFO - Started process (PID=3832) to work on /opt/airflow/dags/ml_models.py
[2025-12-28T21:01:33.074+0000] {processor.py:830} INFO - Processing file /opt/airflow/dags/ml_models.py for tasks to queue
[2025-12-28T21:01:33.076+0000] {logging_mixin.py:188} INFO - [2025-12-28T21:01:33.076+0000] {dagbag.py:538} INFO - Filling up the DagBag from /opt/airflow/dags/ml_models.py
[2025-12-28T21:01:33.131+0000] {processor.py:840} INFO - DAG(s) 'ml_models' retrieved from /opt/airflow/dags/ml_models.py
[2025-12-28T21:01:33.197+0000] {logging_mixin.py:188} INFO - [2025-12-28T21:01:33.197+0000] {dag.py:3036} INFO - Sync 1 DAGs
[2025-12-28T21:01:33.264+0000] {logging_mixin.py:188} INFO - [2025-12-28T21:01:33.263+0000] {dag.py:3823} INFO - Setting next_dagrun for ml_models to 2025-12-27 00:00:00+00:00, run_after=2025-12-28 00:00:00+00:00
[2025-12-28T21:01:33.317+0000] {processor.py:183} INFO - Processing /opt/airflow/dags/ml_models.py took 0.256 seconds
[2025-12-28T21:02:03.466+0000] {processor.py:161} INFO - Started process (PID=3852) to work on /opt/airflow/dags/ml_models.py
[2025-12-28T21:02:03.470+0000] {processor.py:830} INFO - Processing file /opt/airflow/dags/ml_models.py for tasks to queue
[2025-12-28T21:02:03.473+0000] {logging_mixin.py:188} INFO - [2025-12-28T21:02:03.472+0000] {dagbag.py:538} INFO - Filling up the DagBag from /opt/airflow/dags/ml_models.py
[2025-12-28T21:02:03.530+0000] {processor.py:840} INFO - DAG(s) 'ml_models' retrieved from /opt/airflow/dags/ml_models.py
[2025-12-28T21:02:03.597+0000] {logging_mixin.py:188} INFO - [2025-12-28T21:02:03.596+0000] {dag.py:3036} INFO - Sync 1 DAGs
[2025-12-28T21:02:03.662+0000] {logging_mixin.py:188} INFO - [2025-12-28T21:02:03.661+0000] {dag.py:3823} INFO - Setting next_dagrun for ml_models to 2025-12-27 00:00:00+00:00, run_after=2025-12-28 00:00:00+00:00
[2025-12-28T21:02:03.750+0000] {processor.py:183} INFO - Processing /opt/airflow/dags/ml_models.py took 0.292 seconds
[2025-12-28T21:02:34.883+0000] {processor.py:161} INFO - Started process (PID=3872) to work on /opt/airflow/dags/ml_models.py
[2025-12-28T21:02:34.887+0000] {processor.py:830} INFO - Processing file /opt/airflow/dags/ml_models.py for tasks to queue
[2025-12-28T21:02:34.892+0000] {logging_mixin.py:188} INFO - [2025-12-28T21:02:34.891+0000] {dagbag.py:538} INFO - Filling up the DagBag from /opt/airflow/dags/ml_models.py
[2025-12-28T21:02:34.954+0000] {processor.py:840} INFO - DAG(s) 'ml_models' retrieved from /opt/airflow/dags/ml_models.py
[2025-12-28T21:02:35.023+0000] {logging_mixin.py:188} INFO - [2025-12-28T21:02:35.022+0000] {dag.py:3036} INFO - Sync 1 DAGs
[2025-12-28T21:02:35.085+0000] {logging_mixin.py:188} INFO - [2025-12-28T21:02:35.084+0000] {dag.py:3823} INFO - Setting next_dagrun for ml_models to 2025-12-27 00:00:00+00:00, run_after=2025-12-28 00:00:00+00:00
[2025-12-28T21:02:35.176+0000] {processor.py:183} INFO - Processing /opt/airflow/dags/ml_models.py took 0.308 seconds
[2025-12-28T21:03:05.339+0000] {processor.py:161} INFO - Started process (PID=3892) to work on /opt/airflow/dags/ml_models.py
[2025-12-28T21:03:05.343+0000] {processor.py:830} INFO - Processing file /opt/airflow/dags/ml_models.py for tasks to queue
[2025-12-28T21:03:05.345+0000] {logging_mixin.py:188} INFO - [2025-12-28T21:03:05.345+0000] {dagbag.py:538} INFO - Filling up the DagBag from /opt/airflow/dags/ml_models.py
[2025-12-28T21:03:05.411+0000] {processor.py:840} INFO - DAG(s) 'ml_models' retrieved from /opt/airflow/dags/ml_models.py
[2025-12-28T21:03:05.472+0000] {logging_mixin.py:188} INFO - [2025-12-28T21:03:05.471+0000] {dag.py:3036} INFO - Sync 1 DAGs
[2025-12-28T21:03:05.542+0000] {logging_mixin.py:188} INFO - [2025-12-28T21:03:05.541+0000] {dag.py:3823} INFO - Setting next_dagrun for ml_models to 2025-12-27 00:00:00+00:00, run_after=2025-12-28 00:00:00+00:00
[2025-12-28T21:03:05.592+0000] {processor.py:183} INFO - Processing /opt/airflow/dags/ml_models.py took 0.263 seconds
[2025-12-28T21:03:36.550+0000] {processor.py:161} INFO - Started process (PID=3912) to work on /opt/airflow/dags/ml_models.py
[2025-12-28T21:03:36.553+0000] {processor.py:830} INFO - Processing file /opt/airflow/dags/ml_models.py for tasks to queue
[2025-12-28T21:03:36.555+0000] {logging_mixin.py:188} INFO - [2025-12-28T21:03:36.554+0000] {dagbag.py:538} INFO - Filling up the DagBag from /opt/airflow/dags/ml_models.py
[2025-12-28T21:03:36.618+0000] {processor.py:840} INFO - DAG(s) 'ml_models' retrieved from /opt/airflow/dags/ml_models.py
[2025-12-28T21:03:36.676+0000] {logging_mixin.py:188} INFO - [2025-12-28T21:03:36.676+0000] {dag.py:3036} INFO - Sync 1 DAGs
[2025-12-28T21:03:36.735+0000] {logging_mixin.py:188} INFO - [2025-12-28T21:03:36.734+0000] {dag.py:3823} INFO - Setting next_dagrun for ml_models to 2025-12-27 00:00:00+00:00, run_after=2025-12-28 00:00:00+00:00
[2025-12-28T21:03:36.821+0000] {processor.py:183} INFO - Processing /opt/airflow/dags/ml_models.py took 0.279 seconds
[2025-12-28T21:04:07.209+0000] {processor.py:161} INFO - Started process (PID=3932) to work on /opt/airflow/dags/ml_models.py
[2025-12-28T21:04:07.213+0000] {processor.py:830} INFO - Processing file /opt/airflow/dags/ml_models.py for tasks to queue
[2025-12-28T21:04:07.216+0000] {logging_mixin.py:188} INFO - [2025-12-28T21:04:07.215+0000] {dagbag.py:538} INFO - Filling up the DagBag from /opt/airflow/dags/ml_models.py
[2025-12-28T21:04:07.265+0000] {processor.py:840} INFO - DAG(s) 'ml_models' retrieved from /opt/airflow/dags/ml_models.py
[2025-12-28T21:04:07.326+0000] {logging_mixin.py:188} INFO - [2025-12-28T21:04:07.325+0000] {dag.py:3036} INFO - Sync 1 DAGs
[2025-12-28T21:04:07.389+0000] {logging_mixin.py:188} INFO - [2025-12-28T21:04:07.388+0000] {dag.py:3823} INFO - Setting next_dagrun for ml_models to 2025-12-27 00:00:00+00:00, run_after=2025-12-28 00:00:00+00:00
[2025-12-28T21:04:07.438+0000] {processor.py:183} INFO - Processing /opt/airflow/dags/ml_models.py took 0.238 seconds
[2025-12-28T21:04:37.689+0000] {processor.py:161} INFO - Started process (PID=3952) to work on /opt/airflow/dags/ml_models.py
[2025-12-28T21:04:37.692+0000] {processor.py:830} INFO - Processing file /opt/airflow/dags/ml_models.py for tasks to queue
[2025-12-28T21:04:37.695+0000] {logging_mixin.py:188} INFO - [2025-12-28T21:04:37.694+0000] {dagbag.py:538} INFO - Filling up the DagBag from /opt/airflow/dags/ml_models.py
[2025-12-28T21:04:37.761+0000] {processor.py:840} INFO - DAG(s) 'ml_models' retrieved from /opt/airflow/dags/ml_models.py
[2025-12-28T21:04:37.842+0000] {logging_mixin.py:188} INFO - [2025-12-28T21:04:37.842+0000] {dag.py:3036} INFO - Sync 1 DAGs
[2025-12-28T21:04:37.905+0000] {logging_mixin.py:188} INFO - [2025-12-28T21:04:37.904+0000] {dag.py:3823} INFO - Setting next_dagrun for ml_models to 2025-12-27 00:00:00+00:00, run_after=2025-12-28 00:00:00+00:00
[2025-12-28T21:04:37.955+0000] {processor.py:183} INFO - Processing /opt/airflow/dags/ml_models.py took 0.276 seconds
[2025-12-28T23:04:51.190+0000] {processor.py:161} INFO - Started process (PID=3974) to work on /opt/airflow/dags/ml_models.py
[2025-12-28T23:04:51.258+0000] {processor.py:830} INFO - Processing file /opt/airflow/dags/ml_models.py for tasks to queue
[2025-12-28T23:04:51.310+0000] {logging_mixin.py:188} INFO - [2025-12-28T23:04:51.294+0000] {dagbag.py:538} INFO - Filling up the DagBag from /opt/airflow/dags/ml_models.py
[2025-12-28T23:04:52.148+0000] {processor.py:840} INFO - DAG(s) 'ml_models' retrieved from /opt/airflow/dags/ml_models.py
[2025-12-28T23:04:53.004+0000] {logging_mixin.py:188} INFO - [2025-12-28T23:04:52.991+0000] {dag.py:3036} INFO - Sync 1 DAGs
[2025-12-28T23:04:54.050+0000] {logging_mixin.py:188} INFO - [2025-12-28T23:04:54.036+0000] {dag.py:3823} INFO - Setting next_dagrun for ml_models to 2025-12-27 00:00:00+00:00, run_after=2025-12-28 00:00:00+00:00
[2025-12-28T23:04:54.758+0000] {processor.py:183} INFO - Processing /opt/airflow/dags/ml_models.py took 3.760 seconds
