[2025-12-28T01:51:19.198+0000] {processor.py:161} INFO - Started process (PID=2221) to work on /opt/airflow/dags/prediction_features_pipeline.py
[2025-12-28T01:51:19.295+0000] {processor.py:830} INFO - Processing file /opt/airflow/dags/prediction_features_pipeline.py for tasks to queue
[2025-12-28T01:51:19.384+0000] {logging_mixin.py:188} INFO - [2025-12-28T01:51:19.378+0000] {dagbag.py:538} INFO - Filling up the DagBag from /opt/airflow/dags/prediction_features_pipeline.py
[2025-12-28T01:51:21.046+0000] {processor.py:840} INFO - DAG(s) 'match_features_pipeline' retrieved from /opt/airflow/dags/prediction_features_pipeline.py
[2025-12-28T01:51:26.878+0000] {logging_mixin.py:188} INFO - [2025-12-28T01:51:26.866+0000] {dag.py:3036} INFO - Sync 1 DAGs
[2025-12-28T01:51:28.579+0000] {logging_mixin.py:188} INFO - [2025-12-28T01:51:28.566+0000] {dag.py:3823} INFO - Setting next_dagrun for match_features_pipeline to 2025-12-27 00:00:00+00:00, run_after=2025-12-28 00:00:00+00:00
[2025-12-28T01:51:29.647+0000] {processor.py:183} INFO - Processing /opt/airflow/dags/prediction_features_pipeline.py took 10.783 seconds
[2025-12-28T14:52:17.406+0000] {processor.py:161} INFO - Started process (PID=2241) to work on /opt/airflow/dags/prediction_features_pipeline.py
[2025-12-28T14:52:17.410+0000] {processor.py:830} INFO - Processing file /opt/airflow/dags/prediction_features_pipeline.py for tasks to queue
[2025-12-28T14:52:17.413+0000] {logging_mixin.py:188} INFO - [2025-12-28T14:52:17.412+0000] {dagbag.py:538} INFO - Filling up the DagBag from /opt/airflow/dags/prediction_features_pipeline.py
[2025-12-28T14:52:17.493+0000] {processor.py:840} INFO - DAG(s) 'match_features_pipeline' retrieved from /opt/airflow/dags/prediction_features_pipeline.py
[2025-12-28T14:52:17.585+0000] {logging_mixin.py:188} INFO - [2025-12-28T14:52:17.583+0000] {dag.py:3036} INFO - Sync 1 DAGs
[2025-12-28T14:52:17.677+0000] {logging_mixin.py:188} INFO - [2025-12-28T14:52:17.677+0000] {dag.py:3823} INFO - Setting next_dagrun for match_features_pipeline to 2025-12-27 00:00:00+00:00, run_after=2025-12-28 00:00:00+00:00
[2025-12-28T14:52:17.796+0000] {processor.py:183} INFO - Processing /opt/airflow/dags/prediction_features_pipeline.py took 0.408 seconds
[2025-12-28T14:52:48.693+0000] {processor.py:161} INFO - Started process (PID=2261) to work on /opt/airflow/dags/prediction_features_pipeline.py
[2025-12-28T14:52:48.694+0000] {processor.py:830} INFO - Processing file /opt/airflow/dags/prediction_features_pipeline.py for tasks to queue
[2025-12-28T14:52:48.696+0000] {logging_mixin.py:188} INFO - [2025-12-28T14:52:48.695+0000] {dagbag.py:538} INFO - Filling up the DagBag from /opt/airflow/dags/prediction_features_pipeline.py
[2025-12-28T14:52:48.728+0000] {processor.py:840} INFO - DAG(s) 'match_features_pipeline' retrieved from /opt/airflow/dags/prediction_features_pipeline.py
[2025-12-28T14:52:48.759+0000] {logging_mixin.py:188} INFO - [2025-12-28T14:52:48.759+0000] {dag.py:3036} INFO - Sync 1 DAGs
[2025-12-28T14:52:48.794+0000] {logging_mixin.py:188} INFO - [2025-12-28T14:52:48.794+0000] {dag.py:3823} INFO - Setting next_dagrun for match_features_pipeline to 2025-12-27 00:00:00+00:00, run_after=2025-12-28 00:00:00+00:00
[2025-12-28T14:52:48.820+0000] {processor.py:183} INFO - Processing /opt/airflow/dags/prediction_features_pipeline.py took 0.131 seconds
[2025-12-28T14:53:19.354+0000] {processor.py:161} INFO - Started process (PID=2281) to work on /opt/airflow/dags/prediction_features_pipeline.py
[2025-12-28T14:53:19.355+0000] {processor.py:830} INFO - Processing file /opt/airflow/dags/prediction_features_pipeline.py for tasks to queue
[2025-12-28T14:53:19.357+0000] {logging_mixin.py:188} INFO - [2025-12-28T14:53:19.356+0000] {dagbag.py:538} INFO - Filling up the DagBag from /opt/airflow/dags/prediction_features_pipeline.py
[2025-12-28T14:53:19.388+0000] {processor.py:840} INFO - DAG(s) 'match_features_pipeline' retrieved from /opt/airflow/dags/prediction_features_pipeline.py
[2025-12-28T14:53:19.418+0000] {logging_mixin.py:188} INFO - [2025-12-28T14:53:19.418+0000] {dag.py:3036} INFO - Sync 1 DAGs
[2025-12-28T14:53:19.450+0000] {logging_mixin.py:188} INFO - [2025-12-28T14:53:19.449+0000] {dag.py:3823} INFO - Setting next_dagrun for match_features_pipeline to 2025-12-27 00:00:00+00:00, run_after=2025-12-28 00:00:00+00:00
[2025-12-28T14:53:19.477+0000] {processor.py:183} INFO - Processing /opt/airflow/dags/prediction_features_pipeline.py took 0.128 seconds
[2025-12-28T14:53:50.017+0000] {processor.py:161} INFO - Started process (PID=2301) to work on /opt/airflow/dags/prediction_features_pipeline.py
[2025-12-28T14:53:50.019+0000] {processor.py:830} INFO - Processing file /opt/airflow/dags/prediction_features_pipeline.py for tasks to queue
[2025-12-28T14:53:50.022+0000] {logging_mixin.py:188} INFO - [2025-12-28T14:53:50.020+0000] {dagbag.py:538} INFO - Filling up the DagBag from /opt/airflow/dags/prediction_features_pipeline.py
[2025-12-28T14:53:50.061+0000] {processor.py:840} INFO - DAG(s) 'match_features_pipeline' retrieved from /opt/airflow/dags/prediction_features_pipeline.py
[2025-12-28T14:53:50.103+0000] {logging_mixin.py:188} INFO - [2025-12-28T14:53:50.103+0000] {dag.py:3036} INFO - Sync 1 DAGs
[2025-12-28T14:53:50.133+0000] {logging_mixin.py:188} INFO - [2025-12-28T14:53:50.132+0000] {dag.py:3823} INFO - Setting next_dagrun for match_features_pipeline to 2025-12-27 00:00:00+00:00, run_after=2025-12-28 00:00:00+00:00
[2025-12-28T14:53:50.163+0000] {processor.py:183} INFO - Processing /opt/airflow/dags/prediction_features_pipeline.py took 0.152 seconds
[2025-12-28T14:54:20.827+0000] {processor.py:161} INFO - Started process (PID=2321) to work on /opt/airflow/dags/prediction_features_pipeline.py
[2025-12-28T14:54:20.829+0000] {processor.py:830} INFO - Processing file /opt/airflow/dags/prediction_features_pipeline.py for tasks to queue
[2025-12-28T14:54:20.831+0000] {logging_mixin.py:188} INFO - [2025-12-28T14:54:20.830+0000] {dagbag.py:538} INFO - Filling up the DagBag from /opt/airflow/dags/prediction_features_pipeline.py
[2025-12-28T14:54:20.879+0000] {processor.py:840} INFO - DAG(s) 'match_features_pipeline' retrieved from /opt/airflow/dags/prediction_features_pipeline.py
[2025-12-28T14:54:20.951+0000] {logging_mixin.py:188} INFO - [2025-12-28T14:54:20.950+0000] {dag.py:3036} INFO - Sync 1 DAGs
[2025-12-28T14:54:21.006+0000] {logging_mixin.py:188} INFO - [2025-12-28T14:54:21.006+0000] {dag.py:3823} INFO - Setting next_dagrun for match_features_pipeline to 2025-12-27 00:00:00+00:00, run_after=2025-12-28 00:00:00+00:00
[2025-12-28T14:54:21.040+0000] {processor.py:183} INFO - Processing /opt/airflow/dags/prediction_features_pipeline.py took 0.220 seconds
[2025-12-28T18:53:24.540+0000] {processor.py:161} INFO - Started process (PID=2331) to work on /opt/airflow/dags/prediction_features_pipeline.py
[2025-12-28T18:53:24.546+0000] {processor.py:830} INFO - Processing file /opt/airflow/dags/prediction_features_pipeline.py for tasks to queue
[2025-12-28T18:53:24.554+0000] {logging_mixin.py:188} INFO - [2025-12-28T18:53:24.551+0000] {dagbag.py:538} INFO - Filling up the DagBag from /opt/airflow/dags/prediction_features_pipeline.py
[2025-12-28T18:53:27.023+0000] {processor.py:840} INFO - DAG(s) 'match_features_pipeline' retrieved from /opt/airflow/dags/prediction_features_pipeline.py
[2025-12-28T18:53:28.600+0000] {logging_mixin.py:188} INFO - [2025-12-28T18:53:28.587+0000] {dag.py:3036} INFO - Sync 1 DAGs
[2025-12-28T18:53:29.995+0000] {logging_mixin.py:188} INFO - [2025-12-28T18:53:29.964+0000] {dag.py:3823} INFO - Setting next_dagrun for match_features_pipeline to 2025-12-27 00:00:00+00:00, run_after=2025-12-28 00:00:00+00:00
[2025-12-28T18:53:31.421+0000] {processor.py:183} INFO - Processing /opt/airflow/dags/prediction_features_pipeline.py took 6.901 seconds
[2025-12-28T20:23:35.778+0000] {processor.py:161} INFO - Started process (PID=2355) to work on /opt/airflow/dags/prediction_features_pipeline.py
[2025-12-28T20:23:35.790+0000] {processor.py:830} INFO - Processing file /opt/airflow/dags/prediction_features_pipeline.py for tasks to queue
[2025-12-28T20:23:35.794+0000] {logging_mixin.py:188} INFO - [2025-12-28T20:23:35.793+0000] {dagbag.py:538} INFO - Filling up the DagBag from /opt/airflow/dags/prediction_features_pipeline.py
[2025-12-28T20:23:36.037+0000] {processor.py:840} INFO - DAG(s) 'match_features_pipeline' retrieved from /opt/airflow/dags/prediction_features_pipeline.py
[2025-12-28T20:23:36.144+0000] {logging_mixin.py:188} INFO - [2025-12-28T20:23:36.143+0000] {dag.py:3036} INFO - Sync 1 DAGs
[2025-12-28T20:23:36.273+0000] {logging_mixin.py:188} INFO - [2025-12-28T20:23:36.272+0000] {dag.py:3823} INFO - Setting next_dagrun for match_features_pipeline to 2025-12-27 00:00:00+00:00, run_after=2025-12-28 00:00:00+00:00
[2025-12-28T20:23:36.348+0000] {processor.py:183} INFO - Processing /opt/airflow/dags/prediction_features_pipeline.py took 0.593 seconds
[2025-12-28T20:24:06.490+0000] {processor.py:161} INFO - Started process (PID=2372) to work on /opt/airflow/dags/prediction_features_pipeline.py
[2025-12-28T20:24:06.492+0000] {processor.py:830} INFO - Processing file /opt/airflow/dags/prediction_features_pipeline.py for tasks to queue
[2025-12-28T20:24:06.494+0000] {logging_mixin.py:188} INFO - [2025-12-28T20:24:06.494+0000] {dagbag.py:538} INFO - Filling up the DagBag from /opt/airflow/dags/prediction_features_pipeline.py
[2025-12-28T20:24:06.535+0000] {processor.py:840} INFO - DAG(s) 'match_features_pipeline' retrieved from /opt/airflow/dags/prediction_features_pipeline.py
[2025-12-28T20:24:06.584+0000] {logging_mixin.py:188} INFO - [2025-12-28T20:24:06.584+0000] {dag.py:3036} INFO - Sync 1 DAGs
[2025-12-28T20:24:06.637+0000] {logging_mixin.py:188} INFO - [2025-12-28T20:24:06.636+0000] {dag.py:3823} INFO - Setting next_dagrun for match_features_pipeline to 2025-12-27 00:00:00+00:00, run_after=2025-12-28 00:00:00+00:00
[2025-12-28T20:24:06.697+0000] {processor.py:183} INFO - Processing /opt/airflow/dags/prediction_features_pipeline.py took 0.218 seconds
[2025-12-28T20:24:37.042+0000] {processor.py:161} INFO - Started process (PID=2395) to work on /opt/airflow/dags/prediction_features_pipeline.py
[2025-12-28T20:24:37.043+0000] {processor.py:830} INFO - Processing file /opt/airflow/dags/prediction_features_pipeline.py for tasks to queue
[2025-12-28T20:24:37.045+0000] {logging_mixin.py:188} INFO - [2025-12-28T20:24:37.044+0000] {dagbag.py:538} INFO - Filling up the DagBag from /opt/airflow/dags/prediction_features_pipeline.py
[2025-12-28T20:24:37.076+0000] {processor.py:840} INFO - DAG(s) 'match_features_pipeline' retrieved from /opt/airflow/dags/prediction_features_pipeline.py
[2025-12-28T20:24:37.104+0000] {logging_mixin.py:188} INFO - [2025-12-28T20:24:37.104+0000] {dag.py:3036} INFO - Sync 1 DAGs
[2025-12-28T20:24:37.132+0000] {logging_mixin.py:188} INFO - [2025-12-28T20:24:37.132+0000] {dag.py:3823} INFO - Setting next_dagrun for match_features_pipeline to 2025-12-27 00:00:00+00:00, run_after=2025-12-28 00:00:00+00:00
[2025-12-28T20:24:37.183+0000] {processor.py:183} INFO - Processing /opt/airflow/dags/prediction_features_pipeline.py took 0.145 seconds
[2025-12-28T20:25:07.599+0000] {processor.py:161} INFO - Started process (PID=2415) to work on /opt/airflow/dags/prediction_features_pipeline.py
[2025-12-28T20:25:07.601+0000] {processor.py:830} INFO - Processing file /opt/airflow/dags/prediction_features_pipeline.py for tasks to queue
[2025-12-28T20:25:07.603+0000] {logging_mixin.py:188} INFO - [2025-12-28T20:25:07.603+0000] {dagbag.py:538} INFO - Filling up the DagBag from /opt/airflow/dags/prediction_features_pipeline.py
[2025-12-28T20:25:07.637+0000] {processor.py:840} INFO - DAG(s) 'match_features_pipeline' retrieved from /opt/airflow/dags/prediction_features_pipeline.py
[2025-12-28T20:25:07.678+0000] {logging_mixin.py:188} INFO - [2025-12-28T20:25:07.677+0000] {dag.py:3036} INFO - Sync 1 DAGs
[2025-12-28T20:25:07.719+0000] {logging_mixin.py:188} INFO - [2025-12-28T20:25:07.719+0000] {dag.py:3823} INFO - Setting next_dagrun for match_features_pipeline to 2025-12-27 00:00:00+00:00, run_after=2025-12-28 00:00:00+00:00
[2025-12-28T20:25:07.764+0000] {processor.py:183} INFO - Processing /opt/airflow/dags/prediction_features_pipeline.py took 0.172 seconds
[2025-12-28T20:25:38.131+0000] {processor.py:161} INFO - Started process (PID=2435) to work on /opt/airflow/dags/prediction_features_pipeline.py
[2025-12-28T20:25:38.132+0000] {processor.py:830} INFO - Processing file /opt/airflow/dags/prediction_features_pipeline.py for tasks to queue
[2025-12-28T20:25:38.134+0000] {logging_mixin.py:188} INFO - [2025-12-28T20:25:38.133+0000] {dagbag.py:538} INFO - Filling up the DagBag from /opt/airflow/dags/prediction_features_pipeline.py
[2025-12-28T20:25:38.162+0000] {processor.py:840} INFO - DAG(s) 'match_features_pipeline' retrieved from /opt/airflow/dags/prediction_features_pipeline.py
[2025-12-28T20:25:38.192+0000] {logging_mixin.py:188} INFO - [2025-12-28T20:25:38.191+0000] {dag.py:3036} INFO - Sync 1 DAGs
[2025-12-28T20:25:38.225+0000] {logging_mixin.py:188} INFO - [2025-12-28T20:25:38.225+0000] {dag.py:3823} INFO - Setting next_dagrun for match_features_pipeline to 2025-12-27 00:00:00+00:00, run_after=2025-12-28 00:00:00+00:00
[2025-12-28T20:25:38.250+0000] {processor.py:183} INFO - Processing /opt/airflow/dags/prediction_features_pipeline.py took 0.125 seconds
[2025-12-28T20:26:08.874+0000] {processor.py:161} INFO - Started process (PID=2455) to work on /opt/airflow/dags/prediction_features_pipeline.py
[2025-12-28T20:26:08.876+0000] {processor.py:830} INFO - Processing file /opt/airflow/dags/prediction_features_pipeline.py for tasks to queue
[2025-12-28T20:26:08.879+0000] {logging_mixin.py:188} INFO - [2025-12-28T20:26:08.878+0000] {dagbag.py:538} INFO - Filling up the DagBag from /opt/airflow/dags/prediction_features_pipeline.py
[2025-12-28T20:26:08.921+0000] {processor.py:840} INFO - DAG(s) 'match_features_pipeline' retrieved from /opt/airflow/dags/prediction_features_pipeline.py
[2025-12-28T20:26:08.971+0000] {logging_mixin.py:188} INFO - [2025-12-28T20:26:08.970+0000] {dag.py:3036} INFO - Sync 1 DAGs
[2025-12-28T20:26:09.015+0000] {logging_mixin.py:188} INFO - [2025-12-28T20:26:09.015+0000] {dag.py:3823} INFO - Setting next_dagrun for match_features_pipeline to 2025-12-27 00:00:00+00:00, run_after=2025-12-28 00:00:00+00:00
[2025-12-28T20:26:09.078+0000] {processor.py:183} INFO - Processing /opt/airflow/dags/prediction_features_pipeline.py took 0.209 seconds
[2025-12-28T20:26:39.575+0000] {processor.py:161} INFO - Started process (PID=2475) to work on /opt/airflow/dags/prediction_features_pipeline.py
[2025-12-28T20:26:39.577+0000] {processor.py:830} INFO - Processing file /opt/airflow/dags/prediction_features_pipeline.py for tasks to queue
[2025-12-28T20:26:39.579+0000] {logging_mixin.py:188} INFO - [2025-12-28T20:26:39.579+0000] {dagbag.py:538} INFO - Filling up the DagBag from /opt/airflow/dags/prediction_features_pipeline.py
[2025-12-28T20:26:39.631+0000] {processor.py:840} INFO - DAG(s) 'match_features_pipeline' retrieved from /opt/airflow/dags/prediction_features_pipeline.py
[2025-12-28T20:26:39.677+0000] {logging_mixin.py:188} INFO - [2025-12-28T20:26:39.677+0000] {dag.py:3036} INFO - Sync 1 DAGs
[2025-12-28T20:26:39.723+0000] {logging_mixin.py:188} INFO - [2025-12-28T20:26:39.723+0000] {dag.py:3823} INFO - Setting next_dagrun for match_features_pipeline to 2025-12-27 00:00:00+00:00, run_after=2025-12-28 00:00:00+00:00
[2025-12-28T20:26:39.759+0000] {processor.py:183} INFO - Processing /opt/airflow/dags/prediction_features_pipeline.py took 0.191 seconds
[2025-12-28T20:27:10.446+0000] {processor.py:161} INFO - Started process (PID=2495) to work on /opt/airflow/dags/prediction_features_pipeline.py
[2025-12-28T20:27:10.449+0000] {processor.py:830} INFO - Processing file /opt/airflow/dags/prediction_features_pipeline.py for tasks to queue
[2025-12-28T20:27:10.451+0000] {logging_mixin.py:188} INFO - [2025-12-28T20:27:10.450+0000] {dagbag.py:538} INFO - Filling up the DagBag from /opt/airflow/dags/prediction_features_pipeline.py
[2025-12-28T20:27:10.492+0000] {processor.py:840} INFO - DAG(s) 'match_features_pipeline' retrieved from /opt/airflow/dags/prediction_features_pipeline.py
[2025-12-28T20:27:10.550+0000] {logging_mixin.py:188} INFO - [2025-12-28T20:27:10.549+0000] {dag.py:3036} INFO - Sync 1 DAGs
[2025-12-28T20:27:10.591+0000] {logging_mixin.py:188} INFO - [2025-12-28T20:27:10.590+0000] {dag.py:3823} INFO - Setting next_dagrun for match_features_pipeline to 2025-12-27 00:00:00+00:00, run_after=2025-12-28 00:00:00+00:00
[2025-12-28T20:27:10.648+0000] {processor.py:183} INFO - Processing /opt/airflow/dags/prediction_features_pipeline.py took 0.209 seconds
[2025-12-28T20:27:41.144+0000] {processor.py:161} INFO - Started process (PID=2515) to work on /opt/airflow/dags/prediction_features_pipeline.py
[2025-12-28T20:27:41.146+0000] {processor.py:830} INFO - Processing file /opt/airflow/dags/prediction_features_pipeline.py for tasks to queue
[2025-12-28T20:27:41.148+0000] {logging_mixin.py:188} INFO - [2025-12-28T20:27:41.147+0000] {dagbag.py:538} INFO - Filling up the DagBag from /opt/airflow/dags/prediction_features_pipeline.py
[2025-12-28T20:27:41.188+0000] {processor.py:840} INFO - DAG(s) 'match_features_pipeline' retrieved from /opt/airflow/dags/prediction_features_pipeline.py
[2025-12-28T20:27:41.244+0000] {logging_mixin.py:188} INFO - [2025-12-28T20:27:41.244+0000] {dag.py:3036} INFO - Sync 1 DAGs
[2025-12-28T20:27:41.292+0000] {logging_mixin.py:188} INFO - [2025-12-28T20:27:41.291+0000] {dag.py:3823} INFO - Setting next_dagrun for match_features_pipeline to 2025-12-27 00:00:00+00:00, run_after=2025-12-28 00:00:00+00:00
[2025-12-28T20:27:41.324+0000] {processor.py:183} INFO - Processing /opt/airflow/dags/prediction_features_pipeline.py took 0.187 seconds
[2025-12-28T20:28:12.028+0000] {processor.py:161} INFO - Started process (PID=2535) to work on /opt/airflow/dags/prediction_features_pipeline.py
[2025-12-28T20:28:12.030+0000] {processor.py:830} INFO - Processing file /opt/airflow/dags/prediction_features_pipeline.py for tasks to queue
[2025-12-28T20:28:12.032+0000] {logging_mixin.py:188} INFO - [2025-12-28T20:28:12.032+0000] {dagbag.py:538} INFO - Filling up the DagBag from /opt/airflow/dags/prediction_features_pipeline.py
[2025-12-28T20:28:12.072+0000] {processor.py:840} INFO - DAG(s) 'match_features_pipeline' retrieved from /opt/airflow/dags/prediction_features_pipeline.py
[2025-12-28T20:28:12.113+0000] {logging_mixin.py:188} INFO - [2025-12-28T20:28:12.112+0000] {dag.py:3036} INFO - Sync 1 DAGs
[2025-12-28T20:28:12.152+0000] {logging_mixin.py:188} INFO - [2025-12-28T20:28:12.151+0000] {dag.py:3823} INFO - Setting next_dagrun for match_features_pipeline to 2025-12-27 00:00:00+00:00, run_after=2025-12-28 00:00:00+00:00
[2025-12-28T20:28:12.212+0000] {processor.py:183} INFO - Processing /opt/airflow/dags/prediction_features_pipeline.py took 0.191 seconds
[2025-12-28T20:28:42.865+0000] {processor.py:161} INFO - Started process (PID=2555) to work on /opt/airflow/dags/prediction_features_pipeline.py
[2025-12-28T20:28:42.867+0000] {processor.py:830} INFO - Processing file /opt/airflow/dags/prediction_features_pipeline.py for tasks to queue
[2025-12-28T20:28:42.869+0000] {logging_mixin.py:188} INFO - [2025-12-28T20:28:42.868+0000] {dagbag.py:538} INFO - Filling up the DagBag from /opt/airflow/dags/prediction_features_pipeline.py
[2025-12-28T20:28:42.923+0000] {processor.py:840} INFO - DAG(s) 'match_features_pipeline' retrieved from /opt/airflow/dags/prediction_features_pipeline.py
[2025-12-28T20:28:42.965+0000] {logging_mixin.py:188} INFO - [2025-12-28T20:28:42.964+0000] {dag.py:3036} INFO - Sync 1 DAGs
[2025-12-28T20:28:43.006+0000] {logging_mixin.py:188} INFO - [2025-12-28T20:28:43.006+0000] {dag.py:3823} INFO - Setting next_dagrun for match_features_pipeline to 2025-12-27 00:00:00+00:00, run_after=2025-12-28 00:00:00+00:00
[2025-12-28T20:28:43.052+0000] {processor.py:183} INFO - Processing /opt/airflow/dags/prediction_features_pipeline.py took 0.193 seconds
[2025-12-28T20:29:13.541+0000] {processor.py:161} INFO - Started process (PID=2575) to work on /opt/airflow/dags/prediction_features_pipeline.py
[2025-12-28T20:29:13.543+0000] {processor.py:830} INFO - Processing file /opt/airflow/dags/prediction_features_pipeline.py for tasks to queue
[2025-12-28T20:29:13.545+0000] {logging_mixin.py:188} INFO - [2025-12-28T20:29:13.545+0000] {dagbag.py:538} INFO - Filling up the DagBag from /opt/airflow/dags/prediction_features_pipeline.py
[2025-12-28T20:29:13.589+0000] {processor.py:840} INFO - DAG(s) 'match_features_pipeline' retrieved from /opt/airflow/dags/prediction_features_pipeline.py
[2025-12-28T20:29:13.630+0000] {logging_mixin.py:188} INFO - [2025-12-28T20:29:13.630+0000] {dag.py:3036} INFO - Sync 1 DAGs
[2025-12-28T20:29:13.673+0000] {logging_mixin.py:188} INFO - [2025-12-28T20:29:13.672+0000] {dag.py:3823} INFO - Setting next_dagrun for match_features_pipeline to 2025-12-27 00:00:00+00:00, run_after=2025-12-28 00:00:00+00:00
[2025-12-28T20:29:13.728+0000] {processor.py:183} INFO - Processing /opt/airflow/dags/prediction_features_pipeline.py took 0.192 seconds
[2025-12-28T20:29:44.246+0000] {processor.py:161} INFO - Started process (PID=2595) to work on /opt/airflow/dags/prediction_features_pipeline.py
[2025-12-28T20:29:44.249+0000] {processor.py:830} INFO - Processing file /opt/airflow/dags/prediction_features_pipeline.py for tasks to queue
[2025-12-28T20:29:44.250+0000] {logging_mixin.py:188} INFO - [2025-12-28T20:29:44.250+0000] {dagbag.py:538} INFO - Filling up the DagBag from /opt/airflow/dags/prediction_features_pipeline.py
[2025-12-28T20:29:44.287+0000] {processor.py:840} INFO - DAG(s) 'match_features_pipeline' retrieved from /opt/airflow/dags/prediction_features_pipeline.py
[2025-12-28T20:29:44.332+0000] {logging_mixin.py:188} INFO - [2025-12-28T20:29:44.332+0000] {dag.py:3036} INFO - Sync 1 DAGs
[2025-12-28T20:29:44.372+0000] {logging_mixin.py:188} INFO - [2025-12-28T20:29:44.372+0000] {dag.py:3823} INFO - Setting next_dagrun for match_features_pipeline to 2025-12-27 00:00:00+00:00, run_after=2025-12-28 00:00:00+00:00
[2025-12-28T20:29:44.418+0000] {processor.py:183} INFO - Processing /opt/airflow/dags/prediction_features_pipeline.py took 0.179 seconds
[2025-12-28T20:30:14.973+0000] {processor.py:161} INFO - Started process (PID=2615) to work on /opt/airflow/dags/prediction_features_pipeline.py
[2025-12-28T20:30:14.975+0000] {processor.py:830} INFO - Processing file /opt/airflow/dags/prediction_features_pipeline.py for tasks to queue
[2025-12-28T20:30:14.977+0000] {logging_mixin.py:188} INFO - [2025-12-28T20:30:14.976+0000] {dagbag.py:538} INFO - Filling up the DagBag from /opt/airflow/dags/prediction_features_pipeline.py
[2025-12-28T20:30:15.017+0000] {processor.py:840} INFO - DAG(s) 'match_features_pipeline' retrieved from /opt/airflow/dags/prediction_features_pipeline.py
[2025-12-28T20:30:15.063+0000] {logging_mixin.py:188} INFO - [2025-12-28T20:30:15.062+0000] {dag.py:3036} INFO - Sync 1 DAGs
[2025-12-28T20:30:15.111+0000] {logging_mixin.py:188} INFO - [2025-12-28T20:30:15.110+0000] {dag.py:3823} INFO - Setting next_dagrun for match_features_pipeline to 2025-12-27 00:00:00+00:00, run_after=2025-12-28 00:00:00+00:00
[2025-12-28T20:30:15.143+0000] {processor.py:183} INFO - Processing /opt/airflow/dags/prediction_features_pipeline.py took 0.177 seconds
[2025-12-28T20:30:45.901+0000] {processor.py:161} INFO - Started process (PID=2635) to work on /opt/airflow/dags/prediction_features_pipeline.py
[2025-12-28T20:30:45.904+0000] {processor.py:830} INFO - Processing file /opt/airflow/dags/prediction_features_pipeline.py for tasks to queue
[2025-12-28T20:30:45.906+0000] {logging_mixin.py:188} INFO - [2025-12-28T20:30:45.905+0000] {dagbag.py:538} INFO - Filling up the DagBag from /opt/airflow/dags/prediction_features_pipeline.py
[2025-12-28T20:30:45.946+0000] {processor.py:840} INFO - DAG(s) 'match_features_pipeline' retrieved from /opt/airflow/dags/prediction_features_pipeline.py
[2025-12-28T20:30:45.987+0000] {logging_mixin.py:188} INFO - [2025-12-28T20:30:45.986+0000] {dag.py:3036} INFO - Sync 1 DAGs
[2025-12-28T20:30:46.024+0000] {logging_mixin.py:188} INFO - [2025-12-28T20:30:46.024+0000] {dag.py:3823} INFO - Setting next_dagrun for match_features_pipeline to 2025-12-27 00:00:00+00:00, run_after=2025-12-28 00:00:00+00:00
[2025-12-28T20:30:46.092+0000] {processor.py:183} INFO - Processing /opt/airflow/dags/prediction_features_pipeline.py took 0.199 seconds
[2025-12-28T20:31:16.568+0000] {processor.py:161} INFO - Started process (PID=2655) to work on /opt/airflow/dags/prediction_features_pipeline.py
[2025-12-28T20:31:16.570+0000] {processor.py:830} INFO - Processing file /opt/airflow/dags/prediction_features_pipeline.py for tasks to queue
[2025-12-28T20:31:16.572+0000] {logging_mixin.py:188} INFO - [2025-12-28T20:31:16.571+0000] {dagbag.py:538} INFO - Filling up the DagBag from /opt/airflow/dags/prediction_features_pipeline.py
[2025-12-28T20:31:16.614+0000] {processor.py:840} INFO - DAG(s) 'match_features_pipeline' retrieved from /opt/airflow/dags/prediction_features_pipeline.py
[2025-12-28T20:31:16.656+0000] {logging_mixin.py:188} INFO - [2025-12-28T20:31:16.656+0000] {dag.py:3036} INFO - Sync 1 DAGs
[2025-12-28T20:31:16.695+0000] {logging_mixin.py:188} INFO - [2025-12-28T20:31:16.694+0000] {dag.py:3823} INFO - Setting next_dagrun for match_features_pipeline to 2025-12-27 00:00:00+00:00, run_after=2025-12-28 00:00:00+00:00
[2025-12-28T20:31:16.753+0000] {processor.py:183} INFO - Processing /opt/airflow/dags/prediction_features_pipeline.py took 0.191 seconds
[2025-12-28T20:31:47.302+0000] {processor.py:161} INFO - Started process (PID=2675) to work on /opt/airflow/dags/prediction_features_pipeline.py
[2025-12-28T20:31:47.304+0000] {processor.py:830} INFO - Processing file /opt/airflow/dags/prediction_features_pipeline.py for tasks to queue
[2025-12-28T20:31:47.306+0000] {logging_mixin.py:188} INFO - [2025-12-28T20:31:47.305+0000] {dagbag.py:538} INFO - Filling up the DagBag from /opt/airflow/dags/prediction_features_pipeline.py
[2025-12-28T20:31:47.345+0000] {processor.py:840} INFO - DAG(s) 'match_features_pipeline' retrieved from /opt/airflow/dags/prediction_features_pipeline.py
[2025-12-28T20:31:47.393+0000] {logging_mixin.py:188} INFO - [2025-12-28T20:31:47.392+0000] {dag.py:3036} INFO - Sync 1 DAGs
[2025-12-28T20:31:47.435+0000] {logging_mixin.py:188} INFO - [2025-12-28T20:31:47.435+0000] {dag.py:3823} INFO - Setting next_dagrun for match_features_pipeline to 2025-12-27 00:00:00+00:00, run_after=2025-12-28 00:00:00+00:00
[2025-12-28T20:31:47.467+0000] {processor.py:183} INFO - Processing /opt/airflow/dags/prediction_features_pipeline.py took 0.170 seconds
[2025-12-28T20:32:18.187+0000] {processor.py:161} INFO - Started process (PID=2695) to work on /opt/airflow/dags/prediction_features_pipeline.py
[2025-12-28T20:32:18.189+0000] {processor.py:830} INFO - Processing file /opt/airflow/dags/prediction_features_pipeline.py for tasks to queue
[2025-12-28T20:32:18.191+0000] {logging_mixin.py:188} INFO - [2025-12-28T20:32:18.190+0000] {dagbag.py:538} INFO - Filling up the DagBag from /opt/airflow/dags/prediction_features_pipeline.py
[2025-12-28T20:32:18.232+0000] {processor.py:840} INFO - DAG(s) 'match_features_pipeline' retrieved from /opt/airflow/dags/prediction_features_pipeline.py
[2025-12-28T20:32:18.273+0000] {logging_mixin.py:188} INFO - [2025-12-28T20:32:18.272+0000] {dag.py:3036} INFO - Sync 1 DAGs
[2025-12-28T20:32:18.316+0000] {logging_mixin.py:188} INFO - [2025-12-28T20:32:18.316+0000] {dag.py:3823} INFO - Setting next_dagrun for match_features_pipeline to 2025-12-27 00:00:00+00:00, run_after=2025-12-28 00:00:00+00:00
[2025-12-28T20:32:18.382+0000] {processor.py:183} INFO - Processing /opt/airflow/dags/prediction_features_pipeline.py took 0.201 seconds
[2025-12-28T20:32:48.931+0000] {processor.py:161} INFO - Started process (PID=2715) to work on /opt/airflow/dags/prediction_features_pipeline.py
[2025-12-28T20:32:48.933+0000] {processor.py:830} INFO - Processing file /opt/airflow/dags/prediction_features_pipeline.py for tasks to queue
[2025-12-28T20:32:48.936+0000] {logging_mixin.py:188} INFO - [2025-12-28T20:32:48.935+0000] {dagbag.py:538} INFO - Filling up the DagBag from /opt/airflow/dags/prediction_features_pipeline.py
[2025-12-28T20:32:48.978+0000] {processor.py:840} INFO - DAG(s) 'match_features_pipeline' retrieved from /opt/airflow/dags/prediction_features_pipeline.py
[2025-12-28T20:32:49.024+0000] {logging_mixin.py:188} INFO - [2025-12-28T20:32:49.023+0000] {dag.py:3036} INFO - Sync 1 DAGs
[2025-12-28T20:32:49.067+0000] {logging_mixin.py:188} INFO - [2025-12-28T20:32:49.067+0000] {dag.py:3823} INFO - Setting next_dagrun for match_features_pipeline to 2025-12-27 00:00:00+00:00, run_after=2025-12-28 00:00:00+00:00
[2025-12-28T20:32:49.117+0000] {processor.py:183} INFO - Processing /opt/airflow/dags/prediction_features_pipeline.py took 0.195 seconds
[2025-12-28T20:33:19.658+0000] {processor.py:161} INFO - Started process (PID=2735) to work on /opt/airflow/dags/prediction_features_pipeline.py
[2025-12-28T20:33:19.660+0000] {processor.py:830} INFO - Processing file /opt/airflow/dags/prediction_features_pipeline.py for tasks to queue
[2025-12-28T20:33:19.662+0000] {logging_mixin.py:188} INFO - [2025-12-28T20:33:19.661+0000] {dagbag.py:538} INFO - Filling up the DagBag from /opt/airflow/dags/prediction_features_pipeline.py
[2025-12-28T20:33:19.703+0000] {processor.py:840} INFO - DAG(s) 'match_features_pipeline' retrieved from /opt/airflow/dags/prediction_features_pipeline.py
[2025-12-28T20:33:19.744+0000] {logging_mixin.py:188} INFO - [2025-12-28T20:33:19.743+0000] {dag.py:3036} INFO - Sync 1 DAGs
[2025-12-28T20:33:19.781+0000] {logging_mixin.py:188} INFO - [2025-12-28T20:33:19.781+0000] {dag.py:3823} INFO - Setting next_dagrun for match_features_pipeline to 2025-12-27 00:00:00+00:00, run_after=2025-12-28 00:00:00+00:00
[2025-12-28T20:33:19.821+0000] {processor.py:183} INFO - Processing /opt/airflow/dags/prediction_features_pipeline.py took 0.168 seconds
[2025-12-28T20:33:50.495+0000] {processor.py:161} INFO - Started process (PID=2755) to work on /opt/airflow/dags/prediction_features_pipeline.py
[2025-12-28T20:33:50.497+0000] {processor.py:830} INFO - Processing file /opt/airflow/dags/prediction_features_pipeline.py for tasks to queue
[2025-12-28T20:33:50.500+0000] {logging_mixin.py:188} INFO - [2025-12-28T20:33:50.499+0000] {dagbag.py:538} INFO - Filling up the DagBag from /opt/airflow/dags/prediction_features_pipeline.py
[2025-12-28T20:33:50.543+0000] {processor.py:840} INFO - DAG(s) 'match_features_pipeline' retrieved from /opt/airflow/dags/prediction_features_pipeline.py
[2025-12-28T20:33:50.587+0000] {logging_mixin.py:188} INFO - [2025-12-28T20:33:50.587+0000] {dag.py:3036} INFO - Sync 1 DAGs
[2025-12-28T20:33:50.632+0000] {logging_mixin.py:188} INFO - [2025-12-28T20:33:50.632+0000] {dag.py:3823} INFO - Setting next_dagrun for match_features_pipeline to 2025-12-27 00:00:00+00:00, run_after=2025-12-28 00:00:00+00:00
[2025-12-28T20:33:50.705+0000] {processor.py:183} INFO - Processing /opt/airflow/dags/prediction_features_pipeline.py took 0.219 seconds
[2025-12-28T20:34:21.190+0000] {processor.py:161} INFO - Started process (PID=2775) to work on /opt/airflow/dags/prediction_features_pipeline.py
[2025-12-28T20:34:21.192+0000] {processor.py:830} INFO - Processing file /opt/airflow/dags/prediction_features_pipeline.py for tasks to queue
[2025-12-28T20:34:21.194+0000] {logging_mixin.py:188} INFO - [2025-12-28T20:34:21.193+0000] {dagbag.py:538} INFO - Filling up the DagBag from /opt/airflow/dags/prediction_features_pipeline.py
[2025-12-28T20:34:21.251+0000] {processor.py:840} INFO - DAG(s) 'match_features_pipeline' retrieved from /opt/airflow/dags/prediction_features_pipeline.py
[2025-12-28T20:34:21.302+0000] {logging_mixin.py:188} INFO - [2025-12-28T20:34:21.302+0000] {dag.py:3036} INFO - Sync 1 DAGs
[2025-12-28T20:34:21.342+0000] {logging_mixin.py:188} INFO - [2025-12-28T20:34:21.341+0000] {dag.py:3823} INFO - Setting next_dagrun for match_features_pipeline to 2025-12-27 00:00:00+00:00, run_after=2025-12-28 00:00:00+00:00
[2025-12-28T20:34:21.375+0000] {processor.py:183} INFO - Processing /opt/airflow/dags/prediction_features_pipeline.py took 0.191 seconds
[2025-12-28T20:34:51.858+0000] {processor.py:161} INFO - Started process (PID=2795) to work on /opt/airflow/dags/prediction_features_pipeline.py
[2025-12-28T20:34:51.860+0000] {processor.py:830} INFO - Processing file /opt/airflow/dags/prediction_features_pipeline.py for tasks to queue
[2025-12-28T20:34:51.862+0000] {logging_mixin.py:188} INFO - [2025-12-28T20:34:51.861+0000] {dagbag.py:538} INFO - Filling up the DagBag from /opt/airflow/dags/prediction_features_pipeline.py
[2025-12-28T20:34:51.899+0000] {processor.py:840} INFO - DAG(s) 'match_features_pipeline' retrieved from /opt/airflow/dags/prediction_features_pipeline.py
[2025-12-28T20:34:51.968+0000] {logging_mixin.py:188} INFO - [2025-12-28T20:34:51.968+0000] {dag.py:3036} INFO - Sync 1 DAGs
[2025-12-28T20:34:52.009+0000] {logging_mixin.py:188} INFO - [2025-12-28T20:34:52.008+0000] {dag.py:3823} INFO - Setting next_dagrun for match_features_pipeline to 2025-12-27 00:00:00+00:00, run_after=2025-12-28 00:00:00+00:00
[2025-12-28T20:34:52.046+0000] {processor.py:183} INFO - Processing /opt/airflow/dags/prediction_features_pipeline.py took 0.194 seconds
[2025-12-28T20:35:22.779+0000] {processor.py:161} INFO - Started process (PID=2815) to work on /opt/airflow/dags/prediction_features_pipeline.py
[2025-12-28T20:35:22.781+0000] {processor.py:830} INFO - Processing file /opt/airflow/dags/prediction_features_pipeline.py for tasks to queue
[2025-12-28T20:35:22.782+0000] {logging_mixin.py:188} INFO - [2025-12-28T20:35:22.782+0000] {dagbag.py:538} INFO - Filling up the DagBag from /opt/airflow/dags/prediction_features_pipeline.py
[2025-12-28T20:35:22.823+0000] {processor.py:840} INFO - DAG(s) 'match_features_pipeline' retrieved from /opt/airflow/dags/prediction_features_pipeline.py
[2025-12-28T20:35:22.871+0000] {logging_mixin.py:188} INFO - [2025-12-28T20:35:22.871+0000] {dag.py:3036} INFO - Sync 1 DAGs
[2025-12-28T20:35:22.912+0000] {logging_mixin.py:188} INFO - [2025-12-28T20:35:22.912+0000] {dag.py:3823} INFO - Setting next_dagrun for match_features_pipeline to 2025-12-27 00:00:00+00:00, run_after=2025-12-28 00:00:00+00:00
[2025-12-28T20:35:22.947+0000] {processor.py:183} INFO - Processing /opt/airflow/dags/prediction_features_pipeline.py took 0.173 seconds
[2025-12-28T20:35:53.465+0000] {processor.py:161} INFO - Started process (PID=2835) to work on /opt/airflow/dags/prediction_features_pipeline.py
[2025-12-28T20:35:53.467+0000] {processor.py:830} INFO - Processing file /opt/airflow/dags/prediction_features_pipeline.py for tasks to queue
[2025-12-28T20:35:53.470+0000] {logging_mixin.py:188} INFO - [2025-12-28T20:35:53.469+0000] {dagbag.py:538} INFO - Filling up the DagBag from /opt/airflow/dags/prediction_features_pipeline.py
[2025-12-28T20:35:53.514+0000] {processor.py:840} INFO - DAG(s) 'match_features_pipeline' retrieved from /opt/airflow/dags/prediction_features_pipeline.py
[2025-12-28T20:35:53.582+0000] {logging_mixin.py:188} INFO - [2025-12-28T20:35:53.582+0000] {dag.py:3036} INFO - Sync 1 DAGs
[2025-12-28T20:35:53.629+0000] {logging_mixin.py:188} INFO - [2025-12-28T20:35:53.628+0000] {dag.py:3823} INFO - Setting next_dagrun for match_features_pipeline to 2025-12-27 00:00:00+00:00, run_after=2025-12-28 00:00:00+00:00
[2025-12-28T20:35:53.693+0000] {processor.py:183} INFO - Processing /opt/airflow/dags/prediction_features_pipeline.py took 0.236 seconds
[2025-12-28T20:36:24.181+0000] {processor.py:161} INFO - Started process (PID=2855) to work on /opt/airflow/dags/prediction_features_pipeline.py
[2025-12-28T20:36:24.192+0000] {processor.py:830} INFO - Processing file /opt/airflow/dags/prediction_features_pipeline.py for tasks to queue
[2025-12-28T20:36:24.194+0000] {logging_mixin.py:188} INFO - [2025-12-28T20:36:24.193+0000] {dagbag.py:538} INFO - Filling up the DagBag from /opt/airflow/dags/prediction_features_pipeline.py
[2025-12-28T20:36:24.257+0000] {processor.py:840} INFO - DAG(s) 'match_features_pipeline' retrieved from /opt/airflow/dags/prediction_features_pipeline.py
[2025-12-28T20:36:24.306+0000] {logging_mixin.py:188} INFO - [2025-12-28T20:36:24.306+0000] {dag.py:3036} INFO - Sync 1 DAGs
[2025-12-28T20:36:24.351+0000] {logging_mixin.py:188} INFO - [2025-12-28T20:36:24.350+0000] {dag.py:3823} INFO - Setting next_dagrun for match_features_pipeline to 2025-12-27 00:00:00+00:00, run_after=2025-12-28 00:00:00+00:00
[2025-12-28T20:36:24.384+0000] {processor.py:183} INFO - Processing /opt/airflow/dags/prediction_features_pipeline.py took 0.211 seconds
[2025-12-28T20:36:54.898+0000] {processor.py:161} INFO - Started process (PID=2875) to work on /opt/airflow/dags/prediction_features_pipeline.py
[2025-12-28T20:36:54.900+0000] {processor.py:830} INFO - Processing file /opt/airflow/dags/prediction_features_pipeline.py for tasks to queue
[2025-12-28T20:36:54.902+0000] {logging_mixin.py:188} INFO - [2025-12-28T20:36:54.902+0000] {dagbag.py:538} INFO - Filling up the DagBag from /opt/airflow/dags/prediction_features_pipeline.py
[2025-12-28T20:36:54.944+0000] {processor.py:840} INFO - DAG(s) 'match_features_pipeline' retrieved from /opt/airflow/dags/prediction_features_pipeline.py
[2025-12-28T20:36:55.012+0000] {logging_mixin.py:188} INFO - [2025-12-28T20:36:55.011+0000] {dag.py:3036} INFO - Sync 1 DAGs
[2025-12-28T20:36:55.059+0000] {logging_mixin.py:188} INFO - [2025-12-28T20:36:55.058+0000] {dag.py:3823} INFO - Setting next_dagrun for match_features_pipeline to 2025-12-27 00:00:00+00:00, run_after=2025-12-28 00:00:00+00:00
[2025-12-28T20:36:55.097+0000] {processor.py:183} INFO - Processing /opt/airflow/dags/prediction_features_pipeline.py took 0.206 seconds
[2025-12-28T20:37:25.769+0000] {processor.py:161} INFO - Started process (PID=2895) to work on /opt/airflow/dags/prediction_features_pipeline.py
[2025-12-28T20:37:25.771+0000] {processor.py:830} INFO - Processing file /opt/airflow/dags/prediction_features_pipeline.py for tasks to queue
[2025-12-28T20:37:25.774+0000] {logging_mixin.py:188} INFO - [2025-12-28T20:37:25.773+0000] {dagbag.py:538} INFO - Filling up the DagBag from /opt/airflow/dags/prediction_features_pipeline.py
[2025-12-28T20:37:25.822+0000] {processor.py:840} INFO - DAG(s) 'match_features_pipeline' retrieved from /opt/airflow/dags/prediction_features_pipeline.py
[2025-12-28T20:37:25.879+0000] {logging_mixin.py:188} INFO - [2025-12-28T20:37:25.879+0000] {dag.py:3036} INFO - Sync 1 DAGs
[2025-12-28T20:37:25.920+0000] {logging_mixin.py:188} INFO - [2025-12-28T20:37:25.920+0000] {dag.py:3823} INFO - Setting next_dagrun for match_features_pipeline to 2025-12-27 00:00:00+00:00, run_after=2025-12-28 00:00:00+00:00
[2025-12-28T20:37:25.984+0000] {processor.py:183} INFO - Processing /opt/airflow/dags/prediction_features_pipeline.py took 0.223 seconds
[2025-12-28T20:37:56.518+0000] {processor.py:161} INFO - Started process (PID=2915) to work on /opt/airflow/dags/prediction_features_pipeline.py
[2025-12-28T20:37:56.521+0000] {processor.py:830} INFO - Processing file /opt/airflow/dags/prediction_features_pipeline.py for tasks to queue
[2025-12-28T20:37:56.523+0000] {logging_mixin.py:188} INFO - [2025-12-28T20:37:56.523+0000] {dagbag.py:538} INFO - Filling up the DagBag from /opt/airflow/dags/prediction_features_pipeline.py
[2025-12-28T20:37:56.562+0000] {processor.py:840} INFO - DAG(s) 'match_features_pipeline' retrieved from /opt/airflow/dags/prediction_features_pipeline.py
[2025-12-28T20:37:56.606+0000] {logging_mixin.py:188} INFO - [2025-12-28T20:37:56.606+0000] {dag.py:3036} INFO - Sync 1 DAGs
[2025-12-28T20:37:56.651+0000] {logging_mixin.py:188} INFO - [2025-12-28T20:37:56.650+0000] {dag.py:3823} INFO - Setting next_dagrun for match_features_pipeline to 2025-12-27 00:00:00+00:00, run_after=2025-12-28 00:00:00+00:00
[2025-12-28T20:37:56.703+0000] {processor.py:183} INFO - Processing /opt/airflow/dags/prediction_features_pipeline.py took 0.193 seconds
[2025-12-28T20:38:27.217+0000] {processor.py:161} INFO - Started process (PID=2935) to work on /opt/airflow/dags/prediction_features_pipeline.py
[2025-12-28T20:38:27.219+0000] {processor.py:830} INFO - Processing file /opt/airflow/dags/prediction_features_pipeline.py for tasks to queue
[2025-12-28T20:38:27.222+0000] {logging_mixin.py:188} INFO - [2025-12-28T20:38:27.221+0000] {dagbag.py:538} INFO - Filling up the DagBag from /opt/airflow/dags/prediction_features_pipeline.py
[2025-12-28T20:38:27.267+0000] {processor.py:840} INFO - DAG(s) 'match_features_pipeline' retrieved from /opt/airflow/dags/prediction_features_pipeline.py
[2025-12-28T20:38:27.313+0000] {logging_mixin.py:188} INFO - [2025-12-28T20:38:27.312+0000] {dag.py:3036} INFO - Sync 1 DAGs
[2025-12-28T20:38:27.366+0000] {logging_mixin.py:188} INFO - [2025-12-28T20:38:27.365+0000] {dag.py:3823} INFO - Setting next_dagrun for match_features_pipeline to 2025-12-27 00:00:00+00:00, run_after=2025-12-28 00:00:00+00:00
[2025-12-28T20:38:27.420+0000] {processor.py:183} INFO - Processing /opt/airflow/dags/prediction_features_pipeline.py took 0.209 seconds
[2025-12-28T20:38:58.111+0000] {processor.py:161} INFO - Started process (PID=2955) to work on /opt/airflow/dags/prediction_features_pipeline.py
[2025-12-28T20:38:58.114+0000] {processor.py:830} INFO - Processing file /opt/airflow/dags/prediction_features_pipeline.py for tasks to queue
[2025-12-28T20:38:58.116+0000] {logging_mixin.py:188} INFO - [2025-12-28T20:38:58.115+0000] {dagbag.py:538} INFO - Filling up the DagBag from /opt/airflow/dags/prediction_features_pipeline.py
[2025-12-28T20:38:58.160+0000] {processor.py:840} INFO - DAG(s) 'match_features_pipeline' retrieved from /opt/airflow/dags/prediction_features_pipeline.py
[2025-12-28T20:38:58.202+0000] {logging_mixin.py:188} INFO - [2025-12-28T20:38:58.201+0000] {dag.py:3036} INFO - Sync 1 DAGs
[2025-12-28T20:38:58.243+0000] {logging_mixin.py:188} INFO - [2025-12-28T20:38:58.243+0000] {dag.py:3823} INFO - Setting next_dagrun for match_features_pipeline to 2025-12-27 00:00:00+00:00, run_after=2025-12-28 00:00:00+00:00
[2025-12-28T20:38:58.309+0000] {processor.py:183} INFO - Processing /opt/airflow/dags/prediction_features_pipeline.py took 0.205 seconds
[2025-12-28T20:39:28.914+0000] {processor.py:161} INFO - Started process (PID=2975) to work on /opt/airflow/dags/prediction_features_pipeline.py
[2025-12-28T20:39:28.917+0000] {processor.py:830} INFO - Processing file /opt/airflow/dags/prediction_features_pipeline.py for tasks to queue
[2025-12-28T20:39:28.919+0000] {logging_mixin.py:188} INFO - [2025-12-28T20:39:28.918+0000] {dagbag.py:538} INFO - Filling up the DagBag from /opt/airflow/dags/prediction_features_pipeline.py
[2025-12-28T20:39:28.974+0000] {processor.py:840} INFO - DAG(s) 'match_features_pipeline' retrieved from /opt/airflow/dags/prediction_features_pipeline.py
[2025-12-28T20:39:29.033+0000] {logging_mixin.py:188} INFO - [2025-12-28T20:39:29.032+0000] {dag.py:3036} INFO - Sync 1 DAGs
[2025-12-28T20:39:29.087+0000] {logging_mixin.py:188} INFO - [2025-12-28T20:39:29.086+0000] {dag.py:3823} INFO - Setting next_dagrun for match_features_pipeline to 2025-12-27 00:00:00+00:00, run_after=2025-12-28 00:00:00+00:00
[2025-12-28T20:39:29.140+0000] {processor.py:183} INFO - Processing /opt/airflow/dags/prediction_features_pipeline.py took 0.233 seconds
[2025-12-28T20:39:59.688+0000] {processor.py:161} INFO - Started process (PID=2995) to work on /opt/airflow/dags/prediction_features_pipeline.py
[2025-12-28T20:39:59.690+0000] {processor.py:830} INFO - Processing file /opt/airflow/dags/prediction_features_pipeline.py for tasks to queue
[2025-12-28T20:39:59.692+0000] {logging_mixin.py:188} INFO - [2025-12-28T20:39:59.691+0000] {dagbag.py:538} INFO - Filling up the DagBag from /opt/airflow/dags/prediction_features_pipeline.py
[2025-12-28T20:39:59.732+0000] {processor.py:840} INFO - DAG(s) 'match_features_pipeline' retrieved from /opt/airflow/dags/prediction_features_pipeline.py
[2025-12-28T20:39:59.776+0000] {logging_mixin.py:188} INFO - [2025-12-28T20:39:59.775+0000] {dag.py:3036} INFO - Sync 1 DAGs
[2025-12-28T20:39:59.819+0000] {logging_mixin.py:188} INFO - [2025-12-28T20:39:59.819+0000] {dag.py:3823} INFO - Setting next_dagrun for match_features_pipeline to 2025-12-27 00:00:00+00:00, run_after=2025-12-28 00:00:00+00:00
[2025-12-28T20:39:59.854+0000] {processor.py:183} INFO - Processing /opt/airflow/dags/prediction_features_pipeline.py took 0.173 seconds
[2025-12-28T20:40:30.515+0000] {processor.py:161} INFO - Started process (PID=3015) to work on /opt/airflow/dags/prediction_features_pipeline.py
[2025-12-28T20:40:30.519+0000] {processor.py:830} INFO - Processing file /opt/airflow/dags/prediction_features_pipeline.py for tasks to queue
[2025-12-28T20:40:30.523+0000] {logging_mixin.py:188} INFO - [2025-12-28T20:40:30.522+0000] {dagbag.py:538} INFO - Filling up the DagBag from /opt/airflow/dags/prediction_features_pipeline.py
[2025-12-28T20:40:30.570+0000] {processor.py:840} INFO - DAG(s) 'match_features_pipeline' retrieved from /opt/airflow/dags/prediction_features_pipeline.py
[2025-12-28T20:40:30.627+0000] {logging_mixin.py:188} INFO - [2025-12-28T20:40:30.626+0000] {dag.py:3036} INFO - Sync 1 DAGs
[2025-12-28T20:40:30.675+0000] {logging_mixin.py:188} INFO - [2025-12-28T20:40:30.675+0000] {dag.py:3823} INFO - Setting next_dagrun for match_features_pipeline to 2025-12-27 00:00:00+00:00, run_after=2025-12-28 00:00:00+00:00
[2025-12-28T20:40:30.719+0000] {processor.py:183} INFO - Processing /opt/airflow/dags/prediction_features_pipeline.py took 0.210 seconds
[2025-12-28T20:41:01.326+0000] {processor.py:161} INFO - Started process (PID=3035) to work on /opt/airflow/dags/prediction_features_pipeline.py
[2025-12-28T20:41:01.328+0000] {processor.py:830} INFO - Processing file /opt/airflow/dags/prediction_features_pipeline.py for tasks to queue
[2025-12-28T20:41:01.330+0000] {logging_mixin.py:188} INFO - [2025-12-28T20:41:01.330+0000] {dagbag.py:538} INFO - Filling up the DagBag from /opt/airflow/dags/prediction_features_pipeline.py
[2025-12-28T20:41:01.380+0000] {processor.py:840} INFO - DAG(s) 'match_features_pipeline' retrieved from /opt/airflow/dags/prediction_features_pipeline.py
[2025-12-28T20:41:01.429+0000] {logging_mixin.py:188} INFO - [2025-12-28T20:41:01.428+0000] {dag.py:3036} INFO - Sync 1 DAGs
[2025-12-28T20:41:01.477+0000] {logging_mixin.py:188} INFO - [2025-12-28T20:41:01.477+0000] {dag.py:3823} INFO - Setting next_dagrun for match_features_pipeline to 2025-12-27 00:00:00+00:00, run_after=2025-12-28 00:00:00+00:00
[2025-12-28T20:41:01.549+0000] {processor.py:183} INFO - Processing /opt/airflow/dags/prediction_features_pipeline.py took 0.230 seconds
[2025-12-28T20:41:32.125+0000] {processor.py:161} INFO - Started process (PID=3055) to work on /opt/airflow/dags/prediction_features_pipeline.py
[2025-12-28T20:41:32.127+0000] {processor.py:830} INFO - Processing file /opt/airflow/dags/prediction_features_pipeline.py for tasks to queue
[2025-12-28T20:41:32.129+0000] {logging_mixin.py:188} INFO - [2025-12-28T20:41:32.128+0000] {dagbag.py:538} INFO - Filling up the DagBag from /opt/airflow/dags/prediction_features_pipeline.py
[2025-12-28T20:41:32.199+0000] {processor.py:840} INFO - DAG(s) 'match_features_pipeline' retrieved from /opt/airflow/dags/prediction_features_pipeline.py
[2025-12-28T20:41:32.256+0000] {logging_mixin.py:188} INFO - [2025-12-28T20:41:32.256+0000] {dag.py:3036} INFO - Sync 1 DAGs
[2025-12-28T20:41:32.308+0000] {logging_mixin.py:188} INFO - [2025-12-28T20:41:32.308+0000] {dag.py:3823} INFO - Setting next_dagrun for match_features_pipeline to 2025-12-27 00:00:00+00:00, run_after=2025-12-28 00:00:00+00:00
[2025-12-28T20:41:32.353+0000] {processor.py:183} INFO - Processing /opt/airflow/dags/prediction_features_pipeline.py took 0.237 seconds
[2025-12-28T20:42:02.956+0000] {processor.py:161} INFO - Started process (PID=3075) to work on /opt/airflow/dags/prediction_features_pipeline.py
[2025-12-28T20:42:02.959+0000] {processor.py:830} INFO - Processing file /opt/airflow/dags/prediction_features_pipeline.py for tasks to queue
[2025-12-28T20:42:02.961+0000] {logging_mixin.py:188} INFO - [2025-12-28T20:42:02.960+0000] {dagbag.py:538} INFO - Filling up the DagBag from /opt/airflow/dags/prediction_features_pipeline.py
[2025-12-28T20:42:03.007+0000] {processor.py:840} INFO - DAG(s) 'match_features_pipeline' retrieved from /opt/airflow/dags/prediction_features_pipeline.py
[2025-12-28T20:42:03.059+0000] {logging_mixin.py:188} INFO - [2025-12-28T20:42:03.059+0000] {dag.py:3036} INFO - Sync 1 DAGs
[2025-12-28T20:42:03.107+0000] {logging_mixin.py:188} INFO - [2025-12-28T20:42:03.107+0000] {dag.py:3823} INFO - Setting next_dagrun for match_features_pipeline to 2025-12-27 00:00:00+00:00, run_after=2025-12-28 00:00:00+00:00
[2025-12-28T20:42:03.153+0000] {processor.py:183} INFO - Processing /opt/airflow/dags/prediction_features_pipeline.py took 0.206 seconds
[2025-12-28T20:42:33.827+0000] {processor.py:161} INFO - Started process (PID=3095) to work on /opt/airflow/dags/prediction_features_pipeline.py
[2025-12-28T20:42:33.830+0000] {processor.py:830} INFO - Processing file /opt/airflow/dags/prediction_features_pipeline.py for tasks to queue
[2025-12-28T20:42:33.832+0000] {logging_mixin.py:188} INFO - [2025-12-28T20:42:33.831+0000] {dagbag.py:538} INFO - Filling up the DagBag from /opt/airflow/dags/prediction_features_pipeline.py
[2025-12-28T20:42:33.892+0000] {processor.py:840} INFO - DAG(s) 'match_features_pipeline' retrieved from /opt/airflow/dags/prediction_features_pipeline.py
[2025-12-28T20:42:33.952+0000] {logging_mixin.py:188} INFO - [2025-12-28T20:42:33.951+0000] {dag.py:3036} INFO - Sync 1 DAGs
[2025-12-28T20:42:34.028+0000] {logging_mixin.py:188} INFO - [2025-12-28T20:42:34.027+0000] {dag.py:3823} INFO - Setting next_dagrun for match_features_pipeline to 2025-12-27 00:00:00+00:00, run_after=2025-12-28 00:00:00+00:00
[2025-12-28T20:42:34.089+0000] {processor.py:183} INFO - Processing /opt/airflow/dags/prediction_features_pipeline.py took 0.270 seconds
[2025-12-28T20:43:04.620+0000] {processor.py:161} INFO - Started process (PID=3115) to work on /opt/airflow/dags/prediction_features_pipeline.py
[2025-12-28T20:43:04.623+0000] {processor.py:830} INFO - Processing file /opt/airflow/dags/prediction_features_pipeline.py for tasks to queue
[2025-12-28T20:43:04.625+0000] {logging_mixin.py:188} INFO - [2025-12-28T20:43:04.625+0000] {dagbag.py:538} INFO - Filling up the DagBag from /opt/airflow/dags/prediction_features_pipeline.py
[2025-12-28T20:43:04.669+0000] {processor.py:840} INFO - DAG(s) 'match_features_pipeline' retrieved from /opt/airflow/dags/prediction_features_pipeline.py
[2025-12-28T20:43:04.729+0000] {logging_mixin.py:188} INFO - [2025-12-28T20:43:04.729+0000] {dag.py:3036} INFO - Sync 1 DAGs
[2025-12-28T20:43:04.780+0000] {logging_mixin.py:188} INFO - [2025-12-28T20:43:04.780+0000] {dag.py:3823} INFO - Setting next_dagrun for match_features_pipeline to 2025-12-27 00:00:00+00:00, run_after=2025-12-28 00:00:00+00:00
[2025-12-28T20:43:04.839+0000] {processor.py:183} INFO - Processing /opt/airflow/dags/prediction_features_pipeline.py took 0.225 seconds
[2025-12-28T20:43:35.366+0000] {processor.py:161} INFO - Started process (PID=3135) to work on /opt/airflow/dags/prediction_features_pipeline.py
[2025-12-28T20:43:35.368+0000] {processor.py:830} INFO - Processing file /opt/airflow/dags/prediction_features_pipeline.py for tasks to queue
[2025-12-28T20:43:35.371+0000] {logging_mixin.py:188} INFO - [2025-12-28T20:43:35.370+0000] {dagbag.py:538} INFO - Filling up the DagBag from /opt/airflow/dags/prediction_features_pipeline.py
[2025-12-28T20:43:35.420+0000] {processor.py:840} INFO - DAG(s) 'match_features_pipeline' retrieved from /opt/airflow/dags/prediction_features_pipeline.py
[2025-12-28T20:43:35.472+0000] {logging_mixin.py:188} INFO - [2025-12-28T20:43:35.472+0000] {dag.py:3036} INFO - Sync 1 DAGs
[2025-12-28T20:43:35.525+0000] {logging_mixin.py:188} INFO - [2025-12-28T20:43:35.525+0000] {dag.py:3823} INFO - Setting next_dagrun for match_features_pipeline to 2025-12-27 00:00:00+00:00, run_after=2025-12-28 00:00:00+00:00
[2025-12-28T20:43:35.594+0000] {processor.py:183} INFO - Processing /opt/airflow/dags/prediction_features_pipeline.py took 0.235 seconds
[2025-12-28T20:44:06.036+0000] {processor.py:161} INFO - Started process (PID=3155) to work on /opt/airflow/dags/prediction_features_pipeline.py
[2025-12-28T20:44:06.039+0000] {processor.py:830} INFO - Processing file /opt/airflow/dags/prediction_features_pipeline.py for tasks to queue
[2025-12-28T20:44:06.041+0000] {logging_mixin.py:188} INFO - [2025-12-28T20:44:06.040+0000] {dagbag.py:538} INFO - Filling up the DagBag from /opt/airflow/dags/prediction_features_pipeline.py
[2025-12-28T20:44:06.102+0000] {processor.py:840} INFO - DAG(s) 'match_features_pipeline' retrieved from /opt/airflow/dags/prediction_features_pipeline.py
[2025-12-28T20:44:06.166+0000] {logging_mixin.py:188} INFO - [2025-12-28T20:44:06.165+0000] {dag.py:3036} INFO - Sync 1 DAGs
[2025-12-28T20:44:06.216+0000] {logging_mixin.py:188} INFO - [2025-12-28T20:44:06.216+0000] {dag.py:3823} INFO - Setting next_dagrun for match_features_pipeline to 2025-12-27 00:00:00+00:00, run_after=2025-12-28 00:00:00+00:00
[2025-12-28T20:44:06.255+0000] {processor.py:183} INFO - Processing /opt/airflow/dags/prediction_features_pipeline.py took 0.226 seconds
[2025-12-28T20:44:36.988+0000] {processor.py:161} INFO - Started process (PID=3175) to work on /opt/airflow/dags/prediction_features_pipeline.py
[2025-12-28T20:44:36.991+0000] {processor.py:830} INFO - Processing file /opt/airflow/dags/prediction_features_pipeline.py for tasks to queue
[2025-12-28T20:44:36.993+0000] {logging_mixin.py:188} INFO - [2025-12-28T20:44:36.992+0000] {dagbag.py:538} INFO - Filling up the DagBag from /opt/airflow/dags/prediction_features_pipeline.py
[2025-12-28T20:44:37.034+0000] {processor.py:840} INFO - DAG(s) 'match_features_pipeline' retrieved from /opt/airflow/dags/prediction_features_pipeline.py
[2025-12-28T20:44:37.078+0000] {logging_mixin.py:188} INFO - [2025-12-28T20:44:37.078+0000] {dag.py:3036} INFO - Sync 1 DAGs
[2025-12-28T20:44:37.127+0000] {logging_mixin.py:188} INFO - [2025-12-28T20:44:37.126+0000] {dag.py:3823} INFO - Setting next_dagrun for match_features_pipeline to 2025-12-27 00:00:00+00:00, run_after=2025-12-28 00:00:00+00:00
[2025-12-28T20:44:37.189+0000] {processor.py:183} INFO - Processing /opt/airflow/dags/prediction_features_pipeline.py took 0.209 seconds
[2025-12-28T20:45:07.878+0000] {processor.py:161} INFO - Started process (PID=3195) to work on /opt/airflow/dags/prediction_features_pipeline.py
[2025-12-28T20:45:07.881+0000] {processor.py:830} INFO - Processing file /opt/airflow/dags/prediction_features_pipeline.py for tasks to queue
[2025-12-28T20:45:07.883+0000] {logging_mixin.py:188} INFO - [2025-12-28T20:45:07.882+0000] {dagbag.py:538} INFO - Filling up the DagBag from /opt/airflow/dags/prediction_features_pipeline.py
[2025-12-28T20:45:07.943+0000] {processor.py:840} INFO - DAG(s) 'match_features_pipeline' retrieved from /opt/airflow/dags/prediction_features_pipeline.py
[2025-12-28T20:45:07.998+0000] {logging_mixin.py:188} INFO - [2025-12-28T20:45:07.998+0000] {dag.py:3036} INFO - Sync 1 DAGs
[2025-12-28T20:45:08.049+0000] {logging_mixin.py:188} INFO - [2025-12-28T20:45:08.048+0000] {dag.py:3823} INFO - Setting next_dagrun for match_features_pipeline to 2025-12-27 00:00:00+00:00, run_after=2025-12-28 00:00:00+00:00
[2025-12-28T20:45:08.088+0000] {processor.py:183} INFO - Processing /opt/airflow/dags/prediction_features_pipeline.py took 0.220 seconds
[2025-12-28T20:45:38.645+0000] {processor.py:161} INFO - Started process (PID=3215) to work on /opt/airflow/dags/prediction_features_pipeline.py
[2025-12-28T20:45:38.647+0000] {processor.py:830} INFO - Processing file /opt/airflow/dags/prediction_features_pipeline.py for tasks to queue
[2025-12-28T20:45:38.649+0000] {logging_mixin.py:188} INFO - [2025-12-28T20:45:38.648+0000] {dagbag.py:538} INFO - Filling up the DagBag from /opt/airflow/dags/prediction_features_pipeline.py
[2025-12-28T20:45:38.696+0000] {processor.py:840} INFO - DAG(s) 'match_features_pipeline' retrieved from /opt/airflow/dags/prediction_features_pipeline.py
[2025-12-28T20:45:38.740+0000] {logging_mixin.py:188} INFO - [2025-12-28T20:45:38.740+0000] {dag.py:3036} INFO - Sync 1 DAGs
[2025-12-28T20:45:38.784+0000] {logging_mixin.py:188} INFO - [2025-12-28T20:45:38.784+0000] {dag.py:3823} INFO - Setting next_dagrun for match_features_pipeline to 2025-12-27 00:00:00+00:00, run_after=2025-12-28 00:00:00+00:00
[2025-12-28T20:45:38.860+0000] {processor.py:183} INFO - Processing /opt/airflow/dags/prediction_features_pipeline.py took 0.220 seconds
[2025-12-28T20:46:09.365+0000] {processor.py:161} INFO - Started process (PID=3235) to work on /opt/airflow/dags/prediction_features_pipeline.py
[2025-12-28T20:46:09.367+0000] {processor.py:830} INFO - Processing file /opt/airflow/dags/prediction_features_pipeline.py for tasks to queue
[2025-12-28T20:46:09.371+0000] {logging_mixin.py:188} INFO - [2025-12-28T20:46:09.370+0000] {dagbag.py:538} INFO - Filling up the DagBag from /opt/airflow/dags/prediction_features_pipeline.py
[2025-12-28T20:46:09.426+0000] {processor.py:840} INFO - DAG(s) 'match_features_pipeline' retrieved from /opt/airflow/dags/prediction_features_pipeline.py
[2025-12-28T20:46:09.480+0000] {logging_mixin.py:188} INFO - [2025-12-28T20:46:09.479+0000] {dag.py:3036} INFO - Sync 1 DAGs
[2025-12-28T20:46:09.528+0000] {logging_mixin.py:188} INFO - [2025-12-28T20:46:09.528+0000] {dag.py:3823} INFO - Setting next_dagrun for match_features_pipeline to 2025-12-27 00:00:00+00:00, run_after=2025-12-28 00:00:00+00:00
[2025-12-28T20:46:09.569+0000] {processor.py:183} INFO - Processing /opt/airflow/dags/prediction_features_pipeline.py took 0.212 seconds
[2025-12-28T20:46:40.167+0000] {processor.py:161} INFO - Started process (PID=3255) to work on /opt/airflow/dags/prediction_features_pipeline.py
[2025-12-28T20:46:40.172+0000] {processor.py:830} INFO - Processing file /opt/airflow/dags/prediction_features_pipeline.py for tasks to queue
[2025-12-28T20:46:40.176+0000] {logging_mixin.py:188} INFO - [2025-12-28T20:46:40.175+0000] {dagbag.py:538} INFO - Filling up the DagBag from /opt/airflow/dags/prediction_features_pipeline.py
[2025-12-28T20:46:40.217+0000] {processor.py:840} INFO - DAG(s) 'match_features_pipeline' retrieved from /opt/airflow/dags/prediction_features_pipeline.py
[2025-12-28T20:46:40.263+0000] {logging_mixin.py:188} INFO - [2025-12-28T20:46:40.263+0000] {dag.py:3036} INFO - Sync 1 DAGs
[2025-12-28T20:46:40.312+0000] {logging_mixin.py:188} INFO - [2025-12-28T20:46:40.312+0000] {dag.py:3823} INFO - Setting next_dagrun for match_features_pipeline to 2025-12-27 00:00:00+00:00, run_after=2025-12-28 00:00:00+00:00
[2025-12-28T20:46:40.355+0000] {processor.py:183} INFO - Processing /opt/airflow/dags/prediction_features_pipeline.py took 0.197 seconds
[2025-12-28T20:47:10.976+0000] {processor.py:161} INFO - Started process (PID=3275) to work on /opt/airflow/dags/prediction_features_pipeline.py
[2025-12-28T20:47:10.979+0000] {processor.py:830} INFO - Processing file /opt/airflow/dags/prediction_features_pipeline.py for tasks to queue
[2025-12-28T20:47:10.981+0000] {logging_mixin.py:188} INFO - [2025-12-28T20:47:10.981+0000] {dagbag.py:538} INFO - Filling up the DagBag from /opt/airflow/dags/prediction_features_pipeline.py
[2025-12-28T20:47:11.030+0000] {processor.py:840} INFO - DAG(s) 'match_features_pipeline' retrieved from /opt/airflow/dags/prediction_features_pipeline.py
[2025-12-28T20:47:11.081+0000] {logging_mixin.py:188} INFO - [2025-12-28T20:47:11.081+0000] {dag.py:3036} INFO - Sync 1 DAGs
[2025-12-28T20:47:11.147+0000] {logging_mixin.py:188} INFO - [2025-12-28T20:47:11.146+0000] {dag.py:3823} INFO - Setting next_dagrun for match_features_pipeline to 2025-12-27 00:00:00+00:00, run_after=2025-12-28 00:00:00+00:00
[2025-12-28T20:47:11.194+0000] {processor.py:183} INFO - Processing /opt/airflow/dags/prediction_features_pipeline.py took 0.228 seconds
[2025-12-28T20:47:41.946+0000] {processor.py:161} INFO - Started process (PID=3295) to work on /opt/airflow/dags/prediction_features_pipeline.py
[2025-12-28T20:47:41.948+0000] {processor.py:830} INFO - Processing file /opt/airflow/dags/prediction_features_pipeline.py for tasks to queue
[2025-12-28T20:47:41.950+0000] {logging_mixin.py:188} INFO - [2025-12-28T20:47:41.949+0000] {dagbag.py:538} INFO - Filling up the DagBag from /opt/airflow/dags/prediction_features_pipeline.py
[2025-12-28T20:47:41.992+0000] {processor.py:840} INFO - DAG(s) 'match_features_pipeline' retrieved from /opt/airflow/dags/prediction_features_pipeline.py
[2025-12-28T20:47:42.038+0000] {logging_mixin.py:188} INFO - [2025-12-28T20:47:42.038+0000] {dag.py:3036} INFO - Sync 1 DAGs
[2025-12-28T20:47:42.090+0000] {logging_mixin.py:188} INFO - [2025-12-28T20:47:42.090+0000] {dag.py:3823} INFO - Setting next_dagrun for match_features_pipeline to 2025-12-27 00:00:00+00:00, run_after=2025-12-28 00:00:00+00:00
[2025-12-28T20:47:42.152+0000] {processor.py:183} INFO - Processing /opt/airflow/dags/prediction_features_pipeline.py took 0.211 seconds
[2025-12-28T20:48:12.728+0000] {processor.py:161} INFO - Started process (PID=3315) to work on /opt/airflow/dags/prediction_features_pipeline.py
[2025-12-28T20:48:12.730+0000] {processor.py:830} INFO - Processing file /opt/airflow/dags/prediction_features_pipeline.py for tasks to queue
[2025-12-28T20:48:12.732+0000] {logging_mixin.py:188} INFO - [2025-12-28T20:48:12.731+0000] {dagbag.py:538} INFO - Filling up the DagBag from /opt/airflow/dags/prediction_features_pipeline.py
[2025-12-28T20:48:12.788+0000] {processor.py:840} INFO - DAG(s) 'match_features_pipeline' retrieved from /opt/airflow/dags/prediction_features_pipeline.py
[2025-12-28T20:48:12.853+0000] {logging_mixin.py:188} INFO - [2025-12-28T20:48:12.853+0000] {dag.py:3036} INFO - Sync 1 DAGs
[2025-12-28T20:48:12.900+0000] {logging_mixin.py:188} INFO - [2025-12-28T20:48:12.900+0000] {dag.py:3823} INFO - Setting next_dagrun for match_features_pipeline to 2025-12-27 00:00:00+00:00, run_after=2025-12-28 00:00:00+00:00
[2025-12-28T20:48:12.947+0000] {processor.py:183} INFO - Processing /opt/airflow/dags/prediction_features_pipeline.py took 0.228 seconds
[2025-12-28T20:48:43.621+0000] {processor.py:161} INFO - Started process (PID=3335) to work on /opt/airflow/dags/prediction_features_pipeline.py
[2025-12-28T20:48:43.623+0000] {processor.py:830} INFO - Processing file /opt/airflow/dags/prediction_features_pipeline.py for tasks to queue
[2025-12-28T20:48:43.625+0000] {logging_mixin.py:188} INFO - [2025-12-28T20:48:43.625+0000] {dagbag.py:538} INFO - Filling up the DagBag from /opt/airflow/dags/prediction_features_pipeline.py
[2025-12-28T20:48:43.664+0000] {processor.py:840} INFO - DAG(s) 'match_features_pipeline' retrieved from /opt/airflow/dags/prediction_features_pipeline.py
[2025-12-28T20:48:43.707+0000] {logging_mixin.py:188} INFO - [2025-12-28T20:48:43.707+0000] {dag.py:3036} INFO - Sync 1 DAGs
[2025-12-28T20:48:43.759+0000] {logging_mixin.py:188} INFO - [2025-12-28T20:48:43.759+0000] {dag.py:3823} INFO - Setting next_dagrun for match_features_pipeline to 2025-12-27 00:00:00+00:00, run_after=2025-12-28 00:00:00+00:00
[2025-12-28T20:48:43.817+0000] {processor.py:183} INFO - Processing /opt/airflow/dags/prediction_features_pipeline.py took 0.201 seconds
[2025-12-28T20:49:14.381+0000] {processor.py:161} INFO - Started process (PID=3355) to work on /opt/airflow/dags/prediction_features_pipeline.py
[2025-12-28T20:49:14.383+0000] {processor.py:830} INFO - Processing file /opt/airflow/dags/prediction_features_pipeline.py for tasks to queue
[2025-12-28T20:49:14.385+0000] {logging_mixin.py:188} INFO - [2025-12-28T20:49:14.384+0000] {dagbag.py:538} INFO - Filling up the DagBag from /opt/airflow/dags/prediction_features_pipeline.py
[2025-12-28T20:49:14.424+0000] {processor.py:840} INFO - DAG(s) 'match_features_pipeline' retrieved from /opt/airflow/dags/prediction_features_pipeline.py
[2025-12-28T20:49:14.472+0000] {logging_mixin.py:188} INFO - [2025-12-28T20:49:14.472+0000] {dag.py:3036} INFO - Sync 1 DAGs
[2025-12-28T20:49:14.517+0000] {logging_mixin.py:188} INFO - [2025-12-28T20:49:14.517+0000] {dag.py:3823} INFO - Setting next_dagrun for match_features_pipeline to 2025-12-27 00:00:00+00:00, run_after=2025-12-28 00:00:00+00:00
[2025-12-28T20:49:14.558+0000] {processor.py:183} INFO - Processing /opt/airflow/dags/prediction_features_pipeline.py took 0.183 seconds
[2025-12-28T20:49:45.149+0000] {processor.py:161} INFO - Started process (PID=3375) to work on /opt/airflow/dags/prediction_features_pipeline.py
[2025-12-28T20:49:45.151+0000] {processor.py:830} INFO - Processing file /opt/airflow/dags/prediction_features_pipeline.py for tasks to queue
[2025-12-28T20:49:45.153+0000] {logging_mixin.py:188} INFO - [2025-12-28T20:49:45.152+0000] {dagbag.py:538} INFO - Filling up the DagBag from /opt/airflow/dags/prediction_features_pipeline.py
[2025-12-28T20:49:45.195+0000] {processor.py:840} INFO - DAG(s) 'match_features_pipeline' retrieved from /opt/airflow/dags/prediction_features_pipeline.py
[2025-12-28T20:49:45.243+0000] {logging_mixin.py:188} INFO - [2025-12-28T20:49:45.243+0000] {dag.py:3036} INFO - Sync 1 DAGs
[2025-12-28T20:49:45.284+0000] {logging_mixin.py:188} INFO - [2025-12-28T20:49:45.284+0000] {dag.py:3823} INFO - Setting next_dagrun for match_features_pipeline to 2025-12-27 00:00:00+00:00, run_after=2025-12-28 00:00:00+00:00
[2025-12-28T20:49:45.339+0000] {processor.py:183} INFO - Processing /opt/airflow/dags/prediction_features_pipeline.py took 0.196 seconds
[2025-12-28T20:50:15.951+0000] {processor.py:161} INFO - Started process (PID=3395) to work on /opt/airflow/dags/prediction_features_pipeline.py
[2025-12-28T20:50:15.954+0000] {processor.py:830} INFO - Processing file /opt/airflow/dags/prediction_features_pipeline.py for tasks to queue
[2025-12-28T20:50:15.956+0000] {logging_mixin.py:188} INFO - [2025-12-28T20:50:15.956+0000] {dagbag.py:538} INFO - Filling up the DagBag from /opt/airflow/dags/prediction_features_pipeline.py
[2025-12-28T20:50:16.007+0000] {processor.py:840} INFO - DAG(s) 'match_features_pipeline' retrieved from /opt/airflow/dags/prediction_features_pipeline.py
[2025-12-28T20:50:16.072+0000] {logging_mixin.py:188} INFO - [2025-12-28T20:50:16.072+0000] {dag.py:3036} INFO - Sync 1 DAGs
[2025-12-28T20:50:16.118+0000] {logging_mixin.py:188} INFO - [2025-12-28T20:50:16.118+0000] {dag.py:3823} INFO - Setting next_dagrun for match_features_pipeline to 2025-12-27 00:00:00+00:00, run_after=2025-12-28 00:00:00+00:00
[2025-12-28T20:50:16.156+0000] {processor.py:183} INFO - Processing /opt/airflow/dags/prediction_features_pipeline.py took 0.212 seconds
[2025-12-28T20:50:46.720+0000] {processor.py:161} INFO - Started process (PID=3415) to work on /opt/airflow/dags/prediction_features_pipeline.py
[2025-12-28T20:50:46.722+0000] {processor.py:830} INFO - Processing file /opt/airflow/dags/prediction_features_pipeline.py for tasks to queue
[2025-12-28T20:50:46.724+0000] {logging_mixin.py:188} INFO - [2025-12-28T20:50:46.724+0000] {dagbag.py:538} INFO - Filling up the DagBag from /opt/airflow/dags/prediction_features_pipeline.py
[2025-12-28T20:50:46.769+0000] {processor.py:840} INFO - DAG(s) 'match_features_pipeline' retrieved from /opt/airflow/dags/prediction_features_pipeline.py
[2025-12-28T20:50:46.813+0000] {logging_mixin.py:188} INFO - [2025-12-28T20:50:46.812+0000] {dag.py:3036} INFO - Sync 1 DAGs
[2025-12-28T20:50:46.857+0000] {logging_mixin.py:188} INFO - [2025-12-28T20:50:46.857+0000] {dag.py:3823} INFO - Setting next_dagrun for match_features_pipeline to 2025-12-27 00:00:00+00:00, run_after=2025-12-28 00:00:00+00:00
[2025-12-28T20:50:46.896+0000] {processor.py:183} INFO - Processing /opt/airflow/dags/prediction_features_pipeline.py took 0.181 seconds
[2025-12-28T20:51:17.649+0000] {processor.py:161} INFO - Started process (PID=3435) to work on /opt/airflow/dags/prediction_features_pipeline.py
[2025-12-28T20:51:17.652+0000] {processor.py:830} INFO - Processing file /opt/airflow/dags/prediction_features_pipeline.py for tasks to queue
[2025-12-28T20:51:17.653+0000] {logging_mixin.py:188} INFO - [2025-12-28T20:51:17.653+0000] {dagbag.py:538} INFO - Filling up the DagBag from /opt/airflow/dags/prediction_features_pipeline.py
[2025-12-28T20:51:17.702+0000] {processor.py:840} INFO - DAG(s) 'match_features_pipeline' retrieved from /opt/airflow/dags/prediction_features_pipeline.py
[2025-12-28T20:51:17.754+0000] {logging_mixin.py:188} INFO - [2025-12-28T20:51:17.753+0000] {dag.py:3036} INFO - Sync 1 DAGs
[2025-12-28T20:51:17.802+0000] {logging_mixin.py:188} INFO - [2025-12-28T20:51:17.802+0000] {dag.py:3823} INFO - Setting next_dagrun for match_features_pipeline to 2025-12-27 00:00:00+00:00, run_after=2025-12-28 00:00:00+00:00
[2025-12-28T20:51:17.841+0000] {processor.py:183} INFO - Processing /opt/airflow/dags/prediction_features_pipeline.py took 0.198 seconds
[2025-12-28T20:51:48.449+0000] {processor.py:161} INFO - Started process (PID=3455) to work on /opt/airflow/dags/prediction_features_pipeline.py
[2025-12-28T20:51:48.452+0000] {processor.py:830} INFO - Processing file /opt/airflow/dags/prediction_features_pipeline.py for tasks to queue
[2025-12-28T20:51:48.454+0000] {logging_mixin.py:188} INFO - [2025-12-28T20:51:48.453+0000] {dagbag.py:538} INFO - Filling up the DagBag from /opt/airflow/dags/prediction_features_pipeline.py
[2025-12-28T20:51:48.498+0000] {processor.py:840} INFO - DAG(s) 'match_features_pipeline' retrieved from /opt/airflow/dags/prediction_features_pipeline.py
[2025-12-28T20:51:48.542+0000] {logging_mixin.py:188} INFO - [2025-12-28T20:51:48.541+0000] {dag.py:3036} INFO - Sync 1 DAGs
[2025-12-28T20:51:48.590+0000] {logging_mixin.py:188} INFO - [2025-12-28T20:51:48.589+0000] {dag.py:3823} INFO - Setting next_dagrun for match_features_pipeline to 2025-12-27 00:00:00+00:00, run_after=2025-12-28 00:00:00+00:00
[2025-12-28T20:51:48.623+0000] {processor.py:183} INFO - Processing /opt/airflow/dags/prediction_features_pipeline.py took 0.180 seconds
[2025-12-28T20:52:19.354+0000] {processor.py:161} INFO - Started process (PID=3475) to work on /opt/airflow/dags/prediction_features_pipeline.py
[2025-12-28T20:52:19.357+0000] {processor.py:830} INFO - Processing file /opt/airflow/dags/prediction_features_pipeline.py for tasks to queue
[2025-12-28T20:52:19.361+0000] {logging_mixin.py:188} INFO - [2025-12-28T20:52:19.360+0000] {dagbag.py:538} INFO - Filling up the DagBag from /opt/airflow/dags/prediction_features_pipeline.py
[2025-12-28T20:52:19.435+0000] {processor.py:840} INFO - DAG(s) 'match_features_pipeline' retrieved from /opt/airflow/dags/prediction_features_pipeline.py
[2025-12-28T20:52:19.487+0000] {logging_mixin.py:188} INFO - [2025-12-28T20:52:19.487+0000] {dag.py:3036} INFO - Sync 1 DAGs
[2025-12-28T20:52:19.539+0000] {logging_mixin.py:188} INFO - [2025-12-28T20:52:19.539+0000] {dag.py:3823} INFO - Setting next_dagrun for match_features_pipeline to 2025-12-27 00:00:00+00:00, run_after=2025-12-28 00:00:00+00:00
[2025-12-28T20:52:19.579+0000] {processor.py:183} INFO - Processing /opt/airflow/dags/prediction_features_pipeline.py took 0.231 seconds
[2025-12-28T20:52:50.123+0000] {processor.py:161} INFO - Started process (PID=3495) to work on /opt/airflow/dags/prediction_features_pipeline.py
[2025-12-28T20:52:50.129+0000] {processor.py:830} INFO - Processing file /opt/airflow/dags/prediction_features_pipeline.py for tasks to queue
[2025-12-28T20:52:50.131+0000] {logging_mixin.py:188} INFO - [2025-12-28T20:52:50.131+0000] {dagbag.py:538} INFO - Filling up the DagBag from /opt/airflow/dags/prediction_features_pipeline.py
[2025-12-28T20:52:50.179+0000] {processor.py:840} INFO - DAG(s) 'match_features_pipeline' retrieved from /opt/airflow/dags/prediction_features_pipeline.py
[2025-12-28T20:52:50.233+0000] {logging_mixin.py:188} INFO - [2025-12-28T20:52:50.232+0000] {dag.py:3036} INFO - Sync 1 DAGs
[2025-12-28T20:52:50.274+0000] {logging_mixin.py:188} INFO - [2025-12-28T20:52:50.274+0000] {dag.py:3823} INFO - Setting next_dagrun for match_features_pipeline to 2025-12-27 00:00:00+00:00, run_after=2025-12-28 00:00:00+00:00
[2025-12-28T20:52:50.324+0000] {processor.py:183} INFO - Processing /opt/airflow/dags/prediction_features_pipeline.py took 0.208 seconds
[2025-12-28T20:53:20.888+0000] {processor.py:161} INFO - Started process (PID=3515) to work on /opt/airflow/dags/prediction_features_pipeline.py
[2025-12-28T20:53:20.890+0000] {processor.py:830} INFO - Processing file /opt/airflow/dags/prediction_features_pipeline.py for tasks to queue
[2025-12-28T20:53:20.893+0000] {logging_mixin.py:188} INFO - [2025-12-28T20:53:20.892+0000] {dagbag.py:538} INFO - Filling up the DagBag from /opt/airflow/dags/prediction_features_pipeline.py
[2025-12-28T20:53:20.948+0000] {processor.py:840} INFO - DAG(s) 'match_features_pipeline' retrieved from /opt/airflow/dags/prediction_features_pipeline.py
[2025-12-28T20:53:21.004+0000] {logging_mixin.py:188} INFO - [2025-12-28T20:53:21.003+0000] {dag.py:3036} INFO - Sync 1 DAGs
[2025-12-28T20:53:21.059+0000] {logging_mixin.py:188} INFO - [2025-12-28T20:53:21.059+0000] {dag.py:3823} INFO - Setting next_dagrun for match_features_pipeline to 2025-12-27 00:00:00+00:00, run_after=2025-12-28 00:00:00+00:00
[2025-12-28T20:53:21.101+0000] {processor.py:183} INFO - Processing /opt/airflow/dags/prediction_features_pipeline.py took 0.220 seconds
[2025-12-28T20:53:51.855+0000] {processor.py:161} INFO - Started process (PID=3535) to work on /opt/airflow/dags/prediction_features_pipeline.py
[2025-12-28T20:53:51.857+0000] {processor.py:830} INFO - Processing file /opt/airflow/dags/prediction_features_pipeline.py for tasks to queue
[2025-12-28T20:53:51.862+0000] {logging_mixin.py:188} INFO - [2025-12-28T20:53:51.859+0000] {dagbag.py:538} INFO - Filling up the DagBag from /opt/airflow/dags/prediction_features_pipeline.py
[2025-12-28T20:53:51.909+0000] {processor.py:840} INFO - DAG(s) 'match_features_pipeline' retrieved from /opt/airflow/dags/prediction_features_pipeline.py
[2025-12-28T20:53:51.959+0000] {logging_mixin.py:188} INFO - [2025-12-28T20:53:51.958+0000] {dag.py:3036} INFO - Sync 1 DAGs
[2025-12-28T20:53:52.005+0000] {logging_mixin.py:188} INFO - [2025-12-28T20:53:52.005+0000] {dag.py:3823} INFO - Setting next_dagrun for match_features_pipeline to 2025-12-27 00:00:00+00:00, run_after=2025-12-28 00:00:00+00:00
[2025-12-28T20:53:52.048+0000] {processor.py:183} INFO - Processing /opt/airflow/dags/prediction_features_pipeline.py took 0.202 seconds
[2025-12-28T20:54:22.614+0000] {processor.py:161} INFO - Started process (PID=3555) to work on /opt/airflow/dags/prediction_features_pipeline.py
[2025-12-28T20:54:22.617+0000] {processor.py:830} INFO - Processing file /opt/airflow/dags/prediction_features_pipeline.py for tasks to queue
[2025-12-28T20:54:22.619+0000] {logging_mixin.py:188} INFO - [2025-12-28T20:54:22.618+0000] {dagbag.py:538} INFO - Filling up the DagBag from /opt/airflow/dags/prediction_features_pipeline.py
[2025-12-28T20:54:22.681+0000] {processor.py:840} INFO - DAG(s) 'match_features_pipeline' retrieved from /opt/airflow/dags/prediction_features_pipeline.py
[2025-12-28T20:54:22.735+0000] {logging_mixin.py:188} INFO - [2025-12-28T20:54:22.735+0000] {dag.py:3036} INFO - Sync 1 DAGs
[2025-12-28T20:54:22.788+0000] {logging_mixin.py:188} INFO - [2025-12-28T20:54:22.787+0000] {dag.py:3823} INFO - Setting next_dagrun for match_features_pipeline to 2025-12-27 00:00:00+00:00, run_after=2025-12-28 00:00:00+00:00
[2025-12-28T20:54:22.838+0000] {processor.py:183} INFO - Processing /opt/airflow/dags/prediction_features_pipeline.py took 0.231 seconds
[2025-12-28T20:54:53.437+0000] {processor.py:161} INFO - Started process (PID=3575) to work on /opt/airflow/dags/prediction_features_pipeline.py
[2025-12-28T20:54:53.439+0000] {processor.py:830} INFO - Processing file /opt/airflow/dags/prediction_features_pipeline.py for tasks to queue
[2025-12-28T20:54:53.441+0000] {logging_mixin.py:188} INFO - [2025-12-28T20:54:53.440+0000] {dagbag.py:538} INFO - Filling up the DagBag from /opt/airflow/dags/prediction_features_pipeline.py
[2025-12-28T20:54:53.485+0000] {processor.py:840} INFO - DAG(s) 'match_features_pipeline' retrieved from /opt/airflow/dags/prediction_features_pipeline.py
[2025-12-28T20:54:53.537+0000] {logging_mixin.py:188} INFO - [2025-12-28T20:54:53.536+0000] {dag.py:3036} INFO - Sync 1 DAGs
[2025-12-28T20:54:53.585+0000] {logging_mixin.py:188} INFO - [2025-12-28T20:54:53.584+0000] {dag.py:3823} INFO - Setting next_dagrun for match_features_pipeline to 2025-12-27 00:00:00+00:00, run_after=2025-12-28 00:00:00+00:00
[2025-12-28T20:54:53.645+0000] {processor.py:183} INFO - Processing /opt/airflow/dags/prediction_features_pipeline.py took 0.214 seconds
[2025-12-28T20:55:24.171+0000] {processor.py:161} INFO - Started process (PID=3595) to work on /opt/airflow/dags/prediction_features_pipeline.py
[2025-12-28T20:55:24.173+0000] {processor.py:830} INFO - Processing file /opt/airflow/dags/prediction_features_pipeline.py for tasks to queue
[2025-12-28T20:55:24.175+0000] {logging_mixin.py:188} INFO - [2025-12-28T20:55:24.175+0000] {dagbag.py:538} INFO - Filling up the DagBag from /opt/airflow/dags/prediction_features_pipeline.py
[2025-12-28T20:55:24.222+0000] {processor.py:840} INFO - DAG(s) 'match_features_pipeline' retrieved from /opt/airflow/dags/prediction_features_pipeline.py
[2025-12-28T20:55:24.278+0000] {logging_mixin.py:188} INFO - [2025-12-28T20:55:24.277+0000] {dag.py:3036} INFO - Sync 1 DAGs
[2025-12-28T20:55:24.326+0000] {logging_mixin.py:188} INFO - [2025-12-28T20:55:24.326+0000] {dag.py:3823} INFO - Setting next_dagrun for match_features_pipeline to 2025-12-27 00:00:00+00:00, run_after=2025-12-28 00:00:00+00:00
[2025-12-28T20:55:24.365+0000] {processor.py:183} INFO - Processing /opt/airflow/dags/prediction_features_pipeline.py took 0.202 seconds
[2025-12-28T20:55:55.004+0000] {processor.py:161} INFO - Started process (PID=3615) to work on /opt/airflow/dags/prediction_features_pipeline.py
[2025-12-28T20:55:55.006+0000] {processor.py:830} INFO - Processing file /opt/airflow/dags/prediction_features_pipeline.py for tasks to queue
[2025-12-28T20:55:55.009+0000] {logging_mixin.py:188} INFO - [2025-12-28T20:55:55.008+0000] {dagbag.py:538} INFO - Filling up the DagBag from /opt/airflow/dags/prediction_features_pipeline.py
[2025-12-28T20:55:55.066+0000] {processor.py:840} INFO - DAG(s) 'match_features_pipeline' retrieved from /opt/airflow/dags/prediction_features_pipeline.py
[2025-12-28T20:55:55.122+0000] {logging_mixin.py:188} INFO - [2025-12-28T20:55:55.122+0000] {dag.py:3036} INFO - Sync 1 DAGs
[2025-12-28T20:55:55.190+0000] {logging_mixin.py:188} INFO - [2025-12-28T20:55:55.190+0000] {dag.py:3823} INFO - Setting next_dagrun for match_features_pipeline to 2025-12-27 00:00:00+00:00, run_after=2025-12-28 00:00:00+00:00
[2025-12-28T20:55:55.237+0000] {processor.py:183} INFO - Processing /opt/airflow/dags/prediction_features_pipeline.py took 0.241 seconds
[2025-12-28T20:56:25.963+0000] {processor.py:161} INFO - Started process (PID=3635) to work on /opt/airflow/dags/prediction_features_pipeline.py
[2025-12-28T20:56:25.966+0000] {processor.py:830} INFO - Processing file /opt/airflow/dags/prediction_features_pipeline.py for tasks to queue
[2025-12-28T20:56:25.968+0000] {logging_mixin.py:188} INFO - [2025-12-28T20:56:25.967+0000] {dagbag.py:538} INFO - Filling up the DagBag from /opt/airflow/dags/prediction_features_pipeline.py
[2025-12-28T20:56:26.025+0000] {processor.py:840} INFO - DAG(s) 'match_features_pipeline' retrieved from /opt/airflow/dags/prediction_features_pipeline.py
[2025-12-28T20:56:26.096+0000] {logging_mixin.py:188} INFO - [2025-12-28T20:56:26.095+0000] {dag.py:3036} INFO - Sync 1 DAGs
[2025-12-28T20:56:26.174+0000] {logging_mixin.py:188} INFO - [2025-12-28T20:56:26.173+0000] {dag.py:3823} INFO - Setting next_dagrun for match_features_pipeline to 2025-12-27 00:00:00+00:00, run_after=2025-12-28 00:00:00+00:00
[2025-12-28T20:56:26.226+0000] {processor.py:183} INFO - Processing /opt/airflow/dags/prediction_features_pipeline.py took 0.272 seconds
[2025-12-28T20:56:56.573+0000] {processor.py:161} INFO - Started process (PID=3655) to work on /opt/airflow/dags/prediction_features_pipeline.py
[2025-12-28T20:56:56.576+0000] {processor.py:830} INFO - Processing file /opt/airflow/dags/prediction_features_pipeline.py for tasks to queue
[2025-12-28T20:56:56.579+0000] {logging_mixin.py:188} INFO - [2025-12-28T20:56:56.578+0000] {dagbag.py:538} INFO - Filling up the DagBag from /opt/airflow/dags/prediction_features_pipeline.py
[2025-12-28T20:56:56.645+0000] {processor.py:840} INFO - DAG(s) 'match_features_pipeline' retrieved from /opt/airflow/dags/prediction_features_pipeline.py
[2025-12-28T20:56:56.729+0000] {logging_mixin.py:188} INFO - [2025-12-28T20:56:56.728+0000] {dag.py:3036} INFO - Sync 1 DAGs
[2025-12-28T20:56:56.791+0000] {logging_mixin.py:188} INFO - [2025-12-28T20:56:56.790+0000] {dag.py:3823} INFO - Setting next_dagrun for match_features_pipeline to 2025-12-27 00:00:00+00:00, run_after=2025-12-28 00:00:00+00:00
[2025-12-28T20:56:56.858+0000] {processor.py:183} INFO - Processing /opt/airflow/dags/prediction_features_pipeline.py took 0.294 seconds
[2025-12-28T20:57:27.889+0000] {processor.py:161} INFO - Started process (PID=3675) to work on /opt/airflow/dags/prediction_features_pipeline.py
[2025-12-28T20:57:27.893+0000] {processor.py:830} INFO - Processing file /opt/airflow/dags/prediction_features_pipeline.py for tasks to queue
[2025-12-28T20:57:27.895+0000] {logging_mixin.py:188} INFO - [2025-12-28T20:57:27.895+0000] {dagbag.py:538} INFO - Filling up the DagBag from /opt/airflow/dags/prediction_features_pipeline.py
[2025-12-28T20:57:27.979+0000] {processor.py:840} INFO - DAG(s) 'match_features_pipeline' retrieved from /opt/airflow/dags/prediction_features_pipeline.py
[2025-12-28T20:57:28.042+0000] {logging_mixin.py:188} INFO - [2025-12-28T20:57:28.042+0000] {dag.py:3036} INFO - Sync 1 DAGs
[2025-12-28T20:57:28.106+0000] {logging_mixin.py:188} INFO - [2025-12-28T20:57:28.105+0000] {dag.py:3823} INFO - Setting next_dagrun for match_features_pipeline to 2025-12-27 00:00:00+00:00, run_after=2025-12-28 00:00:00+00:00
[2025-12-28T20:57:28.166+0000] {processor.py:183} INFO - Processing /opt/airflow/dags/prediction_features_pipeline.py took 0.286 seconds
[2025-12-28T20:57:58.483+0000] {processor.py:161} INFO - Started process (PID=3695) to work on /opt/airflow/dags/prediction_features_pipeline.py
[2025-12-28T20:57:58.488+0000] {processor.py:830} INFO - Processing file /opt/airflow/dags/prediction_features_pipeline.py for tasks to queue
[2025-12-28T20:57:58.491+0000] {logging_mixin.py:188} INFO - [2025-12-28T20:57:58.490+0000] {dagbag.py:538} INFO - Filling up the DagBag from /opt/airflow/dags/prediction_features_pipeline.py
[2025-12-28T20:57:58.563+0000] {processor.py:840} INFO - DAG(s) 'match_features_pipeline' retrieved from /opt/airflow/dags/prediction_features_pipeline.py
[2025-12-28T20:57:58.642+0000] {logging_mixin.py:188} INFO - [2025-12-28T20:57:58.641+0000] {dag.py:3036} INFO - Sync 1 DAGs
[2025-12-28T20:57:58.701+0000] {logging_mixin.py:188} INFO - [2025-12-28T20:57:58.701+0000] {dag.py:3823} INFO - Setting next_dagrun for match_features_pipeline to 2025-12-27 00:00:00+00:00, run_after=2025-12-28 00:00:00+00:00
[2025-12-28T20:57:58.746+0000] {processor.py:183} INFO - Processing /opt/airflow/dags/prediction_features_pipeline.py took 0.277 seconds
[2025-12-28T20:58:29.058+0000] {processor.py:161} INFO - Started process (PID=3715) to work on /opt/airflow/dags/prediction_features_pipeline.py
[2025-12-28T20:58:29.062+0000] {processor.py:830} INFO - Processing file /opt/airflow/dags/prediction_features_pipeline.py for tasks to queue
[2025-12-28T20:58:29.067+0000] {logging_mixin.py:188} INFO - [2025-12-28T20:58:29.064+0000] {dagbag.py:538} INFO - Filling up the DagBag from /opt/airflow/dags/prediction_features_pipeline.py
[2025-12-28T20:58:29.140+0000] {processor.py:840} INFO - DAG(s) 'match_features_pipeline' retrieved from /opt/airflow/dags/prediction_features_pipeline.py
[2025-12-28T20:58:29.205+0000] {logging_mixin.py:188} INFO - [2025-12-28T20:58:29.204+0000] {dag.py:3036} INFO - Sync 1 DAGs
[2025-12-28T20:58:29.268+0000] {logging_mixin.py:188} INFO - [2025-12-28T20:58:29.267+0000] {dag.py:3823} INFO - Setting next_dagrun for match_features_pipeline to 2025-12-27 00:00:00+00:00, run_after=2025-12-28 00:00:00+00:00
[2025-12-28T20:58:29.324+0000] {processor.py:183} INFO - Processing /opt/airflow/dags/prediction_features_pipeline.py took 0.279 seconds
[2025-12-28T20:58:59.525+0000] {processor.py:161} INFO - Started process (PID=3735) to work on /opt/airflow/dags/prediction_features_pipeline.py
[2025-12-28T20:58:59.529+0000] {processor.py:830} INFO - Processing file /opt/airflow/dags/prediction_features_pipeline.py for tasks to queue
[2025-12-28T20:58:59.532+0000] {logging_mixin.py:188} INFO - [2025-12-28T20:58:59.531+0000] {dagbag.py:538} INFO - Filling up the DagBag from /opt/airflow/dags/prediction_features_pipeline.py
[2025-12-28T20:58:59.595+0000] {processor.py:840} INFO - DAG(s) 'match_features_pipeline' retrieved from /opt/airflow/dags/prediction_features_pipeline.py
[2025-12-28T20:58:59.654+0000] {logging_mixin.py:188} INFO - [2025-12-28T20:58:59.654+0000] {dag.py:3036} INFO - Sync 1 DAGs
[2025-12-28T20:58:59.713+0000] {logging_mixin.py:188} INFO - [2025-12-28T20:58:59.712+0000] {dag.py:3823} INFO - Setting next_dagrun for match_features_pipeline to 2025-12-27 00:00:00+00:00, run_after=2025-12-28 00:00:00+00:00
[2025-12-28T20:58:59.780+0000] {processor.py:183} INFO - Processing /opt/airflow/dags/prediction_features_pipeline.py took 0.262 seconds
[2025-12-28T20:59:30.801+0000] {processor.py:161} INFO - Started process (PID=3755) to work on /opt/airflow/dags/prediction_features_pipeline.py
[2025-12-28T20:59:30.804+0000] {processor.py:830} INFO - Processing file /opt/airflow/dags/prediction_features_pipeline.py for tasks to queue
[2025-12-28T20:59:30.807+0000] {logging_mixin.py:188} INFO - [2025-12-28T20:59:30.806+0000] {dagbag.py:538} INFO - Filling up the DagBag from /opt/airflow/dags/prediction_features_pipeline.py
[2025-12-28T20:59:30.875+0000] {processor.py:840} INFO - DAG(s) 'match_features_pipeline' retrieved from /opt/airflow/dags/prediction_features_pipeline.py
[2025-12-28T20:59:30.940+0000] {logging_mixin.py:188} INFO - [2025-12-28T20:59:30.939+0000] {dag.py:3036} INFO - Sync 1 DAGs
[2025-12-28T20:59:31.006+0000] {logging_mixin.py:188} INFO - [2025-12-28T20:59:31.006+0000] {dag.py:3823} INFO - Setting next_dagrun for match_features_pipeline to 2025-12-27 00:00:00+00:00, run_after=2025-12-28 00:00:00+00:00
[2025-12-28T20:59:31.070+0000] {processor.py:183} INFO - Processing /opt/airflow/dags/prediction_features_pipeline.py took 0.278 seconds
[2025-12-28T21:00:01.397+0000] {processor.py:161} INFO - Started process (PID=3775) to work on /opt/airflow/dags/prediction_features_pipeline.py
[2025-12-28T21:00:01.408+0000] {processor.py:830} INFO - Processing file /opt/airflow/dags/prediction_features_pipeline.py for tasks to queue
[2025-12-28T21:00:01.412+0000] {logging_mixin.py:188} INFO - [2025-12-28T21:00:01.411+0000] {dagbag.py:538} INFO - Filling up the DagBag from /opt/airflow/dags/prediction_features_pipeline.py
[2025-12-28T21:00:01.469+0000] {processor.py:840} INFO - DAG(s) 'match_features_pipeline' retrieved from /opt/airflow/dags/prediction_features_pipeline.py
[2025-12-28T21:00:01.539+0000] {logging_mixin.py:188} INFO - [2025-12-28T21:00:01.538+0000] {dag.py:3036} INFO - Sync 1 DAGs
[2025-12-28T21:00:01.602+0000] {logging_mixin.py:188} INFO - [2025-12-28T21:00:01.599+0000] {dag.py:3823} INFO - Setting next_dagrun for match_features_pipeline to 2025-12-27 00:00:00+00:00, run_after=2025-12-28 00:00:00+00:00
[2025-12-28T21:00:01.670+0000] {processor.py:183} INFO - Processing /opt/airflow/dags/prediction_features_pipeline.py took 0.287 seconds
[2025-12-28T21:00:32.004+0000] {processor.py:161} INFO - Started process (PID=3795) to work on /opt/airflow/dags/prediction_features_pipeline.py
[2025-12-28T21:00:32.008+0000] {processor.py:830} INFO - Processing file /opt/airflow/dags/prediction_features_pipeline.py for tasks to queue
[2025-12-28T21:00:32.012+0000] {logging_mixin.py:188} INFO - [2025-12-28T21:00:32.011+0000] {dagbag.py:538} INFO - Filling up the DagBag from /opt/airflow/dags/prediction_features_pipeline.py
[2025-12-28T21:00:32.077+0000] {processor.py:840} INFO - DAG(s) 'match_features_pipeline' retrieved from /opt/airflow/dags/prediction_features_pipeline.py
[2025-12-28T21:00:32.143+0000] {logging_mixin.py:188} INFO - [2025-12-28T21:00:32.142+0000] {dag.py:3036} INFO - Sync 1 DAGs
[2025-12-28T21:00:32.210+0000] {logging_mixin.py:188} INFO - [2025-12-28T21:00:32.209+0000] {dag.py:3823} INFO - Setting next_dagrun for match_features_pipeline to 2025-12-27 00:00:00+00:00, run_after=2025-12-28 00:00:00+00:00
[2025-12-28T21:00:32.282+0000] {processor.py:183} INFO - Processing /opt/airflow/dags/prediction_features_pipeline.py took 0.294 seconds
[2025-12-28T21:01:02.549+0000] {processor.py:161} INFO - Started process (PID=3815) to work on /opt/airflow/dags/prediction_features_pipeline.py
[2025-12-28T21:01:02.554+0000] {processor.py:830} INFO - Processing file /opt/airflow/dags/prediction_features_pipeline.py for tasks to queue
[2025-12-28T21:01:02.557+0000] {logging_mixin.py:188} INFO - [2025-12-28T21:01:02.556+0000] {dagbag.py:538} INFO - Filling up the DagBag from /opt/airflow/dags/prediction_features_pipeline.py
[2025-12-28T21:01:02.623+0000] {processor.py:840} INFO - DAG(s) 'match_features_pipeline' retrieved from /opt/airflow/dags/prediction_features_pipeline.py
[2025-12-28T21:01:02.694+0000] {logging_mixin.py:188} INFO - [2025-12-28T21:01:02.694+0000] {dag.py:3036} INFO - Sync 1 DAGs
[2025-12-28T21:01:02.779+0000] {logging_mixin.py:188} INFO - [2025-12-28T21:01:02.778+0000] {dag.py:3823} INFO - Setting next_dagrun for match_features_pipeline to 2025-12-27 00:00:00+00:00, run_after=2025-12-28 00:00:00+00:00
[2025-12-28T21:01:02.848+0000] {processor.py:183} INFO - Processing /opt/airflow/dags/prediction_features_pipeline.py took 0.309 seconds
[2025-12-28T21:01:33.097+0000] {processor.py:161} INFO - Started process (PID=3835) to work on /opt/airflow/dags/prediction_features_pipeline.py
[2025-12-28T21:01:33.102+0000] {processor.py:830} INFO - Processing file /opt/airflow/dags/prediction_features_pipeline.py for tasks to queue
[2025-12-28T21:01:33.108+0000] {logging_mixin.py:188} INFO - [2025-12-28T21:01:33.107+0000] {dagbag.py:538} INFO - Filling up the DagBag from /opt/airflow/dags/prediction_features_pipeline.py
[2025-12-28T21:01:33.171+0000] {processor.py:840} INFO - DAG(s) 'match_features_pipeline' retrieved from /opt/airflow/dags/prediction_features_pipeline.py
[2025-12-28T21:01:33.235+0000] {logging_mixin.py:188} INFO - [2025-12-28T21:01:33.234+0000] {dag.py:3036} INFO - Sync 1 DAGs
[2025-12-28T21:01:33.295+0000] {logging_mixin.py:188} INFO - [2025-12-28T21:01:33.295+0000] {dag.py:3823} INFO - Setting next_dagrun for match_features_pipeline to 2025-12-27 00:00:00+00:00, run_after=2025-12-28 00:00:00+00:00
[2025-12-28T21:01:33.349+0000] {processor.py:183} INFO - Processing /opt/airflow/dags/prediction_features_pipeline.py took 0.264 seconds
[2025-12-28T21:02:03.598+0000] {processor.py:161} INFO - Started process (PID=3855) to work on /opt/airflow/dags/prediction_features_pipeline.py
[2025-12-28T21:02:03.602+0000] {processor.py:830} INFO - Processing file /opt/airflow/dags/prediction_features_pipeline.py for tasks to queue
[2025-12-28T21:02:03.605+0000] {logging_mixin.py:188} INFO - [2025-12-28T21:02:03.604+0000] {dagbag.py:538} INFO - Filling up the DagBag from /opt/airflow/dags/prediction_features_pipeline.py
[2025-12-28T21:02:03.669+0000] {processor.py:840} INFO - DAG(s) 'match_features_pipeline' retrieved from /opt/airflow/dags/prediction_features_pipeline.py
[2025-12-28T21:02:03.741+0000] {logging_mixin.py:188} INFO - [2025-12-28T21:02:03.741+0000] {dag.py:3036} INFO - Sync 1 DAGs
[2025-12-28T21:02:03.801+0000] {logging_mixin.py:188} INFO - [2025-12-28T21:02:03.800+0000] {dag.py:3823} INFO - Setting next_dagrun for match_features_pipeline to 2025-12-27 00:00:00+00:00, run_after=2025-12-28 00:00:00+00:00
[2025-12-28T21:02:03.894+0000] {processor.py:183} INFO - Processing /opt/airflow/dags/prediction_features_pipeline.py took 0.308 seconds
[2025-12-28T21:02:34.912+0000] {processor.py:161} INFO - Started process (PID=3875) to work on /opt/airflow/dags/prediction_features_pipeline.py
[2025-12-28T21:02:34.916+0000] {processor.py:830} INFO - Processing file /opt/airflow/dags/prediction_features_pipeline.py for tasks to queue
[2025-12-28T21:02:34.919+0000] {logging_mixin.py:188} INFO - [2025-12-28T21:02:34.918+0000] {dagbag.py:538} INFO - Filling up the DagBag from /opt/airflow/dags/prediction_features_pipeline.py
[2025-12-28T21:02:34.980+0000] {processor.py:840} INFO - DAG(s) 'match_features_pipeline' retrieved from /opt/airflow/dags/prediction_features_pipeline.py
[2025-12-28T21:02:35.044+0000] {logging_mixin.py:188} INFO - [2025-12-28T21:02:35.044+0000] {dag.py:3036} INFO - Sync 1 DAGs
[2025-12-28T21:02:35.107+0000] {logging_mixin.py:188} INFO - [2025-12-28T21:02:35.106+0000] {dag.py:3823} INFO - Setting next_dagrun for match_features_pipeline to 2025-12-27 00:00:00+00:00, run_after=2025-12-28 00:00:00+00:00
[2025-12-28T21:02:35.176+0000] {processor.py:183} INFO - Processing /opt/airflow/dags/prediction_features_pipeline.py took 0.276 seconds
[2025-12-28T21:03:05.486+0000] {processor.py:161} INFO - Started process (PID=3895) to work on /opt/airflow/dags/prediction_features_pipeline.py
[2025-12-28T21:03:05.490+0000] {processor.py:830} INFO - Processing file /opt/airflow/dags/prediction_features_pipeline.py for tasks to queue
[2025-12-28T21:03:05.493+0000] {logging_mixin.py:188} INFO - [2025-12-28T21:03:05.492+0000] {dagbag.py:538} INFO - Filling up the DagBag from /opt/airflow/dags/prediction_features_pipeline.py
[2025-12-28T21:03:05.557+0000] {processor.py:840} INFO - DAG(s) 'match_features_pipeline' retrieved from /opt/airflow/dags/prediction_features_pipeline.py
[2025-12-28T21:03:05.621+0000] {logging_mixin.py:188} INFO - [2025-12-28T21:03:05.621+0000] {dag.py:3036} INFO - Sync 1 DAGs
[2025-12-28T21:03:05.687+0000] {logging_mixin.py:188} INFO - [2025-12-28T21:03:05.686+0000] {dag.py:3823} INFO - Setting next_dagrun for match_features_pipeline to 2025-12-27 00:00:00+00:00, run_after=2025-12-28 00:00:00+00:00
[2025-12-28T21:03:05.772+0000] {processor.py:183} INFO - Processing /opt/airflow/dags/prediction_features_pipeline.py took 0.300 seconds
[2025-12-28T21:03:36.569+0000] {processor.py:161} INFO - Started process (PID=3915) to work on /opt/airflow/dags/prediction_features_pipeline.py
[2025-12-28T21:03:36.573+0000] {processor.py:830} INFO - Processing file /opt/airflow/dags/prediction_features_pipeline.py for tasks to queue
[2025-12-28T21:03:36.576+0000] {logging_mixin.py:188} INFO - [2025-12-28T21:03:36.575+0000] {dagbag.py:538} INFO - Filling up the DagBag from /opt/airflow/dags/prediction_features_pipeline.py
[2025-12-28T21:03:36.642+0000] {processor.py:840} INFO - DAG(s) 'match_features_pipeline' retrieved from /opt/airflow/dags/prediction_features_pipeline.py
[2025-12-28T21:03:36.695+0000] {logging_mixin.py:188} INFO - [2025-12-28T21:03:36.694+0000] {dag.py:3036} INFO - Sync 1 DAGs
[2025-12-28T21:03:36.754+0000] {logging_mixin.py:188} INFO - [2025-12-28T21:03:36.753+0000] {dag.py:3823} INFO - Setting next_dagrun for match_features_pipeline to 2025-12-27 00:00:00+00:00, run_after=2025-12-28 00:00:00+00:00
[2025-12-28T21:03:36.823+0000] {processor.py:183} INFO - Processing /opt/airflow/dags/prediction_features_pipeline.py took 0.263 seconds
[2025-12-28T21:04:07.227+0000] {processor.py:161} INFO - Started process (PID=3935) to work on /opt/airflow/dags/prediction_features_pipeline.py
[2025-12-28T21:04:07.229+0000] {processor.py:830} INFO - Processing file /opt/airflow/dags/prediction_features_pipeline.py for tasks to queue
[2025-12-28T21:04:07.232+0000] {logging_mixin.py:188} INFO - [2025-12-28T21:04:07.231+0000] {dagbag.py:538} INFO - Filling up the DagBag from /opt/airflow/dags/prediction_features_pipeline.py
[2025-12-28T21:04:07.289+0000] {processor.py:840} INFO - DAG(s) 'match_features_pipeline' retrieved from /opt/airflow/dags/prediction_features_pipeline.py
[2025-12-28T21:04:07.349+0000] {logging_mixin.py:188} INFO - [2025-12-28T21:04:07.349+0000] {dag.py:3036} INFO - Sync 1 DAGs
[2025-12-28T21:04:07.411+0000] {logging_mixin.py:188} INFO - [2025-12-28T21:04:07.410+0000] {dag.py:3823} INFO - Setting next_dagrun for match_features_pipeline to 2025-12-27 00:00:00+00:00, run_after=2025-12-28 00:00:00+00:00
[2025-12-28T21:04:07.460+0000] {processor.py:183} INFO - Processing /opt/airflow/dags/prediction_features_pipeline.py took 0.240 seconds
[2025-12-28T21:04:37.717+0000] {processor.py:161} INFO - Started process (PID=3955) to work on /opt/airflow/dags/prediction_features_pipeline.py
[2025-12-28T21:04:37.721+0000] {processor.py:830} INFO - Processing file /opt/airflow/dags/prediction_features_pipeline.py for tasks to queue
[2025-12-28T21:04:37.725+0000] {logging_mixin.py:188} INFO - [2025-12-28T21:04:37.724+0000] {dagbag.py:538} INFO - Filling up the DagBag from /opt/airflow/dags/prediction_features_pipeline.py
[2025-12-28T21:04:37.794+0000] {processor.py:840} INFO - DAG(s) 'match_features_pipeline' retrieved from /opt/airflow/dags/prediction_features_pipeline.py
[2025-12-28T21:04:37.866+0000] {logging_mixin.py:188} INFO - [2025-12-28T21:04:37.866+0000] {dag.py:3036} INFO - Sync 1 DAGs
[2025-12-28T21:04:37.933+0000] {logging_mixin.py:188} INFO - [2025-12-28T21:04:37.932+0000] {dag.py:3823} INFO - Setting next_dagrun for match_features_pipeline to 2025-12-27 00:00:00+00:00, run_after=2025-12-28 00:00:00+00:00
[2025-12-28T21:04:37.988+0000] {processor.py:183} INFO - Processing /opt/airflow/dags/prediction_features_pipeline.py took 0.287 seconds
[2025-12-28T23:04:51.593+0000] {processor.py:161} INFO - Started process (PID=3977) to work on /opt/airflow/dags/prediction_features_pipeline.py
[2025-12-28T23:04:51.624+0000] {processor.py:830} INFO - Processing file /opt/airflow/dags/prediction_features_pipeline.py for tasks to queue
[2025-12-28T23:04:51.677+0000] {logging_mixin.py:188} INFO - [2025-12-28T23:04:51.654+0000] {dagbag.py:538} INFO - Filling up the DagBag from /opt/airflow/dags/prediction_features_pipeline.py
[2025-12-28T23:04:52.329+0000] {processor.py:840} INFO - DAG(s) 'match_features_pipeline' retrieved from /opt/airflow/dags/prediction_features_pipeline.py
[2025-12-28T23:04:53.139+0000] {logging_mixin.py:188} INFO - [2025-12-28T23:04:53.136+0000] {dag.py:3036} INFO - Sync 1 DAGs
[2025-12-28T23:04:54.268+0000] {logging_mixin.py:188} INFO - [2025-12-28T23:04:54.254+0000] {dag.py:3823} INFO - Setting next_dagrun for match_features_pipeline to 2025-12-27 00:00:00+00:00, run_after=2025-12-28 00:00:00+00:00
[2025-12-28T23:04:55.027+0000] {processor.py:183} INFO - Processing /opt/airflow/dags/prediction_features_pipeline.py took 3.584 seconds
