[2025-12-28T01:51:31.976+0000] {processor.py:161} INFO - Started process (PID=2228) to work on /opt/airflow/dags/rugby_pipeline.py
[2025-12-28T01:51:32.015+0000] {processor.py:830} INFO - Processing file /opt/airflow/dags/rugby_pipeline.py for tasks to queue
[2025-12-28T14:52:15.880+0000] {logging_mixin.py:188} INFO - [2025-12-28T14:52:15.872+0000] {dagbag.py:538} INFO - Filling up the DagBag from /opt/airflow/dags/rugby_pipeline.py
[2025-12-28T14:52:16.632+0000] {processor.py:840} INFO - DAG(s) 'rugby_pipeline' retrieved from /opt/airflow/dags/rugby_pipeline.py
[2025-12-28T14:52:16.998+0000] {logging_mixin.py:188} INFO - [2025-12-28T14:52:16.997+0000] {dag.py:3036} INFO - Sync 1 DAGs
[2025-12-28T14:52:47.520+0000] {processor.py:161} INFO - Started process (PID=2248) to work on /opt/airflow/dags/rugby_pipeline.py
[2025-12-28T14:52:47.524+0000] {processor.py:830} INFO - Processing file /opt/airflow/dags/rugby_pipeline.py for tasks to queue
[2025-12-28T14:52:47.526+0000] {logging_mixin.py:188} INFO - [2025-12-28T14:52:47.525+0000] {dagbag.py:538} INFO - Filling up the DagBag from /opt/airflow/dags/rugby_pipeline.py
[2025-12-28T14:52:47.574+0000] {processor.py:840} INFO - DAG(s) 'rugby_pipeline' retrieved from /opt/airflow/dags/rugby_pipeline.py
[2025-12-28T14:52:47.617+0000] {logging_mixin.py:188} INFO - [2025-12-28T14:52:47.617+0000] {dag.py:3036} INFO - Sync 1 DAGs
[2025-12-28T14:52:47.653+0000] {logging_mixin.py:188} INFO - [2025-12-28T14:52:47.653+0000] {dag.py:3823} INFO - Setting next_dagrun for rugby_pipeline to 2025-12-27 00:00:00+00:00, run_after=2025-12-28 00:00:00+00:00
[2025-12-28T14:52:47.687+0000] {processor.py:183} INFO - Processing /opt/airflow/dags/rugby_pipeline.py took 0.182 seconds
[2025-12-28T14:53:18.159+0000] {processor.py:161} INFO - Started process (PID=2268) to work on /opt/airflow/dags/rugby_pipeline.py
[2025-12-28T14:53:18.163+0000] {processor.py:830} INFO - Processing file /opt/airflow/dags/rugby_pipeline.py for tasks to queue
[2025-12-28T14:53:18.165+0000] {logging_mixin.py:188} INFO - [2025-12-28T14:53:18.164+0000] {dagbag.py:538} INFO - Filling up the DagBag from /opt/airflow/dags/rugby_pipeline.py
[2025-12-28T14:53:18.214+0000] {processor.py:840} INFO - DAG(s) 'rugby_pipeline' retrieved from /opt/airflow/dags/rugby_pipeline.py
[2025-12-28T14:53:18.258+0000] {logging_mixin.py:188} INFO - [2025-12-28T14:53:18.257+0000] {dag.py:3036} INFO - Sync 1 DAGs
[2025-12-28T14:53:18.289+0000] {logging_mixin.py:188} INFO - [2025-12-28T14:53:18.288+0000] {dag.py:3823} INFO - Setting next_dagrun for rugby_pipeline to 2025-12-27 00:00:00+00:00, run_after=2025-12-28 00:00:00+00:00
[2025-12-28T14:53:18.320+0000] {processor.py:183} INFO - Processing /opt/airflow/dags/rugby_pipeline.py took 0.167 seconds
[2025-12-28T14:53:48.808+0000] {processor.py:161} INFO - Started process (PID=2288) to work on /opt/airflow/dags/rugby_pipeline.py
[2025-12-28T14:53:48.811+0000] {processor.py:830} INFO - Processing file /opt/airflow/dags/rugby_pipeline.py for tasks to queue
[2025-12-28T14:53:48.814+0000] {logging_mixin.py:188} INFO - [2025-12-28T14:53:48.813+0000] {dagbag.py:538} INFO - Filling up the DagBag from /opt/airflow/dags/rugby_pipeline.py
[2025-12-28T14:53:48.860+0000] {processor.py:840} INFO - DAG(s) 'rugby_pipeline' retrieved from /opt/airflow/dags/rugby_pipeline.py
[2025-12-28T14:53:48.910+0000] {logging_mixin.py:188} INFO - [2025-12-28T14:53:48.909+0000] {dag.py:3036} INFO - Sync 1 DAGs
[2025-12-28T14:53:48.953+0000] {logging_mixin.py:188} INFO - [2025-12-28T14:53:48.952+0000] {dag.py:3823} INFO - Setting next_dagrun for rugby_pipeline to 2025-12-27 00:00:00+00:00, run_after=2025-12-28 00:00:00+00:00
[2025-12-28T14:53:48.989+0000] {processor.py:183} INFO - Processing /opt/airflow/dags/rugby_pipeline.py took 0.194 seconds
[2025-12-28T14:54:19.532+0000] {processor.py:161} INFO - Started process (PID=2308) to work on /opt/airflow/dags/rugby_pipeline.py
[2025-12-28T14:54:19.536+0000] {processor.py:830} INFO - Processing file /opt/airflow/dags/rugby_pipeline.py for tasks to queue
[2025-12-28T14:54:19.543+0000] {logging_mixin.py:188} INFO - [2025-12-28T14:54:19.538+0000] {dagbag.py:538} INFO - Filling up the DagBag from /opt/airflow/dags/rugby_pipeline.py
[2025-12-28T14:54:19.659+0000] {processor.py:840} INFO - DAG(s) 'rugby_pipeline' retrieved from /opt/airflow/dags/rugby_pipeline.py
[2025-12-28T14:54:19.710+0000] {logging_mixin.py:188} INFO - [2025-12-28T14:54:19.710+0000] {dag.py:3036} INFO - Sync 1 DAGs
[2025-12-28T14:54:19.749+0000] {logging_mixin.py:188} INFO - [2025-12-28T14:54:19.749+0000] {dag.py:3823} INFO - Setting next_dagrun for rugby_pipeline to 2025-12-27 00:00:00+00:00, run_after=2025-12-28 00:00:00+00:00
[2025-12-28T14:54:19.819+0000] {processor.py:183} INFO - Processing /opt/airflow/dags/rugby_pipeline.py took 0.298 seconds
[2025-12-28T18:53:35.226+0000] {processor.py:161} INFO - Started process (PID=2340) to work on /opt/airflow/dags/rugby_pipeline.py
[2025-12-28T18:53:35.363+0000] {processor.py:830} INFO - Processing file /opt/airflow/dags/rugby_pipeline.py for tasks to queue
[2025-12-28T18:53:35.399+0000] {logging_mixin.py:188} INFO - [2025-12-28T18:53:35.394+0000] {dagbag.py:538} INFO - Filling up the DagBag from /opt/airflow/dags/rugby_pipeline.py
[2025-12-28T18:53:37.740+0000] {processor.py:840} INFO - DAG(s) 'rugby_pipeline' retrieved from /opt/airflow/dags/rugby_pipeline.py
[2025-12-28T18:53:38.636+0000] {logging_mixin.py:188} INFO - [2025-12-28T18:53:38.633+0000] {dag.py:3036} INFO - Sync 1 DAGs
[2025-12-28T18:53:39.821+0000] {logging_mixin.py:188} INFO - [2025-12-28T18:53:39.807+0000] {dag.py:3823} INFO - Setting next_dagrun for rugby_pipeline to 2025-12-27 00:00:00+00:00, run_after=2025-12-28 00:00:00+00:00
[2025-12-28T18:53:40.881+0000] {processor.py:183} INFO - Processing /opt/airflow/dags/rugby_pipeline.py took 5.820 seconds
[2025-12-28T20:23:36.474+0000] {processor.py:161} INFO - Started process (PID=2362) to work on /opt/airflow/dags/rugby_pipeline.py
[2025-12-28T20:23:36.477+0000] {processor.py:830} INFO - Processing file /opt/airflow/dags/rugby_pipeline.py for tasks to queue
[2025-12-28T20:23:36.479+0000] {logging_mixin.py:188} INFO - [2025-12-28T20:23:36.479+0000] {dagbag.py:538} INFO - Filling up the DagBag from /opt/airflow/dags/rugby_pipeline.py
[2025-12-28T20:23:36.523+0000] {processor.py:840} INFO - DAG(s) 'rugby_pipeline' retrieved from /opt/airflow/dags/rugby_pipeline.py
[2025-12-28T20:23:36.613+0000] {logging_mixin.py:188} INFO - [2025-12-28T20:23:36.613+0000] {dag.py:3036} INFO - Sync 1 DAGs
[2025-12-28T20:23:36.793+0000] {logging_mixin.py:188} INFO - [2025-12-28T20:23:36.793+0000] {dag.py:3823} INFO - Setting next_dagrun for rugby_pipeline to 2025-12-27 00:00:00+00:00, run_after=2025-12-28 00:00:00+00:00
[2025-12-28T20:23:36.905+0000] {processor.py:183} INFO - Processing /opt/airflow/dags/rugby_pipeline.py took 0.439 seconds
[2025-12-28T20:24:07.584+0000] {processor.py:161} INFO - Started process (PID=2382) to work on /opt/airflow/dags/rugby_pipeline.py
[2025-12-28T20:24:07.585+0000] {processor.py:830} INFO - Processing file /opt/airflow/dags/rugby_pipeline.py for tasks to queue
[2025-12-28T20:24:07.587+0000] {logging_mixin.py:188} INFO - [2025-12-28T20:24:07.586+0000] {dagbag.py:538} INFO - Filling up the DagBag from /opt/airflow/dags/rugby_pipeline.py
[2025-12-28T20:24:07.619+0000] {processor.py:840} INFO - DAG(s) 'rugby_pipeline' retrieved from /opt/airflow/dags/rugby_pipeline.py
[2025-12-28T20:24:07.646+0000] {logging_mixin.py:188} INFO - [2025-12-28T20:24:07.645+0000] {dag.py:3036} INFO - Sync 1 DAGs
[2025-12-28T20:24:07.671+0000] {logging_mixin.py:188} INFO - [2025-12-28T20:24:07.671+0000] {dag.py:3823} INFO - Setting next_dagrun for rugby_pipeline to 2025-12-27 00:00:00+00:00, run_after=2025-12-28 00:00:00+00:00
[2025-12-28T20:24:07.730+0000] {processor.py:183} INFO - Processing /opt/airflow/dags/rugby_pipeline.py took 0.150 seconds
[2025-12-28T20:24:38.095+0000] {processor.py:161} INFO - Started process (PID=2402) to work on /opt/airflow/dags/rugby_pipeline.py
[2025-12-28T20:24:38.097+0000] {processor.py:830} INFO - Processing file /opt/airflow/dags/rugby_pipeline.py for tasks to queue
[2025-12-28T20:24:38.098+0000] {logging_mixin.py:188} INFO - [2025-12-28T20:24:38.098+0000] {dagbag.py:538} INFO - Filling up the DagBag from /opt/airflow/dags/rugby_pipeline.py
[2025-12-28T20:24:38.128+0000] {processor.py:840} INFO - DAG(s) 'rugby_pipeline' retrieved from /opt/airflow/dags/rugby_pipeline.py
[2025-12-28T20:24:38.155+0000] {logging_mixin.py:188} INFO - [2025-12-28T20:24:38.154+0000] {dag.py:3036} INFO - Sync 1 DAGs
[2025-12-28T20:24:38.182+0000] {logging_mixin.py:188} INFO - [2025-12-28T20:24:38.182+0000] {dag.py:3823} INFO - Setting next_dagrun for rugby_pipeline to 2025-12-27 00:00:00+00:00, run_after=2025-12-28 00:00:00+00:00
[2025-12-28T20:24:38.206+0000] {processor.py:183} INFO - Processing /opt/airflow/dags/rugby_pipeline.py took 0.115 seconds
[2025-12-28T20:25:08.660+0000] {processor.py:161} INFO - Started process (PID=2422) to work on /opt/airflow/dags/rugby_pipeline.py
[2025-12-28T20:25:08.662+0000] {processor.py:830} INFO - Processing file /opt/airflow/dags/rugby_pipeline.py for tasks to queue
[2025-12-28T20:25:08.663+0000] {logging_mixin.py:188} INFO - [2025-12-28T20:25:08.663+0000] {dagbag.py:538} INFO - Filling up the DagBag from /opt/airflow/dags/rugby_pipeline.py
[2025-12-28T20:25:08.697+0000] {processor.py:840} INFO - DAG(s) 'rugby_pipeline' retrieved from /opt/airflow/dags/rugby_pipeline.py
[2025-12-28T20:25:08.736+0000] {logging_mixin.py:188} INFO - [2025-12-28T20:25:08.736+0000] {dag.py:3036} INFO - Sync 1 DAGs
[2025-12-28T20:25:08.774+0000] {logging_mixin.py:188} INFO - [2025-12-28T20:25:08.774+0000] {dag.py:3823} INFO - Setting next_dagrun for rugby_pipeline to 2025-12-27 00:00:00+00:00, run_after=2025-12-28 00:00:00+00:00
[2025-12-28T20:25:08.837+0000] {processor.py:183} INFO - Processing /opt/airflow/dags/rugby_pipeline.py took 0.184 seconds
[2025-12-28T20:25:39.319+0000] {processor.py:161} INFO - Started process (PID=2442) to work on /opt/airflow/dags/rugby_pipeline.py
[2025-12-28T20:25:39.321+0000] {processor.py:830} INFO - Processing file /opt/airflow/dags/rugby_pipeline.py for tasks to queue
[2025-12-28T20:25:39.322+0000] {logging_mixin.py:188} INFO - [2025-12-28T20:25:39.322+0000] {dagbag.py:538} INFO - Filling up the DagBag from /opt/airflow/dags/rugby_pipeline.py
[2025-12-28T20:25:39.349+0000] {processor.py:840} INFO - DAG(s) 'rugby_pipeline' retrieved from /opt/airflow/dags/rugby_pipeline.py
[2025-12-28T20:25:39.383+0000] {logging_mixin.py:188} INFO - [2025-12-28T20:25:39.382+0000] {dag.py:3036} INFO - Sync 1 DAGs
[2025-12-28T20:25:39.411+0000] {logging_mixin.py:188} INFO - [2025-12-28T20:25:39.411+0000] {dag.py:3823} INFO - Setting next_dagrun for rugby_pipeline to 2025-12-27 00:00:00+00:00, run_after=2025-12-28 00:00:00+00:00
[2025-12-28T20:25:39.470+0000] {processor.py:183} INFO - Processing /opt/airflow/dags/rugby_pipeline.py took 0.156 seconds
[2025-12-28T20:26:09.945+0000] {processor.py:161} INFO - Started process (PID=2462) to work on /opt/airflow/dags/rugby_pipeline.py
[2025-12-28T20:26:09.947+0000] {processor.py:830} INFO - Processing file /opt/airflow/dags/rugby_pipeline.py for tasks to queue
[2025-12-28T20:26:09.949+0000] {logging_mixin.py:188} INFO - [2025-12-28T20:26:09.948+0000] {dagbag.py:538} INFO - Filling up the DagBag from /opt/airflow/dags/rugby_pipeline.py
[2025-12-28T20:26:09.986+0000] {processor.py:840} INFO - DAG(s) 'rugby_pipeline' retrieved from /opt/airflow/dags/rugby_pipeline.py
[2025-12-28T20:26:10.029+0000] {logging_mixin.py:188} INFO - [2025-12-28T20:26:10.029+0000] {dag.py:3036} INFO - Sync 1 DAGs
[2025-12-28T20:26:10.070+0000] {logging_mixin.py:188} INFO - [2025-12-28T20:26:10.070+0000] {dag.py:3823} INFO - Setting next_dagrun for rugby_pipeline to 2025-12-27 00:00:00+00:00, run_after=2025-12-28 00:00:00+00:00
[2025-12-28T20:26:10.140+0000] {processor.py:183} INFO - Processing /opt/airflow/dags/rugby_pipeline.py took 0.202 seconds
[2025-12-28T20:26:40.850+0000] {processor.py:161} INFO - Started process (PID=2482) to work on /opt/airflow/dags/rugby_pipeline.py
[2025-12-28T20:26:40.853+0000] {processor.py:830} INFO - Processing file /opt/airflow/dags/rugby_pipeline.py for tasks to queue
[2025-12-28T20:26:40.855+0000] {logging_mixin.py:188} INFO - [2025-12-28T20:26:40.854+0000] {dagbag.py:538} INFO - Filling up the DagBag from /opt/airflow/dags/rugby_pipeline.py
[2025-12-28T20:26:40.892+0000] {processor.py:840} INFO - DAG(s) 'rugby_pipeline' retrieved from /opt/airflow/dags/rugby_pipeline.py
[2025-12-28T20:26:40.928+0000] {logging_mixin.py:188} INFO - [2025-12-28T20:26:40.927+0000] {dag.py:3036} INFO - Sync 1 DAGs
[2025-12-28T20:26:40.965+0000] {logging_mixin.py:188} INFO - [2025-12-28T20:26:40.965+0000] {dag.py:3823} INFO - Setting next_dagrun for rugby_pipeline to 2025-12-27 00:00:00+00:00, run_after=2025-12-28 00:00:00+00:00
[2025-12-28T20:26:41.030+0000] {processor.py:183} INFO - Processing /opt/airflow/dags/rugby_pipeline.py took 0.188 seconds
[2025-12-28T20:27:11.522+0000] {processor.py:161} INFO - Started process (PID=2502) to work on /opt/airflow/dags/rugby_pipeline.py
[2025-12-28T20:27:11.524+0000] {processor.py:830} INFO - Processing file /opt/airflow/dags/rugby_pipeline.py for tasks to queue
[2025-12-28T20:27:11.526+0000] {logging_mixin.py:188} INFO - [2025-12-28T20:27:11.525+0000] {dagbag.py:538} INFO - Filling up the DagBag from /opt/airflow/dags/rugby_pipeline.py
[2025-12-28T20:27:11.564+0000] {processor.py:840} INFO - DAG(s) 'rugby_pipeline' retrieved from /opt/airflow/dags/rugby_pipeline.py
[2025-12-28T20:27:11.604+0000] {logging_mixin.py:188} INFO - [2025-12-28T20:27:11.603+0000] {dag.py:3036} INFO - Sync 1 DAGs
[2025-12-28T20:27:11.645+0000] {logging_mixin.py:188} INFO - [2025-12-28T20:27:11.645+0000] {dag.py:3823} INFO - Setting next_dagrun for rugby_pipeline to 2025-12-27 00:00:00+00:00, run_after=2025-12-28 00:00:00+00:00
[2025-12-28T20:27:11.714+0000] {processor.py:183} INFO - Processing /opt/airflow/dags/rugby_pipeline.py took 0.199 seconds
[2025-12-28T20:27:42.412+0000] {processor.py:161} INFO - Started process (PID=2522) to work on /opt/airflow/dags/rugby_pipeline.py
[2025-12-28T20:27:42.415+0000] {processor.py:830} INFO - Processing file /opt/airflow/dags/rugby_pipeline.py for tasks to queue
[2025-12-28T20:27:42.417+0000] {logging_mixin.py:188} INFO - [2025-12-28T20:27:42.416+0000] {dagbag.py:538} INFO - Filling up the DagBag from /opt/airflow/dags/rugby_pipeline.py
[2025-12-28T20:27:42.457+0000] {processor.py:840} INFO - DAG(s) 'rugby_pipeline' retrieved from /opt/airflow/dags/rugby_pipeline.py
[2025-12-28T20:27:42.495+0000] {logging_mixin.py:188} INFO - [2025-12-28T20:27:42.495+0000] {dag.py:3036} INFO - Sync 1 DAGs
[2025-12-28T20:27:42.534+0000] {logging_mixin.py:188} INFO - [2025-12-28T20:27:42.533+0000] {dag.py:3823} INFO - Setting next_dagrun for rugby_pipeline to 2025-12-27 00:00:00+00:00, run_after=2025-12-28 00:00:00+00:00
[2025-12-28T20:27:42.601+0000] {processor.py:183} INFO - Processing /opt/airflow/dags/rugby_pipeline.py took 0.196 seconds
[2025-12-28T20:28:13.127+0000] {processor.py:161} INFO - Started process (PID=2542) to work on /opt/airflow/dags/rugby_pipeline.py
[2025-12-28T20:28:13.129+0000] {processor.py:830} INFO - Processing file /opt/airflow/dags/rugby_pipeline.py for tasks to queue
[2025-12-28T20:28:13.131+0000] {logging_mixin.py:188} INFO - [2025-12-28T20:28:13.131+0000] {dagbag.py:538} INFO - Filling up the DagBag from /opt/airflow/dags/rugby_pipeline.py
[2025-12-28T20:28:13.172+0000] {processor.py:840} INFO - DAG(s) 'rugby_pipeline' retrieved from /opt/airflow/dags/rugby_pipeline.py
[2025-12-28T20:28:13.215+0000] {logging_mixin.py:188} INFO - [2025-12-28T20:28:13.215+0000] {dag.py:3036} INFO - Sync 1 DAGs
[2025-12-28T20:28:13.257+0000] {logging_mixin.py:188} INFO - [2025-12-28T20:28:13.256+0000] {dag.py:3823} INFO - Setting next_dagrun for rugby_pipeline to 2025-12-27 00:00:00+00:00, run_after=2025-12-28 00:00:00+00:00
[2025-12-28T20:28:13.308+0000] {processor.py:183} INFO - Processing /opt/airflow/dags/rugby_pipeline.py took 0.189 seconds
[2025-12-28T20:28:43.930+0000] {processor.py:161} INFO - Started process (PID=2562) to work on /opt/airflow/dags/rugby_pipeline.py
[2025-12-28T20:28:43.932+0000] {processor.py:830} INFO - Processing file /opt/airflow/dags/rugby_pipeline.py for tasks to queue
[2025-12-28T20:28:43.934+0000] {logging_mixin.py:188} INFO - [2025-12-28T20:28:43.933+0000] {dagbag.py:538} INFO - Filling up the DagBag from /opt/airflow/dags/rugby_pipeline.py
[2025-12-28T20:28:43.983+0000] {processor.py:840} INFO - DAG(s) 'rugby_pipeline' retrieved from /opt/airflow/dags/rugby_pipeline.py
[2025-12-28T20:28:44.021+0000] {logging_mixin.py:188} INFO - [2025-12-28T20:28:44.021+0000] {dag.py:3036} INFO - Sync 1 DAGs
[2025-12-28T20:28:44.061+0000] {logging_mixin.py:188} INFO - [2025-12-28T20:28:44.060+0000] {dag.py:3823} INFO - Setting next_dagrun for rugby_pipeline to 2025-12-27 00:00:00+00:00, run_after=2025-12-28 00:00:00+00:00
[2025-12-28T20:28:44.107+0000] {processor.py:183} INFO - Processing /opt/airflow/dags/rugby_pipeline.py took 0.185 seconds
[2025-12-28T20:29:14.611+0000] {processor.py:161} INFO - Started process (PID=2582) to work on /opt/airflow/dags/rugby_pipeline.py
[2025-12-28T20:29:14.613+0000] {processor.py:830} INFO - Processing file /opt/airflow/dags/rugby_pipeline.py for tasks to queue
[2025-12-28T20:29:14.615+0000] {logging_mixin.py:188} INFO - [2025-12-28T20:29:14.615+0000] {dagbag.py:538} INFO - Filling up the DagBag from /opt/airflow/dags/rugby_pipeline.py
[2025-12-28T20:29:14.656+0000] {processor.py:840} INFO - DAG(s) 'rugby_pipeline' retrieved from /opt/airflow/dags/rugby_pipeline.py
[2025-12-28T20:29:14.699+0000] {logging_mixin.py:188} INFO - [2025-12-28T20:29:14.698+0000] {dag.py:3036} INFO - Sync 1 DAGs
[2025-12-28T20:29:14.739+0000] {logging_mixin.py:188} INFO - [2025-12-28T20:29:14.738+0000] {dag.py:3823} INFO - Setting next_dagrun for rugby_pipeline to 2025-12-27 00:00:00+00:00, run_after=2025-12-28 00:00:00+00:00
[2025-12-28T20:29:14.808+0000] {processor.py:183} INFO - Processing /opt/airflow/dags/rugby_pipeline.py took 0.204 seconds
[2025-12-28T20:29:45.331+0000] {processor.py:161} INFO - Started process (PID=2602) to work on /opt/airflow/dags/rugby_pipeline.py
[2025-12-28T20:29:45.333+0000] {processor.py:830} INFO - Processing file /opt/airflow/dags/rugby_pipeline.py for tasks to queue
[2025-12-28T20:29:45.335+0000] {logging_mixin.py:188} INFO - [2025-12-28T20:29:45.335+0000] {dagbag.py:538} INFO - Filling up the DagBag from /opt/airflow/dags/rugby_pipeline.py
[2025-12-28T20:29:45.373+0000] {processor.py:840} INFO - DAG(s) 'rugby_pipeline' retrieved from /opt/airflow/dags/rugby_pipeline.py
[2025-12-28T20:29:45.413+0000] {logging_mixin.py:188} INFO - [2025-12-28T20:29:45.413+0000] {dag.py:3036} INFO - Sync 1 DAGs
[2025-12-28T20:29:45.454+0000] {logging_mixin.py:188} INFO - [2025-12-28T20:29:45.454+0000] {dag.py:3823} INFO - Setting next_dagrun for rugby_pipeline to 2025-12-27 00:00:00+00:00, run_after=2025-12-28 00:00:00+00:00
[2025-12-28T20:29:45.526+0000] {processor.py:183} INFO - Processing /opt/airflow/dags/rugby_pipeline.py took 0.201 seconds
[2025-12-28T20:30:16.228+0000] {processor.py:161} INFO - Started process (PID=2622) to work on /opt/airflow/dags/rugby_pipeline.py
[2025-12-28T20:30:16.231+0000] {processor.py:830} INFO - Processing file /opt/airflow/dags/rugby_pipeline.py for tasks to queue
[2025-12-28T20:30:16.233+0000] {logging_mixin.py:188} INFO - [2025-12-28T20:30:16.232+0000] {dagbag.py:538} INFO - Filling up the DagBag from /opt/airflow/dags/rugby_pipeline.py
[2025-12-28T20:30:16.272+0000] {processor.py:840} INFO - DAG(s) 'rugby_pipeline' retrieved from /opt/airflow/dags/rugby_pipeline.py
[2025-12-28T20:30:16.314+0000] {logging_mixin.py:188} INFO - [2025-12-28T20:30:16.314+0000] {dag.py:3036} INFO - Sync 1 DAGs
[2025-12-28T20:30:16.350+0000] {logging_mixin.py:188} INFO - [2025-12-28T20:30:16.349+0000] {dag.py:3823} INFO - Setting next_dagrun for rugby_pipeline to 2025-12-27 00:00:00+00:00, run_after=2025-12-28 00:00:00+00:00
[2025-12-28T20:30:16.420+0000] {processor.py:183} INFO - Processing /opt/airflow/dags/rugby_pipeline.py took 0.199 seconds
[2025-12-28T20:30:46.966+0000] {processor.py:161} INFO - Started process (PID=2642) to work on /opt/airflow/dags/rugby_pipeline.py
[2025-12-28T20:30:46.969+0000] {processor.py:830} INFO - Processing file /opt/airflow/dags/rugby_pipeline.py for tasks to queue
[2025-12-28T20:30:46.971+0000] {logging_mixin.py:188} INFO - [2025-12-28T20:30:46.970+0000] {dagbag.py:538} INFO - Filling up the DagBag from /opt/airflow/dags/rugby_pipeline.py
[2025-12-28T20:30:47.015+0000] {processor.py:840} INFO - DAG(s) 'rugby_pipeline' retrieved from /opt/airflow/dags/rugby_pipeline.py
[2025-12-28T20:30:47.058+0000] {logging_mixin.py:188} INFO - [2025-12-28T20:30:47.057+0000] {dag.py:3036} INFO - Sync 1 DAGs
[2025-12-28T20:30:47.097+0000] {logging_mixin.py:188} INFO - [2025-12-28T20:30:47.097+0000] {dag.py:3823} INFO - Setting next_dagrun for rugby_pipeline to 2025-12-27 00:00:00+00:00, run_after=2025-12-28 00:00:00+00:00
[2025-12-28T20:30:47.170+0000] {processor.py:183} INFO - Processing /opt/airflow/dags/rugby_pipeline.py took 0.213 seconds
[2025-12-28T20:31:17.687+0000] {processor.py:161} INFO - Started process (PID=2662) to work on /opt/airflow/dags/rugby_pipeline.py
[2025-12-28T20:31:17.690+0000] {processor.py:830} INFO - Processing file /opt/airflow/dags/rugby_pipeline.py for tasks to queue
[2025-12-28T20:31:17.692+0000] {logging_mixin.py:188} INFO - [2025-12-28T20:31:17.691+0000] {dagbag.py:538} INFO - Filling up the DagBag from /opt/airflow/dags/rugby_pipeline.py
[2025-12-28T20:31:17.728+0000] {processor.py:840} INFO - DAG(s) 'rugby_pipeline' retrieved from /opt/airflow/dags/rugby_pipeline.py
[2025-12-28T20:31:17.768+0000] {logging_mixin.py:188} INFO - [2025-12-28T20:31:17.767+0000] {dag.py:3036} INFO - Sync 1 DAGs
[2025-12-28T20:31:17.805+0000] {logging_mixin.py:188} INFO - [2025-12-28T20:31:17.804+0000] {dag.py:3823} INFO - Setting next_dagrun for rugby_pipeline to 2025-12-27 00:00:00+00:00, run_after=2025-12-28 00:00:00+00:00
[2025-12-28T20:31:17.874+0000] {processor.py:183} INFO - Processing /opt/airflow/dags/rugby_pipeline.py took 0.194 seconds
[2025-12-28T20:31:48.564+0000] {processor.py:161} INFO - Started process (PID=2682) to work on /opt/airflow/dags/rugby_pipeline.py
[2025-12-28T20:31:48.567+0000] {processor.py:830} INFO - Processing file /opt/airflow/dags/rugby_pipeline.py for tasks to queue
[2025-12-28T20:31:48.569+0000] {logging_mixin.py:188} INFO - [2025-12-28T20:31:48.569+0000] {dagbag.py:538} INFO - Filling up the DagBag from /opt/airflow/dags/rugby_pipeline.py
[2025-12-28T20:31:48.612+0000] {processor.py:840} INFO - DAG(s) 'rugby_pipeline' retrieved from /opt/airflow/dags/rugby_pipeline.py
[2025-12-28T20:31:48.651+0000] {logging_mixin.py:188} INFO - [2025-12-28T20:31:48.650+0000] {dag.py:3036} INFO - Sync 1 DAGs
[2025-12-28T20:31:48.686+0000] {logging_mixin.py:188} INFO - [2025-12-28T20:31:48.686+0000] {dag.py:3823} INFO - Setting next_dagrun for rugby_pipeline to 2025-12-27 00:00:00+00:00, run_after=2025-12-28 00:00:00+00:00
[2025-12-28T20:31:48.757+0000] {processor.py:183} INFO - Processing /opt/airflow/dags/rugby_pipeline.py took 0.201 seconds
[2025-12-28T20:32:19.266+0000] {processor.py:161} INFO - Started process (PID=2702) to work on /opt/airflow/dags/rugby_pipeline.py
[2025-12-28T20:32:19.268+0000] {processor.py:830} INFO - Processing file /opt/airflow/dags/rugby_pipeline.py for tasks to queue
[2025-12-28T20:32:19.270+0000] {logging_mixin.py:188} INFO - [2025-12-28T20:32:19.270+0000] {dagbag.py:538} INFO - Filling up the DagBag from /opt/airflow/dags/rugby_pipeline.py
[2025-12-28T20:32:19.310+0000] {processor.py:840} INFO - DAG(s) 'rugby_pipeline' retrieved from /opt/airflow/dags/rugby_pipeline.py
[2025-12-28T20:32:19.358+0000] {logging_mixin.py:188} INFO - [2025-12-28T20:32:19.357+0000] {dag.py:3036} INFO - Sync 1 DAGs
[2025-12-28T20:32:19.396+0000] {logging_mixin.py:188} INFO - [2025-12-28T20:32:19.395+0000] {dag.py:3823} INFO - Setting next_dagrun for rugby_pipeline to 2025-12-27 00:00:00+00:00, run_after=2025-12-28 00:00:00+00:00
[2025-12-28T20:32:19.462+0000] {processor.py:183} INFO - Processing /opt/airflow/dags/rugby_pipeline.py took 0.203 seconds
[2025-12-28T20:32:50.001+0000] {processor.py:161} INFO - Started process (PID=2722) to work on /opt/airflow/dags/rugby_pipeline.py
[2025-12-28T20:32:50.003+0000] {processor.py:830} INFO - Processing file /opt/airflow/dags/rugby_pipeline.py for tasks to queue
[2025-12-28T20:32:50.006+0000] {logging_mixin.py:188} INFO - [2025-12-28T20:32:50.005+0000] {dagbag.py:538} INFO - Filling up the DagBag from /opt/airflow/dags/rugby_pipeline.py
[2025-12-28T20:32:50.040+0000] {processor.py:840} INFO - DAG(s) 'rugby_pipeline' retrieved from /opt/airflow/dags/rugby_pipeline.py
[2025-12-28T20:32:50.079+0000] {logging_mixin.py:188} INFO - [2025-12-28T20:32:50.078+0000] {dag.py:3036} INFO - Sync 1 DAGs
[2025-12-28T20:32:50.117+0000] {logging_mixin.py:188} INFO - [2025-12-28T20:32:50.116+0000] {dag.py:3823} INFO - Setting next_dagrun for rugby_pipeline to 2025-12-27 00:00:00+00:00, run_after=2025-12-28 00:00:00+00:00
[2025-12-28T20:32:50.148+0000] {processor.py:183} INFO - Processing /opt/airflow/dags/rugby_pipeline.py took 0.156 seconds
[2025-12-28T20:33:20.731+0000] {processor.py:161} INFO - Started process (PID=2742) to work on /opt/airflow/dags/rugby_pipeline.py
[2025-12-28T20:33:20.734+0000] {processor.py:830} INFO - Processing file /opt/airflow/dags/rugby_pipeline.py for tasks to queue
[2025-12-28T20:33:20.736+0000] {logging_mixin.py:188} INFO - [2025-12-28T20:33:20.735+0000] {dagbag.py:538} INFO - Filling up the DagBag from /opt/airflow/dags/rugby_pipeline.py
[2025-12-28T20:33:20.780+0000] {processor.py:840} INFO - DAG(s) 'rugby_pipeline' retrieved from /opt/airflow/dags/rugby_pipeline.py
[2025-12-28T20:33:20.824+0000] {logging_mixin.py:188} INFO - [2025-12-28T20:33:20.824+0000] {dag.py:3036} INFO - Sync 1 DAGs
[2025-12-28T20:33:20.865+0000] {logging_mixin.py:188} INFO - [2025-12-28T20:33:20.864+0000] {dag.py:3823} INFO - Setting next_dagrun for rugby_pipeline to 2025-12-27 00:00:00+00:00, run_after=2025-12-28 00:00:00+00:00
[2025-12-28T20:33:20.895+0000] {processor.py:183} INFO - Processing /opt/airflow/dags/rugby_pipeline.py took 0.172 seconds
[2025-12-28T20:33:51.557+0000] {processor.py:161} INFO - Started process (PID=2762) to work on /opt/airflow/dags/rugby_pipeline.py
[2025-12-28T20:33:51.559+0000] {processor.py:830} INFO - Processing file /opt/airflow/dags/rugby_pipeline.py for tasks to queue
[2025-12-28T20:33:51.560+0000] {logging_mixin.py:188} INFO - [2025-12-28T20:33:51.560+0000] {dagbag.py:538} INFO - Filling up the DagBag from /opt/airflow/dags/rugby_pipeline.py
[2025-12-28T20:33:51.596+0000] {processor.py:840} INFO - DAG(s) 'rugby_pipeline' retrieved from /opt/airflow/dags/rugby_pipeline.py
[2025-12-28T20:33:51.638+0000] {logging_mixin.py:188} INFO - [2025-12-28T20:33:51.637+0000] {dag.py:3036} INFO - Sync 1 DAGs
[2025-12-28T20:33:51.676+0000] {logging_mixin.py:188} INFO - [2025-12-28T20:33:51.676+0000] {dag.py:3823} INFO - Setting next_dagrun for rugby_pipeline to 2025-12-27 00:00:00+00:00, run_after=2025-12-28 00:00:00+00:00
[2025-12-28T20:33:51.708+0000] {processor.py:183} INFO - Processing /opt/airflow/dags/rugby_pipeline.py took 0.157 seconds
[2025-12-28T20:34:22.257+0000] {processor.py:161} INFO - Started process (PID=2782) to work on /opt/airflow/dags/rugby_pipeline.py
[2025-12-28T20:34:22.260+0000] {processor.py:830} INFO - Processing file /opt/airflow/dags/rugby_pipeline.py for tasks to queue
[2025-12-28T20:34:22.262+0000] {logging_mixin.py:188} INFO - [2025-12-28T20:34:22.261+0000] {dagbag.py:538} INFO - Filling up the DagBag from /opt/airflow/dags/rugby_pipeline.py
[2025-12-28T20:34:22.299+0000] {processor.py:840} INFO - DAG(s) 'rugby_pipeline' retrieved from /opt/airflow/dags/rugby_pipeline.py
[2025-12-28T20:34:22.346+0000] {logging_mixin.py:188} INFO - [2025-12-28T20:34:22.346+0000] {dag.py:3036} INFO - Sync 1 DAGs
[2025-12-28T20:34:22.388+0000] {logging_mixin.py:188} INFO - [2025-12-28T20:34:22.387+0000] {dag.py:3823} INFO - Setting next_dagrun for rugby_pipeline to 2025-12-27 00:00:00+00:00, run_after=2025-12-28 00:00:00+00:00
[2025-12-28T20:34:22.422+0000] {processor.py:183} INFO - Processing /opt/airflow/dags/rugby_pipeline.py took 0.172 seconds
[2025-12-28T20:34:53.126+0000] {processor.py:161} INFO - Started process (PID=2802) to work on /opt/airflow/dags/rugby_pipeline.py
[2025-12-28T20:34:53.128+0000] {processor.py:830} INFO - Processing file /opt/airflow/dags/rugby_pipeline.py for tasks to queue
[2025-12-28T20:34:53.130+0000] {logging_mixin.py:188} INFO - [2025-12-28T20:34:53.130+0000] {dagbag.py:538} INFO - Filling up the DagBag from /opt/airflow/dags/rugby_pipeline.py
[2025-12-28T20:34:53.168+0000] {processor.py:840} INFO - DAG(s) 'rugby_pipeline' retrieved from /opt/airflow/dags/rugby_pipeline.py
[2025-12-28T20:34:53.206+0000] {logging_mixin.py:188} INFO - [2025-12-28T20:34:53.205+0000] {dag.py:3036} INFO - Sync 1 DAGs
[2025-12-28T20:34:53.248+0000] {logging_mixin.py:188} INFO - [2025-12-28T20:34:53.248+0000] {dag.py:3823} INFO - Setting next_dagrun for rugby_pipeline to 2025-12-27 00:00:00+00:00, run_after=2025-12-28 00:00:00+00:00
[2025-12-28T20:34:53.278+0000] {processor.py:183} INFO - Processing /opt/airflow/dags/rugby_pipeline.py took 0.160 seconds
[2025-12-28T20:35:23.851+0000] {processor.py:161} INFO - Started process (PID=2822) to work on /opt/airflow/dags/rugby_pipeline.py
[2025-12-28T20:35:23.853+0000] {processor.py:830} INFO - Processing file /opt/airflow/dags/rugby_pipeline.py for tasks to queue
[2025-12-28T20:35:23.855+0000] {logging_mixin.py:188} INFO - [2025-12-28T20:35:23.854+0000] {dagbag.py:538} INFO - Filling up the DagBag from /opt/airflow/dags/rugby_pipeline.py
[2025-12-28T20:35:23.896+0000] {processor.py:840} INFO - DAG(s) 'rugby_pipeline' retrieved from /opt/airflow/dags/rugby_pipeline.py
[2025-12-28T20:35:23.937+0000] {logging_mixin.py:188} INFO - [2025-12-28T20:35:23.937+0000] {dag.py:3036} INFO - Sync 1 DAGs
[2025-12-28T20:35:23.973+0000] {logging_mixin.py:188} INFO - [2025-12-28T20:35:23.972+0000] {dag.py:3823} INFO - Setting next_dagrun for rugby_pipeline to 2025-12-27 00:00:00+00:00, run_after=2025-12-28 00:00:00+00:00
[2025-12-28T20:35:24.048+0000] {processor.py:183} INFO - Processing /opt/airflow/dags/rugby_pipeline.py took 0.204 seconds
[2025-12-28T20:35:54.556+0000] {processor.py:161} INFO - Started process (PID=2842) to work on /opt/airflow/dags/rugby_pipeline.py
[2025-12-28T20:35:54.559+0000] {processor.py:830} INFO - Processing file /opt/airflow/dags/rugby_pipeline.py for tasks to queue
[2025-12-28T20:35:54.562+0000] {logging_mixin.py:188} INFO - [2025-12-28T20:35:54.561+0000] {dagbag.py:538} INFO - Filling up the DagBag from /opt/airflow/dags/rugby_pipeline.py
[2025-12-28T20:35:54.610+0000] {processor.py:840} INFO - DAG(s) 'rugby_pipeline' retrieved from /opt/airflow/dags/rugby_pipeline.py
[2025-12-28T20:35:54.654+0000] {logging_mixin.py:188} INFO - [2025-12-28T20:35:54.654+0000] {dag.py:3036} INFO - Sync 1 DAGs
[2025-12-28T20:35:54.690+0000] {logging_mixin.py:188} INFO - [2025-12-28T20:35:54.690+0000] {dag.py:3823} INFO - Setting next_dagrun for rugby_pipeline to 2025-12-27 00:00:00+00:00, run_after=2025-12-28 00:00:00+00:00
[2025-12-28T20:35:54.760+0000] {processor.py:183} INFO - Processing /opt/airflow/dags/rugby_pipeline.py took 0.210 seconds
[2025-12-28T20:36:25.291+0000] {processor.py:161} INFO - Started process (PID=2862) to work on /opt/airflow/dags/rugby_pipeline.py
[2025-12-28T20:36:25.293+0000] {processor.py:830} INFO - Processing file /opt/airflow/dags/rugby_pipeline.py for tasks to queue
[2025-12-28T20:36:25.295+0000] {logging_mixin.py:188} INFO - [2025-12-28T20:36:25.294+0000] {dagbag.py:538} INFO - Filling up the DagBag from /opt/airflow/dags/rugby_pipeline.py
[2025-12-28T20:36:25.329+0000] {processor.py:840} INFO - DAG(s) 'rugby_pipeline' retrieved from /opt/airflow/dags/rugby_pipeline.py
[2025-12-28T20:36:25.369+0000] {logging_mixin.py:188} INFO - [2025-12-28T20:36:25.368+0000] {dag.py:3036} INFO - Sync 1 DAGs
[2025-12-28T20:36:25.406+0000] {logging_mixin.py:188} INFO - [2025-12-28T20:36:25.405+0000] {dag.py:3823} INFO - Setting next_dagrun for rugby_pipeline to 2025-12-27 00:00:00+00:00, run_after=2025-12-28 00:00:00+00:00
[2025-12-28T20:36:25.473+0000] {processor.py:183} INFO - Processing /opt/airflow/dags/rugby_pipeline.py took 0.188 seconds
[2025-12-28T20:36:56.170+0000] {processor.py:161} INFO - Started process (PID=2882) to work on /opt/airflow/dags/rugby_pipeline.py
[2025-12-28T20:36:56.174+0000] {processor.py:830} INFO - Processing file /opt/airflow/dags/rugby_pipeline.py for tasks to queue
[2025-12-28T20:36:56.178+0000] {logging_mixin.py:188} INFO - [2025-12-28T20:36:56.177+0000] {dagbag.py:538} INFO - Filling up the DagBag from /opt/airflow/dags/rugby_pipeline.py
[2025-12-28T20:36:56.218+0000] {processor.py:840} INFO - DAG(s) 'rugby_pipeline' retrieved from /opt/airflow/dags/rugby_pipeline.py
[2025-12-28T20:36:56.264+0000] {logging_mixin.py:188} INFO - [2025-12-28T20:36:56.263+0000] {dag.py:3036} INFO - Sync 1 DAGs
[2025-12-28T20:36:56.300+0000] {logging_mixin.py:188} INFO - [2025-12-28T20:36:56.300+0000] {dag.py:3823} INFO - Setting next_dagrun for rugby_pipeline to 2025-12-27 00:00:00+00:00, run_after=2025-12-28 00:00:00+00:00
[2025-12-28T20:36:56.368+0000] {processor.py:183} INFO - Processing /opt/airflow/dags/rugby_pipeline.py took 0.206 seconds
[2025-12-28T20:37:26.863+0000] {processor.py:161} INFO - Started process (PID=2902) to work on /opt/airflow/dags/rugby_pipeline.py
[2025-12-28T20:37:26.866+0000] {processor.py:830} INFO - Processing file /opt/airflow/dags/rugby_pipeline.py for tasks to queue
[2025-12-28T20:37:26.868+0000] {logging_mixin.py:188} INFO - [2025-12-28T20:37:26.867+0000] {dagbag.py:538} INFO - Filling up the DagBag from /opt/airflow/dags/rugby_pipeline.py
[2025-12-28T20:37:26.905+0000] {processor.py:840} INFO - DAG(s) 'rugby_pipeline' retrieved from /opt/airflow/dags/rugby_pipeline.py
[2025-12-28T20:37:26.949+0000] {logging_mixin.py:188} INFO - [2025-12-28T20:37:26.949+0000] {dag.py:3036} INFO - Sync 1 DAGs
[2025-12-28T20:37:26.992+0000] {logging_mixin.py:188} INFO - [2025-12-28T20:37:26.991+0000] {dag.py:3823} INFO - Setting next_dagrun for rugby_pipeline to 2025-12-27 00:00:00+00:00, run_after=2025-12-28 00:00:00+00:00
[2025-12-28T20:37:27.023+0000] {processor.py:183} INFO - Processing /opt/airflow/dags/rugby_pipeline.py took 0.166 seconds
[2025-12-28T20:37:57.592+0000] {processor.py:161} INFO - Started process (PID=2922) to work on /opt/airflow/dags/rugby_pipeline.py
[2025-12-28T20:37:57.594+0000] {processor.py:830} INFO - Processing file /opt/airflow/dags/rugby_pipeline.py for tasks to queue
[2025-12-28T20:37:57.596+0000] {logging_mixin.py:188} INFO - [2025-12-28T20:37:57.596+0000] {dagbag.py:538} INFO - Filling up the DagBag from /opt/airflow/dags/rugby_pipeline.py
[2025-12-28T20:37:57.630+0000] {processor.py:840} INFO - DAG(s) 'rugby_pipeline' retrieved from /opt/airflow/dags/rugby_pipeline.py
[2025-12-28T20:37:57.669+0000] {logging_mixin.py:188} INFO - [2025-12-28T20:37:57.668+0000] {dag.py:3036} INFO - Sync 1 DAGs
[2025-12-28T20:37:57.705+0000] {logging_mixin.py:188} INFO - [2025-12-28T20:37:57.705+0000] {dag.py:3823} INFO - Setting next_dagrun for rugby_pipeline to 2025-12-27 00:00:00+00:00, run_after=2025-12-28 00:00:00+00:00
[2025-12-28T20:37:57.774+0000] {processor.py:183} INFO - Processing /opt/airflow/dags/rugby_pipeline.py took 0.189 seconds
[2025-12-28T20:38:28.296+0000] {processor.py:161} INFO - Started process (PID=2942) to work on /opt/airflow/dags/rugby_pipeline.py
[2025-12-28T20:38:28.298+0000] {processor.py:830} INFO - Processing file /opt/airflow/dags/rugby_pipeline.py for tasks to queue
[2025-12-28T20:38:28.299+0000] {logging_mixin.py:188} INFO - [2025-12-28T20:38:28.299+0000] {dagbag.py:538} INFO - Filling up the DagBag from /opt/airflow/dags/rugby_pipeline.py
[2025-12-28T20:38:28.340+0000] {processor.py:840} INFO - DAG(s) 'rugby_pipeline' retrieved from /opt/airflow/dags/rugby_pipeline.py
[2025-12-28T20:38:28.376+0000] {logging_mixin.py:188} INFO - [2025-12-28T20:38:28.375+0000] {dag.py:3036} INFO - Sync 1 DAGs
[2025-12-28T20:38:28.417+0000] {logging_mixin.py:188} INFO - [2025-12-28T20:38:28.417+0000] {dag.py:3823} INFO - Setting next_dagrun for rugby_pipeline to 2025-12-27 00:00:00+00:00, run_after=2025-12-28 00:00:00+00:00
[2025-12-28T20:38:28.450+0000] {processor.py:183} INFO - Processing /opt/airflow/dags/rugby_pipeline.py took 0.160 seconds
[2025-12-28T20:38:59.205+0000] {processor.py:161} INFO - Started process (PID=2962) to work on /opt/airflow/dags/rugby_pipeline.py
[2025-12-28T20:38:59.208+0000] {processor.py:830} INFO - Processing file /opt/airflow/dags/rugby_pipeline.py for tasks to queue
[2025-12-28T20:38:59.210+0000] {logging_mixin.py:188} INFO - [2025-12-28T20:38:59.210+0000] {dagbag.py:538} INFO - Filling up the DagBag from /opt/airflow/dags/rugby_pipeline.py
[2025-12-28T20:38:59.262+0000] {processor.py:840} INFO - DAG(s) 'rugby_pipeline' retrieved from /opt/airflow/dags/rugby_pipeline.py
[2025-12-28T20:38:59.311+0000] {logging_mixin.py:188} INFO - [2025-12-28T20:38:59.310+0000] {dag.py:3036} INFO - Sync 1 DAGs
[2025-12-28T20:38:59.360+0000] {logging_mixin.py:188} INFO - [2025-12-28T20:38:59.359+0000] {dag.py:3823} INFO - Setting next_dagrun for rugby_pipeline to 2025-12-27 00:00:00+00:00, run_after=2025-12-28 00:00:00+00:00
[2025-12-28T20:38:59.436+0000] {processor.py:183} INFO - Processing /opt/airflow/dags/rugby_pipeline.py took 0.240 seconds
[2025-12-28T20:39:29.997+0000] {processor.py:161} INFO - Started process (PID=2982) to work on /opt/airflow/dags/rugby_pipeline.py
[2025-12-28T20:39:30.000+0000] {processor.py:830} INFO - Processing file /opt/airflow/dags/rugby_pipeline.py for tasks to queue
[2025-12-28T20:39:30.002+0000] {logging_mixin.py:188} INFO - [2025-12-28T20:39:30.002+0000] {dagbag.py:538} INFO - Filling up the DagBag from /opt/airflow/dags/rugby_pipeline.py
[2025-12-28T20:39:30.056+0000] {processor.py:840} INFO - DAG(s) 'rugby_pipeline' retrieved from /opt/airflow/dags/rugby_pipeline.py
[2025-12-28T20:39:30.105+0000] {logging_mixin.py:188} INFO - [2025-12-28T20:39:30.104+0000] {dag.py:3036} INFO - Sync 1 DAGs
[2025-12-28T20:39:30.142+0000] {logging_mixin.py:188} INFO - [2025-12-28T20:39:30.142+0000] {dag.py:3823} INFO - Setting next_dagrun for rugby_pipeline to 2025-12-27 00:00:00+00:00, run_after=2025-12-28 00:00:00+00:00
[2025-12-28T20:39:30.214+0000] {processor.py:183} INFO - Processing /opt/airflow/dags/rugby_pipeline.py took 0.223 seconds
[2025-12-28T20:40:00.796+0000] {processor.py:161} INFO - Started process (PID=3002) to work on /opt/airflow/dags/rugby_pipeline.py
[2025-12-28T20:40:00.799+0000] {processor.py:830} INFO - Processing file /opt/airflow/dags/rugby_pipeline.py for tasks to queue
[2025-12-28T20:40:00.802+0000] {logging_mixin.py:188} INFO - [2025-12-28T20:40:00.801+0000] {dagbag.py:538} INFO - Filling up the DagBag from /opt/airflow/dags/rugby_pipeline.py
[2025-12-28T20:40:00.852+0000] {processor.py:840} INFO - DAG(s) 'rugby_pipeline' retrieved from /opt/airflow/dags/rugby_pipeline.py
[2025-12-28T20:40:00.903+0000] {logging_mixin.py:188} INFO - [2025-12-28T20:40:00.903+0000] {dag.py:3036} INFO - Sync 1 DAGs
[2025-12-28T20:40:00.942+0000] {logging_mixin.py:188} INFO - [2025-12-28T20:40:00.941+0000] {dag.py:3823} INFO - Setting next_dagrun for rugby_pipeline to 2025-12-27 00:00:00+00:00, run_after=2025-12-28 00:00:00+00:00
[2025-12-28T20:40:00.975+0000] {processor.py:183} INFO - Processing /opt/airflow/dags/rugby_pipeline.py took 0.185 seconds
[2025-12-28T20:40:31.597+0000] {processor.py:161} INFO - Started process (PID=3022) to work on /opt/airflow/dags/rugby_pipeline.py
[2025-12-28T20:40:31.600+0000] {processor.py:830} INFO - Processing file /opt/airflow/dags/rugby_pipeline.py for tasks to queue
[2025-12-28T20:40:31.602+0000] {logging_mixin.py:188} INFO - [2025-12-28T20:40:31.602+0000] {dagbag.py:538} INFO - Filling up the DagBag from /opt/airflow/dags/rugby_pipeline.py
[2025-12-28T20:40:31.658+0000] {processor.py:840} INFO - DAG(s) 'rugby_pipeline' retrieved from /opt/airflow/dags/rugby_pipeline.py
[2025-12-28T20:40:31.706+0000] {logging_mixin.py:188} INFO - [2025-12-28T20:40:31.706+0000] {dag.py:3036} INFO - Sync 1 DAGs
[2025-12-28T20:40:31.757+0000] {logging_mixin.py:188} INFO - [2025-12-28T20:40:31.757+0000] {dag.py:3823} INFO - Setting next_dagrun for rugby_pipeline to 2025-12-27 00:00:00+00:00, run_after=2025-12-28 00:00:00+00:00
[2025-12-28T20:40:31.832+0000] {processor.py:183} INFO - Processing /opt/airflow/dags/rugby_pipeline.py took 0.243 seconds
[2025-12-28T20:41:02.422+0000] {processor.py:161} INFO - Started process (PID=3042) to work on /opt/airflow/dags/rugby_pipeline.py
[2025-12-28T20:41:02.425+0000] {processor.py:830} INFO - Processing file /opt/airflow/dags/rugby_pipeline.py for tasks to queue
[2025-12-28T20:41:02.428+0000] {logging_mixin.py:188} INFO - [2025-12-28T20:41:02.427+0000] {dagbag.py:538} INFO - Filling up the DagBag from /opt/airflow/dags/rugby_pipeline.py
[2025-12-28T20:41:02.473+0000] {processor.py:840} INFO - DAG(s) 'rugby_pipeline' retrieved from /opt/airflow/dags/rugby_pipeline.py
[2025-12-28T20:41:02.519+0000] {logging_mixin.py:188} INFO - [2025-12-28T20:41:02.518+0000] {dag.py:3036} INFO - Sync 1 DAGs
[2025-12-28T20:41:02.566+0000] {logging_mixin.py:188} INFO - [2025-12-28T20:41:02.565+0000] {dag.py:3823} INFO - Setting next_dagrun for rugby_pipeline to 2025-12-27 00:00:00+00:00, run_after=2025-12-28 00:00:00+00:00
[2025-12-28T20:41:02.652+0000] {processor.py:183} INFO - Processing /opt/airflow/dags/rugby_pipeline.py took 0.242 seconds
[2025-12-28T20:41:33.256+0000] {processor.py:161} INFO - Started process (PID=3062) to work on /opt/airflow/dags/rugby_pipeline.py
[2025-12-28T20:41:33.258+0000] {processor.py:830} INFO - Processing file /opt/airflow/dags/rugby_pipeline.py for tasks to queue
[2025-12-28T20:41:33.260+0000] {logging_mixin.py:188} INFO - [2025-12-28T20:41:33.259+0000] {dagbag.py:538} INFO - Filling up the DagBag from /opt/airflow/dags/rugby_pipeline.py
[2025-12-28T20:41:33.304+0000] {processor.py:840} INFO - DAG(s) 'rugby_pipeline' retrieved from /opt/airflow/dags/rugby_pipeline.py
[2025-12-28T20:41:33.353+0000] {logging_mixin.py:188} INFO - [2025-12-28T20:41:33.353+0000] {dag.py:3036} INFO - Sync 1 DAGs
[2025-12-28T20:41:33.405+0000] {logging_mixin.py:188} INFO - [2025-12-28T20:41:33.404+0000] {dag.py:3823} INFO - Setting next_dagrun for rugby_pipeline to 2025-12-27 00:00:00+00:00, run_after=2025-12-28 00:00:00+00:00
[2025-12-28T20:41:33.483+0000] {processor.py:183} INFO - Processing /opt/airflow/dags/rugby_pipeline.py took 0.237 seconds
[2025-12-28T20:42:04.074+0000] {processor.py:161} INFO - Started process (PID=3082) to work on /opt/airflow/dags/rugby_pipeline.py
[2025-12-28T20:42:04.076+0000] {processor.py:830} INFO - Processing file /opt/airflow/dags/rugby_pipeline.py for tasks to queue
[2025-12-28T20:42:04.078+0000] {logging_mixin.py:188} INFO - [2025-12-28T20:42:04.077+0000] {dagbag.py:538} INFO - Filling up the DagBag from /opt/airflow/dags/rugby_pipeline.py
[2025-12-28T20:42:04.120+0000] {processor.py:840} INFO - DAG(s) 'rugby_pipeline' retrieved from /opt/airflow/dags/rugby_pipeline.py
[2025-12-28T20:42:04.158+0000] {logging_mixin.py:188} INFO - [2025-12-28T20:42:04.158+0000] {dag.py:3036} INFO - Sync 1 DAGs
[2025-12-28T20:42:04.201+0000] {logging_mixin.py:188} INFO - [2025-12-28T20:42:04.201+0000] {dag.py:3823} INFO - Setting next_dagrun for rugby_pipeline to 2025-12-27 00:00:00+00:00, run_after=2025-12-28 00:00:00+00:00
[2025-12-28T20:42:04.237+0000] {processor.py:183} INFO - Processing /opt/airflow/dags/rugby_pipeline.py took 0.170 seconds
[2025-12-28T20:42:34.908+0000] {processor.py:161} INFO - Started process (PID=3102) to work on /opt/airflow/dags/rugby_pipeline.py
[2025-12-28T20:42:34.910+0000] {processor.py:830} INFO - Processing file /opt/airflow/dags/rugby_pipeline.py for tasks to queue
[2025-12-28T20:42:34.912+0000] {logging_mixin.py:188} INFO - [2025-12-28T20:42:34.911+0000] {dagbag.py:538} INFO - Filling up the DagBag from /opt/airflow/dags/rugby_pipeline.py
[2025-12-28T20:42:34.959+0000] {processor.py:840} INFO - DAG(s) 'rugby_pipeline' retrieved from /opt/airflow/dags/rugby_pipeline.py
[2025-12-28T20:42:35.005+0000] {logging_mixin.py:188} INFO - [2025-12-28T20:42:35.004+0000] {dag.py:3036} INFO - Sync 1 DAGs
[2025-12-28T20:42:35.049+0000] {logging_mixin.py:188} INFO - [2025-12-28T20:42:35.049+0000] {dag.py:3823} INFO - Setting next_dagrun for rugby_pipeline to 2025-12-27 00:00:00+00:00, run_after=2025-12-28 00:00:00+00:00
[2025-12-28T20:42:35.113+0000] {processor.py:183} INFO - Processing /opt/airflow/dags/rugby_pipeline.py took 0.213 seconds
[2025-12-28T20:43:05.683+0000] {processor.py:161} INFO - Started process (PID=3122) to work on /opt/airflow/dags/rugby_pipeline.py
[2025-12-28T20:43:05.685+0000] {processor.py:830} INFO - Processing file /opt/airflow/dags/rugby_pipeline.py for tasks to queue
[2025-12-28T20:43:05.688+0000] {logging_mixin.py:188} INFO - [2025-12-28T20:43:05.687+0000] {dagbag.py:538} INFO - Filling up the DagBag from /opt/airflow/dags/rugby_pipeline.py
[2025-12-28T20:43:05.732+0000] {processor.py:840} INFO - DAG(s) 'rugby_pipeline' retrieved from /opt/airflow/dags/rugby_pipeline.py
[2025-12-28T20:43:05.776+0000] {logging_mixin.py:188} INFO - [2025-12-28T20:43:05.776+0000] {dag.py:3036} INFO - Sync 1 DAGs
[2025-12-28T20:43:05.817+0000] {logging_mixin.py:188} INFO - [2025-12-28T20:43:05.816+0000] {dag.py:3823} INFO - Setting next_dagrun for rugby_pipeline to 2025-12-27 00:00:00+00:00, run_after=2025-12-28 00:00:00+00:00
[2025-12-28T20:43:05.850+0000] {processor.py:183} INFO - Processing /opt/airflow/dags/rugby_pipeline.py took 0.173 seconds
[2025-12-28T20:43:36.452+0000] {processor.py:161} INFO - Started process (PID=3142) to work on /opt/airflow/dags/rugby_pipeline.py
[2025-12-28T20:43:36.456+0000] {processor.py:830} INFO - Processing file /opt/airflow/dags/rugby_pipeline.py for tasks to queue
[2025-12-28T20:43:36.459+0000] {logging_mixin.py:188} INFO - [2025-12-28T20:43:36.458+0000] {dagbag.py:538} INFO - Filling up the DagBag from /opt/airflow/dags/rugby_pipeline.py
[2025-12-28T20:43:36.502+0000] {processor.py:840} INFO - DAG(s) 'rugby_pipeline' retrieved from /opt/airflow/dags/rugby_pipeline.py
[2025-12-28T20:43:36.554+0000] {logging_mixin.py:188} INFO - [2025-12-28T20:43:36.551+0000] {dag.py:3036} INFO - Sync 1 DAGs
[2025-12-28T20:43:36.613+0000] {logging_mixin.py:188} INFO - [2025-12-28T20:43:36.613+0000] {dag.py:3823} INFO - Setting next_dagrun for rugby_pipeline to 2025-12-27 00:00:00+00:00, run_after=2025-12-28 00:00:00+00:00
[2025-12-28T20:43:36.684+0000] {processor.py:183} INFO - Processing /opt/airflow/dags/rugby_pipeline.py took 0.240 seconds
[2025-12-28T20:44:07.293+0000] {processor.py:161} INFO - Started process (PID=3162) to work on /opt/airflow/dags/rugby_pipeline.py
[2025-12-28T20:44:07.296+0000] {processor.py:830} INFO - Processing file /opt/airflow/dags/rugby_pipeline.py for tasks to queue
[2025-12-28T20:44:07.297+0000] {logging_mixin.py:188} INFO - [2025-12-28T20:44:07.297+0000] {dagbag.py:538} INFO - Filling up the DagBag from /opt/airflow/dags/rugby_pipeline.py
[2025-12-28T20:44:07.339+0000] {processor.py:840} INFO - DAG(s) 'rugby_pipeline' retrieved from /opt/airflow/dags/rugby_pipeline.py
[2025-12-28T20:44:07.388+0000] {logging_mixin.py:188} INFO - [2025-12-28T20:44:07.387+0000] {dag.py:3036} INFO - Sync 1 DAGs
[2025-12-28T20:44:07.434+0000] {logging_mixin.py:188} INFO - [2025-12-28T20:44:07.433+0000] {dag.py:3823} INFO - Setting next_dagrun for rugby_pipeline to 2025-12-27 00:00:00+00:00, run_after=2025-12-28 00:00:00+00:00
[2025-12-28T20:44:07.488+0000] {processor.py:183} INFO - Processing /opt/airflow/dags/rugby_pipeline.py took 0.202 seconds
[2025-12-28T20:44:38.074+0000] {processor.py:161} INFO - Started process (PID=3182) to work on /opt/airflow/dags/rugby_pipeline.py
[2025-12-28T20:44:38.076+0000] {processor.py:830} INFO - Processing file /opt/airflow/dags/rugby_pipeline.py for tasks to queue
[2025-12-28T20:44:38.078+0000] {logging_mixin.py:188} INFO - [2025-12-28T20:44:38.077+0000] {dagbag.py:538} INFO - Filling up the DagBag from /opt/airflow/dags/rugby_pipeline.py
[2025-12-28T20:44:38.117+0000] {processor.py:840} INFO - DAG(s) 'rugby_pipeline' retrieved from /opt/airflow/dags/rugby_pipeline.py
[2025-12-28T20:44:38.155+0000] {logging_mixin.py:188} INFO - [2025-12-28T20:44:38.154+0000] {dag.py:3036} INFO - Sync 1 DAGs
[2025-12-28T20:44:38.196+0000] {logging_mixin.py:188} INFO - [2025-12-28T20:44:38.196+0000] {dag.py:3823} INFO - Setting next_dagrun for rugby_pipeline to 2025-12-27 00:00:00+00:00, run_after=2025-12-28 00:00:00+00:00
[2025-12-28T20:44:38.264+0000] {processor.py:183} INFO - Processing /opt/airflow/dags/rugby_pipeline.py took 0.196 seconds
[2025-12-28T20:45:08.959+0000] {processor.py:161} INFO - Started process (PID=3202) to work on /opt/airflow/dags/rugby_pipeline.py
[2025-12-28T20:45:08.961+0000] {processor.py:830} INFO - Processing file /opt/airflow/dags/rugby_pipeline.py for tasks to queue
[2025-12-28T20:45:08.963+0000] {logging_mixin.py:188} INFO - [2025-12-28T20:45:08.962+0000] {dagbag.py:538} INFO - Filling up the DagBag from /opt/airflow/dags/rugby_pipeline.py
[2025-12-28T20:45:09.003+0000] {processor.py:840} INFO - DAG(s) 'rugby_pipeline' retrieved from /opt/airflow/dags/rugby_pipeline.py
[2025-12-28T20:45:09.047+0000] {logging_mixin.py:188} INFO - [2025-12-28T20:45:09.046+0000] {dag.py:3036} INFO - Sync 1 DAGs
[2025-12-28T20:45:09.100+0000] {logging_mixin.py:188} INFO - [2025-12-28T20:45:09.099+0000] {dag.py:3823} INFO - Setting next_dagrun for rugby_pipeline to 2025-12-27 00:00:00+00:00, run_after=2025-12-28 00:00:00+00:00
[2025-12-28T20:45:09.136+0000] {processor.py:183} INFO - Processing /opt/airflow/dags/rugby_pipeline.py took 0.188 seconds
[2025-12-28T20:45:39.709+0000] {processor.py:161} INFO - Started process (PID=3222) to work on /opt/airflow/dags/rugby_pipeline.py
[2025-12-28T20:45:39.711+0000] {processor.py:830} INFO - Processing file /opt/airflow/dags/rugby_pipeline.py for tasks to queue
[2025-12-28T20:45:39.713+0000] {logging_mixin.py:188} INFO - [2025-12-28T20:45:39.713+0000] {dagbag.py:538} INFO - Filling up the DagBag from /opt/airflow/dags/rugby_pipeline.py
[2025-12-28T20:45:39.752+0000] {processor.py:840} INFO - DAG(s) 'rugby_pipeline' retrieved from /opt/airflow/dags/rugby_pipeline.py
[2025-12-28T20:45:39.793+0000] {logging_mixin.py:188} INFO - [2025-12-28T20:45:39.792+0000] {dag.py:3036} INFO - Sync 1 DAGs
[2025-12-28T20:45:39.831+0000] {logging_mixin.py:188} INFO - [2025-12-28T20:45:39.830+0000] {dag.py:3823} INFO - Setting next_dagrun for rugby_pipeline to 2025-12-27 00:00:00+00:00, run_after=2025-12-28 00:00:00+00:00
[2025-12-28T20:45:39.904+0000] {processor.py:183} INFO - Processing /opt/airflow/dags/rugby_pipeline.py took 0.202 seconds
[2025-12-28T20:46:10.476+0000] {processor.py:161} INFO - Started process (PID=3242) to work on /opt/airflow/dags/rugby_pipeline.py
[2025-12-28T20:46:10.478+0000] {processor.py:830} INFO - Processing file /opt/airflow/dags/rugby_pipeline.py for tasks to queue
[2025-12-28T20:46:10.480+0000] {logging_mixin.py:188} INFO - [2025-12-28T20:46:10.480+0000] {dagbag.py:538} INFO - Filling up the DagBag from /opt/airflow/dags/rugby_pipeline.py
[2025-12-28T20:46:10.524+0000] {processor.py:840} INFO - DAG(s) 'rugby_pipeline' retrieved from /opt/airflow/dags/rugby_pipeline.py
[2025-12-28T20:46:10.567+0000] {logging_mixin.py:188} INFO - [2025-12-28T20:46:10.567+0000] {dag.py:3036} INFO - Sync 1 DAGs
[2025-12-28T20:46:10.615+0000] {logging_mixin.py:188} INFO - [2025-12-28T20:46:10.615+0000] {dag.py:3823} INFO - Setting next_dagrun for rugby_pipeline to 2025-12-27 00:00:00+00:00, run_after=2025-12-28 00:00:00+00:00
[2025-12-28T20:46:10.691+0000] {processor.py:183} INFO - Processing /opt/airflow/dags/rugby_pipeline.py took 0.224 seconds
[2025-12-28T20:46:41.240+0000] {processor.py:161} INFO - Started process (PID=3262) to work on /opt/airflow/dags/rugby_pipeline.py
[2025-12-28T20:46:41.243+0000] {processor.py:830} INFO - Processing file /opt/airflow/dags/rugby_pipeline.py for tasks to queue
[2025-12-28T20:46:41.246+0000] {logging_mixin.py:188} INFO - [2025-12-28T20:46:41.245+0000] {dagbag.py:538} INFO - Filling up the DagBag from /opt/airflow/dags/rugby_pipeline.py
[2025-12-28T20:46:41.287+0000] {processor.py:840} INFO - DAG(s) 'rugby_pipeline' retrieved from /opt/airflow/dags/rugby_pipeline.py
[2025-12-28T20:46:41.330+0000] {logging_mixin.py:188} INFO - [2025-12-28T20:46:41.329+0000] {dag.py:3036} INFO - Sync 1 DAGs
[2025-12-28T20:46:41.382+0000] {logging_mixin.py:188} INFO - [2025-12-28T20:46:41.381+0000] {dag.py:3823} INFO - Setting next_dagrun for rugby_pipeline to 2025-12-27 00:00:00+00:00, run_after=2025-12-28 00:00:00+00:00
[2025-12-28T20:46:41.455+0000] {processor.py:183} INFO - Processing /opt/airflow/dags/rugby_pipeline.py took 0.223 seconds
[2025-12-28T20:47:12.265+0000] {processor.py:161} INFO - Started process (PID=3282) to work on /opt/airflow/dags/rugby_pipeline.py
[2025-12-28T20:47:12.267+0000] {processor.py:830} INFO - Processing file /opt/airflow/dags/rugby_pipeline.py for tasks to queue
[2025-12-28T20:47:12.269+0000] {logging_mixin.py:188} INFO - [2025-12-28T20:47:12.268+0000] {dagbag.py:538} INFO - Filling up the DagBag from /opt/airflow/dags/rugby_pipeline.py
[2025-12-28T20:47:12.332+0000] {processor.py:840} INFO - DAG(s) 'rugby_pipeline' retrieved from /opt/airflow/dags/rugby_pipeline.py
[2025-12-28T20:47:12.369+0000] {logging_mixin.py:188} INFO - [2025-12-28T20:47:12.369+0000] {dag.py:3036} INFO - Sync 1 DAGs
[2025-12-28T20:47:12.411+0000] {logging_mixin.py:188} INFO - [2025-12-28T20:47:12.410+0000] {dag.py:3823} INFO - Setting next_dagrun for rugby_pipeline to 2025-12-27 00:00:00+00:00, run_after=2025-12-28 00:00:00+00:00
[2025-12-28T20:47:12.480+0000] {processor.py:183} INFO - Processing /opt/airflow/dags/rugby_pipeline.py took 0.222 seconds
[2025-12-28T20:47:43.019+0000] {processor.py:161} INFO - Started process (PID=3302) to work on /opt/airflow/dags/rugby_pipeline.py
[2025-12-28T20:47:43.021+0000] {processor.py:830} INFO - Processing file /opt/airflow/dags/rugby_pipeline.py for tasks to queue
[2025-12-28T20:47:43.024+0000] {logging_mixin.py:188} INFO - [2025-12-28T20:47:43.023+0000] {dagbag.py:538} INFO - Filling up the DagBag from /opt/airflow/dags/rugby_pipeline.py
[2025-12-28T20:47:43.064+0000] {processor.py:840} INFO - DAG(s) 'rugby_pipeline' retrieved from /opt/airflow/dags/rugby_pipeline.py
[2025-12-28T20:47:43.103+0000] {logging_mixin.py:188} INFO - [2025-12-28T20:47:43.103+0000] {dag.py:3036} INFO - Sync 1 DAGs
[2025-12-28T20:47:43.140+0000] {logging_mixin.py:188} INFO - [2025-12-28T20:47:43.139+0000] {dag.py:3823} INFO - Setting next_dagrun for rugby_pipeline to 2025-12-27 00:00:00+00:00, run_after=2025-12-28 00:00:00+00:00
[2025-12-28T20:47:43.195+0000] {processor.py:183} INFO - Processing /opt/airflow/dags/rugby_pipeline.py took 0.182 seconds
[2025-12-28T20:48:13.801+0000] {processor.py:161} INFO - Started process (PID=3322) to work on /opt/airflow/dags/rugby_pipeline.py
[2025-12-28T20:48:13.803+0000] {processor.py:830} INFO - Processing file /opt/airflow/dags/rugby_pipeline.py for tasks to queue
[2025-12-28T20:48:13.805+0000] {logging_mixin.py:188} INFO - [2025-12-28T20:48:13.804+0000] {dagbag.py:538} INFO - Filling up the DagBag from /opt/airflow/dags/rugby_pipeline.py
[2025-12-28T20:48:13.845+0000] {processor.py:840} INFO - DAG(s) 'rugby_pipeline' retrieved from /opt/airflow/dags/rugby_pipeline.py
[2025-12-28T20:48:13.890+0000] {logging_mixin.py:188} INFO - [2025-12-28T20:48:13.889+0000] {dag.py:3036} INFO - Sync 1 DAGs
[2025-12-28T20:48:13.942+0000] {logging_mixin.py:188} INFO - [2025-12-28T20:48:13.941+0000] {dag.py:3823} INFO - Setting next_dagrun for rugby_pipeline to 2025-12-27 00:00:00+00:00, run_after=2025-12-28 00:00:00+00:00
[2025-12-28T20:48:13.980+0000] {processor.py:183} INFO - Processing /opt/airflow/dags/rugby_pipeline.py took 0.186 seconds
[2025-12-28T20:48:44.691+0000] {processor.py:161} INFO - Started process (PID=3342) to work on /opt/airflow/dags/rugby_pipeline.py
[2025-12-28T20:48:44.694+0000] {processor.py:830} INFO - Processing file /opt/airflow/dags/rugby_pipeline.py for tasks to queue
[2025-12-28T20:48:44.696+0000] {logging_mixin.py:188} INFO - [2025-12-28T20:48:44.695+0000] {dagbag.py:538} INFO - Filling up the DagBag from /opt/airflow/dags/rugby_pipeline.py
[2025-12-28T20:48:44.733+0000] {processor.py:840} INFO - DAG(s) 'rugby_pipeline' retrieved from /opt/airflow/dags/rugby_pipeline.py
[2025-12-28T20:48:44.769+0000] {logging_mixin.py:188} INFO - [2025-12-28T20:48:44.769+0000] {dag.py:3036} INFO - Sync 1 DAGs
[2025-12-28T20:48:44.814+0000] {logging_mixin.py:188} INFO - [2025-12-28T20:48:44.814+0000] {dag.py:3823} INFO - Setting next_dagrun for rugby_pipeline to 2025-12-27 00:00:00+00:00, run_after=2025-12-28 00:00:00+00:00
[2025-12-28T20:48:44.887+0000] {processor.py:183} INFO - Processing /opt/airflow/dags/rugby_pipeline.py took 0.202 seconds
[2025-12-28T20:49:15.498+0000] {processor.py:161} INFO - Started process (PID=3362) to work on /opt/airflow/dags/rugby_pipeline.py
[2025-12-28T20:49:15.501+0000] {processor.py:830} INFO - Processing file /opt/airflow/dags/rugby_pipeline.py for tasks to queue
[2025-12-28T20:49:15.503+0000] {logging_mixin.py:188} INFO - [2025-12-28T20:49:15.502+0000] {dagbag.py:538} INFO - Filling up the DagBag from /opt/airflow/dags/rugby_pipeline.py
[2025-12-28T20:49:15.550+0000] {processor.py:840} INFO - DAG(s) 'rugby_pipeline' retrieved from /opt/airflow/dags/rugby_pipeline.py
[2025-12-28T20:49:15.596+0000] {logging_mixin.py:188} INFO - [2025-12-28T20:49:15.595+0000] {dag.py:3036} INFO - Sync 1 DAGs
[2025-12-28T20:49:15.639+0000] {logging_mixin.py:188} INFO - [2025-12-28T20:49:15.639+0000] {dag.py:3823} INFO - Setting next_dagrun for rugby_pipeline to 2025-12-27 00:00:00+00:00, run_after=2025-12-28 00:00:00+00:00
[2025-12-28T20:49:15.715+0000] {processor.py:183} INFO - Processing /opt/airflow/dags/rugby_pipeline.py took 0.225 seconds
[2025-12-28T20:49:46.247+0000] {processor.py:161} INFO - Started process (PID=3382) to work on /opt/airflow/dags/rugby_pipeline.py
[2025-12-28T20:49:46.249+0000] {processor.py:830} INFO - Processing file /opt/airflow/dags/rugby_pipeline.py for tasks to queue
[2025-12-28T20:49:46.251+0000] {logging_mixin.py:188} INFO - [2025-12-28T20:49:46.251+0000] {dagbag.py:538} INFO - Filling up the DagBag from /opt/airflow/dags/rugby_pipeline.py
[2025-12-28T20:49:46.293+0000] {processor.py:840} INFO - DAG(s) 'rugby_pipeline' retrieved from /opt/airflow/dags/rugby_pipeline.py
[2025-12-28T20:49:46.332+0000] {logging_mixin.py:188} INFO - [2025-12-28T20:49:46.332+0000] {dag.py:3036} INFO - Sync 1 DAGs
[2025-12-28T20:49:46.376+0000] {logging_mixin.py:188} INFO - [2025-12-28T20:49:46.376+0000] {dag.py:3823} INFO - Setting next_dagrun for rugby_pipeline to 2025-12-27 00:00:00+00:00, run_after=2025-12-28 00:00:00+00:00
[2025-12-28T20:49:46.449+0000] {processor.py:183} INFO - Processing /opt/airflow/dags/rugby_pipeline.py took 0.209 seconds
[2025-12-28T20:50:17.026+0000] {processor.py:161} INFO - Started process (PID=3402) to work on /opt/airflow/dags/rugby_pipeline.py
[2025-12-28T20:50:17.029+0000] {processor.py:830} INFO - Processing file /opt/airflow/dags/rugby_pipeline.py for tasks to queue
[2025-12-28T20:50:17.031+0000] {logging_mixin.py:188} INFO - [2025-12-28T20:50:17.031+0000] {dagbag.py:538} INFO - Filling up the DagBag from /opt/airflow/dags/rugby_pipeline.py
[2025-12-28T20:50:17.075+0000] {processor.py:840} INFO - DAG(s) 'rugby_pipeline' retrieved from /opt/airflow/dags/rugby_pipeline.py
[2025-12-28T20:50:17.119+0000] {logging_mixin.py:188} INFO - [2025-12-28T20:50:17.118+0000] {dag.py:3036} INFO - Sync 1 DAGs
[2025-12-28T20:50:17.166+0000] {logging_mixin.py:188} INFO - [2025-12-28T20:50:17.166+0000] {dag.py:3823} INFO - Setting next_dagrun for rugby_pipeline to 2025-12-27 00:00:00+00:00, run_after=2025-12-28 00:00:00+00:00
[2025-12-28T20:50:17.217+0000] {processor.py:183} INFO - Processing /opt/airflow/dags/rugby_pipeline.py took 0.199 seconds
[2025-12-28T20:50:47.989+0000] {processor.py:161} INFO - Started process (PID=3422) to work on /opt/airflow/dags/rugby_pipeline.py
[2025-12-28T20:50:47.991+0000] {processor.py:830} INFO - Processing file /opt/airflow/dags/rugby_pipeline.py for tasks to queue
[2025-12-28T20:50:47.993+0000] {logging_mixin.py:188} INFO - [2025-12-28T20:50:47.992+0000] {dagbag.py:538} INFO - Filling up the DagBag from /opt/airflow/dags/rugby_pipeline.py
[2025-12-28T20:50:48.031+0000] {processor.py:840} INFO - DAG(s) 'rugby_pipeline' retrieved from /opt/airflow/dags/rugby_pipeline.py
[2025-12-28T20:50:48.071+0000] {logging_mixin.py:188} INFO - [2025-12-28T20:50:48.071+0000] {dag.py:3036} INFO - Sync 1 DAGs
[2025-12-28T20:50:48.108+0000] {logging_mixin.py:188} INFO - [2025-12-28T20:50:48.107+0000] {dag.py:3823} INFO - Setting next_dagrun for rugby_pipeline to 2025-12-27 00:00:00+00:00, run_after=2025-12-28 00:00:00+00:00
[2025-12-28T20:50:48.177+0000] {processor.py:183} INFO - Processing /opt/airflow/dags/rugby_pipeline.py took 0.194 seconds
[2025-12-28T20:51:18.789+0000] {processor.py:161} INFO - Started process (PID=3442) to work on /opt/airflow/dags/rugby_pipeline.py
[2025-12-28T20:51:18.792+0000] {processor.py:830} INFO - Processing file /opt/airflow/dags/rugby_pipeline.py for tasks to queue
[2025-12-28T20:51:18.793+0000] {logging_mixin.py:188} INFO - [2025-12-28T20:51:18.793+0000] {dagbag.py:538} INFO - Filling up the DagBag from /opt/airflow/dags/rugby_pipeline.py
[2025-12-28T20:51:18.834+0000] {processor.py:840} INFO - DAG(s) 'rugby_pipeline' retrieved from /opt/airflow/dags/rugby_pipeline.py
[2025-12-28T20:51:18.882+0000] {logging_mixin.py:188} INFO - [2025-12-28T20:51:18.881+0000] {dag.py:3036} INFO - Sync 1 DAGs
[2025-12-28T20:51:18.929+0000] {logging_mixin.py:188} INFO - [2025-12-28T20:51:18.928+0000] {dag.py:3823} INFO - Setting next_dagrun for rugby_pipeline to 2025-12-27 00:00:00+00:00, run_after=2025-12-28 00:00:00+00:00
[2025-12-28T20:51:18.968+0000] {processor.py:183} INFO - Processing /opt/airflow/dags/rugby_pipeline.py took 0.186 seconds
[2025-12-28T20:51:49.718+0000] {processor.py:161} INFO - Started process (PID=3462) to work on /opt/airflow/dags/rugby_pipeline.py
[2025-12-28T20:51:49.719+0000] {processor.py:830} INFO - Processing file /opt/airflow/dags/rugby_pipeline.py for tasks to queue
[2025-12-28T20:51:49.722+0000] {logging_mixin.py:188} INFO - [2025-12-28T20:51:49.721+0000] {dagbag.py:538} INFO - Filling up the DagBag from /opt/airflow/dags/rugby_pipeline.py
[2025-12-28T20:51:49.765+0000] {processor.py:840} INFO - DAG(s) 'rugby_pipeline' retrieved from /opt/airflow/dags/rugby_pipeline.py
[2025-12-28T20:51:49.806+0000] {logging_mixin.py:188} INFO - [2025-12-28T20:51:49.806+0000] {dag.py:3036} INFO - Sync 1 DAGs
[2025-12-28T20:51:49.848+0000] {logging_mixin.py:188} INFO - [2025-12-28T20:51:49.847+0000] {dag.py:3823} INFO - Setting next_dagrun for rugby_pipeline to 2025-12-27 00:00:00+00:00, run_after=2025-12-28 00:00:00+00:00
[2025-12-28T20:51:49.884+0000] {processor.py:183} INFO - Processing /opt/airflow/dags/rugby_pipeline.py took 0.173 seconds
[2025-12-28T20:52:20.434+0000] {processor.py:161} INFO - Started process (PID=3482) to work on /opt/airflow/dags/rugby_pipeline.py
[2025-12-28T20:52:20.436+0000] {processor.py:830} INFO - Processing file /opt/airflow/dags/rugby_pipeline.py for tasks to queue
[2025-12-28T20:52:20.438+0000] {logging_mixin.py:188} INFO - [2025-12-28T20:52:20.437+0000] {dagbag.py:538} INFO - Filling up the DagBag from /opt/airflow/dags/rugby_pipeline.py
[2025-12-28T20:52:20.487+0000] {processor.py:840} INFO - DAG(s) 'rugby_pipeline' retrieved from /opt/airflow/dags/rugby_pipeline.py
[2025-12-28T20:52:20.528+0000] {logging_mixin.py:188} INFO - [2025-12-28T20:52:20.528+0000] {dag.py:3036} INFO - Sync 1 DAGs
[2025-12-28T20:52:20.573+0000] {logging_mixin.py:188} INFO - [2025-12-28T20:52:20.573+0000] {dag.py:3823} INFO - Setting next_dagrun for rugby_pipeline to 2025-12-27 00:00:00+00:00, run_after=2025-12-28 00:00:00+00:00
[2025-12-28T20:52:20.644+0000] {processor.py:183} INFO - Processing /opt/airflow/dags/rugby_pipeline.py took 0.219 seconds
[2025-12-28T20:52:51.210+0000] {processor.py:161} INFO - Started process (PID=3502) to work on /opt/airflow/dags/rugby_pipeline.py
[2025-12-28T20:52:51.234+0000] {processor.py:830} INFO - Processing file /opt/airflow/dags/rugby_pipeline.py for tasks to queue
[2025-12-28T20:52:51.236+0000] {logging_mixin.py:188} INFO - [2025-12-28T20:52:51.235+0000] {dagbag.py:538} INFO - Filling up the DagBag from /opt/airflow/dags/rugby_pipeline.py
[2025-12-28T20:52:51.280+0000] {processor.py:840} INFO - DAG(s) 'rugby_pipeline' retrieved from /opt/airflow/dags/rugby_pipeline.py
[2025-12-28T20:52:51.320+0000] {logging_mixin.py:188} INFO - [2025-12-28T20:52:51.320+0000] {dag.py:3036} INFO - Sync 1 DAGs
[2025-12-28T20:52:51.366+0000] {logging_mixin.py:188} INFO - [2025-12-28T20:52:51.365+0000] {dag.py:3823} INFO - Setting next_dagrun for rugby_pipeline to 2025-12-27 00:00:00+00:00, run_after=2025-12-28 00:00:00+00:00
[2025-12-28T20:52:51.448+0000] {processor.py:183} INFO - Processing /opt/airflow/dags/rugby_pipeline.py took 0.245 seconds
[2025-12-28T20:53:22.008+0000] {processor.py:161} INFO - Started process (PID=3522) to work on /opt/airflow/dags/rugby_pipeline.py
[2025-12-28T20:53:22.011+0000] {processor.py:830} INFO - Processing file /opt/airflow/dags/rugby_pipeline.py for tasks to queue
[2025-12-28T20:53:22.013+0000] {logging_mixin.py:188} INFO - [2025-12-28T20:53:22.012+0000] {dagbag.py:538} INFO - Filling up the DagBag from /opt/airflow/dags/rugby_pipeline.py
[2025-12-28T20:53:22.063+0000] {processor.py:840} INFO - DAG(s) 'rugby_pipeline' retrieved from /opt/airflow/dags/rugby_pipeline.py
[2025-12-28T20:53:22.106+0000] {logging_mixin.py:188} INFO - [2025-12-28T20:53:22.105+0000] {dag.py:3036} INFO - Sync 1 DAGs
[2025-12-28T20:53:22.150+0000] {logging_mixin.py:188} INFO - [2025-12-28T20:53:22.150+0000] {dag.py:3823} INFO - Setting next_dagrun for rugby_pipeline to 2025-12-27 00:00:00+00:00, run_after=2025-12-28 00:00:00+00:00
[2025-12-28T20:53:22.224+0000] {processor.py:183} INFO - Processing /opt/airflow/dags/rugby_pipeline.py took 0.223 seconds
[2025-12-28T20:53:52.933+0000] {processor.py:161} INFO - Started process (PID=3542) to work on /opt/airflow/dags/rugby_pipeline.py
[2025-12-28T20:53:52.935+0000] {processor.py:830} INFO - Processing file /opt/airflow/dags/rugby_pipeline.py for tasks to queue
[2025-12-28T20:53:52.937+0000] {logging_mixin.py:188} INFO - [2025-12-28T20:53:52.937+0000] {dagbag.py:538} INFO - Filling up the DagBag from /opt/airflow/dags/rugby_pipeline.py
[2025-12-28T20:53:52.988+0000] {processor.py:840} INFO - DAG(s) 'rugby_pipeline' retrieved from /opt/airflow/dags/rugby_pipeline.py
[2025-12-28T20:53:53.035+0000] {logging_mixin.py:188} INFO - [2025-12-28T20:53:53.034+0000] {dag.py:3036} INFO - Sync 1 DAGs
[2025-12-28T20:53:53.075+0000] {logging_mixin.py:188} INFO - [2025-12-28T20:53:53.075+0000] {dag.py:3823} INFO - Setting next_dagrun for rugby_pipeline to 2025-12-27 00:00:00+00:00, run_after=2025-12-28 00:00:00+00:00
[2025-12-28T20:53:53.150+0000] {processor.py:183} INFO - Processing /opt/airflow/dags/rugby_pipeline.py took 0.224 seconds
[2025-12-28T20:54:23.748+0000] {processor.py:161} INFO - Started process (PID=3562) to work on /opt/airflow/dags/rugby_pipeline.py
[2025-12-28T20:54:23.751+0000] {processor.py:830} INFO - Processing file /opt/airflow/dags/rugby_pipeline.py for tasks to queue
[2025-12-28T20:54:23.753+0000] {logging_mixin.py:188} INFO - [2025-12-28T20:54:23.752+0000] {dagbag.py:538} INFO - Filling up the DagBag from /opt/airflow/dags/rugby_pipeline.py
[2025-12-28T20:54:23.801+0000] {processor.py:840} INFO - DAG(s) 'rugby_pipeline' retrieved from /opt/airflow/dags/rugby_pipeline.py
[2025-12-28T20:54:23.842+0000] {logging_mixin.py:188} INFO - [2025-12-28T20:54:23.842+0000] {dag.py:3036} INFO - Sync 1 DAGs
[2025-12-28T20:54:23.888+0000] {logging_mixin.py:188} INFO - [2025-12-28T20:54:23.888+0000] {dag.py:3823} INFO - Setting next_dagrun for rugby_pipeline to 2025-12-27 00:00:00+00:00, run_after=2025-12-28 00:00:00+00:00
[2025-12-28T20:54:23.965+0000] {processor.py:183} INFO - Processing /opt/airflow/dags/rugby_pipeline.py took 0.224 seconds
[2025-12-28T20:54:54.527+0000] {processor.py:161} INFO - Started process (PID=3582) to work on /opt/airflow/dags/rugby_pipeline.py
[2025-12-28T20:54:54.530+0000] {processor.py:830} INFO - Processing file /opt/airflow/dags/rugby_pipeline.py for tasks to queue
[2025-12-28T20:54:54.532+0000] {logging_mixin.py:188} INFO - [2025-12-28T20:54:54.532+0000] {dagbag.py:538} INFO - Filling up the DagBag from /opt/airflow/dags/rugby_pipeline.py
[2025-12-28T20:54:54.572+0000] {processor.py:840} INFO - DAG(s) 'rugby_pipeline' retrieved from /opt/airflow/dags/rugby_pipeline.py
[2025-12-28T20:54:54.618+0000] {logging_mixin.py:188} INFO - [2025-12-28T20:54:54.617+0000] {dag.py:3036} INFO - Sync 1 DAGs
[2025-12-28T20:54:54.663+0000] {logging_mixin.py:188} INFO - [2025-12-28T20:54:54.660+0000] {dag.py:3823} INFO - Setting next_dagrun for rugby_pipeline to 2025-12-27 00:00:00+00:00, run_after=2025-12-28 00:00:00+00:00
[2025-12-28T20:54:54.742+0000] {processor.py:183} INFO - Processing /opt/airflow/dags/rugby_pipeline.py took 0.223 seconds
[2025-12-28T20:55:25.287+0000] {processor.py:161} INFO - Started process (PID=3602) to work on /opt/airflow/dags/rugby_pipeline.py
[2025-12-28T20:55:25.289+0000] {processor.py:830} INFO - Processing file /opt/airflow/dags/rugby_pipeline.py for tasks to queue
[2025-12-28T20:55:25.291+0000] {logging_mixin.py:188} INFO - [2025-12-28T20:55:25.290+0000] {dagbag.py:538} INFO - Filling up the DagBag from /opt/airflow/dags/rugby_pipeline.py
[2025-12-28T20:55:25.332+0000] {processor.py:840} INFO - DAG(s) 'rugby_pipeline' retrieved from /opt/airflow/dags/rugby_pipeline.py
[2025-12-28T20:55:25.376+0000] {logging_mixin.py:188} INFO - [2025-12-28T20:55:25.376+0000] {dag.py:3036} INFO - Sync 1 DAGs
[2025-12-28T20:55:25.414+0000] {logging_mixin.py:188} INFO - [2025-12-28T20:55:25.413+0000] {dag.py:3823} INFO - Setting next_dagrun for rugby_pipeline to 2025-12-27 00:00:00+00:00, run_after=2025-12-28 00:00:00+00:00
[2025-12-28T20:55:25.443+0000] {processor.py:183} INFO - Processing /opt/airflow/dags/rugby_pipeline.py took 0.164 seconds
[2025-12-28T20:55:56.105+0000] {processor.py:161} INFO - Started process (PID=3622) to work on /opt/airflow/dags/rugby_pipeline.py
[2025-12-28T20:55:56.108+0000] {processor.py:830} INFO - Processing file /opt/airflow/dags/rugby_pipeline.py for tasks to queue
[2025-12-28T20:55:56.111+0000] {logging_mixin.py:188} INFO - [2025-12-28T20:55:56.110+0000] {dagbag.py:538} INFO - Filling up the DagBag from /opt/airflow/dags/rugby_pipeline.py
[2025-12-28T20:55:56.170+0000] {processor.py:840} INFO - DAG(s) 'rugby_pipeline' retrieved from /opt/airflow/dags/rugby_pipeline.py
[2025-12-28T20:55:56.224+0000] {logging_mixin.py:188} INFO - [2025-12-28T20:55:56.223+0000] {dag.py:3036} INFO - Sync 1 DAGs
[2025-12-28T20:55:56.274+0000] {logging_mixin.py:188} INFO - [2025-12-28T20:55:56.273+0000] {dag.py:3823} INFO - Setting next_dagrun for rugby_pipeline to 2025-12-27 00:00:00+00:00, run_after=2025-12-28 00:00:00+00:00
[2025-12-28T20:55:56.354+0000] {processor.py:183} INFO - Processing /opt/airflow/dags/rugby_pipeline.py took 0.257 seconds
[2025-12-28T20:56:26.570+0000] {processor.py:161} INFO - Started process (PID=3647) to work on /opt/airflow/dags/rugby_pipeline.py
[2025-12-28T20:56:26.573+0000] {processor.py:830} INFO - Processing file /opt/airflow/dags/rugby_pipeline.py for tasks to queue
[2025-12-28T20:56:26.575+0000] {logging_mixin.py:188} INFO - [2025-12-28T20:56:26.575+0000] {dagbag.py:538} INFO - Filling up the DagBag from /opt/airflow/dags/rugby_pipeline.py
[2025-12-28T20:56:26.634+0000] {processor.py:840} INFO - DAG(s) 'rugby_pipeline' retrieved from /opt/airflow/dags/rugby_pipeline.py
[2025-12-28T20:56:26.688+0000] {logging_mixin.py:188} INFO - [2025-12-28T20:56:26.687+0000] {dag.py:3036} INFO - Sync 1 DAGs
[2025-12-28T20:56:26.763+0000] {logging_mixin.py:188} INFO - [2025-12-28T20:56:26.763+0000] {dag.py:3823} INFO - Setting next_dagrun for rugby_pipeline to 2025-12-27 00:00:00+00:00, run_after=2025-12-28 00:00:00+00:00
[2025-12-28T20:56:26.847+0000] {processor.py:183} INFO - Processing /opt/airflow/dags/rugby_pipeline.py took 0.286 seconds
[2025-12-28T20:56:57.014+0000] {processor.py:161} INFO - Started process (PID=3662) to work on /opt/airflow/dags/rugby_pipeline.py
[2025-12-28T20:56:57.017+0000] {processor.py:830} INFO - Processing file /opt/airflow/dags/rugby_pipeline.py for tasks to queue
[2025-12-28T20:56:57.020+0000] {logging_mixin.py:188} INFO - [2025-12-28T20:56:57.019+0000] {dagbag.py:538} INFO - Filling up the DagBag from /opt/airflow/dags/rugby_pipeline.py
[2025-12-28T20:56:57.077+0000] {processor.py:840} INFO - DAG(s) 'rugby_pipeline' retrieved from /opt/airflow/dags/rugby_pipeline.py
[2025-12-28T20:56:57.138+0000] {logging_mixin.py:188} INFO - [2025-12-28T20:56:57.138+0000] {dag.py:3036} INFO - Sync 1 DAGs
[2025-12-28T20:56:57.192+0000] {logging_mixin.py:188} INFO - [2025-12-28T20:56:57.192+0000] {dag.py:3823} INFO - Setting next_dagrun for rugby_pipeline to 2025-12-27 00:00:00+00:00, run_after=2025-12-28 00:00:00+00:00
[2025-12-28T20:56:57.273+0000] {processor.py:183} INFO - Processing /opt/airflow/dags/rugby_pipeline.py took 0.268 seconds
[2025-12-28T20:57:28.289+0000] {processor.py:161} INFO - Started process (PID=3682) to work on /opt/airflow/dags/rugby_pipeline.py
[2025-12-28T20:57:28.292+0000] {processor.py:830} INFO - Processing file /opt/airflow/dags/rugby_pipeline.py for tasks to queue
[2025-12-28T20:57:28.294+0000] {logging_mixin.py:188} INFO - [2025-12-28T20:57:28.293+0000] {dagbag.py:538} INFO - Filling up the DagBag from /opt/airflow/dags/rugby_pipeline.py
[2025-12-28T20:57:28.351+0000] {processor.py:840} INFO - DAG(s) 'rugby_pipeline' retrieved from /opt/airflow/dags/rugby_pipeline.py
[2025-12-28T20:57:28.401+0000] {logging_mixin.py:188} INFO - [2025-12-28T20:57:28.400+0000] {dag.py:3036} INFO - Sync 1 DAGs
[2025-12-28T20:57:28.449+0000] {logging_mixin.py:188} INFO - [2025-12-28T20:57:28.449+0000] {dag.py:3823} INFO - Setting next_dagrun for rugby_pipeline to 2025-12-27 00:00:00+00:00, run_after=2025-12-28 00:00:00+00:00
[2025-12-28T20:57:28.530+0000] {processor.py:183} INFO - Processing /opt/airflow/dags/rugby_pipeline.py took 0.250 seconds
[2025-12-28T20:57:58.856+0000] {processor.py:161} INFO - Started process (PID=3702) to work on /opt/airflow/dags/rugby_pipeline.py
[2025-12-28T20:57:58.860+0000] {processor.py:830} INFO - Processing file /opt/airflow/dags/rugby_pipeline.py for tasks to queue
[2025-12-28T20:57:58.862+0000] {logging_mixin.py:188} INFO - [2025-12-28T20:57:58.861+0000] {dagbag.py:538} INFO - Filling up the DagBag from /opt/airflow/dags/rugby_pipeline.py
[2025-12-28T20:57:58.920+0000] {processor.py:840} INFO - DAG(s) 'rugby_pipeline' retrieved from /opt/airflow/dags/rugby_pipeline.py
[2025-12-28T20:57:58.973+0000] {logging_mixin.py:188} INFO - [2025-12-28T20:57:58.973+0000] {dag.py:3036} INFO - Sync 1 DAGs
[2025-12-28T20:57:59.026+0000] {logging_mixin.py:188} INFO - [2025-12-28T20:57:59.026+0000] {dag.py:3823} INFO - Setting next_dagrun for rugby_pipeline to 2025-12-27 00:00:00+00:00, run_after=2025-12-28 00:00:00+00:00
[2025-12-28T20:57:59.112+0000] {processor.py:183} INFO - Processing /opt/airflow/dags/rugby_pipeline.py took 0.267 seconds
[2025-12-28T20:58:29.322+0000] {processor.py:161} INFO - Started process (PID=3720) to work on /opt/airflow/dags/rugby_pipeline.py
[2025-12-28T20:58:29.325+0000] {processor.py:830} INFO - Processing file /opt/airflow/dags/rugby_pipeline.py for tasks to queue
[2025-12-28T20:58:29.327+0000] {logging_mixin.py:188} INFO - [2025-12-28T20:58:29.326+0000] {dagbag.py:538} INFO - Filling up the DagBag from /opt/airflow/dags/rugby_pipeline.py
[2025-12-28T20:58:29.395+0000] {processor.py:840} INFO - DAG(s) 'rugby_pipeline' retrieved from /opt/airflow/dags/rugby_pipeline.py
[2025-12-28T20:58:29.468+0000] {logging_mixin.py:188} INFO - [2025-12-28T20:58:29.467+0000] {dag.py:3036} INFO - Sync 1 DAGs
[2025-12-28T20:58:29.535+0000] {logging_mixin.py:188} INFO - [2025-12-28T20:58:29.535+0000] {dag.py:3823} INFO - Setting next_dagrun for rugby_pipeline to 2025-12-27 00:00:00+00:00, run_after=2025-12-28 00:00:00+00:00
[2025-12-28T20:58:29.617+0000] {processor.py:183} INFO - Processing /opt/airflow/dags/rugby_pipeline.py took 0.304 seconds
[2025-12-28T20:58:59.923+0000] {processor.py:161} INFO - Started process (PID=3742) to work on /opt/airflow/dags/rugby_pipeline.py
[2025-12-28T20:58:59.926+0000] {processor.py:830} INFO - Processing file /opt/airflow/dags/rugby_pipeline.py for tasks to queue
[2025-12-28T20:58:59.929+0000] {logging_mixin.py:188} INFO - [2025-12-28T20:58:59.928+0000] {dagbag.py:538} INFO - Filling up the DagBag from /opt/airflow/dags/rugby_pipeline.py
[2025-12-28T20:58:59.986+0000] {processor.py:840} INFO - DAG(s) 'rugby_pipeline' retrieved from /opt/airflow/dags/rugby_pipeline.py
[2025-12-28T20:59:00.039+0000] {logging_mixin.py:188} INFO - [2025-12-28T20:59:00.039+0000] {dag.py:3036} INFO - Sync 1 DAGs
[2025-12-28T20:59:00.094+0000] {logging_mixin.py:188} INFO - [2025-12-28T20:59:00.093+0000] {dag.py:3823} INFO - Setting next_dagrun for rugby_pipeline to 2025-12-27 00:00:00+00:00, run_after=2025-12-28 00:00:00+00:00
[2025-12-28T20:59:00.174+0000] {processor.py:183} INFO - Processing /opt/airflow/dags/rugby_pipeline.py took 0.261 seconds
[2025-12-28T20:59:31.197+0000] {processor.py:161} INFO - Started process (PID=3762) to work on /opt/airflow/dags/rugby_pipeline.py
[2025-12-28T20:59:31.202+0000] {processor.py:830} INFO - Processing file /opt/airflow/dags/rugby_pipeline.py for tasks to queue
[2025-12-28T20:59:31.205+0000] {logging_mixin.py:188} INFO - [2025-12-28T20:59:31.204+0000] {dagbag.py:538} INFO - Filling up the DagBag from /opt/airflow/dags/rugby_pipeline.py
[2025-12-28T20:59:31.259+0000] {processor.py:840} INFO - DAG(s) 'rugby_pipeline' retrieved from /opt/airflow/dags/rugby_pipeline.py
[2025-12-28T20:59:31.309+0000] {logging_mixin.py:188} INFO - [2025-12-28T20:59:31.308+0000] {dag.py:3036} INFO - Sync 1 DAGs
[2025-12-28T20:59:31.362+0000] {logging_mixin.py:188} INFO - [2025-12-28T20:59:31.361+0000] {dag.py:3823} INFO - Setting next_dagrun for rugby_pipeline to 2025-12-27 00:00:00+00:00, run_after=2025-12-28 00:00:00+00:00
[2025-12-28T20:59:31.446+0000] {processor.py:183} INFO - Processing /opt/airflow/dags/rugby_pipeline.py took 0.257 seconds
[2025-12-28T21:00:01.819+0000] {processor.py:161} INFO - Started process (PID=3782) to work on /opt/airflow/dags/rugby_pipeline.py
[2025-12-28T21:00:01.822+0000] {processor.py:830} INFO - Processing file /opt/airflow/dags/rugby_pipeline.py for tasks to queue
[2025-12-28T21:00:01.824+0000] {logging_mixin.py:188} INFO - [2025-12-28T21:00:01.824+0000] {dagbag.py:538} INFO - Filling up the DagBag from /opt/airflow/dags/rugby_pipeline.py
[2025-12-28T21:00:01.881+0000] {processor.py:840} INFO - DAG(s) 'rugby_pipeline' retrieved from /opt/airflow/dags/rugby_pipeline.py
[2025-12-28T21:00:01.930+0000] {logging_mixin.py:188} INFO - [2025-12-28T21:00:01.930+0000] {dag.py:3036} INFO - Sync 1 DAGs
[2025-12-28T21:00:01.990+0000] {logging_mixin.py:188} INFO - [2025-12-28T21:00:01.990+0000] {dag.py:3823} INFO - Setting next_dagrun for rugby_pipeline to 2025-12-27 00:00:00+00:00, run_after=2025-12-28 00:00:00+00:00
[2025-12-28T21:00:02.035+0000] {processor.py:183} INFO - Processing /opt/airflow/dags/rugby_pipeline.py took 0.223 seconds
[2025-12-28T21:00:32.443+0000] {processor.py:161} INFO - Started process (PID=3802) to work on /opt/airflow/dags/rugby_pipeline.py
[2025-12-28T21:00:32.446+0000] {processor.py:830} INFO - Processing file /opt/airflow/dags/rugby_pipeline.py for tasks to queue
[2025-12-28T21:00:32.449+0000] {logging_mixin.py:188} INFO - [2025-12-28T21:00:32.448+0000] {dagbag.py:538} INFO - Filling up the DagBag from /opt/airflow/dags/rugby_pipeline.py
[2025-12-28T21:00:32.509+0000] {processor.py:840} INFO - DAG(s) 'rugby_pipeline' retrieved from /opt/airflow/dags/rugby_pipeline.py
[2025-12-28T21:00:32.573+0000] {logging_mixin.py:188} INFO - [2025-12-28T21:00:32.573+0000] {dag.py:3036} INFO - Sync 1 DAGs
[2025-12-28T21:00:32.645+0000] {logging_mixin.py:188} INFO - [2025-12-28T21:00:32.644+0000] {dag.py:3823} INFO - Setting next_dagrun for rugby_pipeline to 2025-12-27 00:00:00+00:00, run_after=2025-12-28 00:00:00+00:00
[2025-12-28T21:00:32.740+0000] {processor.py:183} INFO - Processing /opt/airflow/dags/rugby_pipeline.py took 0.310 seconds
[2025-12-28T21:01:03.010+0000] {processor.py:161} INFO - Started process (PID=3822) to work on /opt/airflow/dags/rugby_pipeline.py
[2025-12-28T21:01:03.013+0000] {processor.py:830} INFO - Processing file /opt/airflow/dags/rugby_pipeline.py for tasks to queue
[2025-12-28T21:01:03.016+0000] {logging_mixin.py:188} INFO - [2025-12-28T21:01:03.015+0000] {dagbag.py:538} INFO - Filling up the DagBag from /opt/airflow/dags/rugby_pipeline.py
[2025-12-28T21:01:03.084+0000] {processor.py:840} INFO - DAG(s) 'rugby_pipeline' retrieved from /opt/airflow/dags/rugby_pipeline.py
[2025-12-28T21:01:03.146+0000] {logging_mixin.py:188} INFO - [2025-12-28T21:01:03.145+0000] {dag.py:3036} INFO - Sync 1 DAGs
[2025-12-28T21:01:03.207+0000] {logging_mixin.py:188} INFO - [2025-12-28T21:01:03.206+0000] {dag.py:3823} INFO - Setting next_dagrun for rugby_pipeline to 2025-12-27 00:00:00+00:00, run_after=2025-12-28 00:00:00+00:00
[2025-12-28T21:01:03.297+0000] {processor.py:183} INFO - Processing /opt/airflow/dags/rugby_pipeline.py took 0.297 seconds
[2025-12-28T21:01:33.475+0000] {processor.py:161} INFO - Started process (PID=3842) to work on /opt/airflow/dags/rugby_pipeline.py
[2025-12-28T21:01:33.478+0000] {processor.py:830} INFO - Processing file /opt/airflow/dags/rugby_pipeline.py for tasks to queue
[2025-12-28T21:01:33.481+0000] {logging_mixin.py:188} INFO - [2025-12-28T21:01:33.480+0000] {dagbag.py:538} INFO - Filling up the DagBag from /opt/airflow/dags/rugby_pipeline.py
[2025-12-28T21:01:33.545+0000] {processor.py:840} INFO - DAG(s) 'rugby_pipeline' retrieved from /opt/airflow/dags/rugby_pipeline.py
[2025-12-28T21:01:33.595+0000] {logging_mixin.py:188} INFO - [2025-12-28T21:01:33.594+0000] {dag.py:3036} INFO - Sync 1 DAGs
[2025-12-28T21:01:33.646+0000] {logging_mixin.py:188} INFO - [2025-12-28T21:01:33.645+0000] {dag.py:3823} INFO - Setting next_dagrun for rugby_pipeline to 2025-12-27 00:00:00+00:00, run_after=2025-12-28 00:00:00+00:00
[2025-12-28T21:01:33.689+0000] {processor.py:183} INFO - Processing /opt/airflow/dags/rugby_pipeline.py took 0.223 seconds
[2025-12-28T21:02:03.886+0000] {processor.py:161} INFO - Started process (PID=3860) to work on /opt/airflow/dags/rugby_pipeline.py
[2025-12-28T21:02:03.889+0000] {processor.py:830} INFO - Processing file /opt/airflow/dags/rugby_pipeline.py for tasks to queue
[2025-12-28T21:02:03.892+0000] {logging_mixin.py:188} INFO - [2025-12-28T21:02:03.891+0000] {dagbag.py:538} INFO - Filling up the DagBag from /opt/airflow/dags/rugby_pipeline.py
[2025-12-28T21:02:03.952+0000] {processor.py:840} INFO - DAG(s) 'rugby_pipeline' retrieved from /opt/airflow/dags/rugby_pipeline.py
[2025-12-28T21:02:04.011+0000] {logging_mixin.py:188} INFO - [2025-12-28T21:02:04.010+0000] {dag.py:3036} INFO - Sync 1 DAGs
[2025-12-28T21:02:04.067+0000] {logging_mixin.py:188} INFO - [2025-12-28T21:02:04.066+0000] {dag.py:3823} INFO - Setting next_dagrun for rugby_pipeline to 2025-12-27 00:00:00+00:00, run_after=2025-12-28 00:00:00+00:00
[2025-12-28T21:02:04.148+0000] {processor.py:183} INFO - Processing /opt/airflow/dags/rugby_pipeline.py took 0.271 seconds
[2025-12-28T21:02:35.306+0000] {processor.py:161} INFO - Started process (PID=3882) to work on /opt/airflow/dags/rugby_pipeline.py
[2025-12-28T21:02:35.309+0000] {processor.py:830} INFO - Processing file /opt/airflow/dags/rugby_pipeline.py for tasks to queue
[2025-12-28T21:02:35.312+0000] {logging_mixin.py:188} INFO - [2025-12-28T21:02:35.311+0000] {dagbag.py:538} INFO - Filling up the DagBag from /opt/airflow/dags/rugby_pipeline.py
[2025-12-28T21:02:35.376+0000] {processor.py:840} INFO - DAG(s) 'rugby_pipeline' retrieved from /opt/airflow/dags/rugby_pipeline.py
[2025-12-28T21:02:35.426+0000] {logging_mixin.py:188} INFO - [2025-12-28T21:02:35.426+0000] {dag.py:3036} INFO - Sync 1 DAGs
[2025-12-28T21:02:35.474+0000] {logging_mixin.py:188} INFO - [2025-12-28T21:02:35.473+0000] {dag.py:3823} INFO - Setting next_dagrun for rugby_pipeline to 2025-12-27 00:00:00+00:00, run_after=2025-12-28 00:00:00+00:00
[2025-12-28T21:02:35.560+0000] {processor.py:183} INFO - Processing /opt/airflow/dags/rugby_pipeline.py took 0.264 seconds
[2025-12-28T21:03:05.729+0000] {processor.py:161} INFO - Started process (PID=3900) to work on /opt/airflow/dags/rugby_pipeline.py
[2025-12-28T21:03:05.732+0000] {processor.py:830} INFO - Processing file /opt/airflow/dags/rugby_pipeline.py for tasks to queue
[2025-12-28T21:03:05.734+0000] {logging_mixin.py:188} INFO - [2025-12-28T21:03:05.734+0000] {dagbag.py:538} INFO - Filling up the DagBag from /opt/airflow/dags/rugby_pipeline.py
[2025-12-28T21:03:05.792+0000] {processor.py:840} INFO - DAG(s) 'rugby_pipeline' retrieved from /opt/airflow/dags/rugby_pipeline.py
[2025-12-28T21:03:05.842+0000] {logging_mixin.py:188} INFO - [2025-12-28T21:03:05.842+0000] {dag.py:3036} INFO - Sync 1 DAGs
[2025-12-28T21:03:05.900+0000] {logging_mixin.py:188} INFO - [2025-12-28T21:03:05.899+0000] {dag.py:3823} INFO - Setting next_dagrun for rugby_pipeline to 2025-12-27 00:00:00+00:00, run_after=2025-12-28 00:00:00+00:00
[2025-12-28T21:03:05.998+0000] {processor.py:183} INFO - Processing /opt/airflow/dags/rugby_pipeline.py took 0.276 seconds
[2025-12-28T21:03:36.955+0000] {processor.py:161} INFO - Started process (PID=3922) to work on /opt/airflow/dags/rugby_pipeline.py
[2025-12-28T21:03:36.958+0000] {processor.py:830} INFO - Processing file /opt/airflow/dags/rugby_pipeline.py for tasks to queue
[2025-12-28T21:03:36.960+0000] {logging_mixin.py:188} INFO - [2025-12-28T21:03:36.959+0000] {dagbag.py:538} INFO - Filling up the DagBag from /opt/airflow/dags/rugby_pipeline.py
[2025-12-28T21:03:37.031+0000] {processor.py:840} INFO - DAG(s) 'rugby_pipeline' retrieved from /opt/airflow/dags/rugby_pipeline.py
[2025-12-28T21:03:37.083+0000] {logging_mixin.py:188} INFO - [2025-12-28T21:03:37.082+0000] {dag.py:3036} INFO - Sync 1 DAGs
[2025-12-28T21:03:37.140+0000] {logging_mixin.py:188} INFO - [2025-12-28T21:03:37.140+0000] {dag.py:3823} INFO - Setting next_dagrun for rugby_pipeline to 2025-12-27 00:00:00+00:00, run_after=2025-12-28 00:00:00+00:00
[2025-12-28T21:03:37.225+0000] {processor.py:183} INFO - Processing /opt/airflow/dags/rugby_pipeline.py took 0.278 seconds
[2025-12-28T21:04:07.572+0000] {processor.py:161} INFO - Started process (PID=3942) to work on /opt/airflow/dags/rugby_pipeline.py
[2025-12-28T21:04:07.575+0000] {processor.py:830} INFO - Processing file /opt/airflow/dags/rugby_pipeline.py for tasks to queue
[2025-12-28T21:04:07.577+0000] {logging_mixin.py:188} INFO - [2025-12-28T21:04:07.576+0000] {dagbag.py:538} INFO - Filling up the DagBag from /opt/airflow/dags/rugby_pipeline.py
[2025-12-28T21:04:07.630+0000] {processor.py:840} INFO - DAG(s) 'rugby_pipeline' retrieved from /opt/airflow/dags/rugby_pipeline.py
[2025-12-28T21:04:07.692+0000] {logging_mixin.py:188} INFO - [2025-12-28T21:04:07.692+0000] {dag.py:3036} INFO - Sync 1 DAGs
[2025-12-28T21:04:07.745+0000] {logging_mixin.py:188} INFO - [2025-12-28T21:04:07.745+0000] {dag.py:3823} INFO - Setting next_dagrun for rugby_pipeline to 2025-12-27 00:00:00+00:00, run_after=2025-12-28 00:00:00+00:00
[2025-12-28T21:04:07.786+0000] {processor.py:183} INFO - Processing /opt/airflow/dags/rugby_pipeline.py took 0.223 seconds
[2025-12-28T21:04:38.099+0000] {processor.py:161} INFO - Started process (PID=3962) to work on /opt/airflow/dags/rugby_pipeline.py
[2025-12-28T21:04:38.103+0000] {processor.py:830} INFO - Processing file /opt/airflow/dags/rugby_pipeline.py for tasks to queue
[2025-12-28T21:04:38.106+0000] {logging_mixin.py:188} INFO - [2025-12-28T21:04:38.105+0000] {dagbag.py:538} INFO - Filling up the DagBag from /opt/airflow/dags/rugby_pipeline.py
[2025-12-28T21:04:38.163+0000] {processor.py:840} INFO - DAG(s) 'rugby_pipeline' retrieved from /opt/airflow/dags/rugby_pipeline.py
[2025-12-28T21:04:38.219+0000] {logging_mixin.py:188} INFO - [2025-12-28T21:04:38.218+0000] {dag.py:3036} INFO - Sync 1 DAGs
[2025-12-28T21:04:38.287+0000] {logging_mixin.py:188} INFO - [2025-12-28T21:04:38.286+0000] {dag.py:3823} INFO - Setting next_dagrun for rugby_pipeline to 2025-12-27 00:00:00+00:00, run_after=2025-12-28 00:00:00+00:00
[2025-12-28T21:04:38.332+0000] {processor.py:183} INFO - Processing /opt/airflow/dags/rugby_pipeline.py took 0.243 seconds
[2025-12-28T23:04:56.081+0000] {processor.py:161} INFO - Started process (PID=3984) to work on /opt/airflow/dags/rugby_pipeline.py
[2025-12-28T23:04:56.100+0000] {processor.py:830} INFO - Processing file /opt/airflow/dags/rugby_pipeline.py for tasks to queue
[2025-12-28T23:04:56.133+0000] {logging_mixin.py:188} INFO - [2025-12-28T23:04:56.128+0000] {dagbag.py:538} INFO - Filling up the DagBag from /opt/airflow/dags/rugby_pipeline.py
[2025-12-28T23:04:56.998+0000] {processor.py:840} INFO - DAG(s) 'rugby_pipeline' retrieved from /opt/airflow/dags/rugby_pipeline.py
[2025-12-29T14:49:09.392+0000] {logging_mixin.py:188} INFO - [2025-12-29T14:49:09.391+0000] {dag.py:3036} INFO - Sync 1 DAGs
[2025-12-29T14:49:09.542+0000] {logging_mixin.py:188} INFO - [2025-12-29T14:49:09.541+0000] {dag.py:3823} INFO - Setting next_dagrun for rugby_pipeline to 2025-12-28 00:00:00+00:00, run_after=2025-12-29 00:00:00+00:00
[2025-12-29T14:49:09.724+0000] {processor.py:183} INFO - Processing /opt/airflow/dags/rugby_pipeline.py took 1.611 seconds
