[2025-12-24T17:29:01.807+0000] {taskinstance.py:1956} INFO - Dependencies all met for dep_context=non-requeueable deps ti=<TaskInstance: rugby_pipeline.trigger_dlt_pipeline manual__2025-12-24T17:29:01.262101+00:00 [queued]>
[2025-12-24T17:29:01.822+0000] {taskinstance.py:1956} INFO - Dependencies all met for dep_context=requeueable deps ti=<TaskInstance: rugby_pipeline.trigger_dlt_pipeline manual__2025-12-24T17:29:01.262101+00:00 [queued]>
[2025-12-24T17:29:01.823+0000] {taskinstance.py:2170} INFO - Starting attempt 1 of 1
[2025-12-24T17:29:01.845+0000] {taskinstance.py:2191} INFO - Executing <Task(DatabricksRunNowOperator): trigger_dlt_pipeline> on 2025-12-24 17:29:01.262101+00:00
[2025-12-24T17:29:01.856+0000] {standard_task_runner.py:60} INFO - Started process 479 to run task
[2025-12-24T17:29:01.865+0000] {standard_task_runner.py:87} INFO - Running: ['***', 'tasks', 'run', 'rugby_pipeline', 'trigger_dlt_pipeline', 'manual__2025-12-24T17:29:01.262101+00:00', '--job-id', '4', '--raw', '--subdir', 'DAGS_FOLDER/rugby_pipeline.py', '--cfg-path', '/tmp/tmpcs1qpdzd']
[2025-12-24T17:29:01.870+0000] {standard_task_runner.py:88} INFO - Job 4: Subtask trigger_dlt_pipeline
[2025-12-24T17:29:01.966+0000] {task_command.py:423} INFO - Running <TaskInstance: rugby_pipeline.trigger_dlt_pipeline manual__2025-12-24T17:29:01.262101+00:00 [running]> on host bed2a25c9570
[2025-12-24T17:29:02.146+0000] {taskinstance.py:2480} INFO - Exporting env vars: AIRFLOW_CTX_DAG_OWNER='***' AIRFLOW_CTX_DAG_ID='rugby_pipeline' AIRFLOW_CTX_TASK_ID='trigger_dlt_pipeline' AIRFLOW_CTX_EXECUTION_DATE='2025-12-24T17:29:01.262101+00:00' AIRFLOW_CTX_TRY_NUMBER='1' AIRFLOW_CTX_DAG_RUN_ID='manual__2025-12-24T17:29:01.262101+00:00'
[2025-12-24T17:29:02.165+0000] {base.py:83} INFO - Using connection ID 'databricks_default' for task execution.
[2025-12-24T17:29:02.168+0000] {databricks_base.py:546} INFO - Using basic auth.
[2025-12-24T17:29:03.046+0000] {databricks.py:66} INFO - Run submitted with run_id: 940725857841620
[2025-12-24T17:29:03.047+0000] {databricks_base.py:546} INFO - Using basic auth.
[2025-12-24T17:29:03.639+0000] {databricks_base.py:546} INFO - Using basic auth.
[2025-12-24T17:29:04.194+0000] {databricks.py:128} INFO - trigger_dlt_pipeline in run state: {'life_cycle_state': 'RUNNING', 'result_state': '', 'state_message': ''}
[2025-12-24T17:29:04.195+0000] {databricks.py:129} INFO - View run status, Spark UI, and logs at https://dbc-423a5d50-03a6.cloud.databricks.com/?o=684212911772223#job/640017615260074/run/940725857841620
[2025-12-24T17:29:04.196+0000] {databricks.py:130} INFO - Sleeping for 30 seconds.
[2025-12-24T17:29:34.225+0000] {databricks_base.py:546} INFO - Using basic auth.
[2025-12-24T17:29:34.892+0000] {databricks_base.py:546} INFO - Using basic auth.
[2025-12-24T17:29:35.729+0000] {taskinstance.py:2698} ERROR - Task failed with exception
Traceback (most recent call last):
  File "/home/airflow/.local/lib/python3.8/site-packages/airflow/models/taskinstance.py", line 433, in _execute_task
    result = execute_callable(context=context, **execute_callable_kwargs)
  File "/home/airflow/.local/lib/python3.8/site-packages/airflow/providers/databricks/operators/databricks.py", line 922, in execute
    _handle_databricks_operator_execution(self, hook, self.log, context)
  File "/home/airflow/.local/lib/python3.8/site-packages/airflow/providers/databricks/operators/databricks.py", line 126, in _handle_databricks_operator_execution
    raise AirflowException(error_message)
airflow.exceptions.AirflowException: trigger_dlt_pipeline failed with terminal state: {'life_cycle_state': 'INTERNAL_ERROR', 'result_state': 'FAILED', 'state_message': 'Task ingest_data failed with message: Workload failed, see run output for details.'} and with the errors [{'task_key': 'ingest_data', 'run_id': 51244915585566, 'error': 'Please refer to the logs for this pipeline in the pipelines page.'}]
[2025-12-24T17:29:35.733+0000] {taskinstance.py:1138} INFO - Marking task as FAILED. dag_id=rugby_pipeline, task_id=trigger_dlt_pipeline, execution_date=20251224T172901, start_date=20251224T172901, end_date=20251224T172935
[2025-12-24T17:29:35.752+0000] {standard_task_runner.py:107} ERROR - Failed to execute job 4 for task trigger_dlt_pipeline (trigger_dlt_pipeline failed with terminal state: {'life_cycle_state': 'INTERNAL_ERROR', 'result_state': 'FAILED', 'state_message': 'Task ingest_data failed with message: Workload failed, see run output for details.'} and with the errors [{'task_key': 'ingest_data', 'run_id': 51244915585566, 'error': 'Please refer to the logs for this pipeline in the pipelines page.'}]; 479)
[2025-12-24T17:29:35.796+0000] {local_task_job_runner.py:234} INFO - Task exited with return code 1
[2025-12-24T17:29:35.822+0000] {taskinstance.py:3280} INFO - 0 downstream tasks scheduled from follow-on schedule check
