[2025-12-27T18:54:31.619+0000] {taskinstance.py:1956} INFO - Dependencies all met for dep_context=non-requeueable deps ti=<TaskInstance: rugby_pipeline.trigger_dlt_pipeline manual__2025-12-27T18:54:30.404460+00:00 [queued]>
[2025-12-27T18:54:31.632+0000] {taskinstance.py:1956} INFO - Dependencies all met for dep_context=requeueable deps ti=<TaskInstance: rugby_pipeline.trigger_dlt_pipeline manual__2025-12-27T18:54:30.404460+00:00 [queued]>
[2025-12-27T18:54:31.633+0000] {taskinstance.py:2170} INFO - Starting attempt 1 of 1
[2025-12-27T18:54:31.656+0000] {taskinstance.py:2191} INFO - Executing <Task(DatabricksRunNowOperator): trigger_dlt_pipeline> on 2025-12-27 18:54:30.404460+00:00
[2025-12-27T18:54:31.665+0000] {standard_task_runner.py:60} INFO - Started process 860 to run task
[2025-12-27T18:54:31.672+0000] {standard_task_runner.py:87} INFO - Running: ['***', 'tasks', 'run', 'rugby_pipeline', 'trigger_dlt_pipeline', 'manual__2025-12-27T18:54:30.404460+00:00', '--job-id', '77', '--raw', '--subdir', 'DAGS_FOLDER/rugby_pipeline.py', '--cfg-path', '/tmp/tmpyikb_o6u']
[2025-12-27T18:54:31.677+0000] {standard_task_runner.py:88} INFO - Job 77: Subtask trigger_dlt_pipeline
[2025-12-27T18:54:31.770+0000] {task_command.py:423} INFO - Running <TaskInstance: rugby_pipeline.trigger_dlt_pipeline manual__2025-12-27T18:54:30.404460+00:00 [running]> on host 6c84c95fdea2
[2025-12-27T18:54:31.945+0000] {taskinstance.py:2480} INFO - Exporting env vars: AIRFLOW_CTX_DAG_OWNER='***' AIRFLOW_CTX_DAG_ID='rugby_pipeline' AIRFLOW_CTX_TASK_ID='trigger_dlt_pipeline' AIRFLOW_CTX_EXECUTION_DATE='2025-12-27T18:54:30.404460+00:00' AIRFLOW_CTX_TRY_NUMBER='1' AIRFLOW_CTX_DAG_RUN_ID='manual__2025-12-27T18:54:30.404460+00:00'
[2025-12-27T18:54:31.962+0000] {base.py:83} INFO - Using connection ID 'databricks_default' for task execution.
[2025-12-27T18:54:31.966+0000] {databricks_base.py:546} INFO - Using basic auth.
[2025-12-27T18:54:33.261+0000] {databricks.py:66} INFO - Run submitted with run_id: 738216594835470
[2025-12-27T18:54:33.264+0000] {databricks_base.py:546} INFO - Using basic auth.
[2025-12-27T18:54:33.923+0000] {databricks_base.py:546} INFO - Using basic auth.
[2025-12-27T18:54:34.538+0000] {databricks.py:128} INFO - trigger_dlt_pipeline in run state: {'life_cycle_state': 'RUNNING', 'result_state': '', 'state_message': ''}
[2025-12-27T18:54:34.540+0000] {databricks.py:129} INFO - View run status, Spark UI, and logs at https://dbc-423a5d50-03a6.cloud.databricks.com/?o=684212911772223#job/640017615260074/run/738216594835470
[2025-12-27T18:54:34.541+0000] {databricks.py:130} INFO - Sleeping for 30 seconds.
[2025-12-27T18:55:04.542+0000] {databricks_base.py:546} INFO - Using basic auth.
[2025-12-27T18:55:05.152+0000] {databricks.py:128} INFO - trigger_dlt_pipeline in run state: {'life_cycle_state': 'RUNNING', 'result_state': '', 'state_message': ''}
[2025-12-27T18:55:05.154+0000] {databricks.py:129} INFO - View run status, Spark UI, and logs at https://dbc-423a5d50-03a6.cloud.databricks.com/?o=684212911772223#job/640017615260074/run/738216594835470
[2025-12-27T18:55:05.155+0000] {databricks.py:130} INFO - Sleeping for 30 seconds.
[2025-12-27T18:55:35.184+0000] {databricks_base.py:546} INFO - Using basic auth.
[2025-12-27T18:55:35.870+0000] {databricks.py:128} INFO - trigger_dlt_pipeline in run state: {'life_cycle_state': 'RUNNING', 'result_state': '', 'state_message': ''}
[2025-12-27T18:55:35.871+0000] {databricks.py:129} INFO - View run status, Spark UI, and logs at https://dbc-423a5d50-03a6.cloud.databricks.com/?o=684212911772223#job/640017615260074/run/738216594835470
[2025-12-27T18:55:35.872+0000] {databricks.py:130} INFO - Sleeping for 30 seconds.
[2025-12-27T18:56:05.901+0000] {databricks_base.py:546} INFO - Using basic auth.
[2025-12-27T18:56:06.476+0000] {databricks.py:128} INFO - trigger_dlt_pipeline in run state: {'life_cycle_state': 'RUNNING', 'result_state': '', 'state_message': ''}
[2025-12-27T18:56:06.477+0000] {databricks.py:129} INFO - View run status, Spark UI, and logs at https://dbc-423a5d50-03a6.cloud.databricks.com/?o=684212911772223#job/640017615260074/run/738216594835470
[2025-12-27T18:56:06.478+0000] {databricks.py:130} INFO - Sleeping for 30 seconds.
[2025-12-27T18:56:36.504+0000] {databricks_base.py:546} INFO - Using basic auth.
[2025-12-27T18:56:37.317+0000] {databricks.py:128} INFO - trigger_dlt_pipeline in run state: {'life_cycle_state': 'RUNNING', 'result_state': '', 'state_message': ''}
[2025-12-27T18:56:37.318+0000] {databricks.py:129} INFO - View run status, Spark UI, and logs at https://dbc-423a5d50-03a6.cloud.databricks.com/?o=684212911772223#job/640017615260074/run/738216594835470
[2025-12-27T18:56:37.319+0000] {databricks.py:130} INFO - Sleeping for 30 seconds.
[2025-12-27T18:57:07.348+0000] {databricks_base.py:546} INFO - Using basic auth.
[2025-12-27T18:57:07.951+0000] {databricks.py:128} INFO - trigger_dlt_pipeline in run state: {'life_cycle_state': 'RUNNING', 'result_state': '', 'state_message': ''}
[2025-12-27T18:57:07.952+0000] {databricks.py:129} INFO - View run status, Spark UI, and logs at https://dbc-423a5d50-03a6.cloud.databricks.com/?o=684212911772223#job/640017615260074/run/738216594835470
[2025-12-27T18:57:07.953+0000] {databricks.py:130} INFO - Sleeping for 30 seconds.
[2025-12-27T18:57:37.982+0000] {databricks_base.py:546} INFO - Using basic auth.
[2025-12-27T18:57:38.708+0000] {databricks.py:77} INFO - trigger_dlt_pipeline completed successfully.
[2025-12-27T18:57:38.710+0000] {databricks.py:78} INFO - View run status, Spark UI, and logs at https://dbc-423a5d50-03a6.cloud.databricks.com/?o=684212911772223#job/640017615260074/run/738216594835470
[2025-12-27T18:57:38.726+0000] {taskinstance.py:1138} INFO - Marking task as SUCCESS. dag_id=rugby_pipeline, task_id=trigger_dlt_pipeline, execution_date=20251227T185430, start_date=20251227T185431, end_date=20251227T185738
[2025-12-27T18:57:38.832+0000] {local_task_job_runner.py:234} INFO - Task exited with return code 0
[2025-12-27T18:57:38.863+0000] {taskinstance.py:3280} INFO - 1 downstream tasks scheduled from follow-on schedule check
