[2025-12-24T17:38:03.804+0000] {taskinstance.py:1956} INFO - Dependencies all met for dep_context=non-requeueable deps ti=<TaskInstance: rugby_pipeline.trigger_dlt_pipeline manual__2025-12-24T17:38:02.379145+00:00 [queued]>
[2025-12-24T17:38:03.819+0000] {taskinstance.py:1956} INFO - Dependencies all met for dep_context=requeueable deps ti=<TaskInstance: rugby_pipeline.trigger_dlt_pipeline manual__2025-12-24T17:38:02.379145+00:00 [queued]>
[2025-12-24T17:38:03.820+0000] {taskinstance.py:2170} INFO - Starting attempt 1 of 1
[2025-12-24T17:38:03.845+0000] {taskinstance.py:2191} INFO - Executing <Task(DatabricksRunNowOperator): trigger_dlt_pipeline> on 2025-12-24 17:38:02.379145+00:00
[2025-12-24T17:38:03.856+0000] {standard_task_runner.py:60} INFO - Started process 566 to run task
[2025-12-24T17:38:03.864+0000] {standard_task_runner.py:87} INFO - Running: ['***', 'tasks', 'run', 'rugby_pipeline', 'trigger_dlt_pipeline', 'manual__2025-12-24T17:38:02.379145+00:00', '--job-id', '5', '--raw', '--subdir', 'DAGS_FOLDER/rugby_pipeline.py', '--cfg-path', '/tmp/tmpevuzcm0w']
[2025-12-24T17:38:03.870+0000] {standard_task_runner.py:88} INFO - Job 5: Subtask trigger_dlt_pipeline
[2025-12-24T17:38:03.967+0000] {task_command.py:423} INFO - Running <TaskInstance: rugby_pipeline.trigger_dlt_pipeline manual__2025-12-24T17:38:02.379145+00:00 [running]> on host bed2a25c9570
[2025-12-24T17:38:04.143+0000] {taskinstance.py:2480} INFO - Exporting env vars: AIRFLOW_CTX_DAG_OWNER='***' AIRFLOW_CTX_DAG_ID='rugby_pipeline' AIRFLOW_CTX_TASK_ID='trigger_dlt_pipeline' AIRFLOW_CTX_EXECUTION_DATE='2025-12-24T17:38:02.379145+00:00' AIRFLOW_CTX_TRY_NUMBER='1' AIRFLOW_CTX_DAG_RUN_ID='manual__2025-12-24T17:38:02.379145+00:00'
[2025-12-24T17:38:04.160+0000] {base.py:83} INFO - Using connection ID 'databricks_default' for task execution.
[2025-12-24T17:38:04.164+0000] {databricks_base.py:546} INFO - Using basic auth.
[2025-12-24T17:38:05.047+0000] {databricks.py:66} INFO - Run submitted with run_id: 766294019847402
[2025-12-24T17:38:05.048+0000] {databricks_base.py:546} INFO - Using basic auth.
[2025-12-24T17:38:05.650+0000] {databricks_base.py:546} INFO - Using basic auth.
[2025-12-24T17:38:06.222+0000] {databricks.py:128} INFO - trigger_dlt_pipeline in run state: {'life_cycle_state': 'RUNNING', 'result_state': '', 'state_message': ''}
[2025-12-24T17:38:06.224+0000] {databricks.py:129} INFO - View run status, Spark UI, and logs at https://dbc-423a5d50-03a6.cloud.databricks.com/?o=684212911772223#job/640017615260074/run/766294019847402
[2025-12-24T17:38:06.224+0000] {databricks.py:130} INFO - Sleeping for 30 seconds.
[2025-12-24T17:38:36.253+0000] {databricks_base.py:546} INFO - Using basic auth.
[2025-12-24T17:38:36.880+0000] {databricks.py:128} INFO - trigger_dlt_pipeline in run state: {'life_cycle_state': 'RUNNING', 'result_state': '', 'state_message': ''}
[2025-12-24T17:38:36.882+0000] {databricks.py:129} INFO - View run status, Spark UI, and logs at https://dbc-423a5d50-03a6.cloud.databricks.com/?o=684212911772223#job/640017615260074/run/766294019847402
[2025-12-24T17:38:36.882+0000] {databricks.py:130} INFO - Sleeping for 30 seconds.
[2025-12-24T17:39:06.910+0000] {databricks_base.py:546} INFO - Using basic auth.
[2025-12-24T17:39:07.657+0000] {databricks.py:128} INFO - trigger_dlt_pipeline in run state: {'life_cycle_state': 'RUNNING', 'result_state': '', 'state_message': ''}
[2025-12-24T17:39:07.659+0000] {databricks.py:129} INFO - View run status, Spark UI, and logs at https://dbc-423a5d50-03a6.cloud.databricks.com/?o=684212911772223#job/640017615260074/run/766294019847402
[2025-12-24T17:39:07.660+0000] {databricks.py:130} INFO - Sleeping for 30 seconds.
[2025-12-24T17:39:37.687+0000] {databricks_base.py:546} INFO - Using basic auth.
[2025-12-24T17:39:38.273+0000] {databricks.py:128} INFO - trigger_dlt_pipeline in run state: {'life_cycle_state': 'RUNNING', 'result_state': '', 'state_message': ''}
[2025-12-24T17:39:38.276+0000] {databricks.py:129} INFO - View run status, Spark UI, and logs at https://dbc-423a5d50-03a6.cloud.databricks.com/?o=684212911772223#job/640017615260074/run/766294019847402
[2025-12-24T17:39:38.277+0000] {databricks.py:130} INFO - Sleeping for 30 seconds.
[2025-12-24T17:40:08.303+0000] {databricks_base.py:546} INFO - Using basic auth.
[2025-12-24T17:40:08.943+0000] {databricks.py:128} INFO - trigger_dlt_pipeline in run state: {'life_cycle_state': 'RUNNING', 'result_state': '', 'state_message': ''}
[2025-12-24T17:40:08.946+0000] {databricks.py:129} INFO - View run status, Spark UI, and logs at https://dbc-423a5d50-03a6.cloud.databricks.com/?o=684212911772223#job/640017615260074/run/766294019847402
[2025-12-24T17:40:08.947+0000] {databricks.py:130} INFO - Sleeping for 30 seconds.
[2025-12-24T17:40:38.977+0000] {databricks_base.py:546} INFO - Using basic auth.
[2025-12-24T17:40:39.546+0000] {databricks.py:128} INFO - trigger_dlt_pipeline in run state: {'life_cycle_state': 'RUNNING', 'result_state': '', 'state_message': ''}
[2025-12-24T17:40:39.548+0000] {databricks.py:129} INFO - View run status, Spark UI, and logs at https://dbc-423a5d50-03a6.cloud.databricks.com/?o=684212911772223#job/640017615260074/run/766294019847402
[2025-12-24T17:40:39.549+0000] {databricks.py:130} INFO - Sleeping for 30 seconds.
[2025-12-24T17:41:09.577+0000] {databricks_base.py:546} INFO - Using basic auth.
[2025-12-24T17:41:10.203+0000] {databricks.py:77} INFO - trigger_dlt_pipeline completed successfully.
[2025-12-24T17:41:10.204+0000] {databricks.py:78} INFO - View run status, Spark UI, and logs at https://dbc-423a5d50-03a6.cloud.databricks.com/?o=684212911772223#job/640017615260074/run/766294019847402
[2025-12-24T17:41:10.221+0000] {taskinstance.py:1138} INFO - Marking task as SUCCESS. dag_id=rugby_pipeline, task_id=trigger_dlt_pipeline, execution_date=20251224T173802, start_date=20251224T173803, end_date=20251224T174110
[2025-12-24T17:41:10.334+0000] {local_task_job_runner.py:234} INFO - Task exited with return code 0
[2025-12-24T17:41:10.370+0000] {taskinstance.py:3280} INFO - 0 downstream tasks scheduled from follow-on schedule check
