[2025-12-27T19:21:26.689+0000] {taskinstance.py:1956} INFO - Dependencies all met for dep_context=non-requeueable deps ti=<TaskInstance: rugby_pipeline.trigger_build_prediction_features manual__2025-12-27T19:17:46.292146+00:00 [queued]>
[2025-12-27T19:21:26.702+0000] {taskinstance.py:1956} INFO - Dependencies all met for dep_context=requeueable deps ti=<TaskInstance: rugby_pipeline.trigger_build_prediction_features manual__2025-12-27T19:17:46.292146+00:00 [queued]>
[2025-12-27T19:21:26.703+0000] {taskinstance.py:2170} INFO - Starting attempt 1 of 1
[2025-12-27T19:21:26.722+0000] {taskinstance.py:2191} INFO - Executing <Task(TriggerDagRunOperator): trigger_build_prediction_features> on 2025-12-27 19:17:46.292146+00:00
[2025-12-27T19:21:26.734+0000] {standard_task_runner.py:60} INFO - Started process 932 to run task
[2025-12-27T19:21:26.740+0000] {standard_task_runner.py:87} INFO - Running: ['***', 'tasks', 'run', 'rugby_pipeline', 'trigger_build_prediction_features', 'manual__2025-12-27T19:17:46.292146+00:00', '--job-id', '106', '--raw', '--subdir', 'DAGS_FOLDER/rugby_pipeline.py', '--cfg-path', '/tmp/tmpzf5j_k8k']
[2025-12-27T19:21:26.743+0000] {standard_task_runner.py:88} INFO - Job 106: Subtask trigger_build_prediction_features
[2025-12-27T19:21:26.825+0000] {task_command.py:423} INFO - Running <TaskInstance: rugby_pipeline.trigger_build_prediction_features manual__2025-12-27T19:17:46.292146+00:00 [running]> on host 6c84c95fdea2
[2025-12-27T19:21:26.973+0000] {taskinstance.py:2480} INFO - Exporting env vars: AIRFLOW_CTX_DAG_OWNER='***' AIRFLOW_CTX_DAG_ID='rugby_pipeline' AIRFLOW_CTX_TASK_ID='trigger_build_prediction_features' AIRFLOW_CTX_EXECUTION_DATE='2025-12-27T19:17:46.292146+00:00' AIRFLOW_CTX_TRY_NUMBER='1' AIRFLOW_CTX_DAG_RUN_ID='manual__2025-12-27T19:17:46.292146+00:00'
[2025-12-27T19:21:31.301+0000] {logging_mixin.py:188} WARNING - /home/***/.local/lib/python3.8/site-packages/***/providers/google/cloud/links/dataproc.py:79 AirflowProviderDeprecationWarning: This DataprocLink is deprecated.
[2025-12-27T19:21:31.303+0000] {logging_mixin.py:188} WARNING - /home/***/.local/lib/python3.8/site-packages/***/providers/google/cloud/links/dataproc.py:128 AirflowProviderDeprecationWarning: This DataprocListLink is deprecated.
[2025-12-27T19:21:33.851+0000] {trigger_dagrun.py:210} INFO - Waiting for match_features_pipeline on 2025-12-27 19:21:26.975173+00:00 to become allowed state ['success'] ...
[2025-12-27T19:22:33.922+0000] {trigger_dagrun.py:210} INFO - Waiting for match_features_pipeline on 2025-12-27 19:21:26.975173+00:00 to become allowed state ['success'] ...
[2025-12-27T19:23:33.954+0000] {trigger_dagrun.py:210} INFO - Waiting for match_features_pipeline on 2025-12-27 19:21:26.975173+00:00 to become allowed state ['success'] ...
[2025-12-27T19:24:34.025+0000] {trigger_dagrun.py:210} INFO - Waiting for match_features_pipeline on 2025-12-27 19:21:26.975173+00:00 to become allowed state ['success'] ...
[2025-12-27T19:25:34.048+0000] {trigger_dagrun.py:210} INFO - Waiting for match_features_pipeline on 2025-12-27 19:21:26.975173+00:00 to become allowed state ['success'] ...
[2025-12-27T19:26:34.126+0000] {trigger_dagrun.py:223} INFO - match_features_pipeline finished with allowed state success
[2025-12-27T19:26:34.149+0000] {taskinstance.py:1138} INFO - Marking task as SUCCESS. dag_id=rugby_pipeline, task_id=trigger_build_prediction_features, execution_date=20251227T191746, start_date=20251227T192126, end_date=20251227T192634
[2025-12-27T19:26:34.255+0000] {local_task_job_runner.py:234} INFO - Task exited with return code 0
[2025-12-27T19:26:34.287+0000] {taskinstance.py:3280} INFO - 0 downstream tasks scheduled from follow-on schedule check
