[2026-01-02T18:53:19.700+0000] {taskinstance.py:1956} INFO - Dependencies all met for dep_context=non-requeueable deps ti=<TaskInstance: rugby_pipeline.trigger_dlt_pipeline manual__2026-01-02T18:53:18.803750+00:00 [queued]>
[2026-01-02T18:53:19.713+0000] {taskinstance.py:1956} INFO - Dependencies all met for dep_context=requeueable deps ti=<TaskInstance: rugby_pipeline.trigger_dlt_pipeline manual__2026-01-02T18:53:18.803750+00:00 [queued]>
[2026-01-02T18:53:19.714+0000] {taskinstance.py:2170} INFO - Starting attempt 1 of 1
[2026-01-02T18:53:19.731+0000] {taskinstance.py:2191} INFO - Executing <Task(DatabricksRunNowOperator): trigger_dlt_pipeline> on 2026-01-02 18:53:18.803750+00:00
[2026-01-02T18:53:19.739+0000] {standard_task_runner.py:60} INFO - Started process 25352 to run task
[2026-01-02T18:53:19.746+0000] {standard_task_runner.py:87} INFO - Running: ['***', 'tasks', 'run', 'rugby_pipeline', 'trigger_dlt_pipeline', 'manual__2026-01-02T18:53:18.803750+00:00', '--job-id', '113', '--raw', '--subdir', 'DAGS_FOLDER/rugby_pipeline.py', '--cfg-path', '/tmp/tmprfqj2_us']
[2026-01-02T18:53:19.749+0000] {standard_task_runner.py:88} INFO - Job 113: Subtask trigger_dlt_pipeline
[2026-01-02T18:53:19.835+0000] {task_command.py:423} INFO - Running <TaskInstance: rugby_pipeline.trigger_dlt_pipeline manual__2026-01-02T18:53:18.803750+00:00 [running]> on host 6c84c95fdea2
[2026-01-02T18:53:19.971+0000] {taskinstance.py:2480} INFO - Exporting env vars: AIRFLOW_CTX_DAG_OWNER='***' AIRFLOW_CTX_DAG_ID='rugby_pipeline' AIRFLOW_CTX_TASK_ID='trigger_dlt_pipeline' AIRFLOW_CTX_EXECUTION_DATE='2026-01-02T18:53:18.803750+00:00' AIRFLOW_CTX_TRY_NUMBER='1' AIRFLOW_CTX_DAG_RUN_ID='manual__2026-01-02T18:53:18.803750+00:00'
[2026-01-02T18:53:19.987+0000] {base.py:83} INFO - Using connection ID 'databricks_default' for task execution.
[2026-01-02T18:53:19.989+0000] {databricks_base.py:546} INFO - Using basic auth.
[2026-01-02T18:53:20.839+0000] {databricks.py:66} INFO - Run submitted with run_id: 1044671686248089
[2026-01-02T18:53:20.840+0000] {databricks_base.py:546} INFO - Using basic auth.
[2026-01-02T18:53:21.421+0000] {databricks_base.py:546} INFO - Using basic auth.
[2026-01-02T18:53:22.017+0000] {databricks.py:128} INFO - trigger_dlt_pipeline in run state: {'life_cycle_state': 'RUNNING', 'result_state': '', 'state_message': ''}
[2026-01-02T18:53:22.018+0000] {databricks.py:129} INFO - View run status, Spark UI, and logs at https://dbc-423a5d50-03a6.cloud.databricks.com/?o=684212911772223#job/640017615260074/run/1044671686248089
[2026-01-02T18:53:22.018+0000] {databricks.py:130} INFO - Sleeping for 30 seconds.
[2026-01-02T18:53:52.048+0000] {databricks_base.py:546} INFO - Using basic auth.
[2026-01-02T18:53:52.587+0000] {databricks.py:128} INFO - trigger_dlt_pipeline in run state: {'life_cycle_state': 'RUNNING', 'result_state': '', 'state_message': ''}
[2026-01-02T18:53:52.589+0000] {databricks.py:129} INFO - View run status, Spark UI, and logs at https://dbc-423a5d50-03a6.cloud.databricks.com/?o=684212911772223#job/640017615260074/run/1044671686248089
[2026-01-02T18:53:52.589+0000] {databricks.py:130} INFO - Sleeping for 30 seconds.
[2026-01-02T18:54:22.608+0000] {databricks_base.py:546} INFO - Using basic auth.
[2026-01-02T18:54:23.140+0000] {databricks.py:128} INFO - trigger_dlt_pipeline in run state: {'life_cycle_state': 'RUNNING', 'result_state': '', 'state_message': ''}
[2026-01-02T18:54:23.141+0000] {databricks.py:129} INFO - View run status, Spark UI, and logs at https://dbc-423a5d50-03a6.cloud.databricks.com/?o=684212911772223#job/640017615260074/run/1044671686248089
[2026-01-02T18:54:23.142+0000] {databricks.py:130} INFO - Sleeping for 30 seconds.
[2026-01-02T18:54:53.171+0000] {databricks_base.py:546} INFO - Using basic auth.
[2026-01-02T18:54:53.855+0000] {databricks.py:128} INFO - trigger_dlt_pipeline in run state: {'life_cycle_state': 'RUNNING', 'result_state': '', 'state_message': ''}
[2026-01-02T18:54:53.856+0000] {databricks.py:129} INFO - View run status, Spark UI, and logs at https://dbc-423a5d50-03a6.cloud.databricks.com/?o=684212911772223#job/640017615260074/run/1044671686248089
[2026-01-02T18:54:53.856+0000] {databricks.py:130} INFO - Sleeping for 30 seconds.
[2026-01-02T18:55:23.886+0000] {databricks_base.py:546} INFO - Using basic auth.
[2026-01-02T18:55:24.449+0000] {databricks.py:128} INFO - trigger_dlt_pipeline in run state: {'life_cycle_state': 'RUNNING', 'result_state': '', 'state_message': ''}
[2026-01-02T18:55:24.450+0000] {databricks.py:129} INFO - View run status, Spark UI, and logs at https://dbc-423a5d50-03a6.cloud.databricks.com/?o=684212911772223#job/640017615260074/run/1044671686248089
[2026-01-02T18:55:24.450+0000] {databricks.py:130} INFO - Sleeping for 30 seconds.
[2026-01-02T18:55:54.479+0000] {databricks_base.py:546} INFO - Using basic auth.
[2026-01-02T18:55:55.164+0000] {databricks.py:128} INFO - trigger_dlt_pipeline in run state: {'life_cycle_state': 'RUNNING', 'result_state': '', 'state_message': ''}
[2026-01-02T18:55:55.165+0000] {databricks.py:129} INFO - View run status, Spark UI, and logs at https://dbc-423a5d50-03a6.cloud.databricks.com/?o=684212911772223#job/640017615260074/run/1044671686248089
[2026-01-02T18:55:55.166+0000] {databricks.py:130} INFO - Sleeping for 30 seconds.
[2026-01-02T18:56:25.192+0000] {databricks_base.py:546} INFO - Using basic auth.
[2026-01-02T18:56:25.790+0000] {databricks.py:77} INFO - trigger_dlt_pipeline completed successfully.
[2026-01-02T18:56:25.790+0000] {databricks.py:78} INFO - View run status, Spark UI, and logs at https://dbc-423a5d50-03a6.cloud.databricks.com/?o=684212911772223#job/640017615260074/run/1044671686248089
[2026-01-02T18:56:25.803+0000] {taskinstance.py:1138} INFO - Marking task as SUCCESS. dag_id=rugby_pipeline, task_id=trigger_dlt_pipeline, execution_date=20260102T185318, start_date=20260102T185319, end_date=20260102T185625
[2026-01-02T18:56:25.859+0000] {local_task_job_runner.py:234} INFO - Task exited with return code 0
[2026-01-02T18:56:25.883+0000] {taskinstance.py:3280} INFO - 1 downstream tasks scheduled from follow-on schedule check
