[2025-12-27T19:06:50.483+0000] {taskinstance.py:1956} INFO - Dependencies all met for dep_context=non-requeueable deps ti=<TaskInstance: rugby_pipeline.trigger_build_prediction_features manual__2025-12-27T19:03:40.610175+00:00 [queued]>
[2025-12-27T19:06:50.496+0000] {taskinstance.py:1956} INFO - Dependencies all met for dep_context=requeueable deps ti=<TaskInstance: rugby_pipeline.trigger_build_prediction_features manual__2025-12-27T19:03:40.610175+00:00 [queued]>
[2025-12-27T19:06:50.497+0000] {taskinstance.py:2170} INFO - Starting attempt 1 of 1
[2025-12-27T19:06:50.514+0000] {taskinstance.py:2191} INFO - Executing <Task(TriggerDagRunOperator): trigger_build_prediction_features> on 2025-12-27 19:03:40.610175+00:00
[2025-12-27T19:06:50.524+0000] {standard_task_runner.py:60} INFO - Started process 326 to run task
[2025-12-27T19:06:50.529+0000] {standard_task_runner.py:87} INFO - Running: ['***', 'tasks', 'run', 'rugby_pipeline', 'trigger_build_prediction_features', 'manual__2025-12-27T19:03:40.610175+00:00', '--job-id', '93', '--raw', '--subdir', 'DAGS_FOLDER/rugby_pipeline.py', '--cfg-path', '/tmp/tmpmjwxg07d']
[2025-12-27T19:06:50.532+0000] {standard_task_runner.py:88} INFO - Job 93: Subtask trigger_build_prediction_features
[2025-12-27T19:06:50.614+0000] {task_command.py:423} INFO - Running <TaskInstance: rugby_pipeline.trigger_build_prediction_features manual__2025-12-27T19:03:40.610175+00:00 [running]> on host 6c84c95fdea2
[2025-12-27T19:06:50.755+0000] {taskinstance.py:2480} INFO - Exporting env vars: AIRFLOW_CTX_DAG_OWNER='***' AIRFLOW_CTX_DAG_ID='rugby_pipeline' AIRFLOW_CTX_TASK_ID='trigger_build_prediction_features' AIRFLOW_CTX_EXECUTION_DATE='2025-12-27T19:03:40.610175+00:00' AIRFLOW_CTX_TRY_NUMBER='1' AIRFLOW_CTX_DAG_RUN_ID='manual__2025-12-27T19:03:40.610175+00:00'
[2025-12-27T19:06:50.785+0000] {taskinstance.py:2698} ERROR - Task failed with exception
Traceback (most recent call last):
  File "/home/airflow/.local/lib/python3.8/site-packages/airflow/models/taskinstance.py", line 433, in _execute_task
    result = execute_callable(context=context, **execute_callable_kwargs)
  File "/home/airflow/.local/lib/python3.8/site-packages/airflow/operators/trigger_dagrun.py", line 165, in execute
    dag_run = trigger_dag(
  File "/home/airflow/.local/lib/python3.8/site-packages/airflow/api/common/trigger_dag.py", line 122, in trigger_dag
    raise DagNotFound(f"Dag id {dag_id} not found in DagModel")
airflow.exceptions.DagNotFound: Dag id build_prediction_features not found in DagModel
[2025-12-27T19:06:50.789+0000] {taskinstance.py:1138} INFO - Marking task as FAILED. dag_id=rugby_pipeline, task_id=trigger_build_prediction_features, execution_date=20251227T190340, start_date=20251227T190650, end_date=20251227T190650
[2025-12-27T19:06:50.806+0000] {standard_task_runner.py:107} ERROR - Failed to execute job 93 for task trigger_build_prediction_features (Dag id build_prediction_features not found in DagModel; 326)
[2025-12-27T19:06:50.823+0000] {local_task_job_runner.py:234} INFO - Task exited with return code 1
[2025-12-27T19:06:50.854+0000] {taskinstance.py:3280} INFO - 0 downstream tasks scheduled from follow-on schedule check
