[2026-01-03T13:11:04.295+0000] {taskinstance.py:1956} INFO - Dependencies all met for dep_context=non-requeueable deps ti=<TaskInstance: ml_models.run_ml_models scheduled__2026-01-02T00:00:00+00:00 [queued]>
[2026-01-03T13:11:04.398+0000] {taskinstance.py:1956} INFO - Dependencies all met for dep_context=requeueable deps ti=<TaskInstance: ml_models.run_ml_models scheduled__2026-01-02T00:00:00+00:00 [queued]>
[2026-01-03T13:11:04.501+0000] {taskinstance.py:2170} INFO - Starting attempt 1 of 1
[2026-01-03T13:11:04.719+0000] {taskinstance.py:2191} INFO - Executing <Task(DatabricksRunNowOperator): run_ml_models> on 2026-01-02 00:00:00+00:00
[2026-01-03T13:11:04.916+0000] {standard_task_runner.py:60} INFO - Started process 33830 to run task
[2026-01-03T13:11:04.935+0000] {standard_task_runner.py:87} INFO - Running: ['***', 'tasks', 'run', 'ml_models', 'run_ml_models', 'scheduled__2026-01-02T00:00:00+00:00', '--job-id', '120', '--raw', '--subdir', 'DAGS_FOLDER/ml_models.py', '--cfg-path', '/tmp/tmpf3a04oe1']
[2026-01-03T13:11:05.303+0000] {standard_task_runner.py:88} INFO - Job 120: Subtask run_ml_models
[2026-01-03T13:11:05.583+0000] {task_command.py:423} INFO - Running <TaskInstance: ml_models.run_ml_models scheduled__2026-01-02T00:00:00+00:00 [running]> on host 6c84c95fdea2
[2026-01-03T13:11:05.994+0000] {taskinstance.py:2480} INFO - Exporting env vars: AIRFLOW_CTX_DAG_OWNER='***' AIRFLOW_CTX_DAG_ID='ml_models' AIRFLOW_CTX_TASK_ID='run_ml_models' AIRFLOW_CTX_EXECUTION_DATE='2026-01-02T00:00:00+00:00' AIRFLOW_CTX_TRY_NUMBER='1' AIRFLOW_CTX_DAG_RUN_ID='scheduled__2026-01-02T00:00:00+00:00'
[2026-01-03T13:11:06.039+0000] {base.py:83} INFO - Using connection ID 'databricks_default' for task execution.
[2026-01-03T13:11:06.067+0000] {databricks_base.py:546} INFO - Using basic auth.
[2026-01-03T13:11:06.464+0000] {databricks_base.py:516} ERROR - Attempt 1 API Request to Databricks failed with reason: <Future at 0x7fef1a2baa00 state=finished raised ConnectionError>
[2026-01-03T13:11:09.665+0000] {databricks.py:66} INFO - Run submitted with run_id: 61654721709355
[2026-01-03T13:11:09.667+0000] {databricks_base.py:546} INFO - Using basic auth.
[2026-01-03T13:11:10.360+0000] {databricks_base.py:546} INFO - Using basic auth.
[2026-01-03T13:11:11.347+0000] {databricks.py:128} INFO - run_ml_models in run state: {'life_cycle_state': 'RUNNING', 'result_state': '', 'state_message': ''}
[2026-01-03T13:11:11.350+0000] {databricks.py:129} INFO - View run status, Spark UI, and logs at https://dbc-423a5d50-03a6.cloud.databricks.com/?o=684212911772223#job/402563567448821/run/61654721709355
[2026-01-03T13:11:11.351+0000] {databricks.py:130} INFO - Sleeping for 30 seconds.
[2026-01-03T13:11:41.382+0000] {databricks_base.py:546} INFO - Using basic auth.
[2026-01-03T13:11:41.961+0000] {databricks.py:128} INFO - run_ml_models in run state: {'life_cycle_state': 'RUNNING', 'result_state': '', 'state_message': ''}
[2026-01-03T13:11:41.963+0000] {databricks.py:129} INFO - View run status, Spark UI, and logs at https://dbc-423a5d50-03a6.cloud.databricks.com/?o=684212911772223#job/402563567448821/run/61654721709355
[2026-01-03T13:11:41.964+0000] {databricks.py:130} INFO - Sleeping for 30 seconds.
[2026-01-03T13:12:11.990+0000] {databricks_base.py:546} INFO - Using basic auth.
[2026-01-03T13:12:12.668+0000] {databricks.py:128} INFO - run_ml_models in run state: {'life_cycle_state': 'RUNNING', 'result_state': '', 'state_message': ''}
[2026-01-03T13:12:12.670+0000] {databricks.py:129} INFO - View run status, Spark UI, and logs at https://dbc-423a5d50-03a6.cloud.databricks.com/?o=684212911772223#job/402563567448821/run/61654721709355
[2026-01-03T13:12:12.670+0000] {databricks.py:130} INFO - Sleeping for 30 seconds.
[2026-01-03T13:12:20.235+0000] {local_task_job_runner.py:121} ERROR - Received SIGTERM. Terminating subprocesses
[2026-01-03T13:12:20.256+0000] {process_utils.py:131} INFO - Sending 15 to group 33830. PIDs of all processes in the group: [33830]
[2026-01-03T13:12:20.257+0000] {process_utils.py:86} INFO - Sending the signal 15 to group 33830
[2026-01-03T13:12:20.259+0000] {taskinstance.py:2450} ERROR - Received SIGTERM. Terminating subprocesses.
[2026-01-03T13:12:20.260+0000] {databricks_base.py:546} INFO - Using basic auth.
[2026-01-03T13:12:20.874+0000] {databricks.py:947} INFO - Task: run_ml_models with run_id: 61654721709355 was requested to be cancelled.
[2026-01-03T13:12:20.901+0000] {taskinstance.py:2698} ERROR - Task failed with exception
Traceback (most recent call last):
  File "/home/airflow/.local/lib/python3.8/site-packages/airflow/models/taskinstance.py", line 433, in _execute_task
    result = execute_callable(context=context, **execute_callable_kwargs)
  File "/home/airflow/.local/lib/python3.8/site-packages/airflow/providers/databricks/operators/databricks.py", line 922, in execute
    _handle_databricks_operator_execution(self, hook, self.log, context)
  File "/home/airflow/.local/lib/python3.8/site-packages/airflow/providers/databricks/operators/databricks.py", line 131, in _handle_databricks_operator_execution
    time.sleep(operator.polling_period_seconds)
  File "/home/airflow/.local/lib/python3.8/site-packages/airflow/models/taskinstance.py", line 2452, in signal_handler
    raise AirflowException("Task received SIGTERM signal")
airflow.exceptions.AirflowException: Task received SIGTERM signal
[2026-01-03T13:12:20.907+0000] {taskinstance.py:1138} INFO - Marking task as FAILED. dag_id=ml_models, task_id=run_ml_models, execution_date=20260102T000000, start_date=20260103T131104, end_date=20260103T131220
[2026-01-03T13:12:20.928+0000] {standard_task_runner.py:107} ERROR - Failed to execute job 120 for task run_ml_models (Task received SIGTERM signal; 33830)
[2026-01-03T13:12:20.955+0000] {process_utils.py:79} INFO - Process psutil.Process(pid=33830, status='terminated', exitcode=1, started='13:11:04') (33830) terminated with exit code 1
[2026-01-03T13:12:20.956+0000] {local_task_job_runner.py:234} INFO - Task exited with return code 143
[2026-01-03T13:12:20.975+0000] {taskinstance.py:3280} INFO - 0 downstream tasks scheduled from follow-on schedule check
