[2026-01-02T18:52:38.282+0000] {taskinstance.py:1956} INFO - Dependencies all met for dep_context=non-requeueable deps ti=<TaskInstance: ml_models.run_ml_models scheduled__2026-01-01T00:00:00+00:00 [queued]>
[2026-01-02T18:52:38.291+0000] {taskinstance.py:1956} INFO - Dependencies all met for dep_context=requeueable deps ti=<TaskInstance: ml_models.run_ml_models scheduled__2026-01-01T00:00:00+00:00 [queued]>
[2026-01-02T18:52:38.292+0000] {taskinstance.py:2170} INFO - Starting attempt 1 of 1
[2026-01-02T18:52:38.303+0000] {taskinstance.py:2191} INFO - Executing <Task(DatabricksRunNowOperator): run_ml_models> on 2026-01-01 00:00:00+00:00
[2026-01-02T18:52:38.313+0000] {standard_task_runner.py:60} INFO - Started process 25330 to run task
[2026-01-02T18:52:38.318+0000] {standard_task_runner.py:87} INFO - Running: ['***', 'tasks', 'run', 'ml_models', 'run_ml_models', 'scheduled__2026-01-01T00:00:00+00:00', '--job-id', '111', '--raw', '--subdir', 'DAGS_FOLDER/ml_models.py', '--cfg-path', '/tmp/tmp54m18vwn']
[2026-01-02T18:52:38.321+0000] {standard_task_runner.py:88} INFO - Job 111: Subtask run_ml_models
[2026-01-02T18:52:38.378+0000] {task_command.py:423} INFO - Running <TaskInstance: ml_models.run_ml_models scheduled__2026-01-01T00:00:00+00:00 [running]> on host 6c84c95fdea2
[2026-01-02T18:52:38.463+0000] {taskinstance.py:2480} INFO - Exporting env vars: AIRFLOW_CTX_DAG_OWNER='***' AIRFLOW_CTX_DAG_ID='ml_models' AIRFLOW_CTX_TASK_ID='run_ml_models' AIRFLOW_CTX_EXECUTION_DATE='2026-01-01T00:00:00+00:00' AIRFLOW_CTX_TRY_NUMBER='1' AIRFLOW_CTX_DAG_RUN_ID='scheduled__2026-01-01T00:00:00+00:00'
[2026-01-02T18:52:38.476+0000] {base.py:83} INFO - Using connection ID 'databricks_default' for task execution.
[2026-01-02T18:52:38.478+0000] {databricks_base.py:546} INFO - Using basic auth.
[2026-01-02T18:52:39.290+0000] {databricks.py:66} INFO - Run submitted with run_id: 482587153125960
[2026-01-02T18:52:39.291+0000] {databricks_base.py:546} INFO - Using basic auth.
[2026-01-02T18:52:39.941+0000] {databricks_base.py:546} INFO - Using basic auth.
[2026-01-02T18:52:40.532+0000] {databricks.py:128} INFO - run_ml_models in run state: {'life_cycle_state': 'RUNNING', 'result_state': '', 'state_message': ''}
[2026-01-02T18:52:40.533+0000] {databricks.py:129} INFO - View run status, Spark UI, and logs at https://dbc-423a5d50-03a6.cloud.databricks.com/?o=684212911772223#job/402563567448821/run/482587153125960
[2026-01-02T18:52:40.533+0000] {databricks.py:130} INFO - Sleeping for 30 seconds.
[2026-01-02T18:53:10.562+0000] {databricks_base.py:546} INFO - Using basic auth.
[2026-01-02T18:53:11.216+0000] {databricks.py:128} INFO - run_ml_models in run state: {'life_cycle_state': 'RUNNING', 'result_state': '', 'state_message': ''}
[2026-01-02T18:53:11.217+0000] {databricks.py:129} INFO - View run status, Spark UI, and logs at https://dbc-423a5d50-03a6.cloud.databricks.com/?o=684212911772223#job/402563567448821/run/482587153125960
[2026-01-02T18:53:11.218+0000] {databricks.py:130} INFO - Sleeping for 30 seconds.
[2026-01-02T18:53:41.247+0000] {databricks_base.py:546} INFO - Using basic auth.
[2026-01-02T18:53:42.031+0000] {databricks.py:128} INFO - run_ml_models in run state: {'life_cycle_state': 'RUNNING', 'result_state': '', 'state_message': ''}
[2026-01-02T18:53:42.032+0000] {databricks.py:129} INFO - View run status, Spark UI, and logs at https://dbc-423a5d50-03a6.cloud.databricks.com/?o=684212911772223#job/402563567448821/run/482587153125960
[2026-01-02T18:53:42.033+0000] {databricks.py:130} INFO - Sleeping for 30 seconds.
[2026-01-02T18:54:12.062+0000] {databricks_base.py:546} INFO - Using basic auth.
[2026-01-02T18:54:12.627+0000] {databricks.py:77} INFO - run_ml_models completed successfully.
[2026-01-02T18:54:12.628+0000] {databricks.py:78} INFO - View run status, Spark UI, and logs at https://dbc-423a5d50-03a6.cloud.databricks.com/?o=684212911772223#job/402563567448821/run/482587153125960
[2026-01-02T18:54:12.641+0000] {taskinstance.py:1138} INFO - Marking task as SUCCESS. dag_id=ml_models, task_id=run_ml_models, execution_date=20260101T000000, start_date=20260102T185238, end_date=20260102T185412
[2026-01-02T18:54:12.674+0000] {local_task_job_runner.py:234} INFO - Task exited with return code 0
[2026-01-02T18:54:12.691+0000] {taskinstance.py:3280} INFO - 0 downstream tasks scheduled from follow-on schedule check
