[2025-12-27T19:23:44.302+0000] {taskinstance.py:1956} INFO - Dependencies all met for dep_context=non-requeueable deps ti=<TaskInstance: ml_models.run_ml_models manual__2025-12-27T19:23:41.742807+00:00 [queued]>
[2025-12-27T19:23:44.313+0000] {taskinstance.py:1956} INFO - Dependencies all met for dep_context=requeueable deps ti=<TaskInstance: ml_models.run_ml_models manual__2025-12-27T19:23:41.742807+00:00 [queued]>
[2025-12-27T19:23:44.314+0000] {taskinstance.py:2170} INFO - Starting attempt 1 of 1
[2025-12-27T19:23:44.332+0000] {taskinstance.py:2191} INFO - Executing <Task(DatabricksRunNowOperator): run_ml_models> on 2025-12-27 19:23:41.742807+00:00
[2025-12-27T19:23:44.342+0000] {standard_task_runner.py:60} INFO - Started process 1035 to run task
[2025-12-27T19:23:44.350+0000] {standard_task_runner.py:87} INFO - Running: ['***', 'tasks', 'run', 'ml_models', 'run_ml_models', 'manual__2025-12-27T19:23:41.742807+00:00', '--job-id', '109', '--raw', '--subdir', 'DAGS_FOLDER/ml_models.py', '--cfg-path', '/tmp/tmp0ipbnxn8']
[2025-12-27T19:23:44.356+0000] {standard_task_runner.py:88} INFO - Job 109: Subtask run_ml_models
[2025-12-27T19:23:44.447+0000] {task_command.py:423} INFO - Running <TaskInstance: ml_models.run_ml_models manual__2025-12-27T19:23:41.742807+00:00 [running]> on host 6c84c95fdea2
[2025-12-27T19:23:44.611+0000] {taskinstance.py:2480} INFO - Exporting env vars: AIRFLOW_CTX_DAG_OWNER='***' AIRFLOW_CTX_DAG_ID='ml_models' AIRFLOW_CTX_TASK_ID='run_ml_models' AIRFLOW_CTX_EXECUTION_DATE='2025-12-27T19:23:41.742807+00:00' AIRFLOW_CTX_TRY_NUMBER='1' AIRFLOW_CTX_DAG_RUN_ID='manual__2025-12-27T19:23:41.742807+00:00'
[2025-12-27T19:23:44.627+0000] {base.py:83} INFO - Using connection ID 'databricks_default' for task execution.
[2025-12-27T19:23:44.631+0000] {databricks_base.py:546} INFO - Using basic auth.
[2025-12-27T19:23:45.759+0000] {databricks.py:66} INFO - Run submitted with run_id: 1041391069042240
[2025-12-27T19:23:45.761+0000] {databricks_base.py:546} INFO - Using basic auth.
[2025-12-27T19:23:46.459+0000] {databricks_base.py:546} INFO - Using basic auth.
[2025-12-27T19:23:47.014+0000] {databricks.py:128} INFO - run_ml_models in run state: {'life_cycle_state': 'RUNNING', 'result_state': '', 'state_message': ''}
[2025-12-27T19:23:47.016+0000] {databricks.py:129} INFO - View run status, Spark UI, and logs at https://dbc-423a5d50-03a6.cloud.databricks.com/?o=684212911772223#job/402563567448821/run/1041391069042240
[2025-12-27T19:23:47.016+0000] {databricks.py:130} INFO - Sleeping for 30 seconds.
[2025-12-27T19:24:17.046+0000] {databricks_base.py:546} INFO - Using basic auth.
[2025-12-27T19:24:17.671+0000] {databricks.py:128} INFO - run_ml_models in run state: {'life_cycle_state': 'RUNNING', 'result_state': '', 'state_message': ''}
[2025-12-27T19:24:17.673+0000] {databricks.py:129} INFO - View run status, Spark UI, and logs at https://dbc-423a5d50-03a6.cloud.databricks.com/?o=684212911772223#job/402563567448821/run/1041391069042240
[2025-12-27T19:24:17.674+0000] {databricks.py:130} INFO - Sleeping for 30 seconds.
[2025-12-27T19:24:47.702+0000] {databricks_base.py:546} INFO - Using basic auth.
[2025-12-27T19:24:48.406+0000] {databricks.py:77} INFO - run_ml_models completed successfully.
[2025-12-27T19:24:48.407+0000] {databricks.py:78} INFO - View run status, Spark UI, and logs at https://dbc-423a5d50-03a6.cloud.databricks.com/?o=684212911772223#job/402563567448821/run/1041391069042240
[2025-12-27T19:24:48.423+0000] {taskinstance.py:1138} INFO - Marking task as SUCCESS. dag_id=ml_models, task_id=run_ml_models, execution_date=20251227T192341, start_date=20251227T192344, end_date=20251227T192448
[2025-12-27T19:24:48.531+0000] {local_task_job_runner.py:234} INFO - Task exited with return code 0
[2025-12-27T19:24:48.562+0000] {taskinstance.py:3280} INFO - 0 downstream tasks scheduled from follow-on schedule check
