[2025-12-27T18:42:05.452+0000] {taskinstance.py:1956} INFO - Dependencies all met for dep_context=non-requeueable deps ti=<TaskInstance: rugby_pipeline.trigger_dlt_pipeline manual__2025-12-27T18:42:04.316477+00:00 [queued]>
[2025-12-27T18:42:05.466+0000] {taskinstance.py:1956} INFO - Dependencies all met for dep_context=requeueable deps ti=<TaskInstance: rugby_pipeline.trigger_dlt_pipeline manual__2025-12-27T18:42:04.316477+00:00 [queued]>
[2025-12-27T18:42:05.467+0000] {taskinstance.py:2170} INFO - Starting attempt 1 of 1
[2025-12-27T18:42:05.486+0000] {taskinstance.py:2191} INFO - Executing <Task(DatabricksRunNowOperator): trigger_dlt_pipeline> on 2025-12-27 18:42:04.316477+00:00
[2025-12-27T18:42:05.496+0000] {standard_task_runner.py:60} INFO - Started process 328 to run task
[2025-12-27T18:42:05.503+0000] {standard_task_runner.py:87} INFO - Running: ['***', 'tasks', 'run', 'rugby_pipeline', 'trigger_dlt_pipeline', 'manual__2025-12-27T18:42:04.316477+00:00', '--job-id', '54', '--raw', '--subdir', 'DAGS_FOLDER/rugby_pipeline.py', '--cfg-path', '/tmp/tmp1r_icqly']
[2025-12-27T18:42:05.508+0000] {standard_task_runner.py:88} INFO - Job 54: Subtask trigger_dlt_pipeline
[2025-12-27T18:42:05.595+0000] {task_command.py:423} INFO - Running <TaskInstance: rugby_pipeline.trigger_dlt_pipeline manual__2025-12-27T18:42:04.316477+00:00 [running]> on host 6c84c95fdea2
[2025-12-27T18:42:05.724+0000] {taskinstance.py:2480} INFO - Exporting env vars: AIRFLOW_CTX_DAG_OWNER='***' AIRFLOW_CTX_DAG_ID='rugby_pipeline' AIRFLOW_CTX_TASK_ID='trigger_dlt_pipeline' AIRFLOW_CTX_EXECUTION_DATE='2025-12-27T18:42:04.316477+00:00' AIRFLOW_CTX_TRY_NUMBER='1' AIRFLOW_CTX_DAG_RUN_ID='manual__2025-12-27T18:42:04.316477+00:00'
[2025-12-27T18:42:05.742+0000] {base.py:83} INFO - Using connection ID 'databricks_default' for task execution.
[2025-12-27T18:42:05.745+0000] {databricks_base.py:546} INFO - Using basic auth.
[2025-12-27T18:42:06.774+0000] {databricks.py:66} INFO - Run submitted with run_id: 216612254198719
[2025-12-27T18:42:06.775+0000] {databricks_base.py:546} INFO - Using basic auth.
[2025-12-27T18:42:07.420+0000] {databricks_base.py:546} INFO - Using basic auth.
[2025-12-27T18:42:08.161+0000] {databricks.py:128} INFO - trigger_dlt_pipeline in run state: {'life_cycle_state': 'RUNNING', 'result_state': '', 'state_message': ''}
[2025-12-27T18:42:08.163+0000] {databricks.py:129} INFO - View run status, Spark UI, and logs at https://dbc-423a5d50-03a6.cloud.databricks.com/?o=684212911772223#job/640017615260074/run/216612254198719
[2025-12-27T18:42:08.164+0000] {databricks.py:130} INFO - Sleeping for 30 seconds.
[2025-12-27T18:42:38.193+0000] {databricks_base.py:546} INFO - Using basic auth.
[2025-12-27T18:42:38.842+0000] {databricks.py:128} INFO - trigger_dlt_pipeline in run state: {'life_cycle_state': 'RUNNING', 'result_state': '', 'state_message': ''}
[2025-12-27T18:42:38.844+0000] {databricks.py:129} INFO - View run status, Spark UI, and logs at https://dbc-423a5d50-03a6.cloud.databricks.com/?o=684212911772223#job/640017615260074/run/216612254198719
[2025-12-27T18:42:38.845+0000] {databricks.py:130} INFO - Sleeping for 30 seconds.
[2025-12-27T18:43:08.873+0000] {databricks_base.py:546} INFO - Using basic auth.
[2025-12-27T18:43:09.565+0000] {databricks.py:128} INFO - trigger_dlt_pipeline in run state: {'life_cycle_state': 'RUNNING', 'result_state': '', 'state_message': ''}
[2025-12-27T18:43:09.566+0000] {databricks.py:129} INFO - View run status, Spark UI, and logs at https://dbc-423a5d50-03a6.cloud.databricks.com/?o=684212911772223#job/640017615260074/run/216612254198719
[2025-12-27T18:43:09.567+0000] {databricks.py:130} INFO - Sleeping for 30 seconds.
[2025-12-27T18:43:39.596+0000] {databricks_base.py:546} INFO - Using basic auth.
[2025-12-27T18:43:40.206+0000] {databricks.py:128} INFO - trigger_dlt_pipeline in run state: {'life_cycle_state': 'RUNNING', 'result_state': '', 'state_message': ''}
[2025-12-27T18:43:40.208+0000] {databricks.py:129} INFO - View run status, Spark UI, and logs at https://dbc-423a5d50-03a6.cloud.databricks.com/?o=684212911772223#job/640017615260074/run/216612254198719
[2025-12-27T18:43:40.208+0000] {databricks.py:130} INFO - Sleeping for 30 seconds.
[2025-12-27T18:44:10.238+0000] {databricks_base.py:546} INFO - Using basic auth.
[2025-12-27T18:44:10.849+0000] {databricks.py:128} INFO - trigger_dlt_pipeline in run state: {'life_cycle_state': 'RUNNING', 'result_state': '', 'state_message': ''}
[2025-12-27T18:44:10.851+0000] {databricks.py:129} INFO - View run status, Spark UI, and logs at https://dbc-423a5d50-03a6.cloud.databricks.com/?o=684212911772223#job/640017615260074/run/216612254198719
[2025-12-27T18:44:10.852+0000] {databricks.py:130} INFO - Sleeping for 30 seconds.
[2025-12-27T18:44:40.881+0000] {databricks_base.py:546} INFO - Using basic auth.
[2025-12-27T18:44:41.493+0000] {databricks.py:128} INFO - trigger_dlt_pipeline in run state: {'life_cycle_state': 'RUNNING', 'result_state': '', 'state_message': ''}
[2025-12-27T18:44:41.495+0000] {databricks.py:129} INFO - View run status, Spark UI, and logs at https://dbc-423a5d50-03a6.cloud.databricks.com/?o=684212911772223#job/640017615260074/run/216612254198719
[2025-12-27T18:44:41.495+0000] {databricks.py:130} INFO - Sleeping for 30 seconds.
[2025-12-27T18:45:11.524+0000] {databricks_base.py:546} INFO - Using basic auth.
[2025-12-27T18:45:12.363+0000] {databricks.py:77} INFO - trigger_dlt_pipeline completed successfully.
[2025-12-27T18:45:12.364+0000] {databricks.py:78} INFO - View run status, Spark UI, and logs at https://dbc-423a5d50-03a6.cloud.databricks.com/?o=684212911772223#job/640017615260074/run/216612254198719
[2025-12-27T18:45:12.384+0000] {taskinstance.py:1138} INFO - Marking task as SUCCESS. dag_id=rugby_pipeline, task_id=trigger_dlt_pipeline, execution_date=20251227T184204, start_date=20251227T184205, end_date=20251227T184512
[2025-12-27T18:45:12.486+0000] {local_task_job_runner.py:234} INFO - Task exited with return code 0
[2025-12-27T18:45:12.513+0000] {taskinstance.py:3280} INFO - 0 downstream tasks scheduled from follow-on schedule check
