[2025-12-27T19:17:47.599+0000] {taskinstance.py:1956} INFO - Dependencies all met for dep_context=non-requeueable deps ti=<TaskInstance: rugby_pipeline.trigger_dlt_pipeline manual__2025-12-27T19:17:46.292146+00:00 [queued]>
[2025-12-27T19:17:47.615+0000] {taskinstance.py:1956} INFO - Dependencies all met for dep_context=requeueable deps ti=<TaskInstance: rugby_pipeline.trigger_dlt_pipeline manual__2025-12-27T19:17:46.292146+00:00 [queued]>
[2025-12-27T19:17:47.617+0000] {taskinstance.py:2170} INFO - Starting attempt 1 of 1
[2025-12-27T19:17:47.674+0000] {taskinstance.py:2191} INFO - Executing <Task(DatabricksRunNowOperator): trigger_dlt_pipeline> on 2025-12-27 19:17:46.292146+00:00
[2025-12-27T19:17:47.687+0000] {standard_task_runner.py:60} INFO - Started process 790 to run task
[2025-12-27T19:17:47.696+0000] {standard_task_runner.py:87} INFO - Running: ['***', 'tasks', 'run', 'rugby_pipeline', 'trigger_dlt_pipeline', 'manual__2025-12-27T19:17:46.292146+00:00', '--job-id', '105', '--raw', '--subdir', 'DAGS_FOLDER/rugby_pipeline.py', '--cfg-path', '/tmp/tmpbl4l8iwz']
[2025-12-27T19:17:47.702+0000] {standard_task_runner.py:88} INFO - Job 105: Subtask trigger_dlt_pipeline
[2025-12-27T19:17:47.792+0000] {task_command.py:423} INFO - Running <TaskInstance: rugby_pipeline.trigger_dlt_pipeline manual__2025-12-27T19:17:46.292146+00:00 [running]> on host 6c84c95fdea2
[2025-12-27T19:17:47.927+0000] {taskinstance.py:2480} INFO - Exporting env vars: AIRFLOW_CTX_DAG_OWNER='***' AIRFLOW_CTX_DAG_ID='rugby_pipeline' AIRFLOW_CTX_TASK_ID='trigger_dlt_pipeline' AIRFLOW_CTX_EXECUTION_DATE='2025-12-27T19:17:46.292146+00:00' AIRFLOW_CTX_TRY_NUMBER='1' AIRFLOW_CTX_DAG_RUN_ID='manual__2025-12-27T19:17:46.292146+00:00'
[2025-12-27T19:17:47.943+0000] {base.py:83} INFO - Using connection ID 'databricks_default' for task execution.
[2025-12-27T19:17:47.946+0000] {databricks_base.py:546} INFO - Using basic auth.
[2025-12-27T19:17:48.804+0000] {databricks.py:66} INFO - Run submitted with run_id: 323766185566420
[2025-12-27T19:17:48.806+0000] {databricks_base.py:546} INFO - Using basic auth.
[2025-12-27T19:17:49.461+0000] {databricks_base.py:546} INFO - Using basic auth.
[2025-12-27T19:17:50.042+0000] {databricks.py:128} INFO - trigger_dlt_pipeline in run state: {'life_cycle_state': 'RUNNING', 'result_state': '', 'state_message': ''}
[2025-12-27T19:17:50.044+0000] {databricks.py:129} INFO - View run status, Spark UI, and logs at https://dbc-423a5d50-03a6.cloud.databricks.com/?o=684212911772223#job/640017615260074/run/323766185566420
[2025-12-27T19:17:50.044+0000] {databricks.py:130} INFO - Sleeping for 30 seconds.
[2025-12-27T19:18:20.073+0000] {databricks_base.py:546} INFO - Using basic auth.
[2025-12-27T19:18:20.653+0000] {databricks.py:128} INFO - trigger_dlt_pipeline in run state: {'life_cycle_state': 'RUNNING', 'result_state': '', 'state_message': ''}
[2025-12-27T19:18:20.655+0000] {databricks.py:129} INFO - View run status, Spark UI, and logs at https://dbc-423a5d50-03a6.cloud.databricks.com/?o=684212911772223#job/640017615260074/run/323766185566420
[2025-12-27T19:18:20.656+0000] {databricks.py:130} INFO - Sleeping for 30 seconds.
[2025-12-27T19:18:50.681+0000] {databricks_base.py:546} INFO - Using basic auth.
[2025-12-27T19:18:51.341+0000] {databricks.py:128} INFO - trigger_dlt_pipeline in run state: {'life_cycle_state': 'RUNNING', 'result_state': '', 'state_message': ''}
[2025-12-27T19:18:51.343+0000] {databricks.py:129} INFO - View run status, Spark UI, and logs at https://dbc-423a5d50-03a6.cloud.databricks.com/?o=684212911772223#job/640017615260074/run/323766185566420
[2025-12-27T19:18:51.344+0000] {databricks.py:130} INFO - Sleeping for 30 seconds.
[2025-12-27T19:19:21.359+0000] {databricks_base.py:546} INFO - Using basic auth.
[2025-12-27T19:19:22.678+0000] {databricks.py:128} INFO - trigger_dlt_pipeline in run state: {'life_cycle_state': 'RUNNING', 'result_state': '', 'state_message': ''}
[2025-12-27T19:19:22.679+0000] {databricks.py:129} INFO - View run status, Spark UI, and logs at https://dbc-423a5d50-03a6.cloud.databricks.com/?o=684212911772223#job/640017615260074/run/323766185566420
[2025-12-27T19:19:22.680+0000] {databricks.py:130} INFO - Sleeping for 30 seconds.
[2025-12-27T19:19:52.709+0000] {databricks_base.py:546} INFO - Using basic auth.
[2025-12-27T19:19:53.310+0000] {databricks.py:128} INFO - trigger_dlt_pipeline in run state: {'life_cycle_state': 'RUNNING', 'result_state': '', 'state_message': ''}
[2025-12-27T19:19:53.312+0000] {databricks.py:129} INFO - View run status, Spark UI, and logs at https://dbc-423a5d50-03a6.cloud.databricks.com/?o=684212911772223#job/640017615260074/run/323766185566420
[2025-12-27T19:19:53.313+0000] {databricks.py:130} INFO - Sleeping for 30 seconds.
[2025-12-27T19:20:23.336+0000] {databricks_base.py:546} INFO - Using basic auth.
[2025-12-27T19:20:24.031+0000] {databricks.py:128} INFO - trigger_dlt_pipeline in run state: {'life_cycle_state': 'RUNNING', 'result_state': '', 'state_message': ''}
[2025-12-27T19:20:24.034+0000] {databricks.py:129} INFO - View run status, Spark UI, and logs at https://dbc-423a5d50-03a6.cloud.databricks.com/?o=684212911772223#job/640017615260074/run/323766185566420
[2025-12-27T19:20:24.035+0000] {databricks.py:130} INFO - Sleeping for 30 seconds.
[2025-12-27T19:20:54.065+0000] {databricks_base.py:546} INFO - Using basic auth.
[2025-12-27T19:20:54.655+0000] {databricks.py:128} INFO - trigger_dlt_pipeline in run state: {'life_cycle_state': 'RUNNING', 'result_state': '', 'state_message': ''}
[2025-12-27T19:20:54.656+0000] {databricks.py:129} INFO - View run status, Spark UI, and logs at https://dbc-423a5d50-03a6.cloud.databricks.com/?o=684212911772223#job/640017615260074/run/323766185566420
[2025-12-27T19:20:54.657+0000] {databricks.py:130} INFO - Sleeping for 30 seconds.
[2025-12-27T19:21:24.675+0000] {databricks_base.py:546} INFO - Using basic auth.
[2025-12-27T19:21:25.505+0000] {databricks.py:77} INFO - trigger_dlt_pipeline completed successfully.
[2025-12-27T19:21:25.507+0000] {databricks.py:78} INFO - View run status, Spark UI, and logs at https://dbc-423a5d50-03a6.cloud.databricks.com/?o=684212911772223#job/640017615260074/run/323766185566420
[2025-12-27T19:21:25.532+0000] {taskinstance.py:1138} INFO - Marking task as SUCCESS. dag_id=rugby_pipeline, task_id=trigger_dlt_pipeline, execution_date=20251227T191746, start_date=20251227T191747, end_date=20251227T192125
[2025-12-27T19:21:25.626+0000] {local_task_job_runner.py:234} INFO - Task exited with return code 0
[2025-12-27T19:21:25.666+0000] {taskinstance.py:3280} INFO - 1 downstream tasks scheduled from follow-on schedule check
