[2025-12-27T19:21:34.998+0000] {taskinstance.py:1956} INFO - Dependencies all met for dep_context=non-requeueable deps ti=<TaskInstance: match_features_pipeline.build_prediction_features manual__2025-12-27T19:21:26.975173+00:00 [queued]>
[2025-12-27T19:21:35.011+0000] {taskinstance.py:1956} INFO - Dependencies all met for dep_context=requeueable deps ti=<TaskInstance: match_features_pipeline.build_prediction_features manual__2025-12-27T19:21:26.975173+00:00 [queued]>
[2025-12-27T19:21:35.012+0000] {taskinstance.py:2170} INFO - Starting attempt 1 of 1
[2025-12-27T19:21:35.033+0000] {taskinstance.py:2191} INFO - Executing <Task(DatabricksRunNowOperator): build_prediction_features> on 2025-12-27 19:21:26.975173+00:00
[2025-12-27T19:21:35.045+0000] {standard_task_runner.py:60} INFO - Started process 945 to run task
[2025-12-27T19:21:35.051+0000] {standard_task_runner.py:87} INFO - Running: ['***', 'tasks', 'run', 'match_features_pipeline', 'build_prediction_features', 'manual__2025-12-27T19:21:26.975173+00:00', '--job-id', '107', '--raw', '--subdir', 'DAGS_FOLDER/prediction_features_pipeline.py', '--cfg-path', '/tmp/tmpda9a9lc6']
[2025-12-27T19:21:35.055+0000] {standard_task_runner.py:88} INFO - Job 107: Subtask build_prediction_features
[2025-12-27T19:21:35.141+0000] {task_command.py:423} INFO - Running <TaskInstance: match_features_pipeline.build_prediction_features manual__2025-12-27T19:21:26.975173+00:00 [running]> on host 6c84c95fdea2
[2025-12-27T19:21:35.324+0000] {taskinstance.py:2480} INFO - Exporting env vars: AIRFLOW_CTX_DAG_OWNER='***' AIRFLOW_CTX_DAG_ID='match_features_pipeline' AIRFLOW_CTX_TASK_ID='build_prediction_features' AIRFLOW_CTX_EXECUTION_DATE='2025-12-27T19:21:26.975173+00:00' AIRFLOW_CTX_TRY_NUMBER='1' AIRFLOW_CTX_DAG_RUN_ID='manual__2025-12-27T19:21:26.975173+00:00'
[2025-12-27T19:21:35.346+0000] {base.py:83} INFO - Using connection ID 'databricks_default' for task execution.
[2025-12-27T19:21:35.349+0000] {databricks_base.py:546} INFO - Using basic auth.
[2025-12-27T19:21:36.140+0000] {databricks.py:66} INFO - Run submitted with run_id: 193578393563372
[2025-12-27T19:21:36.141+0000] {databricks_base.py:546} INFO - Using basic auth.
[2025-12-27T19:21:36.754+0000] {databricks_base.py:546} INFO - Using basic auth.
[2025-12-27T19:21:37.367+0000] {databricks.py:128} INFO - build_prediction_features in run state: {'life_cycle_state': 'RUNNING', 'result_state': '', 'state_message': ''}
[2025-12-27T19:21:37.368+0000] {databricks.py:129} INFO - View run status, Spark UI, and logs at https://dbc-423a5d50-03a6.cloud.databricks.com/?o=684212911772223#job/35532112137397/run/193578393563372
[2025-12-27T19:21:37.369+0000] {databricks.py:130} INFO - Sleeping for 30 seconds.
[2025-12-27T19:22:07.397+0000] {databricks_base.py:546} INFO - Using basic auth.
[2025-12-27T19:22:08.008+0000] {databricks.py:128} INFO - build_prediction_features in run state: {'life_cycle_state': 'RUNNING', 'result_state': '', 'state_message': ''}
[2025-12-27T19:22:08.010+0000] {databricks.py:129} INFO - View run status, Spark UI, and logs at https://dbc-423a5d50-03a6.cloud.databricks.com/?o=684212911772223#job/35532112137397/run/193578393563372
[2025-12-27T19:22:08.011+0000] {databricks.py:130} INFO - Sleeping for 30 seconds.
[2025-12-27T19:22:38.010+0000] {databricks_base.py:546} INFO - Using basic auth.
[2025-12-27T19:22:38.688+0000] {databricks.py:128} INFO - build_prediction_features in run state: {'life_cycle_state': 'RUNNING', 'result_state': '', 'state_message': ''}
[2025-12-27T19:22:38.690+0000] {databricks.py:129} INFO - View run status, Spark UI, and logs at https://dbc-423a5d50-03a6.cloud.databricks.com/?o=684212911772223#job/35532112137397/run/193578393563372
[2025-12-27T19:22:38.690+0000] {databricks.py:130} INFO - Sleeping for 30 seconds.
[2025-12-27T19:23:08.720+0000] {databricks_base.py:546} INFO - Using basic auth.
[2025-12-27T19:23:09.388+0000] {databricks.py:128} INFO - build_prediction_features in run state: {'life_cycle_state': 'RUNNING', 'result_state': '', 'state_message': ''}
[2025-12-27T19:23:09.390+0000] {databricks.py:129} INFO - View run status, Spark UI, and logs at https://dbc-423a5d50-03a6.cloud.databricks.com/?o=684212911772223#job/35532112137397/run/193578393563372
[2025-12-27T19:23:09.391+0000] {databricks.py:130} INFO - Sleeping for 30 seconds.
[2025-12-27T19:23:39.419+0000] {databricks_base.py:546} INFO - Using basic auth.
[2025-12-27T19:23:40.278+0000] {databricks.py:77} INFO - build_prediction_features completed successfully.
[2025-12-27T19:23:40.279+0000] {databricks.py:78} INFO - View run status, Spark UI, and logs at https://dbc-423a5d50-03a6.cloud.databricks.com/?o=684212911772223#job/35532112137397/run/193578393563372
[2025-12-27T19:23:40.297+0000] {taskinstance.py:1138} INFO - Marking task as SUCCESS. dag_id=match_features_pipeline, task_id=build_prediction_features, execution_date=20251227T192126, start_date=20251227T192134, end_date=20251227T192340
[2025-12-27T19:23:40.397+0000] {local_task_job_runner.py:234} INFO - Task exited with return code 0
[2025-12-27T19:23:40.436+0000] {taskinstance.py:3280} INFO - 1 downstream tasks scheduled from follow-on schedule check
