[2025-12-27T18:14:30.461+0000] {processor.py:161} INFO - Started process (PID=334) to work on /opt/airflow/dags/match_predictions.py
[2025-12-27T18:14:30.463+0000] {processor.py:830} INFO - Processing file /opt/airflow/dags/match_predictions.py for tasks to queue
[2025-12-27T18:14:30.465+0000] {logging_mixin.py:188} INFO - [2025-12-27T18:14:30.464+0000] {dagbag.py:538} INFO - Filling up the DagBag from /opt/airflow/dags/match_predictions.py
[2025-12-27T18:14:30.514+0000] {processor.py:842} WARNING - No viable dags retrieved from /opt/airflow/dags/match_predictions.py
[2025-12-27T18:14:30.542+0000] {processor.py:183} INFO - Processing /opt/airflow/dags/match_predictions.py took 0.086 seconds
[2025-12-27T18:15:01.118+0000] {processor.py:161} INFO - Started process (PID=354) to work on /opt/airflow/dags/match_predictions.py
[2025-12-27T18:15:01.120+0000] {processor.py:830} INFO - Processing file /opt/airflow/dags/match_predictions.py for tasks to queue
[2025-12-27T18:15:01.121+0000] {logging_mixin.py:188} INFO - [2025-12-27T18:15:01.121+0000] {dagbag.py:538} INFO - Filling up the DagBag from /opt/airflow/dags/match_predictions.py
[2025-12-27T18:15:01.137+0000] {processor.py:842} WARNING - No viable dags retrieved from /opt/airflow/dags/match_predictions.py
[2025-12-27T18:15:01.156+0000] {processor.py:183} INFO - Processing /opt/airflow/dags/match_predictions.py took 0.044 seconds
[2025-12-27T18:15:31.713+0000] {processor.py:161} INFO - Started process (PID=374) to work on /opt/airflow/dags/match_predictions.py
[2025-12-27T18:15:31.715+0000] {processor.py:830} INFO - Processing file /opt/airflow/dags/match_predictions.py for tasks to queue
[2025-12-27T18:15:31.717+0000] {logging_mixin.py:188} INFO - [2025-12-27T18:15:31.717+0000] {dagbag.py:538} INFO - Filling up the DagBag from /opt/airflow/dags/match_predictions.py
[2025-12-27T18:15:31.746+0000] {processor.py:842} WARNING - No viable dags retrieved from /opt/airflow/dags/match_predictions.py
[2025-12-27T18:15:31.774+0000] {processor.py:183} INFO - Processing /opt/airflow/dags/match_predictions.py took 0.067 seconds
[2025-12-27T18:16:02.546+0000] {processor.py:161} INFO - Started process (PID=394) to work on /opt/airflow/dags/match_predictions.py
[2025-12-27T18:16:02.549+0000] {processor.py:830} INFO - Processing file /opt/airflow/dags/match_predictions.py for tasks to queue
[2025-12-27T18:16:02.551+0000] {logging_mixin.py:188} INFO - [2025-12-27T18:16:02.550+0000] {dagbag.py:538} INFO - Filling up the DagBag from /opt/airflow/dags/match_predictions.py
[2025-12-27T18:16:02.581+0000] {processor.py:842} WARNING - No viable dags retrieved from /opt/airflow/dags/match_predictions.py
[2025-12-27T18:16:02.614+0000] {processor.py:183} INFO - Processing /opt/airflow/dags/match_predictions.py took 0.076 seconds
[2025-12-27T18:16:33.371+0000] {processor.py:161} INFO - Started process (PID=414) to work on /opt/airflow/dags/match_predictions.py
[2025-12-27T18:16:33.373+0000] {processor.py:830} INFO - Processing file /opt/airflow/dags/match_predictions.py for tasks to queue
[2025-12-27T18:16:33.374+0000] {logging_mixin.py:188} INFO - [2025-12-27T18:16:33.374+0000] {dagbag.py:538} INFO - Filling up the DagBag from /opt/airflow/dags/match_predictions.py
[2025-12-27T18:16:33.402+0000] {processor.py:842} WARNING - No viable dags retrieved from /opt/airflow/dags/match_predictions.py
[2025-12-27T18:16:33.432+0000] {processor.py:183} INFO - Processing /opt/airflow/dags/match_predictions.py took 0.067 seconds
[2025-12-27T18:17:04.409+0000] {processor.py:161} INFO - Started process (PID=434) to work on /opt/airflow/dags/match_predictions.py
[2025-12-27T18:17:04.412+0000] {processor.py:830} INFO - Processing file /opt/airflow/dags/match_predictions.py for tasks to queue
[2025-12-27T18:17:04.413+0000] {logging_mixin.py:188} INFO - [2025-12-27T18:17:04.413+0000] {dagbag.py:538} INFO - Filling up the DagBag from /opt/airflow/dags/match_predictions.py
[2025-12-27T18:17:04.474+0000] {processor.py:842} WARNING - No viable dags retrieved from /opt/airflow/dags/match_predictions.py
[2025-12-27T18:17:04.506+0000] {processor.py:183} INFO - Processing /opt/airflow/dags/match_predictions.py took 0.103 seconds
[2025-12-27T18:17:35.199+0000] {processor.py:161} INFO - Started process (PID=454) to work on /opt/airflow/dags/match_predictions.py
[2025-12-27T18:17:35.201+0000] {processor.py:830} INFO - Processing file /opt/airflow/dags/match_predictions.py for tasks to queue
[2025-12-27T18:17:35.204+0000] {logging_mixin.py:188} INFO - [2025-12-27T18:17:35.203+0000] {dagbag.py:538} INFO - Filling up the DagBag from /opt/airflow/dags/match_predictions.py
[2025-12-27T18:17:35.231+0000] {processor.py:842} WARNING - No viable dags retrieved from /opt/airflow/dags/match_predictions.py
[2025-12-27T18:17:35.257+0000] {processor.py:183} INFO - Processing /opt/airflow/dags/match_predictions.py took 0.064 seconds
[2025-12-27T18:18:05.506+0000] {processor.py:161} INFO - Started process (PID=474) to work on /opt/airflow/dags/match_predictions.py
[2025-12-27T18:18:05.508+0000] {processor.py:830} INFO - Processing file /opt/airflow/dags/match_predictions.py for tasks to queue
[2025-12-27T18:18:05.511+0000] {logging_mixin.py:188} INFO - [2025-12-27T18:18:05.510+0000] {dagbag.py:538} INFO - Filling up the DagBag from /opt/airflow/dags/match_predictions.py
[2025-12-27T18:18:05.539+0000] {processor.py:842} WARNING - No viable dags retrieved from /opt/airflow/dags/match_predictions.py
[2025-12-27T18:18:05.568+0000] {processor.py:183} INFO - Processing /opt/airflow/dags/match_predictions.py took 0.067 seconds
[2025-12-27T18:18:36.403+0000] {processor.py:161} INFO - Started process (PID=496) to work on /opt/airflow/dags/match_predictions.py
[2025-12-27T18:18:36.406+0000] {processor.py:830} INFO - Processing file /opt/airflow/dags/match_predictions.py for tasks to queue
[2025-12-27T18:18:36.408+0000] {logging_mixin.py:188} INFO - [2025-12-27T18:18:36.407+0000] {dagbag.py:538} INFO - Filling up the DagBag from /opt/airflow/dags/match_predictions.py
[2025-12-27T18:18:36.437+0000] {processor.py:842} WARNING - No viable dags retrieved from /opt/airflow/dags/match_predictions.py
[2025-12-27T18:18:36.474+0000] {processor.py:183} INFO - Processing /opt/airflow/dags/match_predictions.py took 0.077 seconds
[2025-12-27T18:19:07.329+0000] {processor.py:161} INFO - Started process (PID=516) to work on /opt/airflow/dags/match_predictions.py
[2025-12-27T18:19:07.332+0000] {processor.py:830} INFO - Processing file /opt/airflow/dags/match_predictions.py for tasks to queue
[2025-12-27T18:19:07.334+0000] {logging_mixin.py:188} INFO - [2025-12-27T18:19:07.333+0000] {dagbag.py:538} INFO - Filling up the DagBag from /opt/airflow/dags/match_predictions.py
[2025-12-27T18:19:07.364+0000] {processor.py:842} WARNING - No viable dags retrieved from /opt/airflow/dags/match_predictions.py
[2025-12-27T18:19:07.399+0000] {processor.py:183} INFO - Processing /opt/airflow/dags/match_predictions.py took 0.079 seconds
[2025-12-27T18:19:37.684+0000] {processor.py:161} INFO - Started process (PID=540) to work on /opt/airflow/dags/match_predictions.py
[2025-12-27T18:19:37.689+0000] {processor.py:830} INFO - Processing file /opt/airflow/dags/match_predictions.py for tasks to queue
[2025-12-27T18:19:37.692+0000] {logging_mixin.py:188} INFO - [2025-12-27T18:19:37.691+0000] {dagbag.py:538} INFO - Filling up the DagBag from /opt/airflow/dags/match_predictions.py
[2025-12-27T18:19:37.729+0000] {processor.py:842} WARNING - No viable dags retrieved from /opt/airflow/dags/match_predictions.py
[2025-12-27T18:19:37.772+0000] {processor.py:183} INFO - Processing /opt/airflow/dags/match_predictions.py took 0.100 seconds
[2025-12-27T18:20:07.916+0000] {processor.py:161} INFO - Started process (PID=560) to work on /opt/airflow/dags/match_predictions.py
[2025-12-27T18:20:07.920+0000] {processor.py:830} INFO - Processing file /opt/airflow/dags/match_predictions.py for tasks to queue
[2025-12-27T18:20:07.922+0000] {logging_mixin.py:188} INFO - [2025-12-27T18:20:07.921+0000] {dagbag.py:538} INFO - Filling up the DagBag from /opt/airflow/dags/match_predictions.py
[2025-12-27T18:20:07.956+0000] {processor.py:842} WARNING - No viable dags retrieved from /opt/airflow/dags/match_predictions.py
[2025-12-27T18:20:08.008+0000] {processor.py:183} INFO - Processing /opt/airflow/dags/match_predictions.py took 0.101 seconds
[2025-12-27T18:20:38.930+0000] {processor.py:161} INFO - Started process (PID=584) to work on /opt/airflow/dags/match_predictions.py
[2025-12-27T18:20:38.933+0000] {processor.py:830} INFO - Processing file /opt/airflow/dags/match_predictions.py for tasks to queue
[2025-12-27T18:20:38.935+0000] {logging_mixin.py:188} INFO - [2025-12-27T18:20:38.934+0000] {dagbag.py:538} INFO - Filling up the DagBag from /opt/airflow/dags/match_predictions.py
[2025-12-27T18:20:38.968+0000] {processor.py:842} WARNING - No viable dags retrieved from /opt/airflow/dags/match_predictions.py
[2025-12-27T18:20:39.000+0000] {processor.py:183} INFO - Processing /opt/airflow/dags/match_predictions.py took 0.080 seconds
[2025-12-27T18:21:09.777+0000] {processor.py:161} INFO - Started process (PID=606) to work on /opt/airflow/dags/match_predictions.py
[2025-12-27T18:21:09.780+0000] {processor.py:830} INFO - Processing file /opt/airflow/dags/match_predictions.py for tasks to queue
[2025-12-27T18:21:09.783+0000] {logging_mixin.py:188} INFO - [2025-12-27T18:21:09.782+0000] {dagbag.py:538} INFO - Filling up the DagBag from /opt/airflow/dags/match_predictions.py
[2025-12-27T18:21:09.819+0000] {processor.py:842} WARNING - No viable dags retrieved from /opt/airflow/dags/match_predictions.py
[2025-12-27T18:21:09.858+0000] {processor.py:183} INFO - Processing /opt/airflow/dags/match_predictions.py took 0.100 seconds
[2025-12-27T18:21:40.660+0000] {processor.py:161} INFO - Started process (PID=630) to work on /opt/airflow/dags/match_predictions.py
[2025-12-27T18:21:40.664+0000] {processor.py:830} INFO - Processing file /opt/airflow/dags/match_predictions.py for tasks to queue
[2025-12-27T18:21:40.667+0000] {logging_mixin.py:188} INFO - [2025-12-27T18:21:40.666+0000] {dagbag.py:538} INFO - Filling up the DagBag from /opt/airflow/dags/match_predictions.py
[2025-12-27T18:21:40.699+0000] {processor.py:842} WARNING - No viable dags retrieved from /opt/airflow/dags/match_predictions.py
[2025-12-27T18:21:40.739+0000] {processor.py:183} INFO - Processing /opt/airflow/dags/match_predictions.py took 0.088 seconds
[2025-12-27T18:22:11.401+0000] {processor.py:161} INFO - Started process (PID=650) to work on /opt/airflow/dags/match_predictions.py
[2025-12-27T18:22:11.404+0000] {processor.py:830} INFO - Processing file /opt/airflow/dags/match_predictions.py for tasks to queue
[2025-12-27T18:22:11.406+0000] {logging_mixin.py:188} INFO - [2025-12-27T18:22:11.406+0000] {dagbag.py:538} INFO - Filling up the DagBag from /opt/airflow/dags/match_predictions.py
[2025-12-27T18:22:11.435+0000] {processor.py:842} WARNING - No viable dags retrieved from /opt/airflow/dags/match_predictions.py
[2025-12-27T18:22:11.470+0000] {processor.py:183} INFO - Processing /opt/airflow/dags/match_predictions.py took 0.078 seconds
[2025-12-27T18:22:42.330+0000] {processor.py:161} INFO - Started process (PID=674) to work on /opt/airflow/dags/match_predictions.py
[2025-12-27T18:22:42.333+0000] {processor.py:830} INFO - Processing file /opt/airflow/dags/match_predictions.py for tasks to queue
[2025-12-27T18:22:42.335+0000] {logging_mixin.py:188} INFO - [2025-12-27T18:22:42.334+0000] {dagbag.py:538} INFO - Filling up the DagBag from /opt/airflow/dags/match_predictions.py
[2025-12-27T18:22:42.365+0000] {processor.py:842} WARNING - No viable dags retrieved from /opt/airflow/dags/match_predictions.py
[2025-12-27T18:22:42.395+0000] {processor.py:183} INFO - Processing /opt/airflow/dags/match_predictions.py took 0.072 seconds
[2025-12-27T18:23:13.103+0000] {processor.py:161} INFO - Started process (PID=694) to work on /opt/airflow/dags/match_predictions.py
[2025-12-27T18:23:13.105+0000] {processor.py:830} INFO - Processing file /opt/airflow/dags/match_predictions.py for tasks to queue
[2025-12-27T18:23:13.109+0000] {logging_mixin.py:188} INFO - [2025-12-27T18:23:13.107+0000] {dagbag.py:538} INFO - Filling up the DagBag from /opt/airflow/dags/match_predictions.py
[2025-12-27T18:23:13.135+0000] {processor.py:842} WARNING - No viable dags retrieved from /opt/airflow/dags/match_predictions.py
[2025-12-27T18:23:13.162+0000] {processor.py:183} INFO - Processing /opt/airflow/dags/match_predictions.py took 0.064 seconds
[2025-12-27T18:23:43.890+0000] {processor.py:161} INFO - Started process (PID=718) to work on /opt/airflow/dags/match_predictions.py
[2025-12-27T18:23:43.893+0000] {processor.py:830} INFO - Processing file /opt/airflow/dags/match_predictions.py for tasks to queue
[2025-12-27T18:23:43.895+0000] {logging_mixin.py:188} INFO - [2025-12-27T18:23:43.895+0000] {dagbag.py:538} INFO - Filling up the DagBag from /opt/airflow/dags/match_predictions.py
[2025-12-27T18:23:43.928+0000] {processor.py:842} WARNING - No viable dags retrieved from /opt/airflow/dags/match_predictions.py
[2025-12-27T18:23:43.961+0000] {processor.py:183} INFO - Processing /opt/airflow/dags/match_predictions.py took 0.079 seconds
[2025-12-27T18:24:14.686+0000] {processor.py:161} INFO - Started process (PID=738) to work on /opt/airflow/dags/match_predictions.py
[2025-12-27T18:24:14.690+0000] {processor.py:830} INFO - Processing file /opt/airflow/dags/match_predictions.py for tasks to queue
[2025-12-27T18:24:14.693+0000] {logging_mixin.py:188} INFO - [2025-12-27T18:24:14.692+0000] {dagbag.py:538} INFO - Filling up the DagBag from /opt/airflow/dags/match_predictions.py
[2025-12-27T18:24:14.721+0000] {processor.py:842} WARNING - No viable dags retrieved from /opt/airflow/dags/match_predictions.py
[2025-12-27T18:24:14.751+0000] {processor.py:183} INFO - Processing /opt/airflow/dags/match_predictions.py took 0.074 seconds
[2025-12-27T18:24:45.592+0000] {processor.py:161} INFO - Started process (PID=762) to work on /opt/airflow/dags/match_predictions.py
[2025-12-27T18:24:45.594+0000] {processor.py:830} INFO - Processing file /opt/airflow/dags/match_predictions.py for tasks to queue
[2025-12-27T18:24:45.596+0000] {logging_mixin.py:188} INFO - [2025-12-27T18:24:45.595+0000] {dagbag.py:538} INFO - Filling up the DagBag from /opt/airflow/dags/match_predictions.py
[2025-12-27T18:24:45.624+0000] {processor.py:842} WARNING - No viable dags retrieved from /opt/airflow/dags/match_predictions.py
[2025-12-27T18:24:45.650+0000] {processor.py:183} INFO - Processing /opt/airflow/dags/match_predictions.py took 0.064 seconds
[2025-12-27T18:25:16.390+0000] {processor.py:161} INFO - Started process (PID=782) to work on /opt/airflow/dags/match_predictions.py
[2025-12-27T18:25:16.393+0000] {processor.py:830} INFO - Processing file /opt/airflow/dags/match_predictions.py for tasks to queue
[2025-12-27T18:25:16.395+0000] {logging_mixin.py:188} INFO - [2025-12-27T18:25:16.394+0000] {dagbag.py:538} INFO - Filling up the DagBag from /opt/airflow/dags/match_predictions.py
[2025-12-27T18:25:16.424+0000] {processor.py:842} WARNING - No viable dags retrieved from /opt/airflow/dags/match_predictions.py
[2025-12-27T18:25:16.456+0000] {processor.py:183} INFO - Processing /opt/airflow/dags/match_predictions.py took 0.076 seconds
[2025-12-27T18:25:47.236+0000] {processor.py:161} INFO - Started process (PID=806) to work on /opt/airflow/dags/match_predictions.py
[2025-12-27T18:25:47.240+0000] {processor.py:830} INFO - Processing file /opt/airflow/dags/match_predictions.py for tasks to queue
[2025-12-27T18:25:47.244+0000] {logging_mixin.py:188} INFO - [2025-12-27T18:25:47.243+0000] {dagbag.py:538} INFO - Filling up the DagBag from /opt/airflow/dags/match_predictions.py
[2025-12-27T18:25:47.273+0000] {processor.py:842} WARNING - No viable dags retrieved from /opt/airflow/dags/match_predictions.py
[2025-12-27T18:25:47.306+0000] {processor.py:183} INFO - Processing /opt/airflow/dags/match_predictions.py took 0.079 seconds
[2025-12-27T18:26:18.000+0000] {processor.py:161} INFO - Started process (PID=826) to work on /opt/airflow/dags/match_predictions.py
[2025-12-27T18:26:18.002+0000] {processor.py:830} INFO - Processing file /opt/airflow/dags/match_predictions.py for tasks to queue
[2025-12-27T18:26:18.004+0000] {logging_mixin.py:188} INFO - [2025-12-27T18:26:18.003+0000] {dagbag.py:538} INFO - Filling up the DagBag from /opt/airflow/dags/match_predictions.py
[2025-12-27T18:26:18.033+0000] {processor.py:842} WARNING - No viable dags retrieved from /opt/airflow/dags/match_predictions.py
[2025-12-27T18:26:18.059+0000] {processor.py:183} INFO - Processing /opt/airflow/dags/match_predictions.py took 0.066 seconds
[2025-12-27T18:26:48.776+0000] {processor.py:161} INFO - Started process (PID=850) to work on /opt/airflow/dags/match_predictions.py
[2025-12-27T18:26:48.777+0000] {processor.py:830} INFO - Processing file /opt/airflow/dags/match_predictions.py for tasks to queue
[2025-12-27T18:26:48.778+0000] {logging_mixin.py:188} INFO - [2025-12-27T18:26:48.778+0000] {dagbag.py:538} INFO - Filling up the DagBag from /opt/airflow/dags/match_predictions.py
[2025-12-27T18:26:48.795+0000] {processor.py:842} WARNING - No viable dags retrieved from /opt/airflow/dags/match_predictions.py
[2025-12-27T18:26:48.815+0000] {processor.py:183} INFO - Processing /opt/airflow/dags/match_predictions.py took 0.044 seconds
[2025-12-27T18:27:19.368+0000] {processor.py:161} INFO - Started process (PID=870) to work on /opt/airflow/dags/match_predictions.py
[2025-12-27T18:27:19.370+0000] {processor.py:830} INFO - Processing file /opt/airflow/dags/match_predictions.py for tasks to queue
[2025-12-27T18:27:19.371+0000] {logging_mixin.py:188} INFO - [2025-12-27T18:27:19.370+0000] {dagbag.py:538} INFO - Filling up the DagBag from /opt/airflow/dags/match_predictions.py
[2025-12-27T18:27:19.392+0000] {processor.py:842} WARNING - No viable dags retrieved from /opt/airflow/dags/match_predictions.py
[2025-12-27T18:27:19.410+0000] {processor.py:183} INFO - Processing /opt/airflow/dags/match_predictions.py took 0.046 seconds
[2025-12-27T18:27:50.195+0000] {processor.py:161} INFO - Started process (PID=894) to work on /opt/airflow/dags/match_predictions.py
[2025-12-27T18:27:50.197+0000] {processor.py:830} INFO - Processing file /opt/airflow/dags/match_predictions.py for tasks to queue
[2025-12-27T18:27:50.199+0000] {logging_mixin.py:188} INFO - [2025-12-27T18:27:50.198+0000] {dagbag.py:538} INFO - Filling up the DagBag from /opt/airflow/dags/match_predictions.py
[2025-12-27T18:27:50.228+0000] {processor.py:842} WARNING - No viable dags retrieved from /opt/airflow/dags/match_predictions.py
[2025-12-27T18:27:50.260+0000] {processor.py:183} INFO - Processing /opt/airflow/dags/match_predictions.py took 0.072 seconds
[2025-12-27T18:28:21.000+0000] {processor.py:161} INFO - Started process (PID=914) to work on /opt/airflow/dags/match_predictions.py
[2025-12-27T18:28:21.003+0000] {processor.py:830} INFO - Processing file /opt/airflow/dags/match_predictions.py for tasks to queue
[2025-12-27T18:28:21.006+0000] {logging_mixin.py:188} INFO - [2025-12-27T18:28:21.005+0000] {dagbag.py:538} INFO - Filling up the DagBag from /opt/airflow/dags/match_predictions.py
[2025-12-27T18:28:21.034+0000] {processor.py:842} WARNING - No viable dags retrieved from /opt/airflow/dags/match_predictions.py
[2025-12-27T18:28:21.073+0000] {processor.py:183} INFO - Processing /opt/airflow/dags/match_predictions.py took 0.080 seconds
[2025-12-27T18:28:51.781+0000] {processor.py:161} INFO - Started process (PID=938) to work on /opt/airflow/dags/match_predictions.py
[2025-12-27T18:28:51.784+0000] {processor.py:830} INFO - Processing file /opt/airflow/dags/match_predictions.py for tasks to queue
[2025-12-27T18:28:51.789+0000] {logging_mixin.py:188} INFO - [2025-12-27T18:28:51.785+0000] {dagbag.py:538} INFO - Filling up the DagBag from /opt/airflow/dags/match_predictions.py
[2025-12-27T18:28:51.820+0000] {processor.py:842} WARNING - No viable dags retrieved from /opt/airflow/dags/match_predictions.py
[2025-12-27T18:28:51.860+0000] {processor.py:183} INFO - Processing /opt/airflow/dags/match_predictions.py took 0.088 seconds
[2025-12-27T18:29:22.562+0000] {processor.py:161} INFO - Started process (PID=958) to work on /opt/airflow/dags/match_predictions.py
[2025-12-27T18:29:22.564+0000] {processor.py:830} INFO - Processing file /opt/airflow/dags/match_predictions.py for tasks to queue
[2025-12-27T18:29:22.566+0000] {logging_mixin.py:188} INFO - [2025-12-27T18:29:22.565+0000] {dagbag.py:538} INFO - Filling up the DagBag from /opt/airflow/dags/match_predictions.py
[2025-12-27T18:29:22.595+0000] {processor.py:842} WARNING - No viable dags retrieved from /opt/airflow/dags/match_predictions.py
[2025-12-27T18:29:22.621+0000] {processor.py:183} INFO - Processing /opt/airflow/dags/match_predictions.py took 0.065 seconds
[2025-12-27T18:29:53.405+0000] {processor.py:161} INFO - Started process (PID=982) to work on /opt/airflow/dags/match_predictions.py
[2025-12-27T18:29:53.408+0000] {processor.py:830} INFO - Processing file /opt/airflow/dags/match_predictions.py for tasks to queue
[2025-12-27T18:29:53.410+0000] {logging_mixin.py:188} INFO - [2025-12-27T18:29:53.409+0000] {dagbag.py:538} INFO - Filling up the DagBag from /opt/airflow/dags/match_predictions.py
[2025-12-27T18:29:53.442+0000] {processor.py:842} WARNING - No viable dags retrieved from /opt/airflow/dags/match_predictions.py
[2025-12-27T18:29:53.471+0000] {processor.py:183} INFO - Processing /opt/airflow/dags/match_predictions.py took 0.073 seconds
[2025-12-27T18:30:24.235+0000] {processor.py:161} INFO - Started process (PID=1002) to work on /opt/airflow/dags/match_predictions.py
[2025-12-27T18:30:24.237+0000] {processor.py:830} INFO - Processing file /opt/airflow/dags/match_predictions.py for tasks to queue
[2025-12-27T18:30:24.239+0000] {logging_mixin.py:188} INFO - [2025-12-27T18:30:24.238+0000] {dagbag.py:538} INFO - Filling up the DagBag from /opt/airflow/dags/match_predictions.py
[2025-12-27T18:30:24.264+0000] {processor.py:842} WARNING - No viable dags retrieved from /opt/airflow/dags/match_predictions.py
[2025-12-27T18:30:24.289+0000] {processor.py:183} INFO - Processing /opt/airflow/dags/match_predictions.py took 0.059 seconds
[2025-12-27T18:30:55.030+0000] {processor.py:161} INFO - Started process (PID=1026) to work on /opt/airflow/dags/match_predictions.py
[2025-12-27T18:30:55.032+0000] {processor.py:830} INFO - Processing file /opt/airflow/dags/match_predictions.py for tasks to queue
[2025-12-27T18:30:55.034+0000] {logging_mixin.py:188} INFO - [2025-12-27T18:30:55.033+0000] {dagbag.py:538} INFO - Filling up the DagBag from /opt/airflow/dags/match_predictions.py
[2025-12-27T18:30:55.060+0000] {processor.py:842} WARNING - No viable dags retrieved from /opt/airflow/dags/match_predictions.py
[2025-12-27T18:30:55.090+0000] {processor.py:183} INFO - Processing /opt/airflow/dags/match_predictions.py took 0.066 seconds
[2025-12-27T18:31:25.798+0000] {processor.py:161} INFO - Started process (PID=1046) to work on /opt/airflow/dags/match_predictions.py
[2025-12-27T18:31:25.800+0000] {processor.py:830} INFO - Processing file /opt/airflow/dags/match_predictions.py for tasks to queue
[2025-12-27T18:31:25.802+0000] {logging_mixin.py:188} INFO - [2025-12-27T18:31:25.801+0000] {dagbag.py:538} INFO - Filling up the DagBag from /opt/airflow/dags/match_predictions.py
[2025-12-27T18:31:25.830+0000] {processor.py:842} WARNING - No viable dags retrieved from /opt/airflow/dags/match_predictions.py
[2025-12-27T18:31:25.866+0000] {processor.py:183} INFO - Processing /opt/airflow/dags/match_predictions.py took 0.074 seconds
[2025-12-27T18:31:56.667+0000] {processor.py:161} INFO - Started process (PID=1070) to work on /opt/airflow/dags/match_predictions.py
[2025-12-27T18:31:56.669+0000] {processor.py:830} INFO - Processing file /opt/airflow/dags/match_predictions.py for tasks to queue
[2025-12-27T18:31:56.671+0000] {logging_mixin.py:188} INFO - [2025-12-27T18:31:56.671+0000] {dagbag.py:538} INFO - Filling up the DagBag from /opt/airflow/dags/match_predictions.py
[2025-12-27T18:31:56.699+0000] {processor.py:842} WARNING - No viable dags retrieved from /opt/airflow/dags/match_predictions.py
[2025-12-27T18:31:56.726+0000] {processor.py:183} INFO - Processing /opt/airflow/dags/match_predictions.py took 0.065 seconds
[2025-12-27T18:32:27.432+0000] {processor.py:161} INFO - Started process (PID=1090) to work on /opt/airflow/dags/match_predictions.py
[2025-12-27T18:32:27.434+0000] {processor.py:830} INFO - Processing file /opt/airflow/dags/match_predictions.py for tasks to queue
[2025-12-27T18:32:27.436+0000] {logging_mixin.py:188} INFO - [2025-12-27T18:32:27.435+0000] {dagbag.py:538} INFO - Filling up the DagBag from /opt/airflow/dags/match_predictions.py
[2025-12-27T18:32:27.466+0000] {processor.py:842} WARNING - No viable dags retrieved from /opt/airflow/dags/match_predictions.py
[2025-12-27T18:32:27.493+0000] {processor.py:183} INFO - Processing /opt/airflow/dags/match_predictions.py took 0.067 seconds
[2025-12-27T18:32:58.248+0000] {processor.py:161} INFO - Started process (PID=1114) to work on /opt/airflow/dags/match_predictions.py
[2025-12-27T18:32:58.250+0000] {processor.py:830} INFO - Processing file /opt/airflow/dags/match_predictions.py for tasks to queue
[2025-12-27T18:32:58.252+0000] {logging_mixin.py:188} INFO - [2025-12-27T18:32:58.251+0000] {dagbag.py:538} INFO - Filling up the DagBag from /opt/airflow/dags/match_predictions.py
[2025-12-27T18:32:58.283+0000] {processor.py:842} WARNING - No viable dags retrieved from /opt/airflow/dags/match_predictions.py
[2025-12-27T18:32:58.311+0000] {processor.py:183} INFO - Processing /opt/airflow/dags/match_predictions.py took 0.069 seconds
[2025-12-27T18:33:29.057+0000] {processor.py:161} INFO - Started process (PID=1134) to work on /opt/airflow/dags/match_predictions.py
[2025-12-27T18:33:29.059+0000] {processor.py:830} INFO - Processing file /opt/airflow/dags/match_predictions.py for tasks to queue
[2025-12-27T18:33:29.061+0000] {logging_mixin.py:188} INFO - [2025-12-27T18:33:29.060+0000] {dagbag.py:538} INFO - Filling up the DagBag from /opt/airflow/dags/match_predictions.py
[2025-12-27T18:33:29.088+0000] {processor.py:842} WARNING - No viable dags retrieved from /opt/airflow/dags/match_predictions.py
[2025-12-27T18:33:29.122+0000] {processor.py:183} INFO - Processing /opt/airflow/dags/match_predictions.py took 0.070 seconds
[2025-12-27T18:33:59.841+0000] {processor.py:161} INFO - Started process (PID=1158) to work on /opt/airflow/dags/match_predictions.py
[2025-12-27T18:33:59.843+0000] {processor.py:830} INFO - Processing file /opt/airflow/dags/match_predictions.py for tasks to queue
[2025-12-27T18:33:59.846+0000] {logging_mixin.py:188} INFO - [2025-12-27T18:33:59.846+0000] {dagbag.py:538} INFO - Filling up the DagBag from /opt/airflow/dags/match_predictions.py
[2025-12-27T18:33:59.878+0000] {processor.py:842} WARNING - No viable dags retrieved from /opt/airflow/dags/match_predictions.py
[2025-12-27T18:33:59.905+0000] {processor.py:183} INFO - Processing /opt/airflow/dags/match_predictions.py took 0.070 seconds
[2025-12-27T18:34:30.652+0000] {processor.py:161} INFO - Started process (PID=1178) to work on /opt/airflow/dags/match_predictions.py
[2025-12-27T18:34:30.655+0000] {processor.py:830} INFO - Processing file /opt/airflow/dags/match_predictions.py for tasks to queue
[2025-12-27T18:34:30.657+0000] {logging_mixin.py:188} INFO - [2025-12-27T18:34:30.657+0000] {dagbag.py:538} INFO - Filling up the DagBag from /opt/airflow/dags/match_predictions.py
[2025-12-27T18:34:30.689+0000] {processor.py:842} WARNING - No viable dags retrieved from /opt/airflow/dags/match_predictions.py
[2025-12-27T18:34:30.716+0000] {processor.py:183} INFO - Processing /opt/airflow/dags/match_predictions.py took 0.070 seconds
[2025-12-27T18:35:01.389+0000] {processor.py:161} INFO - Started process (PID=1202) to work on /opt/airflow/dags/match_predictions.py
[2025-12-27T18:35:01.392+0000] {processor.py:830} INFO - Processing file /opt/airflow/dags/match_predictions.py for tasks to queue
[2025-12-27T18:35:01.394+0000] {logging_mixin.py:188} INFO - [2025-12-27T18:35:01.393+0000] {dagbag.py:538} INFO - Filling up the DagBag from /opt/airflow/dags/match_predictions.py
[2025-12-27T18:35:01.425+0000] {processor.py:842} WARNING - No viable dags retrieved from /opt/airflow/dags/match_predictions.py
[2025-12-27T18:35:01.459+0000] {processor.py:183} INFO - Processing /opt/airflow/dags/match_predictions.py took 0.077 seconds
[2025-12-27T18:35:32.136+0000] {processor.py:161} INFO - Started process (PID=1222) to work on /opt/airflow/dags/match_predictions.py
[2025-12-27T18:35:32.139+0000] {processor.py:830} INFO - Processing file /opt/airflow/dags/match_predictions.py for tasks to queue
[2025-12-27T18:35:32.141+0000] {logging_mixin.py:188} INFO - [2025-12-27T18:35:32.140+0000] {dagbag.py:538} INFO - Filling up the DagBag from /opt/airflow/dags/match_predictions.py
[2025-12-27T18:35:32.170+0000] {processor.py:842} WARNING - No viable dags retrieved from /opt/airflow/dags/match_predictions.py
[2025-12-27T18:35:32.205+0000] {processor.py:183} INFO - Processing /opt/airflow/dags/match_predictions.py took 0.076 seconds
[2025-12-27T18:36:02.984+0000] {processor.py:161} INFO - Started process (PID=1246) to work on /opt/airflow/dags/match_predictions.py
[2025-12-27T18:36:02.986+0000] {processor.py:830} INFO - Processing file /opt/airflow/dags/match_predictions.py for tasks to queue
[2025-12-27T18:36:02.989+0000] {logging_mixin.py:188} INFO - [2025-12-27T18:36:02.988+0000] {dagbag.py:538} INFO - Filling up the DagBag from /opt/airflow/dags/match_predictions.py
[2025-12-27T18:36:03.020+0000] {processor.py:842} WARNING - No viable dags retrieved from /opt/airflow/dags/match_predictions.py
[2025-12-27T18:36:03.046+0000] {processor.py:183} INFO - Processing /opt/airflow/dags/match_predictions.py took 0.069 seconds
[2025-12-27T18:36:33.788+0000] {processor.py:161} INFO - Started process (PID=1266) to work on /opt/airflow/dags/match_predictions.py
[2025-12-27T18:36:33.791+0000] {processor.py:830} INFO - Processing file /opt/airflow/dags/match_predictions.py for tasks to queue
[2025-12-27T18:36:33.793+0000] {logging_mixin.py:188} INFO - [2025-12-27T18:36:33.793+0000] {dagbag.py:538} INFO - Filling up the DagBag from /opt/airflow/dags/match_predictions.py
[2025-12-27T18:36:33.822+0000] {processor.py:842} WARNING - No viable dags retrieved from /opt/airflow/dags/match_predictions.py
[2025-12-27T18:36:33.852+0000] {processor.py:183} INFO - Processing /opt/airflow/dags/match_predictions.py took 0.073 seconds
[2025-12-27T18:37:04.601+0000] {processor.py:161} INFO - Started process (PID=1290) to work on /opt/airflow/dags/match_predictions.py
[2025-12-27T18:37:04.603+0000] {processor.py:830} INFO - Processing file /opt/airflow/dags/match_predictions.py for tasks to queue
[2025-12-27T18:37:04.604+0000] {logging_mixin.py:188} INFO - [2025-12-27T18:37:04.604+0000] {dagbag.py:538} INFO - Filling up the DagBag from /opt/airflow/dags/match_predictions.py
[2025-12-27T18:37:04.632+0000] {processor.py:842} WARNING - No viable dags retrieved from /opt/airflow/dags/match_predictions.py
[2025-12-27T18:37:04.662+0000] {processor.py:183} INFO - Processing /opt/airflow/dags/match_predictions.py took 0.067 seconds
[2025-12-27T18:37:35.423+0000] {processor.py:161} INFO - Started process (PID=1312) to work on /opt/airflow/dags/match_predictions.py
[2025-12-27T18:37:35.426+0000] {processor.py:830} INFO - Processing file /opt/airflow/dags/match_predictions.py for tasks to queue
[2025-12-27T18:37:35.428+0000] {logging_mixin.py:188} INFO - [2025-12-27T18:37:35.427+0000] {dagbag.py:538} INFO - Filling up the DagBag from /opt/airflow/dags/match_predictions.py
[2025-12-27T18:37:35.458+0000] {processor.py:842} WARNING - No viable dags retrieved from /opt/airflow/dags/match_predictions.py
[2025-12-27T18:37:35.491+0000] {processor.py:183} INFO - Processing /opt/airflow/dags/match_predictions.py took 0.077 seconds
[2025-12-27T18:38:06.084+0000] {processor.py:161} INFO - Started process (PID=1336) to work on /opt/airflow/dags/match_predictions.py
[2025-12-27T18:38:06.086+0000] {processor.py:830} INFO - Processing file /opt/airflow/dags/match_predictions.py for tasks to queue
[2025-12-27T18:38:06.088+0000] {logging_mixin.py:188} INFO - [2025-12-27T18:38:06.087+0000] {dagbag.py:538} INFO - Filling up the DagBag from /opt/airflow/dags/match_predictions.py
[2025-12-27T18:38:06.114+0000] {processor.py:842} WARNING - No viable dags retrieved from /opt/airflow/dags/match_predictions.py
[2025-12-27T18:38:06.143+0000] {processor.py:183} INFO - Processing /opt/airflow/dags/match_predictions.py took 0.065 seconds
[2025-12-27T18:38:36.900+0000] {processor.py:161} INFO - Started process (PID=1358) to work on /opt/airflow/dags/match_predictions.py
[2025-12-27T18:38:36.904+0000] {processor.py:830} INFO - Processing file /opt/airflow/dags/match_predictions.py for tasks to queue
[2025-12-27T18:38:36.907+0000] {logging_mixin.py:188} INFO - [2025-12-27T18:38:36.906+0000] {dagbag.py:538} INFO - Filling up the DagBag from /opt/airflow/dags/match_predictions.py
[2025-12-27T18:38:36.937+0000] {processor.py:842} WARNING - No viable dags retrieved from /opt/airflow/dags/match_predictions.py
[2025-12-27T18:38:36.973+0000] {processor.py:183} INFO - Processing /opt/airflow/dags/match_predictions.py took 0.087 seconds
[2025-12-27T18:38:51.781+0000] {processor.py:161} INFO - Started process (PID=185) to work on /opt/airflow/dags/match_predictions.py
[2025-12-27T18:38:51.783+0000] {processor.py:830} INFO - Processing file /opt/airflow/dags/match_predictions.py for tasks to queue
[2025-12-27T18:38:51.784+0000] {logging_mixin.py:188} INFO - [2025-12-27T18:38:51.784+0000] {dagbag.py:538} INFO - Filling up the DagBag from /opt/airflow/dags/match_predictions.py
[2025-12-27T18:38:51.806+0000] {processor.py:842} WARNING - No viable dags retrieved from /opt/airflow/dags/match_predictions.py
[2025-12-27T18:38:51.825+0000] {processor.py:183} INFO - Processing /opt/airflow/dags/match_predictions.py took 0.047 seconds
[2025-12-27T18:39:22.627+0000] {processor.py:161} INFO - Started process (PID=205) to work on /opt/airflow/dags/match_predictions.py
[2025-12-27T18:39:22.629+0000] {processor.py:830} INFO - Processing file /opt/airflow/dags/match_predictions.py for tasks to queue
[2025-12-27T18:39:22.631+0000] {logging_mixin.py:188} INFO - [2025-12-27T18:39:22.631+0000] {dagbag.py:538} INFO - Filling up the DagBag from /opt/airflow/dags/match_predictions.py
[2025-12-27T18:39:22.661+0000] {processor.py:842} WARNING - No viable dags retrieved from /opt/airflow/dags/match_predictions.py
[2025-12-27T18:39:22.689+0000] {processor.py:183} INFO - Processing /opt/airflow/dags/match_predictions.py took 0.067 seconds
[2025-12-27T18:39:53.542+0000] {processor.py:161} INFO - Started process (PID=229) to work on /opt/airflow/dags/match_predictions.py
[2025-12-27T18:39:53.545+0000] {processor.py:830} INFO - Processing file /opt/airflow/dags/match_predictions.py for tasks to queue
[2025-12-27T18:39:53.546+0000] {logging_mixin.py:188} INFO - [2025-12-27T18:39:53.546+0000] {dagbag.py:538} INFO - Filling up the DagBag from /opt/airflow/dags/match_predictions.py
[2025-12-27T18:39:53.574+0000] {processor.py:842} WARNING - No viable dags retrieved from /opt/airflow/dags/match_predictions.py
[2025-12-27T18:39:53.601+0000] {processor.py:183} INFO - Processing /opt/airflow/dags/match_predictions.py took 0.065 seconds
[2025-12-27T18:40:24.402+0000] {processor.py:161} INFO - Started process (PID=249) to work on /opt/airflow/dags/match_predictions.py
[2025-12-27T18:40:24.405+0000] {processor.py:830} INFO - Processing file /opt/airflow/dags/match_predictions.py for tasks to queue
[2025-12-27T18:40:24.406+0000] {logging_mixin.py:188} INFO - [2025-12-27T18:40:24.406+0000] {dagbag.py:538} INFO - Filling up the DagBag from /opt/airflow/dags/match_predictions.py
[2025-12-27T18:40:24.437+0000] {processor.py:842} WARNING - No viable dags retrieved from /opt/airflow/dags/match_predictions.py
[2025-12-27T18:40:24.466+0000] {processor.py:183} INFO - Processing /opt/airflow/dags/match_predictions.py took 0.070 seconds
[2025-12-27T18:40:55.283+0000] {processor.py:161} INFO - Started process (PID=271) to work on /opt/airflow/dags/match_predictions.py
[2025-12-27T18:40:55.285+0000] {processor.py:830} INFO - Processing file /opt/airflow/dags/match_predictions.py for tasks to queue
[2025-12-27T18:40:55.287+0000] {logging_mixin.py:188} INFO - [2025-12-27T18:40:55.287+0000] {dagbag.py:538} INFO - Filling up the DagBag from /opt/airflow/dags/match_predictions.py
[2025-12-27T18:40:55.316+0000] {processor.py:842} WARNING - No viable dags retrieved from /opt/airflow/dags/match_predictions.py
[2025-12-27T18:40:55.343+0000] {processor.py:183} INFO - Processing /opt/airflow/dags/match_predictions.py took 0.066 seconds
[2025-12-27T18:41:26.173+0000] {processor.py:161} INFO - Started process (PID=293) to work on /opt/airflow/dags/match_predictions.py
[2025-12-27T18:41:26.175+0000] {processor.py:830} INFO - Processing file /opt/airflow/dags/match_predictions.py for tasks to queue
[2025-12-27T18:41:26.177+0000] {logging_mixin.py:188} INFO - [2025-12-27T18:41:26.176+0000] {dagbag.py:538} INFO - Filling up the DagBag from /opt/airflow/dags/match_predictions.py
[2025-12-27T18:41:26.205+0000] {processor.py:842} WARNING - No viable dags retrieved from /opt/airflow/dags/match_predictions.py
[2025-12-27T18:41:26.234+0000] {processor.py:183} INFO - Processing /opt/airflow/dags/match_predictions.py took 0.068 seconds
[2025-12-27T18:41:56.987+0000] {processor.py:161} INFO - Started process (PID=317) to work on /opt/airflow/dags/match_predictions.py
[2025-12-27T18:41:56.989+0000] {processor.py:830} INFO - Processing file /opt/airflow/dags/match_predictions.py for tasks to queue
[2025-12-27T18:41:56.991+0000] {logging_mixin.py:188} INFO - [2025-12-27T18:41:56.990+0000] {dagbag.py:538} INFO - Filling up the DagBag from /opt/airflow/dags/match_predictions.py
[2025-12-27T18:41:57.020+0000] {processor.py:842} WARNING - No viable dags retrieved from /opt/airflow/dags/match_predictions.py
[2025-12-27T18:41:57.049+0000] {processor.py:183} INFO - Processing /opt/airflow/dags/match_predictions.py took 0.069 seconds
[2025-12-27T18:42:27.957+0000] {processor.py:161} INFO - Started process (PID=339) to work on /opt/airflow/dags/match_predictions.py
[2025-12-27T18:42:27.960+0000] {processor.py:830} INFO - Processing file /opt/airflow/dags/match_predictions.py for tasks to queue
[2025-12-27T18:42:27.962+0000] {logging_mixin.py:188} INFO - [2025-12-27T18:42:27.961+0000] {dagbag.py:538} INFO - Filling up the DagBag from /opt/airflow/dags/match_predictions.py
[2025-12-27T18:42:27.994+0000] {processor.py:842} WARNING - No viable dags retrieved from /opt/airflow/dags/match_predictions.py
[2025-12-27T18:42:28.033+0000] {processor.py:183} INFO - Processing /opt/airflow/dags/match_predictions.py took 0.085 seconds
[2025-12-27T18:42:58.914+0000] {processor.py:161} INFO - Started process (PID=363) to work on /opt/airflow/dags/match_predictions.py
[2025-12-27T18:42:58.916+0000] {processor.py:830} INFO - Processing file /opt/airflow/dags/match_predictions.py for tasks to queue
[2025-12-27T18:42:58.918+0000] {logging_mixin.py:188} INFO - [2025-12-27T18:42:58.918+0000] {dagbag.py:538} INFO - Filling up the DagBag from /opt/airflow/dags/match_predictions.py
[2025-12-27T18:42:58.952+0000] {processor.py:842} WARNING - No viable dags retrieved from /opt/airflow/dags/match_predictions.py
[2025-12-27T18:42:58.985+0000] {processor.py:183} INFO - Processing /opt/airflow/dags/match_predictions.py took 0.081 seconds
[2025-12-27T18:43:29.855+0000] {processor.py:161} INFO - Started process (PID=383) to work on /opt/airflow/dags/match_predictions.py
[2025-12-27T18:43:29.857+0000] {processor.py:830} INFO - Processing file /opt/airflow/dags/match_predictions.py for tasks to queue
[2025-12-27T18:43:29.859+0000] {logging_mixin.py:188} INFO - [2025-12-27T18:43:29.859+0000] {dagbag.py:538} INFO - Filling up the DagBag from /opt/airflow/dags/match_predictions.py
[2025-12-27T18:43:29.888+0000] {processor.py:842} WARNING - No viable dags retrieved from /opt/airflow/dags/match_predictions.py
[2025-12-27T18:43:29.921+0000] {processor.py:183} INFO - Processing /opt/airflow/dags/match_predictions.py took 0.073 seconds
[2025-12-27T18:44:00.730+0000] {processor.py:161} INFO - Started process (PID=407) to work on /opt/airflow/dags/match_predictions.py
[2025-12-27T18:44:00.732+0000] {processor.py:830} INFO - Processing file /opt/airflow/dags/match_predictions.py for tasks to queue
[2025-12-27T18:44:00.735+0000] {logging_mixin.py:188} INFO - [2025-12-27T18:44:00.734+0000] {dagbag.py:538} INFO - Filling up the DagBag from /opt/airflow/dags/match_predictions.py
[2025-12-27T18:44:00.763+0000] {processor.py:842} WARNING - No viable dags retrieved from /opt/airflow/dags/match_predictions.py
[2025-12-27T18:44:00.791+0000] {processor.py:183} INFO - Processing /opt/airflow/dags/match_predictions.py took 0.066 seconds
[2025-12-27T18:44:31.629+0000] {processor.py:161} INFO - Started process (PID=427) to work on /opt/airflow/dags/match_predictions.py
[2025-12-27T18:44:31.631+0000] {processor.py:830} INFO - Processing file /opt/airflow/dags/match_predictions.py for tasks to queue
[2025-12-27T18:44:31.633+0000] {logging_mixin.py:188} INFO - [2025-12-27T18:44:31.632+0000] {dagbag.py:538} INFO - Filling up the DagBag from /opt/airflow/dags/match_predictions.py
[2025-12-27T18:44:31.660+0000] {processor.py:842} WARNING - No viable dags retrieved from /opt/airflow/dags/match_predictions.py
[2025-12-27T18:44:31.689+0000] {processor.py:183} INFO - Processing /opt/airflow/dags/match_predictions.py took 0.067 seconds
[2025-12-27T18:45:02.480+0000] {processor.py:161} INFO - Started process (PID=451) to work on /opt/airflow/dags/match_predictions.py
[2025-12-27T18:45:02.483+0000] {processor.py:830} INFO - Processing file /opt/airflow/dags/match_predictions.py for tasks to queue
[2025-12-27T18:45:02.485+0000] {logging_mixin.py:188} INFO - [2025-12-27T18:45:02.485+0000] {dagbag.py:538} INFO - Filling up the DagBag from /opt/airflow/dags/match_predictions.py
[2025-12-27T18:45:02.515+0000] {processor.py:842} WARNING - No viable dags retrieved from /opt/airflow/dags/match_predictions.py
[2025-12-27T18:45:02.546+0000] {processor.py:183} INFO - Processing /opt/airflow/dags/match_predictions.py took 0.075 seconds
[2025-12-27T18:45:33.382+0000] {processor.py:161} INFO - Started process (PID=471) to work on /opt/airflow/dags/match_predictions.py
[2025-12-27T18:45:33.384+0000] {processor.py:830} INFO - Processing file /opt/airflow/dags/match_predictions.py for tasks to queue
[2025-12-27T18:45:33.386+0000] {logging_mixin.py:188} INFO - [2025-12-27T18:45:33.385+0000] {dagbag.py:538} INFO - Filling up the DagBag from /opt/airflow/dags/match_predictions.py
[2025-12-27T18:45:33.419+0000] {processor.py:842} WARNING - No viable dags retrieved from /opt/airflow/dags/match_predictions.py
[2025-12-27T18:45:33.452+0000] {processor.py:183} INFO - Processing /opt/airflow/dags/match_predictions.py took 0.077 seconds
[2025-12-27T18:46:04.316+0000] {processor.py:161} INFO - Started process (PID=495) to work on /opt/airflow/dags/match_predictions.py
[2025-12-27T18:46:04.318+0000] {processor.py:830} INFO - Processing file /opt/airflow/dags/match_predictions.py for tasks to queue
[2025-12-27T18:46:04.320+0000] {logging_mixin.py:188} INFO - [2025-12-27T18:46:04.319+0000] {dagbag.py:538} INFO - Filling up the DagBag from /opt/airflow/dags/match_predictions.py
[2025-12-27T18:46:04.350+0000] {processor.py:842} WARNING - No viable dags retrieved from /opt/airflow/dags/match_predictions.py
[2025-12-27T18:46:04.378+0000] {processor.py:183} INFO - Processing /opt/airflow/dags/match_predictions.py took 0.070 seconds
[2025-12-27T18:46:35.223+0000] {processor.py:161} INFO - Started process (PID=515) to work on /opt/airflow/dags/match_predictions.py
[2025-12-27T18:46:35.226+0000] {processor.py:830} INFO - Processing file /opt/airflow/dags/match_predictions.py for tasks to queue
[2025-12-27T18:46:35.228+0000] {logging_mixin.py:188} INFO - [2025-12-27T18:46:35.227+0000] {dagbag.py:538} INFO - Filling up the DagBag from /opt/airflow/dags/match_predictions.py
[2025-12-27T18:46:35.257+0000] {processor.py:842} WARNING - No viable dags retrieved from /opt/airflow/dags/match_predictions.py
[2025-12-27T18:46:35.286+0000] {processor.py:183} INFO - Processing /opt/airflow/dags/match_predictions.py took 0.070 seconds
[2025-12-27T18:47:06.100+0000] {processor.py:161} INFO - Started process (PID=539) to work on /opt/airflow/dags/match_predictions.py
[2025-12-27T18:47:06.103+0000] {processor.py:830} INFO - Processing file /opt/airflow/dags/match_predictions.py for tasks to queue
[2025-12-27T18:47:06.105+0000] {logging_mixin.py:188} INFO - [2025-12-27T18:47:06.104+0000] {dagbag.py:538} INFO - Filling up the DagBag from /opt/airflow/dags/match_predictions.py
[2025-12-27T18:47:06.134+0000] {processor.py:842} WARNING - No viable dags retrieved from /opt/airflow/dags/match_predictions.py
[2025-12-27T18:47:06.162+0000] {processor.py:183} INFO - Processing /opt/airflow/dags/match_predictions.py took 0.069 seconds
[2025-12-27T18:47:36.999+0000] {processor.py:161} INFO - Started process (PID=559) to work on /opt/airflow/dags/match_predictions.py
[2025-12-27T18:47:37.002+0000] {processor.py:830} INFO - Processing file /opt/airflow/dags/match_predictions.py for tasks to queue
[2025-12-27T18:47:37.004+0000] {logging_mixin.py:188} INFO - [2025-12-27T18:47:37.003+0000] {dagbag.py:538} INFO - Filling up the DagBag from /opt/airflow/dags/match_predictions.py
[2025-12-27T18:47:37.034+0000] {processor.py:842} WARNING - No viable dags retrieved from /opt/airflow/dags/match_predictions.py
[2025-12-27T18:47:37.062+0000] {processor.py:183} INFO - Processing /opt/airflow/dags/match_predictions.py took 0.068 seconds
[2025-12-27T18:48:07.932+0000] {processor.py:161} INFO - Started process (PID=583) to work on /opt/airflow/dags/match_predictions.py
[2025-12-27T18:48:07.934+0000] {processor.py:830} INFO - Processing file /opt/airflow/dags/match_predictions.py for tasks to queue
[2025-12-27T18:48:07.936+0000] {logging_mixin.py:188} INFO - [2025-12-27T18:48:07.936+0000] {dagbag.py:538} INFO - Filling up the DagBag from /opt/airflow/dags/match_predictions.py
[2025-12-27T18:48:07.967+0000] {processor.py:842} WARNING - No viable dags retrieved from /opt/airflow/dags/match_predictions.py
[2025-12-27T18:48:07.997+0000] {processor.py:183} INFO - Processing /opt/airflow/dags/match_predictions.py took 0.071 seconds
[2025-12-27T18:48:38.801+0000] {processor.py:161} INFO - Started process (PID=603) to work on /opt/airflow/dags/match_predictions.py
[2025-12-27T18:48:38.804+0000] {processor.py:830} INFO - Processing file /opt/airflow/dags/match_predictions.py for tasks to queue
[2025-12-27T18:48:38.806+0000] {logging_mixin.py:188} INFO - [2025-12-27T18:48:38.805+0000] {dagbag.py:538} INFO - Filling up the DagBag from /opt/airflow/dags/match_predictions.py
[2025-12-27T18:48:38.832+0000] {processor.py:842} WARNING - No viable dags retrieved from /opt/airflow/dags/match_predictions.py
[2025-12-27T18:48:38.860+0000] {processor.py:183} INFO - Processing /opt/airflow/dags/match_predictions.py took 0.066 seconds
[2025-12-27T18:49:09.865+0000] {processor.py:161} INFO - Started process (PID=627) to work on /opt/airflow/dags/match_predictions.py
[2025-12-27T18:49:09.867+0000] {processor.py:830} INFO - Processing file /opt/airflow/dags/match_predictions.py for tasks to queue
[2025-12-27T18:49:09.869+0000] {logging_mixin.py:188} INFO - [2025-12-27T18:49:09.868+0000] {dagbag.py:538} INFO - Filling up the DagBag from /opt/airflow/dags/match_predictions.py
[2025-12-27T18:49:09.900+0000] {processor.py:842} WARNING - No viable dags retrieved from /opt/airflow/dags/match_predictions.py
[2025-12-27T18:49:09.931+0000] {processor.py:183} INFO - Processing /opt/airflow/dags/match_predictions.py took 0.073 seconds
[2025-12-27T18:49:40.834+0000] {processor.py:161} INFO - Started process (PID=647) to work on /opt/airflow/dags/match_predictions.py
[2025-12-27T18:49:40.837+0000] {processor.py:830} INFO - Processing file /opt/airflow/dags/match_predictions.py for tasks to queue
[2025-12-27T18:49:40.839+0000] {logging_mixin.py:188} INFO - [2025-12-27T18:49:40.838+0000] {dagbag.py:538} INFO - Filling up the DagBag from /opt/airflow/dags/match_predictions.py
[2025-12-27T18:49:40.871+0000] {processor.py:842} WARNING - No viable dags retrieved from /opt/airflow/dags/match_predictions.py
[2025-12-27T18:49:40.901+0000] {processor.py:183} INFO - Processing /opt/airflow/dags/match_predictions.py took 0.074 seconds
[2025-12-27T18:50:11.748+0000] {processor.py:161} INFO - Started process (PID=671) to work on /opt/airflow/dags/match_predictions.py
[2025-12-27T18:50:11.750+0000] {processor.py:830} INFO - Processing file /opt/airflow/dags/match_predictions.py for tasks to queue
[2025-12-27T18:50:11.752+0000] {logging_mixin.py:188} INFO - [2025-12-27T18:50:11.751+0000] {dagbag.py:538} INFO - Filling up the DagBag from /opt/airflow/dags/match_predictions.py
[2025-12-27T18:50:11.784+0000] {processor.py:842} WARNING - No viable dags retrieved from /opt/airflow/dags/match_predictions.py
[2025-12-27T18:50:11.818+0000] {processor.py:183} INFO - Processing /opt/airflow/dags/match_predictions.py took 0.076 seconds
[2025-12-27T18:50:42.847+0000] {processor.py:161} INFO - Started process (PID=696) to work on /opt/airflow/dags/match_predictions.py
[2025-12-27T18:50:42.850+0000] {processor.py:830} INFO - Processing file /opt/airflow/dags/match_predictions.py for tasks to queue
[2025-12-27T18:50:42.853+0000] {logging_mixin.py:188} INFO - [2025-12-27T18:50:42.852+0000] {dagbag.py:538} INFO - Filling up the DagBag from /opt/airflow/dags/match_predictions.py
[2025-12-27T18:50:42.883+0000] {processor.py:842} WARNING - No viable dags retrieved from /opt/airflow/dags/match_predictions.py
[2025-12-27T18:50:42.916+0000] {processor.py:183} INFO - Processing /opt/airflow/dags/match_predictions.py took 0.079 seconds
[2025-12-27T18:51:13.806+0000] {processor.py:161} INFO - Started process (PID=720) to work on /opt/airflow/dags/match_predictions.py
[2025-12-27T18:51:13.809+0000] {processor.py:830} INFO - Processing file /opt/airflow/dags/match_predictions.py for tasks to queue
[2025-12-27T18:51:13.811+0000] {logging_mixin.py:188} INFO - [2025-12-27T18:51:13.810+0000] {dagbag.py:538} INFO - Filling up the DagBag from /opt/airflow/dags/match_predictions.py
[2025-12-27T18:51:13.838+0000] {processor.py:842} WARNING - No viable dags retrieved from /opt/airflow/dags/match_predictions.py
[2025-12-27T18:51:13.875+0000] {processor.py:183} INFO - Processing /opt/airflow/dags/match_predictions.py took 0.077 seconds
[2025-12-27T18:51:44.838+0000] {processor.py:161} INFO - Started process (PID=740) to work on /opt/airflow/dags/match_predictions.py
[2025-12-27T18:51:44.841+0000] {processor.py:830} INFO - Processing file /opt/airflow/dags/match_predictions.py for tasks to queue
[2025-12-27T18:51:44.842+0000] {logging_mixin.py:188} INFO - [2025-12-27T18:51:44.842+0000] {dagbag.py:538} INFO - Filling up the DagBag from /opt/airflow/dags/match_predictions.py
[2025-12-27T18:51:44.870+0000] {processor.py:842} WARNING - No viable dags retrieved from /opt/airflow/dags/match_predictions.py
[2025-12-27T18:51:44.904+0000] {processor.py:183} INFO - Processing /opt/airflow/dags/match_predictions.py took 0.073 seconds
[2025-12-27T18:52:15.715+0000] {processor.py:161} INFO - Started process (PID=764) to work on /opt/airflow/dags/match_predictions.py
[2025-12-27T18:52:15.717+0000] {processor.py:830} INFO - Processing file /opt/airflow/dags/match_predictions.py for tasks to queue
[2025-12-27T18:52:15.719+0000] {logging_mixin.py:188} INFO - [2025-12-27T18:52:15.718+0000] {dagbag.py:538} INFO - Filling up the DagBag from /opt/airflow/dags/match_predictions.py
[2025-12-27T18:52:15.745+0000] {processor.py:842} WARNING - No viable dags retrieved from /opt/airflow/dags/match_predictions.py
[2025-12-27T18:52:15.775+0000] {processor.py:183} INFO - Processing /opt/airflow/dags/match_predictions.py took 0.066 seconds
[2025-12-27T18:52:46.517+0000] {processor.py:161} INFO - Started process (PID=784) to work on /opt/airflow/dags/match_predictions.py
[2025-12-27T18:52:46.519+0000] {processor.py:830} INFO - Processing file /opt/airflow/dags/match_predictions.py for tasks to queue
[2025-12-27T18:52:46.521+0000] {logging_mixin.py:188} INFO - [2025-12-27T18:52:46.520+0000] {dagbag.py:538} INFO - Filling up the DagBag from /opt/airflow/dags/match_predictions.py
[2025-12-27T18:52:46.550+0000] {processor.py:842} WARNING - No viable dags retrieved from /opt/airflow/dags/match_predictions.py
[2025-12-27T18:52:46.579+0000] {processor.py:183} INFO - Processing /opt/airflow/dags/match_predictions.py took 0.069 seconds
[2025-12-27T18:53:17.414+0000] {processor.py:161} INFO - Started process (PID=807) to work on /opt/airflow/dags/match_predictions.py
[2025-12-27T18:53:17.418+0000] {processor.py:830} INFO - Processing file /opt/airflow/dags/match_predictions.py for tasks to queue
[2025-12-27T18:53:17.421+0000] {logging_mixin.py:188} INFO - [2025-12-27T18:53:17.419+0000] {dagbag.py:538} INFO - Filling up the DagBag from /opt/airflow/dags/match_predictions.py
[2025-12-27T18:53:17.527+0000] {processor.py:842} WARNING - No viable dags retrieved from /opt/airflow/dags/match_predictions.py
[2025-12-27T18:53:17.558+0000] {processor.py:183} INFO - Processing /opt/airflow/dags/match_predictions.py took 0.149 seconds
[2025-12-27T18:53:47.850+0000] {processor.py:161} INFO - Started process (PID=832) to work on /opt/airflow/dags/match_predictions.py
[2025-12-27T18:53:47.852+0000] {processor.py:830} INFO - Processing file /opt/airflow/dags/match_predictions.py for tasks to queue
[2025-12-27T18:53:47.855+0000] {logging_mixin.py:188} INFO - [2025-12-27T18:53:47.854+0000] {dagbag.py:538} INFO - Filling up the DagBag from /opt/airflow/dags/match_predictions.py
[2025-12-27T18:53:47.885+0000] {processor.py:842} WARNING - No viable dags retrieved from /opt/airflow/dags/match_predictions.py
[2025-12-27T18:53:47.920+0000] {processor.py:183} INFO - Processing /opt/airflow/dags/match_predictions.py took 0.077 seconds
