[2025-12-27T18:09:29.666+0000] {processor.py:161} INFO - Started process (PID=175) to work on /opt/airflow/dags/ml_models.py
[2025-12-27T18:09:29.668+0000] {processor.py:830} INFO - Processing file /opt/airflow/dags/ml_models.py for tasks to queue
[2025-12-27T18:09:29.669+0000] {logging_mixin.py:188} INFO - [2025-12-27T18:09:29.669+0000] {dagbag.py:538} INFO - Filling up the DagBag from /opt/airflow/dags/ml_models.py
[2025-12-27T18:09:29.716+0000] {logging_mixin.py:188} INFO - [2025-12-27T18:09:29.710+0000] {dagbag.py:348} ERROR - Failed to import: /opt/airflow/dags/ml_models.py
Traceback (most recent call last):
  File "/home/airflow/.local/lib/python3.8/site-packages/airflow/models/dagbag.py", line 344, in parse
    loader.exec_module(new_module)
  File "<frozen importlib._bootstrap_external>", line 843, in exec_module
  File "<frozen importlib._bootstrap>", line 219, in _call_with_frames_removed
  File "/opt/airflow/dags/ml_models.py", line 15, in <module>
    wait_for_prediction_features = ExternalTaskSensor(
  File "/home/airflow/.local/lib/python3.8/site-packages/airflow/models/baseoperator.py", line 420, in apply_defaults
    raise AirflowException(f"missing keyword argument {missing_args.pop()!r}")
airflow.exceptions.AirflowException: missing keyword argument 'external_dag_id'
[2025-12-27T18:09:29.719+0000] {processor.py:842} WARNING - No viable dags retrieved from /opt/airflow/dags/ml_models.py
[2025-12-27T18:09:29.758+0000] {processor.py:183} INFO - Processing /opt/airflow/dags/ml_models.py took 0.099 seconds
[2025-12-27T18:10:00.179+0000] {processor.py:161} INFO - Started process (PID=190) to work on /opt/airflow/dags/ml_models.py
[2025-12-27T18:10:00.182+0000] {processor.py:830} INFO - Processing file /opt/airflow/dags/ml_models.py for tasks to queue
[2025-12-27T18:10:00.185+0000] {logging_mixin.py:188} INFO - [2025-12-27T18:10:00.184+0000] {dagbag.py:538} INFO - Filling up the DagBag from /opt/airflow/dags/ml_models.py
[2025-12-27T18:10:00.229+0000] {logging_mixin.py:188} INFO - [2025-12-27T18:10:00.220+0000] {dagbag.py:348} ERROR - Failed to import: /opt/airflow/dags/ml_models.py
Traceback (most recent call last):
  File "/home/airflow/.local/lib/python3.8/site-packages/airflow/models/dagbag.py", line 344, in parse
    loader.exec_module(new_module)
  File "<frozen importlib._bootstrap_external>", line 843, in exec_module
  File "<frozen importlib._bootstrap>", line 219, in _call_with_frames_removed
  File "/opt/airflow/dags/ml_models.py", line 15, in <module>
    wait_for_prediction_features = ExternalTaskSensor(
  File "/home/airflow/.local/lib/python3.8/site-packages/airflow/models/baseoperator.py", line 420, in apply_defaults
    raise AirflowException(f"missing keyword argument {missing_args.pop()!r}")
airflow.exceptions.AirflowException: missing keyword argument 'external_dag_id'
[2025-12-27T18:10:00.232+0000] {processor.py:842} WARNING - No viable dags retrieved from /opt/airflow/dags/ml_models.py
[2025-12-27T18:10:00.316+0000] {processor.py:183} INFO - Processing /opt/airflow/dags/ml_models.py took 0.147 seconds
[2025-12-27T18:10:30.811+0000] {processor.py:161} INFO - Started process (PID=205) to work on /opt/airflow/dags/ml_models.py
[2025-12-27T18:10:30.814+0000] {processor.py:830} INFO - Processing file /opt/airflow/dags/ml_models.py for tasks to queue
[2025-12-27T18:10:30.816+0000] {logging_mixin.py:188} INFO - [2025-12-27T18:10:30.816+0000] {dagbag.py:538} INFO - Filling up the DagBag from /opt/airflow/dags/ml_models.py
[2025-12-27T18:10:30.868+0000] {logging_mixin.py:188} INFO - [2025-12-27T18:10:30.858+0000] {dagbag.py:348} ERROR - Failed to import: /opt/airflow/dags/ml_models.py
Traceback (most recent call last):
  File "/home/airflow/.local/lib/python3.8/site-packages/airflow/models/dagbag.py", line 344, in parse
    loader.exec_module(new_module)
  File "<frozen importlib._bootstrap_external>", line 843, in exec_module
  File "<frozen importlib._bootstrap>", line 219, in _call_with_frames_removed
  File "/opt/airflow/dags/ml_models.py", line 15, in <module>
    wait_for_prediction_features = ExternalTaskSensor(
  File "/home/airflow/.local/lib/python3.8/site-packages/airflow/models/baseoperator.py", line 420, in apply_defaults
    raise AirflowException(f"missing keyword argument {missing_args.pop()!r}")
airflow.exceptions.AirflowException: missing keyword argument 'external_dag_id'
[2025-12-27T18:10:30.871+0000] {processor.py:842} WARNING - No viable dags retrieved from /opt/airflow/dags/ml_models.py
[2025-12-27T18:10:30.959+0000] {processor.py:183} INFO - Processing /opt/airflow/dags/ml_models.py took 0.157 seconds
[2025-12-27T18:11:01.445+0000] {processor.py:161} INFO - Started process (PID=220) to work on /opt/airflow/dags/ml_models.py
[2025-12-27T18:11:01.448+0000] {processor.py:830} INFO - Processing file /opt/airflow/dags/ml_models.py for tasks to queue
[2025-12-27T18:11:01.451+0000] {logging_mixin.py:188} INFO - [2025-12-27T18:11:01.451+0000] {dagbag.py:538} INFO - Filling up the DagBag from /opt/airflow/dags/ml_models.py
[2025-12-27T18:11:01.498+0000] {logging_mixin.py:188} INFO - [2025-12-27T18:11:01.489+0000] {dagbag.py:348} ERROR - Failed to import: /opt/airflow/dags/ml_models.py
Traceback (most recent call last):
  File "/home/airflow/.local/lib/python3.8/site-packages/airflow/models/dagbag.py", line 344, in parse
    loader.exec_module(new_module)
  File "<frozen importlib._bootstrap_external>", line 843, in exec_module
  File "<frozen importlib._bootstrap>", line 219, in _call_with_frames_removed
  File "/opt/airflow/dags/ml_models.py", line 15, in <module>
    wait_for_prediction_features = ExternalTaskSensor(
  File "/home/airflow/.local/lib/python3.8/site-packages/airflow/models/baseoperator.py", line 420, in apply_defaults
    raise AirflowException(f"missing keyword argument {missing_args.pop()!r}")
airflow.exceptions.AirflowException: missing keyword argument 'external_dag_id'
[2025-12-27T18:11:01.500+0000] {processor.py:842} WARNING - No viable dags retrieved from /opt/airflow/dags/ml_models.py
[2025-12-27T18:11:01.585+0000] {processor.py:183} INFO - Processing /opt/airflow/dags/ml_models.py took 0.148 seconds
[2025-12-27T18:11:04.798+0000] {processor.py:161} INFO - Started process (PID=235) to work on /opt/airflow/dags/ml_models.py
[2025-12-27T18:11:04.800+0000] {processor.py:830} INFO - Processing file /opt/airflow/dags/ml_models.py for tasks to queue
[2025-12-27T18:11:04.802+0000] {logging_mixin.py:188} INFO - [2025-12-27T18:11:04.801+0000] {dagbag.py:538} INFO - Filling up the DagBag from /opt/airflow/dags/ml_models.py
[2025-12-27T18:11:04.908+0000] {logging_mixin.py:188} INFO - [2025-12-27T18:11:04.899+0000] {dagbag.py:348} ERROR - Failed to import: /opt/airflow/dags/ml_models.py
Traceback (most recent call last):
  File "/home/airflow/.local/lib/python3.8/site-packages/airflow/models/dagbag.py", line 344, in parse
    loader.exec_module(new_module)
  File "<frozen importlib._bootstrap_external>", line 843, in exec_module
  File "<frozen importlib._bootstrap>", line 219, in _call_with_frames_removed
  File "/opt/airflow/dags/ml_models.py", line 15, in <module>
    wait_for_prediction_features = ExternalTaskSensor(
  File "/home/airflow/.local/lib/python3.8/site-packages/airflow/models/baseoperator.py", line 420, in apply_defaults
    raise AirflowException(f"missing keyword argument {missing_args.pop()!r}")
airflow.exceptions.AirflowException: missing keyword argument 'external_dag_id'
[2025-12-27T18:11:04.911+0000] {processor.py:842} WARNING - No viable dags retrieved from /opt/airflow/dags/ml_models.py
[2025-12-27T18:11:04.956+0000] {processor.py:183} INFO - Processing /opt/airflow/dags/ml_models.py took 0.164 seconds
[2025-12-27T18:11:35.620+0000] {processor.py:161} INFO - Started process (PID=250) to work on /opt/airflow/dags/ml_models.py
[2025-12-27T18:11:35.625+0000] {processor.py:830} INFO - Processing file /opt/airflow/dags/ml_models.py for tasks to queue
[2025-12-27T18:11:35.627+0000] {logging_mixin.py:188} INFO - [2025-12-27T18:11:35.626+0000] {dagbag.py:538} INFO - Filling up the DagBag from /opt/airflow/dags/ml_models.py
[2025-12-27T18:11:35.662+0000] {logging_mixin.py:188} INFO - [2025-12-27T18:11:35.655+0000] {dagbag.py:348} ERROR - Failed to import: /opt/airflow/dags/ml_models.py
Traceback (most recent call last):
  File "/home/airflow/.local/lib/python3.8/site-packages/airflow/models/dagbag.py", line 344, in parse
    loader.exec_module(new_module)
  File "<frozen importlib._bootstrap_external>", line 843, in exec_module
  File "<frozen importlib._bootstrap>", line 219, in _call_with_frames_removed
  File "/opt/airflow/dags/ml_models.py", line 15, in <module>
    wait_for_prediction_features = ExternalTaskSensor(
  File "/home/airflow/.local/lib/python3.8/site-packages/airflow/models/baseoperator.py", line 420, in apply_defaults
    raise AirflowException(f"missing keyword argument {missing_args.pop()!r}")
airflow.exceptions.AirflowException: missing keyword argument 'external_dag_id'
[2025-12-27T18:11:35.665+0000] {processor.py:842} WARNING - No viable dags retrieved from /opt/airflow/dags/ml_models.py
[2025-12-27T18:11:35.700+0000] {processor.py:183} INFO - Processing /opt/airflow/dags/ml_models.py took 0.087 seconds
[2025-12-27T18:12:06.256+0000] {processor.py:161} INFO - Started process (PID=265) to work on /opt/airflow/dags/ml_models.py
[2025-12-27T18:12:06.259+0000] {processor.py:830} INFO - Processing file /opt/airflow/dags/ml_models.py for tasks to queue
[2025-12-27T18:12:06.262+0000] {logging_mixin.py:188} INFO - [2025-12-27T18:12:06.261+0000] {dagbag.py:538} INFO - Filling up the DagBag from /opt/airflow/dags/ml_models.py
[2025-12-27T18:12:06.299+0000] {logging_mixin.py:188} INFO - [2025-12-27T18:12:06.292+0000] {dagbag.py:348} ERROR - Failed to import: /opt/airflow/dags/ml_models.py
Traceback (most recent call last):
  File "/home/airflow/.local/lib/python3.8/site-packages/airflow/models/dagbag.py", line 344, in parse
    loader.exec_module(new_module)
  File "<frozen importlib._bootstrap_external>", line 843, in exec_module
  File "<frozen importlib._bootstrap>", line 219, in _call_with_frames_removed
  File "/opt/airflow/dags/ml_models.py", line 15, in <module>
    wait_for_prediction_features = ExternalTaskSensor(
  File "/home/airflow/.local/lib/python3.8/site-packages/airflow/models/baseoperator.py", line 420, in apply_defaults
    raise AirflowException(f"missing keyword argument {missing_args.pop()!r}")
airflow.exceptions.AirflowException: missing keyword argument 'external_dag_id'
[2025-12-27T18:12:06.301+0000] {processor.py:842} WARNING - No viable dags retrieved from /opt/airflow/dags/ml_models.py
[2025-12-27T18:12:06.336+0000] {processor.py:183} INFO - Processing /opt/airflow/dags/ml_models.py took 0.086 seconds
[2025-12-27T18:12:36.946+0000] {processor.py:161} INFO - Started process (PID=280) to work on /opt/airflow/dags/ml_models.py
[2025-12-27T18:12:36.949+0000] {processor.py:830} INFO - Processing file /opt/airflow/dags/ml_models.py for tasks to queue
[2025-12-27T18:12:36.951+0000] {logging_mixin.py:188} INFO - [2025-12-27T18:12:36.951+0000] {dagbag.py:538} INFO - Filling up the DagBag from /opt/airflow/dags/ml_models.py
[2025-12-27T18:12:37.001+0000] {logging_mixin.py:188} INFO - [2025-12-27T18:12:36.990+0000] {dagbag.py:348} ERROR - Failed to import: /opt/airflow/dags/ml_models.py
Traceback (most recent call last):
  File "/home/airflow/.local/lib/python3.8/site-packages/airflow/models/dagbag.py", line 344, in parse
    loader.exec_module(new_module)
  File "<frozen importlib._bootstrap_external>", line 843, in exec_module
  File "<frozen importlib._bootstrap>", line 219, in _call_with_frames_removed
  File "/opt/airflow/dags/ml_models.py", line 15, in <module>
    wait_for_prediction_features = ExternalTaskSensor(
  File "/home/airflow/.local/lib/python3.8/site-packages/airflow/models/baseoperator.py", line 420, in apply_defaults
    raise AirflowException(f"missing keyword argument {missing_args.pop()!r}")
airflow.exceptions.AirflowException: missing keyword argument 'external_dag_id'
[2025-12-27T18:12:37.005+0000] {processor.py:842} WARNING - No viable dags retrieved from /opt/airflow/dags/ml_models.py
[2025-12-27T18:12:37.080+0000] {processor.py:183} INFO - Processing /opt/airflow/dags/ml_models.py took 0.141 seconds
[2025-12-27T18:13:07.664+0000] {processor.py:161} INFO - Started process (PID=295) to work on /opt/airflow/dags/ml_models.py
[2025-12-27T18:13:07.669+0000] {processor.py:830} INFO - Processing file /opt/airflow/dags/ml_models.py for tasks to queue
[2025-12-27T18:13:07.672+0000] {logging_mixin.py:188} INFO - [2025-12-27T18:13:07.671+0000] {dagbag.py:538} INFO - Filling up the DagBag from /opt/airflow/dags/ml_models.py
[2025-12-27T18:13:07.725+0000] {logging_mixin.py:188} INFO - [2025-12-27T18:13:07.715+0000] {dagbag.py:348} ERROR - Failed to import: /opt/airflow/dags/ml_models.py
Traceback (most recent call last):
  File "/home/airflow/.local/lib/python3.8/site-packages/airflow/models/dagbag.py", line 344, in parse
    loader.exec_module(new_module)
  File "<frozen importlib._bootstrap_external>", line 843, in exec_module
  File "<frozen importlib._bootstrap>", line 219, in _call_with_frames_removed
  File "/opt/airflow/dags/ml_models.py", line 15, in <module>
    wait_for_prediction_features = ExternalTaskSensor(
  File "/home/airflow/.local/lib/python3.8/site-packages/airflow/models/baseoperator.py", line 420, in apply_defaults
    raise AirflowException(f"missing keyword argument {missing_args.pop()!r}")
airflow.exceptions.AirflowException: missing keyword argument 'external_dag_id'
[2025-12-27T18:13:07.729+0000] {processor.py:842} WARNING - No viable dags retrieved from /opt/airflow/dags/ml_models.py
[2025-12-27T18:13:07.786+0000] {processor.py:183} INFO - Processing /opt/airflow/dags/ml_models.py took 0.130 seconds
[2025-12-27T18:13:38.324+0000] {processor.py:161} INFO - Started process (PID=314) to work on /opt/airflow/dags/ml_models.py
[2025-12-27T18:13:38.326+0000] {processor.py:830} INFO - Processing file /opt/airflow/dags/ml_models.py for tasks to queue
[2025-12-27T18:13:38.331+0000] {logging_mixin.py:188} INFO - [2025-12-27T18:13:38.330+0000] {dagbag.py:538} INFO - Filling up the DagBag from /opt/airflow/dags/ml_models.py
[2025-12-27T18:13:38.380+0000] {logging_mixin.py:188} INFO - [2025-12-27T18:13:38.371+0000] {dagbag.py:348} ERROR - Failed to import: /opt/airflow/dags/ml_models.py
Traceback (most recent call last):
  File "/home/airflow/.local/lib/python3.8/site-packages/airflow/models/dagbag.py", line 344, in parse
    loader.exec_module(new_module)
  File "<frozen importlib._bootstrap_external>", line 843, in exec_module
  File "<frozen importlib._bootstrap>", line 219, in _call_with_frames_removed
  File "/opt/airflow/dags/ml_models.py", line 15, in <module>
    wait_for_prediction_features = ExternalTaskSensor(
  File "/home/airflow/.local/lib/python3.8/site-packages/airflow/models/baseoperator.py", line 420, in apply_defaults
    raise AirflowException(f"missing keyword argument {missing_args.pop()!r}")
airflow.exceptions.AirflowException: missing keyword argument 'external_dag_id'
[2025-12-27T18:13:38.382+0000] {processor.py:842} WARNING - No viable dags retrieved from /opt/airflow/dags/ml_models.py
[2025-12-27T18:13:38.458+0000] {processor.py:183} INFO - Processing /opt/airflow/dags/ml_models.py took 0.140 seconds
[2025-12-27T18:14:09.018+0000] {processor.py:161} INFO - Started process (PID=329) to work on /opt/airflow/dags/ml_models.py
[2025-12-27T18:14:09.020+0000] {processor.py:830} INFO - Processing file /opt/airflow/dags/ml_models.py for tasks to queue
[2025-12-27T18:14:09.022+0000] {logging_mixin.py:188} INFO - [2025-12-27T18:14:09.022+0000] {dagbag.py:538} INFO - Filling up the DagBag from /opt/airflow/dags/ml_models.py
[2025-12-27T18:14:09.062+0000] {logging_mixin.py:188} INFO - [2025-12-27T18:14:09.054+0000] {dagbag.py:348} ERROR - Failed to import: /opt/airflow/dags/ml_models.py
Traceback (most recent call last):
  File "/home/airflow/.local/lib/python3.8/site-packages/airflow/models/dagbag.py", line 344, in parse
    loader.exec_module(new_module)
  File "<frozen importlib._bootstrap_external>", line 843, in exec_module
  File "<frozen importlib._bootstrap>", line 219, in _call_with_frames_removed
  File "/opt/airflow/dags/ml_models.py", line 15, in <module>
    wait_for_prediction_features = ExternalTaskSensor(
  File "/home/airflow/.local/lib/python3.8/site-packages/airflow/models/baseoperator.py", line 420, in apply_defaults
    raise AirflowException(f"missing keyword argument {missing_args.pop()!r}")
airflow.exceptions.AirflowException: missing keyword argument 'external_dag_id'
[2025-12-27T18:14:09.065+0000] {processor.py:842} WARNING - No viable dags retrieved from /opt/airflow/dags/ml_models.py
[2025-12-27T18:14:09.107+0000] {processor.py:183} INFO - Processing /opt/airflow/dags/ml_models.py took 0.097 seconds
[2025-12-27T18:14:39.826+0000] {processor.py:161} INFO - Started process (PID=349) to work on /opt/airflow/dags/ml_models.py
[2025-12-27T18:14:39.828+0000] {processor.py:830} INFO - Processing file /opt/airflow/dags/ml_models.py for tasks to queue
[2025-12-27T18:14:39.829+0000] {logging_mixin.py:188} INFO - [2025-12-27T18:14:39.829+0000] {dagbag.py:538} INFO - Filling up the DagBag from /opt/airflow/dags/ml_models.py
[2025-12-27T18:14:39.869+0000] {logging_mixin.py:188} INFO - [2025-12-27T18:14:39.860+0000] {dagbag.py:348} ERROR - Failed to import: /opt/airflow/dags/ml_models.py
Traceback (most recent call last):
  File "/home/airflow/.local/lib/python3.8/site-packages/airflow/models/dagbag.py", line 344, in parse
    loader.exec_module(new_module)
  File "<frozen importlib._bootstrap_external>", line 843, in exec_module
  File "<frozen importlib._bootstrap>", line 219, in _call_with_frames_removed
  File "/opt/airflow/dags/ml_models.py", line 15, in <module>
    wait_for_prediction_features = ExternalTaskSensor(
  File "/home/airflow/.local/lib/python3.8/site-packages/airflow/models/baseoperator.py", line 420, in apply_defaults
    raise AirflowException(f"missing keyword argument {missing_args.pop()!r}")
airflow.exceptions.AirflowException: missing keyword argument 'external_dag_id'
[2025-12-27T18:14:39.872+0000] {processor.py:842} WARNING - No viable dags retrieved from /opt/airflow/dags/ml_models.py
[2025-12-27T18:14:39.943+0000] {processor.py:183} INFO - Processing /opt/airflow/dags/ml_models.py took 0.123 seconds
[2025-12-27T18:15:10.417+0000] {processor.py:161} INFO - Started process (PID=369) to work on /opt/airflow/dags/ml_models.py
[2025-12-27T18:15:10.419+0000] {processor.py:830} INFO - Processing file /opt/airflow/dags/ml_models.py for tasks to queue
[2025-12-27T18:15:10.420+0000] {logging_mixin.py:188} INFO - [2025-12-27T18:15:10.420+0000] {dagbag.py:538} INFO - Filling up the DagBag from /opt/airflow/dags/ml_models.py
[2025-12-27T18:15:10.448+0000] {logging_mixin.py:188} INFO - [2025-12-27T18:15:10.442+0000] {dagbag.py:348} ERROR - Failed to import: /opt/airflow/dags/ml_models.py
Traceback (most recent call last):
  File "/home/airflow/.local/lib/python3.8/site-packages/airflow/models/dagbag.py", line 344, in parse
    loader.exec_module(new_module)
  File "<frozen importlib._bootstrap_external>", line 843, in exec_module
  File "<frozen importlib._bootstrap>", line 219, in _call_with_frames_removed
  File "/opt/airflow/dags/ml_models.py", line 15, in <module>
    wait_for_prediction_features = ExternalTaskSensor(
  File "/home/airflow/.local/lib/python3.8/site-packages/airflow/models/baseoperator.py", line 420, in apply_defaults
    raise AirflowException(f"missing keyword argument {missing_args.pop()!r}")
airflow.exceptions.AirflowException: missing keyword argument 'external_dag_id'
[2025-12-27T18:15:10.450+0000] {processor.py:842} WARNING - No viable dags retrieved from /opt/airflow/dags/ml_models.py
[2025-12-27T18:15:10.511+0000] {processor.py:183} INFO - Processing /opt/airflow/dags/ml_models.py took 0.097 seconds
[2025-12-27T18:15:41.143+0000] {processor.py:161} INFO - Started process (PID=389) to work on /opt/airflow/dags/ml_models.py
[2025-12-27T18:15:41.145+0000] {processor.py:830} INFO - Processing file /opt/airflow/dags/ml_models.py for tasks to queue
[2025-12-27T18:15:41.146+0000] {logging_mixin.py:188} INFO - [2025-12-27T18:15:41.146+0000] {dagbag.py:538} INFO - Filling up the DagBag from /opt/airflow/dags/ml_models.py
[2025-12-27T18:15:41.186+0000] {logging_mixin.py:188} INFO - [2025-12-27T18:15:41.177+0000] {dagbag.py:348} ERROR - Failed to import: /opt/airflow/dags/ml_models.py
Traceback (most recent call last):
  File "/home/airflow/.local/lib/python3.8/site-packages/airflow/models/dagbag.py", line 344, in parse
    loader.exec_module(new_module)
  File "<frozen importlib._bootstrap_external>", line 843, in exec_module
  File "<frozen importlib._bootstrap>", line 219, in _call_with_frames_removed
  File "/opt/airflow/dags/ml_models.py", line 15, in <module>
    wait_for_prediction_features = ExternalTaskSensor(
  File "/home/airflow/.local/lib/python3.8/site-packages/airflow/models/baseoperator.py", line 420, in apply_defaults
    raise AirflowException(f"missing keyword argument {missing_args.pop()!r}")
airflow.exceptions.AirflowException: missing keyword argument 'external_dag_id'
[2025-12-27T18:15:41.188+0000] {processor.py:842} WARNING - No viable dags retrieved from /opt/airflow/dags/ml_models.py
[2025-12-27T18:15:41.265+0000] {processor.py:183} INFO - Processing /opt/airflow/dags/ml_models.py took 0.128 seconds
[2025-12-27T18:16:12.018+0000] {processor.py:161} INFO - Started process (PID=409) to work on /opt/airflow/dags/ml_models.py
[2025-12-27T18:16:12.019+0000] {processor.py:830} INFO - Processing file /opt/airflow/dags/ml_models.py for tasks to queue
[2025-12-27T18:16:12.021+0000] {logging_mixin.py:188} INFO - [2025-12-27T18:16:12.021+0000] {dagbag.py:538} INFO - Filling up the DagBag from /opt/airflow/dags/ml_models.py
[2025-12-27T18:16:12.064+0000] {logging_mixin.py:188} INFO - [2025-12-27T18:16:12.056+0000] {dagbag.py:348} ERROR - Failed to import: /opt/airflow/dags/ml_models.py
Traceback (most recent call last):
  File "/home/airflow/.local/lib/python3.8/site-packages/airflow/models/dagbag.py", line 344, in parse
    loader.exec_module(new_module)
  File "<frozen importlib._bootstrap_external>", line 843, in exec_module
  File "<frozen importlib._bootstrap>", line 219, in _call_with_frames_removed
  File "/opt/airflow/dags/ml_models.py", line 15, in <module>
    wait_for_prediction_features = ExternalTaskSensor(
  File "/home/airflow/.local/lib/python3.8/site-packages/airflow/models/baseoperator.py", line 420, in apply_defaults
    raise AirflowException(f"missing keyword argument {missing_args.pop()!r}")
airflow.exceptions.AirflowException: missing keyword argument 'external_dag_id'
[2025-12-27T18:16:12.067+0000] {processor.py:842} WARNING - No viable dags retrieved from /opt/airflow/dags/ml_models.py
[2025-12-27T18:16:12.105+0000] {processor.py:183} INFO - Processing /opt/airflow/dags/ml_models.py took 0.093 seconds
[2025-12-27T18:16:42.842+0000] {processor.py:161} INFO - Started process (PID=429) to work on /opt/airflow/dags/ml_models.py
[2025-12-27T18:16:42.845+0000] {processor.py:830} INFO - Processing file /opt/airflow/dags/ml_models.py for tasks to queue
[2025-12-27T18:16:42.847+0000] {logging_mixin.py:188} INFO - [2025-12-27T18:16:42.846+0000] {dagbag.py:538} INFO - Filling up the DagBag from /opt/airflow/dags/ml_models.py
[2025-12-27T18:16:42.891+0000] {logging_mixin.py:188} INFO - [2025-12-27T18:16:42.882+0000] {dagbag.py:348} ERROR - Failed to import: /opt/airflow/dags/ml_models.py
Traceback (most recent call last):
  File "/home/airflow/.local/lib/python3.8/site-packages/airflow/models/dagbag.py", line 344, in parse
    loader.exec_module(new_module)
  File "<frozen importlib._bootstrap_external>", line 843, in exec_module
  File "<frozen importlib._bootstrap>", line 219, in _call_with_frames_removed
  File "/opt/airflow/dags/ml_models.py", line 15, in <module>
    wait_for_prediction_features = ExternalTaskSensor(
  File "/home/airflow/.local/lib/python3.8/site-packages/airflow/models/baseoperator.py", line 420, in apply_defaults
    raise AirflowException(f"missing keyword argument {missing_args.pop()!r}")
airflow.exceptions.AirflowException: missing keyword argument 'external_dag_id'
[2025-12-27T18:16:42.894+0000] {processor.py:842} WARNING - No viable dags retrieved from /opt/airflow/dags/ml_models.py
[2025-12-27T18:16:42.966+0000] {processor.py:183} INFO - Processing /opt/airflow/dags/ml_models.py took 0.129 seconds
[2025-12-27T18:17:13.823+0000] {processor.py:161} INFO - Started process (PID=449) to work on /opt/airflow/dags/ml_models.py
[2025-12-27T18:17:13.825+0000] {processor.py:830} INFO - Processing file /opt/airflow/dags/ml_models.py for tasks to queue
[2025-12-27T18:17:13.827+0000] {logging_mixin.py:188} INFO - [2025-12-27T18:17:13.826+0000] {dagbag.py:538} INFO - Filling up the DagBag from /opt/airflow/dags/ml_models.py
[2025-12-27T18:17:13.869+0000] {logging_mixin.py:188} INFO - [2025-12-27T18:17:13.860+0000] {dagbag.py:348} ERROR - Failed to import: /opt/airflow/dags/ml_models.py
Traceback (most recent call last):
  File "/home/airflow/.local/lib/python3.8/site-packages/airflow/models/dagbag.py", line 344, in parse
    loader.exec_module(new_module)
  File "<frozen importlib._bootstrap_external>", line 843, in exec_module
  File "<frozen importlib._bootstrap>", line 219, in _call_with_frames_removed
  File "/opt/airflow/dags/ml_models.py", line 15, in <module>
    wait_for_prediction_features = ExternalTaskSensor(
  File "/home/airflow/.local/lib/python3.8/site-packages/airflow/models/baseoperator.py", line 420, in apply_defaults
    raise AirflowException(f"missing keyword argument {missing_args.pop()!r}")
airflow.exceptions.AirflowException: missing keyword argument 'external_dag_id'
[2025-12-27T18:17:13.872+0000] {processor.py:842} WARNING - No viable dags retrieved from /opt/airflow/dags/ml_models.py
[2025-12-27T18:17:13.919+0000] {processor.py:183} INFO - Processing /opt/airflow/dags/ml_models.py took 0.104 seconds
[2025-12-27T18:17:41.900+0000] {processor.py:161} INFO - Started process (PID=469) to work on /opt/airflow/dags/ml_models.py
[2025-12-27T18:17:41.903+0000] {processor.py:830} INFO - Processing file /opt/airflow/dags/ml_models.py for tasks to queue
[2025-12-27T18:17:41.905+0000] {logging_mixin.py:188} INFO - [2025-12-27T18:17:41.904+0000] {dagbag.py:538} INFO - Filling up the DagBag from /opt/airflow/dags/ml_models.py
[2025-12-27T18:17:41.969+0000] {processor.py:840} INFO - DAG(s) 'ml_models' retrieved from /opt/airflow/dags/ml_models.py
[2025-12-27T18:17:42.127+0000] {logging_mixin.py:188} INFO - [2025-12-27T18:17:42.127+0000] {override.py:1769} INFO - Created Permission View: can delete on DAG:ml_models
[2025-12-27T18:17:42.144+0000] {logging_mixin.py:188} INFO - [2025-12-27T18:17:42.144+0000] {override.py:1769} INFO - Created Permission View: can read on DAG:ml_models
[2025-12-27T18:17:42.155+0000] {logging_mixin.py:188} INFO - [2025-12-27T18:17:42.155+0000] {override.py:1769} INFO - Created Permission View: can edit on DAG:ml_models
[2025-12-27T18:17:42.156+0000] {logging_mixin.py:188} INFO - [2025-12-27T18:17:42.156+0000] {dag.py:3036} INFO - Sync 1 DAGs
[2025-12-27T18:17:42.174+0000] {logging_mixin.py:188} INFO - [2025-12-27T18:17:42.173+0000] {dag.py:3058} INFO - Creating ORM DAG for ml_models
[2025-12-27T18:17:42.195+0000] {logging_mixin.py:188} INFO - [2025-12-27T18:17:42.195+0000] {dag.py:3823} INFO - Setting next_dagrun for ml_models to 2025-12-26 00:00:00+00:00, run_after=2025-12-27 00:00:00+00:00
[2025-12-27T18:17:42.231+0000] {processor.py:183} INFO - Processing /opt/airflow/dags/ml_models.py took 0.338 seconds
[2025-12-27T18:18:13.019+0000] {processor.py:161} INFO - Started process (PID=489) to work on /opt/airflow/dags/ml_models.py
[2025-12-27T18:18:13.021+0000] {processor.py:830} INFO - Processing file /opt/airflow/dags/ml_models.py for tasks to queue
[2025-12-27T18:18:13.023+0000] {logging_mixin.py:188} INFO - [2025-12-27T18:18:13.023+0000] {dagbag.py:538} INFO - Filling up the DagBag from /opt/airflow/dags/ml_models.py
[2025-12-27T18:18:13.061+0000] {processor.py:840} INFO - DAG(s) 'ml_models' retrieved from /opt/airflow/dags/ml_models.py
[2025-12-27T18:18:13.102+0000] {logging_mixin.py:188} INFO - [2025-12-27T18:18:13.101+0000] {dag.py:3036} INFO - Sync 1 DAGs
[2025-12-27T18:18:13.139+0000] {logging_mixin.py:188} INFO - [2025-12-27T18:18:13.139+0000] {dag.py:3823} INFO - Setting next_dagrun for ml_models to 2025-12-26 00:00:00+00:00, run_after=2025-12-27 00:00:00+00:00
[2025-12-27T18:18:13.209+0000] {processor.py:183} INFO - Processing /opt/airflow/dags/ml_models.py took 0.194 seconds
[2025-12-27T18:18:43.841+0000] {processor.py:161} INFO - Started process (PID=511) to work on /opt/airflow/dags/ml_models.py
[2025-12-27T18:18:43.844+0000] {processor.py:830} INFO - Processing file /opt/airflow/dags/ml_models.py for tasks to queue
[2025-12-27T18:18:43.845+0000] {logging_mixin.py:188} INFO - [2025-12-27T18:18:43.845+0000] {dagbag.py:538} INFO - Filling up the DagBag from /opt/airflow/dags/ml_models.py
[2025-12-27T18:18:43.886+0000] {processor.py:840} INFO - DAG(s) 'ml_models' retrieved from /opt/airflow/dags/ml_models.py
[2025-12-27T18:18:43.939+0000] {logging_mixin.py:188} INFO - [2025-12-27T18:18:43.939+0000] {dag.py:3036} INFO - Sync 1 DAGs
[2025-12-27T18:18:43.982+0000] {logging_mixin.py:188} INFO - [2025-12-27T18:18:43.982+0000] {dag.py:3823} INFO - Setting next_dagrun for ml_models to 2025-12-26 00:00:00+00:00, run_after=2025-12-27 00:00:00+00:00
[2025-12-27T18:18:44.061+0000] {processor.py:183} INFO - Processing /opt/airflow/dags/ml_models.py took 0.225 seconds
[2025-12-27T18:19:14.873+0000] {processor.py:161} INFO - Started process (PID=535) to work on /opt/airflow/dags/ml_models.py
[2025-12-27T18:19:14.876+0000] {processor.py:830} INFO - Processing file /opt/airflow/dags/ml_models.py for tasks to queue
[2025-12-27T18:19:14.880+0000] {logging_mixin.py:188} INFO - [2025-12-27T18:19:14.879+0000] {dagbag.py:538} INFO - Filling up the DagBag from /opt/airflow/dags/ml_models.py
[2025-12-27T18:19:14.939+0000] {processor.py:840} INFO - DAG(s) 'ml_models' retrieved from /opt/airflow/dags/ml_models.py
[2025-12-27T18:19:14.997+0000] {logging_mixin.py:188} INFO - [2025-12-27T18:19:14.997+0000] {dag.py:3036} INFO - Sync 1 DAGs
[2025-12-27T18:19:15.064+0000] {logging_mixin.py:188} INFO - [2025-12-27T18:19:15.064+0000] {dag.py:3823} INFO - Setting next_dagrun for ml_models to 2025-12-27 00:00:00+00:00, run_after=2025-12-28 00:00:00+00:00
[2025-12-27T18:19:15.124+0000] {processor.py:183} INFO - Processing /opt/airflow/dags/ml_models.py took 0.259 seconds
[2025-12-27T18:19:45.315+0000] {processor.py:161} INFO - Started process (PID=555) to work on /opt/airflow/dags/ml_models.py
[2025-12-27T18:19:45.317+0000] {processor.py:830} INFO - Processing file /opt/airflow/dags/ml_models.py for tasks to queue
[2025-12-27T18:19:45.319+0000] {logging_mixin.py:188} INFO - [2025-12-27T18:19:45.319+0000] {dagbag.py:538} INFO - Filling up the DagBag from /opt/airflow/dags/ml_models.py
[2025-12-27T18:19:45.357+0000] {processor.py:840} INFO - DAG(s) 'ml_models' retrieved from /opt/airflow/dags/ml_models.py
[2025-12-27T18:19:45.397+0000] {logging_mixin.py:188} INFO - [2025-12-27T18:19:45.397+0000] {dag.py:3036} INFO - Sync 1 DAGs
[2025-12-27T18:19:45.435+0000] {logging_mixin.py:188} INFO - [2025-12-27T18:19:45.435+0000] {dag.py:3823} INFO - Setting next_dagrun for ml_models to 2025-12-27 00:00:00+00:00, run_after=2025-12-28 00:00:00+00:00
[2025-12-27T18:19:45.504+0000] {processor.py:183} INFO - Processing /opt/airflow/dags/ml_models.py took 0.195 seconds
[2025-12-27T18:20:16.367+0000] {processor.py:161} INFO - Started process (PID=579) to work on /opt/airflow/dags/ml_models.py
[2025-12-27T18:20:16.369+0000] {processor.py:830} INFO - Processing file /opt/airflow/dags/ml_models.py for tasks to queue
[2025-12-27T18:20:16.371+0000] {logging_mixin.py:188} INFO - [2025-12-27T18:20:16.371+0000] {dagbag.py:538} INFO - Filling up the DagBag from /opt/airflow/dags/ml_models.py
[2025-12-27T18:20:16.416+0000] {processor.py:840} INFO - DAG(s) 'ml_models' retrieved from /opt/airflow/dags/ml_models.py
[2025-12-27T18:20:16.461+0000] {logging_mixin.py:188} INFO - [2025-12-27T18:20:16.461+0000] {dag.py:3036} INFO - Sync 1 DAGs
[2025-12-27T18:20:16.506+0000] {logging_mixin.py:188} INFO - [2025-12-27T18:20:16.506+0000] {dag.py:3823} INFO - Setting next_dagrun for ml_models to 2025-12-27 00:00:00+00:00, run_after=2025-12-28 00:00:00+00:00
[2025-12-27T18:20:16.587+0000] {processor.py:183} INFO - Processing /opt/airflow/dags/ml_models.py took 0.227 seconds
[2025-12-27T18:20:47.386+0000] {processor.py:161} INFO - Started process (PID=601) to work on /opt/airflow/dags/ml_models.py
[2025-12-27T18:20:47.389+0000] {processor.py:830} INFO - Processing file /opt/airflow/dags/ml_models.py for tasks to queue
[2025-12-27T18:20:47.390+0000] {logging_mixin.py:188} INFO - [2025-12-27T18:20:47.390+0000] {dagbag.py:538} INFO - Filling up the DagBag from /opt/airflow/dags/ml_models.py
[2025-12-27T18:20:47.429+0000] {processor.py:840} INFO - DAG(s) 'ml_models' retrieved from /opt/airflow/dags/ml_models.py
[2025-12-27T18:20:47.472+0000] {logging_mixin.py:188} INFO - [2025-12-27T18:20:47.472+0000] {dag.py:3036} INFO - Sync 1 DAGs
[2025-12-27T18:20:47.514+0000] {logging_mixin.py:188} INFO - [2025-12-27T18:20:47.514+0000] {dag.py:3823} INFO - Setting next_dagrun for ml_models to 2025-12-27 00:00:00+00:00, run_after=2025-12-28 00:00:00+00:00
[2025-12-27T18:20:47.588+0000] {processor.py:183} INFO - Processing /opt/airflow/dags/ml_models.py took 0.208 seconds
[2025-12-27T18:21:18.255+0000] {processor.py:161} INFO - Started process (PID=625) to work on /opt/airflow/dags/ml_models.py
[2025-12-27T18:21:18.258+0000] {processor.py:830} INFO - Processing file /opt/airflow/dags/ml_models.py for tasks to queue
[2025-12-27T18:21:18.260+0000] {logging_mixin.py:188} INFO - [2025-12-27T18:21:18.259+0000] {dagbag.py:538} INFO - Filling up the DagBag from /opt/airflow/dags/ml_models.py
[2025-12-27T18:21:18.307+0000] {processor.py:840} INFO - DAG(s) 'ml_models' retrieved from /opt/airflow/dags/ml_models.py
[2025-12-27T18:21:18.359+0000] {logging_mixin.py:188} INFO - [2025-12-27T18:21:18.359+0000] {dag.py:3036} INFO - Sync 1 DAGs
[2025-12-27T18:21:18.407+0000] {logging_mixin.py:188} INFO - [2025-12-27T18:21:18.407+0000] {dag.py:3823} INFO - Setting next_dagrun for ml_models to 2025-12-27 00:00:00+00:00, run_after=2025-12-28 00:00:00+00:00
[2025-12-27T18:21:18.481+0000] {processor.py:183} INFO - Processing /opt/airflow/dags/ml_models.py took 0.231 seconds
[2025-12-27T18:21:48.944+0000] {processor.py:161} INFO - Started process (PID=645) to work on /opt/airflow/dags/ml_models.py
[2025-12-27T18:21:48.946+0000] {processor.py:830} INFO - Processing file /opt/airflow/dags/ml_models.py for tasks to queue
[2025-12-27T18:21:48.950+0000] {logging_mixin.py:188} INFO - [2025-12-27T18:21:48.949+0000] {dagbag.py:538} INFO - Filling up the DagBag from /opt/airflow/dags/ml_models.py
[2025-12-27T18:21:48.990+0000] {processor.py:840} INFO - DAG(s) 'ml_models' retrieved from /opt/airflow/dags/ml_models.py
[2025-12-27T18:21:49.051+0000] {logging_mixin.py:188} INFO - [2025-12-27T18:21:49.050+0000] {dag.py:3036} INFO - Sync 1 DAGs
[2025-12-27T18:21:49.106+0000] {logging_mixin.py:188} INFO - [2025-12-27T18:21:49.105+0000] {dag.py:3823} INFO - Setting next_dagrun for ml_models to 2025-12-27 00:00:00+00:00, run_after=2025-12-28 00:00:00+00:00
[2025-12-27T18:21:49.148+0000] {processor.py:183} INFO - Processing /opt/airflow/dags/ml_models.py took 0.211 seconds
[2025-12-27T18:22:19.741+0000] {processor.py:161} INFO - Started process (PID=669) to work on /opt/airflow/dags/ml_models.py
[2025-12-27T18:22:19.744+0000] {processor.py:830} INFO - Processing file /opt/airflow/dags/ml_models.py for tasks to queue
[2025-12-27T18:22:19.747+0000] {logging_mixin.py:188} INFO - [2025-12-27T18:22:19.746+0000] {dagbag.py:538} INFO - Filling up the DagBag from /opt/airflow/dags/ml_models.py
[2025-12-27T18:22:19.789+0000] {processor.py:840} INFO - DAG(s) 'ml_models' retrieved from /opt/airflow/dags/ml_models.py
[2025-12-27T18:22:19.833+0000] {logging_mixin.py:188} INFO - [2025-12-27T18:22:19.832+0000] {dag.py:3036} INFO - Sync 1 DAGs
[2025-12-27T18:22:19.881+0000] {logging_mixin.py:188} INFO - [2025-12-27T18:22:19.880+0000] {dag.py:3823} INFO - Setting next_dagrun for ml_models to 2025-12-27 00:00:00+00:00, run_after=2025-12-28 00:00:00+00:00
[2025-12-27T18:22:19.952+0000] {processor.py:183} INFO - Processing /opt/airflow/dags/ml_models.py took 0.219 seconds
[2025-12-27T18:22:50.606+0000] {processor.py:161} INFO - Started process (PID=689) to work on /opt/airflow/dags/ml_models.py
[2025-12-27T18:22:50.609+0000] {processor.py:830} INFO - Processing file /opt/airflow/dags/ml_models.py for tasks to queue
[2025-12-27T18:22:50.611+0000] {logging_mixin.py:188} INFO - [2025-12-27T18:22:50.610+0000] {dagbag.py:538} INFO - Filling up the DagBag from /opt/airflow/dags/ml_models.py
[2025-12-27T18:22:50.644+0000] {processor.py:840} INFO - DAG(s) 'ml_models' retrieved from /opt/airflow/dags/ml_models.py
[2025-12-27T18:22:50.684+0000] {logging_mixin.py:188} INFO - [2025-12-27T18:22:50.684+0000] {dag.py:3036} INFO - Sync 1 DAGs
[2025-12-27T18:22:50.719+0000] {logging_mixin.py:188} INFO - [2025-12-27T18:22:50.719+0000] {dag.py:3823} INFO - Setting next_dagrun for ml_models to 2025-12-27 00:00:00+00:00, run_after=2025-12-28 00:00:00+00:00
[2025-12-27T18:22:50.788+0000] {processor.py:183} INFO - Processing /opt/airflow/dags/ml_models.py took 0.189 seconds
[2025-12-27T18:23:21.367+0000] {processor.py:161} INFO - Started process (PID=713) to work on /opt/airflow/dags/ml_models.py
[2025-12-27T18:23:21.369+0000] {processor.py:830} INFO - Processing file /opt/airflow/dags/ml_models.py for tasks to queue
[2025-12-27T18:23:21.370+0000] {logging_mixin.py:188} INFO - [2025-12-27T18:23:21.370+0000] {dagbag.py:538} INFO - Filling up the DagBag from /opt/airflow/dags/ml_models.py
[2025-12-27T18:23:21.407+0000] {processor.py:840} INFO - DAG(s) 'ml_models' retrieved from /opt/airflow/dags/ml_models.py
[2025-12-27T18:23:21.458+0000] {logging_mixin.py:188} INFO - [2025-12-27T18:23:21.458+0000] {dag.py:3036} INFO - Sync 1 DAGs
[2025-12-27T18:23:21.495+0000] {logging_mixin.py:188} INFO - [2025-12-27T18:23:21.495+0000] {dag.py:3823} INFO - Setting next_dagrun for ml_models to 2025-12-27 00:00:00+00:00, run_after=2025-12-28 00:00:00+00:00
[2025-12-27T18:23:21.527+0000] {processor.py:183} INFO - Processing /opt/airflow/dags/ml_models.py took 0.167 seconds
[2025-12-27T18:23:52.175+0000] {processor.py:161} INFO - Started process (PID=733) to work on /opt/airflow/dags/ml_models.py
[2025-12-27T18:23:52.177+0000] {processor.py:830} INFO - Processing file /opt/airflow/dags/ml_models.py for tasks to queue
[2025-12-27T18:23:52.179+0000] {logging_mixin.py:188} INFO - [2025-12-27T18:23:52.178+0000] {dagbag.py:538} INFO - Filling up the DagBag from /opt/airflow/dags/ml_models.py
[2025-12-27T18:23:52.220+0000] {processor.py:840} INFO - DAG(s) 'ml_models' retrieved from /opt/airflow/dags/ml_models.py
[2025-12-27T18:23:52.260+0000] {logging_mixin.py:188} INFO - [2025-12-27T18:23:52.259+0000] {dag.py:3036} INFO - Sync 1 DAGs
[2025-12-27T18:23:52.294+0000] {logging_mixin.py:188} INFO - [2025-12-27T18:23:52.293+0000] {dag.py:3823} INFO - Setting next_dagrun for ml_models to 2025-12-27 00:00:00+00:00, run_after=2025-12-28 00:00:00+00:00
[2025-12-27T18:23:52.362+0000] {processor.py:183} INFO - Processing /opt/airflow/dags/ml_models.py took 0.193 seconds
[2025-12-27T18:24:22.962+0000] {processor.py:161} INFO - Started process (PID=757) to work on /opt/airflow/dags/ml_models.py
[2025-12-27T18:24:22.965+0000] {processor.py:830} INFO - Processing file /opt/airflow/dags/ml_models.py for tasks to queue
[2025-12-27T18:24:22.967+0000] {logging_mixin.py:188} INFO - [2025-12-27T18:24:22.966+0000] {dagbag.py:538} INFO - Filling up the DagBag from /opt/airflow/dags/ml_models.py
[2025-12-27T18:24:23.005+0000] {processor.py:840} INFO - DAG(s) 'ml_models' retrieved from /opt/airflow/dags/ml_models.py
[2025-12-27T18:24:23.047+0000] {logging_mixin.py:188} INFO - [2025-12-27T18:24:23.046+0000] {dag.py:3036} INFO - Sync 1 DAGs
[2025-12-27T18:24:23.092+0000] {logging_mixin.py:188} INFO - [2025-12-27T18:24:23.092+0000] {dag.py:3823} INFO - Setting next_dagrun for ml_models to 2025-12-27 00:00:00+00:00, run_after=2025-12-28 00:00:00+00:00
[2025-12-27T18:24:23.163+0000] {processor.py:183} INFO - Processing /opt/airflow/dags/ml_models.py took 0.209 seconds
[2025-12-27T18:24:53.857+0000] {processor.py:161} INFO - Started process (PID=777) to work on /opt/airflow/dags/ml_models.py
[2025-12-27T18:24:53.859+0000] {processor.py:830} INFO - Processing file /opt/airflow/dags/ml_models.py for tasks to queue
[2025-12-27T18:24:53.861+0000] {logging_mixin.py:188} INFO - [2025-12-27T18:24:53.861+0000] {dagbag.py:538} INFO - Filling up the DagBag from /opt/airflow/dags/ml_models.py
[2025-12-27T18:24:53.898+0000] {processor.py:840} INFO - DAG(s) 'ml_models' retrieved from /opt/airflow/dags/ml_models.py
[2025-12-27T18:24:53.938+0000] {logging_mixin.py:188} INFO - [2025-12-27T18:24:53.937+0000] {dag.py:3036} INFO - Sync 1 DAGs
[2025-12-27T18:24:53.980+0000] {logging_mixin.py:188} INFO - [2025-12-27T18:24:53.979+0000] {dag.py:3823} INFO - Setting next_dagrun for ml_models to 2025-12-27 00:00:00+00:00, run_after=2025-12-28 00:00:00+00:00
[2025-12-27T18:24:54.066+0000] {processor.py:183} INFO - Processing /opt/airflow/dags/ml_models.py took 0.217 seconds
[2025-12-27T18:25:24.674+0000] {processor.py:161} INFO - Started process (PID=801) to work on /opt/airflow/dags/ml_models.py
[2025-12-27T18:25:24.679+0000] {processor.py:830} INFO - Processing file /opt/airflow/dags/ml_models.py for tasks to queue
[2025-12-27T18:25:24.682+0000] {logging_mixin.py:188} INFO - [2025-12-27T18:25:24.681+0000] {dagbag.py:538} INFO - Filling up the DagBag from /opt/airflow/dags/ml_models.py
[2025-12-27T18:25:24.723+0000] {processor.py:840} INFO - DAG(s) 'ml_models' retrieved from /opt/airflow/dags/ml_models.py
[2025-12-27T18:25:24.768+0000] {logging_mixin.py:188} INFO - [2025-12-27T18:25:24.768+0000] {dag.py:3036} INFO - Sync 1 DAGs
[2025-12-27T18:25:24.810+0000] {logging_mixin.py:188} INFO - [2025-12-27T18:25:24.809+0000] {dag.py:3823} INFO - Setting next_dagrun for ml_models to 2025-12-27 00:00:00+00:00, run_after=2025-12-28 00:00:00+00:00
[2025-12-27T18:25:24.884+0000] {processor.py:183} INFO - Processing /opt/airflow/dags/ml_models.py took 0.217 seconds
[2025-12-27T18:25:55.514+0000] {processor.py:161} INFO - Started process (PID=821) to work on /opt/airflow/dags/ml_models.py
[2025-12-27T18:25:55.516+0000] {processor.py:830} INFO - Processing file /opt/airflow/dags/ml_models.py for tasks to queue
[2025-12-27T18:25:55.518+0000] {logging_mixin.py:188} INFO - [2025-12-27T18:25:55.517+0000] {dagbag.py:538} INFO - Filling up the DagBag from /opt/airflow/dags/ml_models.py
[2025-12-27T18:25:55.554+0000] {processor.py:840} INFO - DAG(s) 'ml_models' retrieved from /opt/airflow/dags/ml_models.py
[2025-12-27T18:25:55.593+0000] {logging_mixin.py:188} INFO - [2025-12-27T18:25:55.593+0000] {dag.py:3036} INFO - Sync 1 DAGs
[2025-12-27T18:25:55.641+0000] {logging_mixin.py:188} INFO - [2025-12-27T18:25:55.640+0000] {dag.py:3823} INFO - Setting next_dagrun for ml_models to 2025-12-27 00:00:00+00:00, run_after=2025-12-28 00:00:00+00:00
[2025-12-27T18:25:55.709+0000] {processor.py:183} INFO - Processing /opt/airflow/dags/ml_models.py took 0.201 seconds
[2025-12-27T18:26:26.268+0000] {processor.py:161} INFO - Started process (PID=845) to work on /opt/airflow/dags/ml_models.py
[2025-12-27T18:26:26.271+0000] {processor.py:830} INFO - Processing file /opt/airflow/dags/ml_models.py for tasks to queue
[2025-12-27T18:26:26.272+0000] {logging_mixin.py:188} INFO - [2025-12-27T18:26:26.272+0000] {dagbag.py:538} INFO - Filling up the DagBag from /opt/airflow/dags/ml_models.py
[2025-12-27T18:26:26.309+0000] {processor.py:840} INFO - DAG(s) 'ml_models' retrieved from /opt/airflow/dags/ml_models.py
[2025-12-27T18:26:26.347+0000] {logging_mixin.py:188} INFO - [2025-12-27T18:26:26.347+0000] {dag.py:3036} INFO - Sync 1 DAGs
[2025-12-27T18:26:26.380+0000] {logging_mixin.py:188} INFO - [2025-12-27T18:26:26.380+0000] {dag.py:3823} INFO - Setting next_dagrun for ml_models to 2025-12-27 00:00:00+00:00, run_after=2025-12-28 00:00:00+00:00
[2025-12-27T18:26:26.450+0000] {processor.py:183} INFO - Processing /opt/airflow/dags/ml_models.py took 0.187 seconds
[2025-12-27T18:26:56.960+0000] {processor.py:161} INFO - Started process (PID=865) to work on /opt/airflow/dags/ml_models.py
[2025-12-27T18:26:56.961+0000] {processor.py:830} INFO - Processing file /opt/airflow/dags/ml_models.py for tasks to queue
[2025-12-27T18:26:56.963+0000] {logging_mixin.py:188} INFO - [2025-12-27T18:26:56.962+0000] {dagbag.py:538} INFO - Filling up the DagBag from /opt/airflow/dags/ml_models.py
[2025-12-27T18:26:56.993+0000] {processor.py:840} INFO - DAG(s) 'ml_models' retrieved from /opt/airflow/dags/ml_models.py
[2025-12-27T18:26:57.024+0000] {logging_mixin.py:188} INFO - [2025-12-27T18:26:57.023+0000] {dag.py:3036} INFO - Sync 1 DAGs
[2025-12-27T18:26:57.050+0000] {logging_mixin.py:188} INFO - [2025-12-27T18:26:57.050+0000] {dag.py:3823} INFO - Setting next_dagrun for ml_models to 2025-12-27 00:00:00+00:00, run_after=2025-12-28 00:00:00+00:00
[2025-12-27T18:26:57.112+0000] {processor.py:183} INFO - Processing /opt/airflow/dags/ml_models.py took 0.157 seconds
[2025-12-27T18:27:27.641+0000] {processor.py:161} INFO - Started process (PID=889) to work on /opt/airflow/dags/ml_models.py
[2025-12-27T18:27:27.644+0000] {processor.py:830} INFO - Processing file /opt/airflow/dags/ml_models.py for tasks to queue
[2025-12-27T18:27:27.646+0000] {logging_mixin.py:188} INFO - [2025-12-27T18:27:27.645+0000] {dagbag.py:538} INFO - Filling up the DagBag from /opt/airflow/dags/ml_models.py
[2025-12-27T18:27:27.682+0000] {processor.py:840} INFO - DAG(s) 'ml_models' retrieved from /opt/airflow/dags/ml_models.py
[2025-12-27T18:27:27.721+0000] {logging_mixin.py:188} INFO - [2025-12-27T18:27:27.720+0000] {dag.py:3036} INFO - Sync 1 DAGs
[2025-12-27T18:27:27.755+0000] {logging_mixin.py:188} INFO - [2025-12-27T18:27:27.755+0000] {dag.py:3823} INFO - Setting next_dagrun for ml_models to 2025-12-27 00:00:00+00:00, run_after=2025-12-28 00:00:00+00:00
[2025-12-27T18:27:27.947+0000] {processor.py:183} INFO - Processing /opt/airflow/dags/ml_models.py took 0.313 seconds
[2025-12-27T18:27:58.473+0000] {processor.py:161} INFO - Started process (PID=909) to work on /opt/airflow/dags/ml_models.py
[2025-12-27T18:27:58.475+0000] {processor.py:830} INFO - Processing file /opt/airflow/dags/ml_models.py for tasks to queue
[2025-12-27T18:27:58.477+0000] {logging_mixin.py:188} INFO - [2025-12-27T18:27:58.476+0000] {dagbag.py:538} INFO - Filling up the DagBag from /opt/airflow/dags/ml_models.py
[2025-12-27T18:27:58.513+0000] {processor.py:840} INFO - DAG(s) 'ml_models' retrieved from /opt/airflow/dags/ml_models.py
[2025-12-27T18:27:58.554+0000] {logging_mixin.py:188} INFO - [2025-12-27T18:27:58.553+0000] {dag.py:3036} INFO - Sync 1 DAGs
[2025-12-27T18:27:58.597+0000] {logging_mixin.py:188} INFO - [2025-12-27T18:27:58.596+0000] {dag.py:3823} INFO - Setting next_dagrun for ml_models to 2025-12-27 00:00:00+00:00, run_after=2025-12-28 00:00:00+00:00
[2025-12-27T18:27:58.670+0000] {processor.py:183} INFO - Processing /opt/airflow/dags/ml_models.py took 0.203 seconds
[2025-12-27T18:28:29.418+0000] {processor.py:161} INFO - Started process (PID=933) to work on /opt/airflow/dags/ml_models.py
[2025-12-27T18:28:29.421+0000] {processor.py:830} INFO - Processing file /opt/airflow/dags/ml_models.py for tasks to queue
[2025-12-27T18:28:29.422+0000] {logging_mixin.py:188} INFO - [2025-12-27T18:28:29.422+0000] {dagbag.py:538} INFO - Filling up the DagBag from /opt/airflow/dags/ml_models.py
[2025-12-27T18:28:29.460+0000] {processor.py:840} INFO - DAG(s) 'ml_models' retrieved from /opt/airflow/dags/ml_models.py
[2025-12-27T18:28:29.500+0000] {logging_mixin.py:188} INFO - [2025-12-27T18:28:29.500+0000] {dag.py:3036} INFO - Sync 1 DAGs
[2025-12-27T18:28:29.544+0000] {logging_mixin.py:188} INFO - [2025-12-27T18:28:29.543+0000] {dag.py:3823} INFO - Setting next_dagrun for ml_models to 2025-12-27 00:00:00+00:00, run_after=2025-12-28 00:00:00+00:00
[2025-12-27T18:28:29.576+0000] {processor.py:183} INFO - Processing /opt/airflow/dags/ml_models.py took 0.163 seconds
[2025-12-27T18:29:00.227+0000] {processor.py:161} INFO - Started process (PID=953) to work on /opt/airflow/dags/ml_models.py
[2025-12-27T18:29:00.230+0000] {processor.py:830} INFO - Processing file /opt/airflow/dags/ml_models.py for tasks to queue
[2025-12-27T18:29:00.232+0000] {logging_mixin.py:188} INFO - [2025-12-27T18:29:00.231+0000] {dagbag.py:538} INFO - Filling up the DagBag from /opt/airflow/dags/ml_models.py
[2025-12-27T18:29:00.276+0000] {processor.py:840} INFO - DAG(s) 'ml_models' retrieved from /opt/airflow/dags/ml_models.py
[2025-12-27T18:29:00.322+0000] {logging_mixin.py:188} INFO - [2025-12-27T18:29:00.322+0000] {dag.py:3036} INFO - Sync 1 DAGs
[2025-12-27T18:29:00.368+0000] {logging_mixin.py:188} INFO - [2025-12-27T18:29:00.368+0000] {dag.py:3823} INFO - Setting next_dagrun for ml_models to 2025-12-27 00:00:00+00:00, run_after=2025-12-28 00:00:00+00:00
[2025-12-27T18:29:00.442+0000] {processor.py:183} INFO - Processing /opt/airflow/dags/ml_models.py took 0.224 seconds
[2025-12-27T18:29:30.844+0000] {processor.py:161} INFO - Started process (PID=977) to work on /opt/airflow/dags/ml_models.py
[2025-12-27T18:29:30.846+0000] {processor.py:830} INFO - Processing file /opt/airflow/dags/ml_models.py for tasks to queue
[2025-12-27T18:29:30.848+0000] {logging_mixin.py:188} INFO - [2025-12-27T18:29:30.848+0000] {dagbag.py:538} INFO - Filling up the DagBag from /opt/airflow/dags/ml_models.py
[2025-12-27T18:29:30.888+0000] {processor.py:840} INFO - DAG(s) 'ml_models' retrieved from /opt/airflow/dags/ml_models.py
[2025-12-27T18:29:30.932+0000] {logging_mixin.py:188} INFO - [2025-12-27T18:29:30.932+0000] {dag.py:3036} INFO - Sync 1 DAGs
[2025-12-27T18:29:30.969+0000] {logging_mixin.py:188} INFO - [2025-12-27T18:29:30.968+0000] {dag.py:3823} INFO - Setting next_dagrun for ml_models to 2025-12-27 00:00:00+00:00, run_after=2025-12-28 00:00:00+00:00
[2025-12-27T18:29:31.037+0000] {processor.py:183} INFO - Processing /opt/airflow/dags/ml_models.py took 0.202 seconds
[2025-12-27T18:30:01.690+0000] {processor.py:161} INFO - Started process (PID=997) to work on /opt/airflow/dags/ml_models.py
[2025-12-27T18:30:01.692+0000] {processor.py:830} INFO - Processing file /opt/airflow/dags/ml_models.py for tasks to queue
[2025-12-27T18:30:01.694+0000] {logging_mixin.py:188} INFO - [2025-12-27T18:30:01.694+0000] {dagbag.py:538} INFO - Filling up the DagBag from /opt/airflow/dags/ml_models.py
[2025-12-27T18:30:01.729+0000] {processor.py:840} INFO - DAG(s) 'ml_models' retrieved from /opt/airflow/dags/ml_models.py
[2025-12-27T18:30:01.773+0000] {logging_mixin.py:188} INFO - [2025-12-27T18:30:01.772+0000] {dag.py:3036} INFO - Sync 1 DAGs
[2025-12-27T18:30:01.811+0000] {logging_mixin.py:188} INFO - [2025-12-27T18:30:01.811+0000] {dag.py:3823} INFO - Setting next_dagrun for ml_models to 2025-12-27 00:00:00+00:00, run_after=2025-12-28 00:00:00+00:00
[2025-12-27T18:30:01.862+0000] {processor.py:183} INFO - Processing /opt/airflow/dags/ml_models.py took 0.178 seconds
[2025-12-27T18:30:32.687+0000] {processor.py:161} INFO - Started process (PID=1021) to work on /opt/airflow/dags/ml_models.py
[2025-12-27T18:30:32.689+0000] {processor.py:830} INFO - Processing file /opt/airflow/dags/ml_models.py for tasks to queue
[2025-12-27T18:30:32.691+0000] {logging_mixin.py:188} INFO - [2025-12-27T18:30:32.690+0000] {dagbag.py:538} INFO - Filling up the DagBag from /opt/airflow/dags/ml_models.py
[2025-12-27T18:30:32.728+0000] {processor.py:840} INFO - DAG(s) 'ml_models' retrieved from /opt/airflow/dags/ml_models.py
[2025-12-27T18:30:32.767+0000] {logging_mixin.py:188} INFO - [2025-12-27T18:30:32.766+0000] {dag.py:3036} INFO - Sync 1 DAGs
[2025-12-27T18:30:32.845+0000] {logging_mixin.py:188} INFO - [2025-12-27T18:30:32.845+0000] {dag.py:3823} INFO - Setting next_dagrun for ml_models to 2025-12-27 00:00:00+00:00, run_after=2025-12-28 00:00:00+00:00
[2025-12-27T18:30:32.883+0000] {processor.py:183} INFO - Processing /opt/airflow/dags/ml_models.py took 0.201 seconds
[2025-12-27T18:31:03.321+0000] {processor.py:161} INFO - Started process (PID=1041) to work on /opt/airflow/dags/ml_models.py
[2025-12-27T18:31:03.323+0000] {processor.py:830} INFO - Processing file /opt/airflow/dags/ml_models.py for tasks to queue
[2025-12-27T18:31:03.325+0000] {logging_mixin.py:188} INFO - [2025-12-27T18:31:03.324+0000] {dagbag.py:538} INFO - Filling up the DagBag from /opt/airflow/dags/ml_models.py
[2025-12-27T18:31:03.360+0000] {processor.py:840} INFO - DAG(s) 'ml_models' retrieved from /opt/airflow/dags/ml_models.py
[2025-12-27T18:31:03.402+0000] {logging_mixin.py:188} INFO - [2025-12-27T18:31:03.401+0000] {dag.py:3036} INFO - Sync 1 DAGs
[2025-12-27T18:31:03.486+0000] {logging_mixin.py:188} INFO - [2025-12-27T18:31:03.485+0000] {dag.py:3823} INFO - Setting next_dagrun for ml_models to 2025-12-27 00:00:00+00:00, run_after=2025-12-28 00:00:00+00:00
[2025-12-27T18:31:03.527+0000] {processor.py:183} INFO - Processing /opt/airflow/dags/ml_models.py took 0.213 seconds
[2025-12-27T18:31:34.305+0000] {processor.py:161} INFO - Started process (PID=1065) to work on /opt/airflow/dags/ml_models.py
[2025-12-27T18:31:34.308+0000] {processor.py:830} INFO - Processing file /opt/airflow/dags/ml_models.py for tasks to queue
[2025-12-27T18:31:34.310+0000] {logging_mixin.py:188} INFO - [2025-12-27T18:31:34.309+0000] {dagbag.py:538} INFO - Filling up the DagBag from /opt/airflow/dags/ml_models.py
[2025-12-27T18:31:34.349+0000] {processor.py:840} INFO - DAG(s) 'ml_models' retrieved from /opt/airflow/dags/ml_models.py
[2025-12-27T18:31:34.400+0000] {logging_mixin.py:188} INFO - [2025-12-27T18:31:34.399+0000] {dag.py:3036} INFO - Sync 1 DAGs
[2025-12-27T18:31:34.438+0000] {logging_mixin.py:188} INFO - [2025-12-27T18:31:34.438+0000] {dag.py:3823} INFO - Setting next_dagrun for ml_models to 2025-12-27 00:00:00+00:00, run_after=2025-12-28 00:00:00+00:00
[2025-12-27T18:31:34.473+0000] {processor.py:183} INFO - Processing /opt/airflow/dags/ml_models.py took 0.173 seconds
[2025-12-27T18:32:04.938+0000] {processor.py:161} INFO - Started process (PID=1085) to work on /opt/airflow/dags/ml_models.py
[2025-12-27T18:32:04.940+0000] {processor.py:830} INFO - Processing file /opt/airflow/dags/ml_models.py for tasks to queue
[2025-12-27T18:32:04.942+0000] {logging_mixin.py:188} INFO - [2025-12-27T18:32:04.941+0000] {dagbag.py:538} INFO - Filling up the DagBag from /opt/airflow/dags/ml_models.py
[2025-12-27T18:32:04.980+0000] {processor.py:840} INFO - DAG(s) 'ml_models' retrieved from /opt/airflow/dags/ml_models.py
[2025-12-27T18:32:05.029+0000] {logging_mixin.py:188} INFO - [2025-12-27T18:32:05.028+0000] {dag.py:3036} INFO - Sync 1 DAGs
[2025-12-27T18:32:05.068+0000] {logging_mixin.py:188} INFO - [2025-12-27T18:32:05.068+0000] {dag.py:3823} INFO - Setting next_dagrun for ml_models to 2025-12-27 00:00:00+00:00, run_after=2025-12-28 00:00:00+00:00
[2025-12-27T18:32:05.102+0000] {processor.py:183} INFO - Processing /opt/airflow/dags/ml_models.py took 0.169 seconds
[2025-12-27T18:32:35.710+0000] {processor.py:161} INFO - Started process (PID=1109) to work on /opt/airflow/dags/ml_models.py
[2025-12-27T18:32:35.712+0000] {processor.py:830} INFO - Processing file /opt/airflow/dags/ml_models.py for tasks to queue
[2025-12-27T18:32:35.714+0000] {logging_mixin.py:188} INFO - [2025-12-27T18:32:35.713+0000] {dagbag.py:538} INFO - Filling up the DagBag from /opt/airflow/dags/ml_models.py
[2025-12-27T18:32:35.757+0000] {processor.py:840} INFO - DAG(s) 'ml_models' retrieved from /opt/airflow/dags/ml_models.py
[2025-12-27T18:32:35.797+0000] {logging_mixin.py:188} INFO - [2025-12-27T18:32:35.797+0000] {dag.py:3036} INFO - Sync 1 DAGs
[2025-12-27T18:32:35.832+0000] {logging_mixin.py:188} INFO - [2025-12-27T18:32:35.832+0000] {dag.py:3823} INFO - Setting next_dagrun for ml_models to 2025-12-27 00:00:00+00:00, run_after=2025-12-28 00:00:00+00:00
[2025-12-27T18:32:35.902+0000] {processor.py:183} INFO - Processing /opt/airflow/dags/ml_models.py took 0.201 seconds
[2025-12-27T18:33:06.516+0000] {processor.py:161} INFO - Started process (PID=1129) to work on /opt/airflow/dags/ml_models.py
[2025-12-27T18:33:06.518+0000] {processor.py:830} INFO - Processing file /opt/airflow/dags/ml_models.py for tasks to queue
[2025-12-27T18:33:06.520+0000] {logging_mixin.py:188} INFO - [2025-12-27T18:33:06.519+0000] {dagbag.py:538} INFO - Filling up the DagBag from /opt/airflow/dags/ml_models.py
[2025-12-27T18:33:06.555+0000] {processor.py:840} INFO - DAG(s) 'ml_models' retrieved from /opt/airflow/dags/ml_models.py
[2025-12-27T18:33:06.597+0000] {logging_mixin.py:188} INFO - [2025-12-27T18:33:06.597+0000] {dag.py:3036} INFO - Sync 1 DAGs
[2025-12-27T18:33:06.638+0000] {logging_mixin.py:188} INFO - [2025-12-27T18:33:06.637+0000] {dag.py:3823} INFO - Setting next_dagrun for ml_models to 2025-12-27 00:00:00+00:00, run_after=2025-12-28 00:00:00+00:00
[2025-12-27T18:33:06.716+0000] {processor.py:183} INFO - Processing /opt/airflow/dags/ml_models.py took 0.206 seconds
[2025-12-27T18:33:37.329+0000] {processor.py:161} INFO - Started process (PID=1153) to work on /opt/airflow/dags/ml_models.py
[2025-12-27T18:33:37.331+0000] {processor.py:830} INFO - Processing file /opt/airflow/dags/ml_models.py for tasks to queue
[2025-12-27T18:33:37.333+0000] {logging_mixin.py:188} INFO - [2025-12-27T18:33:37.333+0000] {dagbag.py:538} INFO - Filling up the DagBag from /opt/airflow/dags/ml_models.py
[2025-12-27T18:33:37.374+0000] {processor.py:840} INFO - DAG(s) 'ml_models' retrieved from /opt/airflow/dags/ml_models.py
[2025-12-27T18:33:37.412+0000] {logging_mixin.py:188} INFO - [2025-12-27T18:33:37.412+0000] {dag.py:3036} INFO - Sync 1 DAGs
[2025-12-27T18:33:37.451+0000] {logging_mixin.py:188} INFO - [2025-12-27T18:33:37.451+0000] {dag.py:3823} INFO - Setting next_dagrun for ml_models to 2025-12-27 00:00:00+00:00, run_after=2025-12-28 00:00:00+00:00
[2025-12-27T18:33:37.521+0000] {processor.py:183} INFO - Processing /opt/airflow/dags/ml_models.py took 0.198 seconds
[2025-12-27T18:34:08.115+0000] {processor.py:161} INFO - Started process (PID=1173) to work on /opt/airflow/dags/ml_models.py
[2025-12-27T18:34:08.117+0000] {processor.py:830} INFO - Processing file /opt/airflow/dags/ml_models.py for tasks to queue
[2025-12-27T18:34:08.119+0000] {logging_mixin.py:188} INFO - [2025-12-27T18:34:08.118+0000] {dagbag.py:538} INFO - Filling up the DagBag from /opt/airflow/dags/ml_models.py
[2025-12-27T18:34:08.153+0000] {processor.py:840} INFO - DAG(s) 'ml_models' retrieved from /opt/airflow/dags/ml_models.py
[2025-12-27T18:34:08.187+0000] {logging_mixin.py:188} INFO - [2025-12-27T18:34:08.187+0000] {dag.py:3036} INFO - Sync 1 DAGs
[2025-12-27T18:34:08.222+0000] {logging_mixin.py:188} INFO - [2025-12-27T18:34:08.222+0000] {dag.py:3823} INFO - Setting next_dagrun for ml_models to 2025-12-27 00:00:00+00:00, run_after=2025-12-28 00:00:00+00:00
[2025-12-27T18:34:08.256+0000] {processor.py:183} INFO - Processing /opt/airflow/dags/ml_models.py took 0.147 seconds
[2025-12-27T18:34:39.035+0000] {processor.py:161} INFO - Started process (PID=1197) to work on /opt/airflow/dags/ml_models.py
[2025-12-27T18:34:39.037+0000] {processor.py:830} INFO - Processing file /opt/airflow/dags/ml_models.py for tasks to queue
[2025-12-27T18:34:39.039+0000] {logging_mixin.py:188} INFO - [2025-12-27T18:34:39.038+0000] {dagbag.py:538} INFO - Filling up the DagBag from /opt/airflow/dags/ml_models.py
[2025-12-27T18:34:39.080+0000] {processor.py:840} INFO - DAG(s) 'ml_models' retrieved from /opt/airflow/dags/ml_models.py
[2025-12-27T18:34:39.123+0000] {logging_mixin.py:188} INFO - [2025-12-27T18:34:39.123+0000] {dag.py:3036} INFO - Sync 1 DAGs
[2025-12-27T18:34:39.159+0000] {logging_mixin.py:188} INFO - [2025-12-27T18:34:39.158+0000] {dag.py:3823} INFO - Setting next_dagrun for ml_models to 2025-12-27 00:00:00+00:00, run_after=2025-12-28 00:00:00+00:00
[2025-12-27T18:34:39.194+0000] {processor.py:183} INFO - Processing /opt/airflow/dags/ml_models.py took 0.167 seconds
[2025-12-27T18:35:09.680+0000] {processor.py:161} INFO - Started process (PID=1217) to work on /opt/airflow/dags/ml_models.py
[2025-12-27T18:35:09.682+0000] {processor.py:830} INFO - Processing file /opt/airflow/dags/ml_models.py for tasks to queue
[2025-12-27T18:35:09.685+0000] {logging_mixin.py:188} INFO - [2025-12-27T18:35:09.684+0000] {dagbag.py:538} INFO - Filling up the DagBag from /opt/airflow/dags/ml_models.py
[2025-12-27T18:35:09.725+0000] {processor.py:840} INFO - DAG(s) 'ml_models' retrieved from /opt/airflow/dags/ml_models.py
[2025-12-27T18:35:09.771+0000] {logging_mixin.py:188} INFO - [2025-12-27T18:35:09.770+0000] {dag.py:3036} INFO - Sync 1 DAGs
[2025-12-27T18:35:09.814+0000] {logging_mixin.py:188} INFO - [2025-12-27T18:35:09.814+0000] {dag.py:3823} INFO - Setting next_dagrun for ml_models to 2025-12-27 00:00:00+00:00, run_after=2025-12-28 00:00:00+00:00
[2025-12-27T18:35:09.854+0000] {processor.py:183} INFO - Processing /opt/airflow/dags/ml_models.py took 0.182 seconds
[2025-12-27T18:35:40.458+0000] {processor.py:161} INFO - Started process (PID=1241) to work on /opt/airflow/dags/ml_models.py
[2025-12-27T18:35:40.461+0000] {processor.py:830} INFO - Processing file /opt/airflow/dags/ml_models.py for tasks to queue
[2025-12-27T18:35:40.462+0000] {logging_mixin.py:188} INFO - [2025-12-27T18:35:40.462+0000] {dagbag.py:538} INFO - Filling up the DagBag from /opt/airflow/dags/ml_models.py
[2025-12-27T18:35:40.500+0000] {processor.py:840} INFO - DAG(s) 'ml_models' retrieved from /opt/airflow/dags/ml_models.py
[2025-12-27T18:35:40.543+0000] {logging_mixin.py:188} INFO - [2025-12-27T18:35:40.542+0000] {dag.py:3036} INFO - Sync 1 DAGs
[2025-12-27T18:35:40.579+0000] {logging_mixin.py:188} INFO - [2025-12-27T18:35:40.578+0000] {dag.py:3823} INFO - Setting next_dagrun for ml_models to 2025-12-27 00:00:00+00:00, run_after=2025-12-28 00:00:00+00:00
[2025-12-27T18:35:40.648+0000] {processor.py:183} INFO - Processing /opt/airflow/dags/ml_models.py took 0.195 seconds
[2025-12-27T18:36:11.439+0000] {processor.py:161} INFO - Started process (PID=1261) to work on /opt/airflow/dags/ml_models.py
[2025-12-27T18:36:11.441+0000] {processor.py:830} INFO - Processing file /opt/airflow/dags/ml_models.py for tasks to queue
[2025-12-27T18:36:11.442+0000] {logging_mixin.py:188} INFO - [2025-12-27T18:36:11.442+0000] {dagbag.py:538} INFO - Filling up the DagBag from /opt/airflow/dags/ml_models.py
[2025-12-27T18:36:11.479+0000] {processor.py:840} INFO - DAG(s) 'ml_models' retrieved from /opt/airflow/dags/ml_models.py
[2025-12-27T18:36:11.514+0000] {logging_mixin.py:188} INFO - [2025-12-27T18:36:11.514+0000] {dag.py:3036} INFO - Sync 1 DAGs
[2025-12-27T18:36:11.554+0000] {logging_mixin.py:188} INFO - [2025-12-27T18:36:11.553+0000] {dag.py:3823} INFO - Setting next_dagrun for ml_models to 2025-12-27 00:00:00+00:00, run_after=2025-12-28 00:00:00+00:00
[2025-12-27T18:36:11.584+0000] {processor.py:183} INFO - Processing /opt/airflow/dags/ml_models.py took 0.150 seconds
[2025-12-27T18:36:42.068+0000] {processor.py:161} INFO - Started process (PID=1285) to work on /opt/airflow/dags/ml_models.py
[2025-12-27T18:36:42.070+0000] {processor.py:830} INFO - Processing file /opt/airflow/dags/ml_models.py for tasks to queue
[2025-12-27T18:36:42.072+0000] {logging_mixin.py:188} INFO - [2025-12-27T18:36:42.071+0000] {dagbag.py:538} INFO - Filling up the DagBag from /opt/airflow/dags/ml_models.py
[2025-12-27T18:36:42.109+0000] {processor.py:840} INFO - DAG(s) 'ml_models' retrieved from /opt/airflow/dags/ml_models.py
[2025-12-27T18:36:42.153+0000] {logging_mixin.py:188} INFO - [2025-12-27T18:36:42.153+0000] {dag.py:3036} INFO - Sync 1 DAGs
[2025-12-27T18:36:42.194+0000] {logging_mixin.py:188} INFO - [2025-12-27T18:36:42.193+0000] {dag.py:3823} INFO - Setting next_dagrun for ml_models to 2025-12-27 00:00:00+00:00, run_after=2025-12-28 00:00:00+00:00
[2025-12-27T18:36:42.264+0000] {processor.py:183} INFO - Processing /opt/airflow/dags/ml_models.py took 0.204 seconds
[2025-12-27T18:37:12.879+0000] {processor.py:161} INFO - Started process (PID=1305) to work on /opt/airflow/dags/ml_models.py
[2025-12-27T18:37:12.882+0000] {processor.py:830} INFO - Processing file /opt/airflow/dags/ml_models.py for tasks to queue
[2025-12-27T18:37:12.885+0000] {logging_mixin.py:188} INFO - [2025-12-27T18:37:12.884+0000] {dagbag.py:538} INFO - Filling up the DagBag from /opt/airflow/dags/ml_models.py
[2025-12-27T18:37:12.930+0000] {processor.py:840} INFO - DAG(s) 'ml_models' retrieved from /opt/airflow/dags/ml_models.py
[2025-12-27T18:37:12.975+0000] {logging_mixin.py:188} INFO - [2025-12-27T18:37:12.975+0000] {dag.py:3036} INFO - Sync 1 DAGs
[2025-12-27T18:37:13.024+0000] {logging_mixin.py:188} INFO - [2025-12-27T18:37:13.023+0000] {dag.py:3823} INFO - Setting next_dagrun for ml_models to 2025-12-27 00:00:00+00:00, run_after=2025-12-28 00:00:00+00:00
[2025-12-27T18:37:13.103+0000] {processor.py:183} INFO - Processing /opt/airflow/dags/ml_models.py took 0.231 seconds
[2025-12-27T18:37:43.752+0000] {processor.py:161} INFO - Started process (PID=1331) to work on /opt/airflow/dags/ml_models.py
[2025-12-27T18:37:43.754+0000] {processor.py:830} INFO - Processing file /opt/airflow/dags/ml_models.py for tasks to queue
[2025-12-27T18:37:43.756+0000] {logging_mixin.py:188} INFO - [2025-12-27T18:37:43.755+0000] {dagbag.py:538} INFO - Filling up the DagBag from /opt/airflow/dags/ml_models.py
[2025-12-27T18:37:43.794+0000] {processor.py:840} INFO - DAG(s) 'ml_models' retrieved from /opt/airflow/dags/ml_models.py
[2025-12-27T18:37:43.839+0000] {logging_mixin.py:188} INFO - [2025-12-27T18:37:43.838+0000] {dag.py:3036} INFO - Sync 1 DAGs
[2025-12-27T18:37:43.882+0000] {logging_mixin.py:188} INFO - [2025-12-27T18:37:43.881+0000] {dag.py:3823} INFO - Setting next_dagrun for ml_models to 2025-12-27 00:00:00+00:00, run_after=2025-12-28 00:00:00+00:00
[2025-12-27T18:37:43.953+0000] {processor.py:183} INFO - Processing /opt/airflow/dags/ml_models.py took 0.206 seconds
[2025-12-27T18:38:14.375+0000] {processor.py:161} INFO - Started process (PID=1351) to work on /opt/airflow/dags/ml_models.py
[2025-12-27T18:38:14.377+0000] {processor.py:830} INFO - Processing file /opt/airflow/dags/ml_models.py for tasks to queue
[2025-12-27T18:38:14.380+0000] {logging_mixin.py:188} INFO - [2025-12-27T18:38:14.379+0000] {dagbag.py:538} INFO - Filling up the DagBag from /opt/airflow/dags/ml_models.py
[2025-12-27T18:38:14.420+0000] {processor.py:840} INFO - DAG(s) 'ml_models' retrieved from /opt/airflow/dags/ml_models.py
[2025-12-27T18:38:14.459+0000] {logging_mixin.py:188} INFO - [2025-12-27T18:38:14.458+0000] {dag.py:3036} INFO - Sync 1 DAGs
[2025-12-27T18:38:14.492+0000] {logging_mixin.py:188} INFO - [2025-12-27T18:38:14.491+0000] {dag.py:3823} INFO - Setting next_dagrun for ml_models to 2025-12-27 00:00:00+00:00, run_after=2025-12-28 00:00:00+00:00
[2025-12-27T18:38:14.561+0000] {processor.py:183} INFO - Processing /opt/airflow/dags/ml_models.py took 0.192 seconds
[2025-12-27T18:38:51.551+0000] {processor.py:161} INFO - Started process (PID=175) to work on /opt/airflow/dags/ml_models.py
[2025-12-27T18:38:51.553+0000] {processor.py:830} INFO - Processing file /opt/airflow/dags/ml_models.py for tasks to queue
[2025-12-27T18:38:51.554+0000] {logging_mixin.py:188} INFO - [2025-12-27T18:38:51.554+0000] {dagbag.py:538} INFO - Filling up the DagBag from /opt/airflow/dags/ml_models.py
[2025-12-27T18:38:51.584+0000] {processor.py:840} INFO - DAG(s) 'ml_models' retrieved from /opt/airflow/dags/ml_models.py
[2025-12-27T18:38:51.620+0000] {logging_mixin.py:188} INFO - [2025-12-27T18:38:51.620+0000] {dag.py:3036} INFO - Sync 1 DAGs
[2025-12-27T18:38:51.652+0000] {logging_mixin.py:188} INFO - [2025-12-27T18:38:51.652+0000] {dag.py:3823} INFO - Setting next_dagrun for ml_models to 2025-12-27 00:00:00+00:00, run_after=2025-12-28 00:00:00+00:00
[2025-12-27T18:38:51.716+0000] {processor.py:183} INFO - Processing /opt/airflow/dags/ml_models.py took 0.172 seconds
[2025-12-27T18:39:22.357+0000] {processor.py:161} INFO - Started process (PID=195) to work on /opt/airflow/dags/ml_models.py
[2025-12-27T18:39:22.359+0000] {processor.py:830} INFO - Processing file /opt/airflow/dags/ml_models.py for tasks to queue
[2025-12-27T18:39:22.361+0000] {logging_mixin.py:188} INFO - [2025-12-27T18:39:22.361+0000] {dagbag.py:538} INFO - Filling up the DagBag from /opt/airflow/dags/ml_models.py
[2025-12-27T18:39:22.402+0000] {processor.py:840} INFO - DAG(s) 'ml_models' retrieved from /opt/airflow/dags/ml_models.py
[2025-12-27T18:39:22.462+0000] {logging_mixin.py:188} INFO - [2025-12-27T18:39:22.462+0000] {dag.py:3036} INFO - Sync 1 DAGs
[2025-12-27T18:39:22.504+0000] {logging_mixin.py:188} INFO - [2025-12-27T18:39:22.503+0000] {dag.py:3823} INFO - Setting next_dagrun for ml_models to 2025-12-27 00:00:00+00:00, run_after=2025-12-28 00:00:00+00:00
[2025-12-27T18:39:22.540+0000] {processor.py:183} INFO - Processing /opt/airflow/dags/ml_models.py took 0.193 seconds
[2025-12-27T18:39:53.235+0000] {processor.py:161} INFO - Started process (PID=219) to work on /opt/airflow/dags/ml_models.py
[2025-12-27T18:39:53.238+0000] {processor.py:830} INFO - Processing file /opt/airflow/dags/ml_models.py for tasks to queue
[2025-12-27T18:39:53.240+0000] {logging_mixin.py:188} INFO - [2025-12-27T18:39:53.239+0000] {dagbag.py:538} INFO - Filling up the DagBag from /opt/airflow/dags/ml_models.py
[2025-12-27T18:39:53.282+0000] {processor.py:840} INFO - DAG(s) 'ml_models' retrieved from /opt/airflow/dags/ml_models.py
[2025-12-27T18:39:53.329+0000] {logging_mixin.py:188} INFO - [2025-12-27T18:39:53.329+0000] {dag.py:3036} INFO - Sync 1 DAGs
[2025-12-27T18:39:53.376+0000] {logging_mixin.py:188} INFO - [2025-12-27T18:39:53.375+0000] {dag.py:3823} INFO - Setting next_dagrun for ml_models to 2025-12-27 00:00:00+00:00, run_after=2025-12-28 00:00:00+00:00
[2025-12-27T18:39:53.450+0000] {processor.py:183} INFO - Processing /opt/airflow/dags/ml_models.py took 0.223 seconds
[2025-12-27T18:40:24.135+0000] {processor.py:161} INFO - Started process (PID=239) to work on /opt/airflow/dags/ml_models.py
[2025-12-27T18:40:24.138+0000] {processor.py:830} INFO - Processing file /opt/airflow/dags/ml_models.py for tasks to queue
[2025-12-27T18:40:24.140+0000] {logging_mixin.py:188} INFO - [2025-12-27T18:40:24.139+0000] {dagbag.py:538} INFO - Filling up the DagBag from /opt/airflow/dags/ml_models.py
[2025-12-27T18:40:24.180+0000] {processor.py:840} INFO - DAG(s) 'ml_models' retrieved from /opt/airflow/dags/ml_models.py
[2025-12-27T18:40:24.231+0000] {logging_mixin.py:188} INFO - [2025-12-27T18:40:24.230+0000] {dag.py:3036} INFO - Sync 1 DAGs
[2025-12-27T18:40:24.274+0000] {logging_mixin.py:188} INFO - [2025-12-27T18:40:24.273+0000] {dag.py:3823} INFO - Setting next_dagrun for ml_models to 2025-12-27 00:00:00+00:00, run_after=2025-12-28 00:00:00+00:00
[2025-12-27T18:40:24.312+0000] {processor.py:183} INFO - Processing /opt/airflow/dags/ml_models.py took 0.184 seconds
[2025-12-27T18:40:55.035+0000] {processor.py:161} INFO - Started process (PID=263) to work on /opt/airflow/dags/ml_models.py
[2025-12-27T18:40:55.037+0000] {processor.py:830} INFO - Processing file /opt/airflow/dags/ml_models.py for tasks to queue
[2025-12-27T18:40:55.038+0000] {logging_mixin.py:188} INFO - [2025-12-27T18:40:55.038+0000] {dagbag.py:538} INFO - Filling up the DagBag from /opt/airflow/dags/ml_models.py
[2025-12-27T18:40:55.076+0000] {processor.py:840} INFO - DAG(s) 'ml_models' retrieved from /opt/airflow/dags/ml_models.py
[2025-12-27T18:40:55.126+0000] {logging_mixin.py:188} INFO - [2025-12-27T18:40:55.126+0000] {dag.py:3036} INFO - Sync 1 DAGs
[2025-12-27T18:40:55.173+0000] {logging_mixin.py:188} INFO - [2025-12-27T18:40:55.173+0000] {dag.py:3823} INFO - Setting next_dagrun for ml_models to 2025-12-27 00:00:00+00:00, run_after=2025-12-28 00:00:00+00:00
[2025-12-27T18:40:55.209+0000] {processor.py:183} INFO - Processing /opt/airflow/dags/ml_models.py took 0.182 seconds
[2025-12-27T18:41:25.864+0000] {processor.py:161} INFO - Started process (PID=283) to work on /opt/airflow/dags/ml_models.py
[2025-12-27T18:41:25.866+0000] {processor.py:830} INFO - Processing file /opt/airflow/dags/ml_models.py for tasks to queue
[2025-12-27T18:41:25.868+0000] {logging_mixin.py:188} INFO - [2025-12-27T18:41:25.867+0000] {dagbag.py:538} INFO - Filling up the DagBag from /opt/airflow/dags/ml_models.py
[2025-12-27T18:41:25.905+0000] {processor.py:840} INFO - DAG(s) 'ml_models' retrieved from /opt/airflow/dags/ml_models.py
[2025-12-27T18:41:25.957+0000] {logging_mixin.py:188} INFO - [2025-12-27T18:41:25.957+0000] {dag.py:3036} INFO - Sync 1 DAGs
[2025-12-27T18:41:26.005+0000] {logging_mixin.py:188} INFO - [2025-12-27T18:41:26.005+0000] {dag.py:3823} INFO - Setting next_dagrun for ml_models to 2025-12-27 00:00:00+00:00, run_after=2025-12-28 00:00:00+00:00
[2025-12-27T18:41:26.078+0000] {processor.py:183} INFO - Processing /opt/airflow/dags/ml_models.py took 0.223 seconds
[2025-12-27T18:41:56.734+0000] {processor.py:161} INFO - Started process (PID=307) to work on /opt/airflow/dags/ml_models.py
[2025-12-27T18:41:56.737+0000] {processor.py:830} INFO - Processing file /opt/airflow/dags/ml_models.py for tasks to queue
[2025-12-27T18:41:56.738+0000] {logging_mixin.py:188} INFO - [2025-12-27T18:41:56.738+0000] {dagbag.py:538} INFO - Filling up the DagBag from /opt/airflow/dags/ml_models.py
[2025-12-27T18:41:56.778+0000] {processor.py:840} INFO - DAG(s) 'ml_models' retrieved from /opt/airflow/dags/ml_models.py
[2025-12-27T18:41:56.821+0000] {logging_mixin.py:188} INFO - [2025-12-27T18:41:56.821+0000] {dag.py:3036} INFO - Sync 1 DAGs
[2025-12-27T18:41:56.864+0000] {logging_mixin.py:188} INFO - [2025-12-27T18:41:56.864+0000] {dag.py:3823} INFO - Setting next_dagrun for ml_models to 2025-12-27 00:00:00+00:00, run_after=2025-12-28 00:00:00+00:00
[2025-12-27T18:41:56.898+0000] {processor.py:183} INFO - Processing /opt/airflow/dags/ml_models.py took 0.170 seconds
[2025-12-27T18:42:27.631+0000] {processor.py:161} INFO - Started process (PID=329) to work on /opt/airflow/dags/ml_models.py
[2025-12-27T18:42:27.634+0000] {processor.py:830} INFO - Processing file /opt/airflow/dags/ml_models.py for tasks to queue
[2025-12-27T18:42:27.637+0000] {logging_mixin.py:188} INFO - [2025-12-27T18:42:27.636+0000] {dagbag.py:538} INFO - Filling up the DagBag from /opt/airflow/dags/ml_models.py
[2025-12-27T18:42:27.676+0000] {processor.py:840} INFO - DAG(s) 'ml_models' retrieved from /opt/airflow/dags/ml_models.py
[2025-12-27T18:42:27.723+0000] {logging_mixin.py:188} INFO - [2025-12-27T18:42:27.723+0000] {dag.py:3036} INFO - Sync 1 DAGs
[2025-12-27T18:42:27.823+0000] {logging_mixin.py:188} INFO - [2025-12-27T18:42:27.822+0000] {dag.py:3823} INFO - Setting next_dagrun for ml_models to 2025-12-27 00:00:00+00:00, run_after=2025-12-28 00:00:00+00:00
[2025-12-27T18:42:27.859+0000] {processor.py:183} INFO - Processing /opt/airflow/dags/ml_models.py took 0.239 seconds
[2025-12-27T18:42:58.587+0000] {processor.py:161} INFO - Started process (PID=353) to work on /opt/airflow/dags/ml_models.py
[2025-12-27T18:42:58.589+0000] {processor.py:830} INFO - Processing file /opt/airflow/dags/ml_models.py for tasks to queue
[2025-12-27T18:42:58.591+0000] {logging_mixin.py:188} INFO - [2025-12-27T18:42:58.591+0000] {dagbag.py:538} INFO - Filling up the DagBag from /opt/airflow/dags/ml_models.py
[2025-12-27T18:42:58.647+0000] {processor.py:840} INFO - DAG(s) 'ml_models' retrieved from /opt/airflow/dags/ml_models.py
[2025-12-27T18:42:58.700+0000] {logging_mixin.py:188} INFO - [2025-12-27T18:42:58.700+0000] {dag.py:3036} INFO - Sync 1 DAGs
[2025-12-27T18:42:58.741+0000] {logging_mixin.py:188} INFO - [2025-12-27T18:42:58.740+0000] {dag.py:3823} INFO - Setting next_dagrun for ml_models to 2025-12-27 00:00:00+00:00, run_after=2025-12-28 00:00:00+00:00
[2025-12-27T18:42:58.812+0000] {processor.py:183} INFO - Processing /opt/airflow/dags/ml_models.py took 0.231 seconds
[2025-12-27T18:43:29.548+0000] {processor.py:161} INFO - Started process (PID=373) to work on /opt/airflow/dags/ml_models.py
[2025-12-27T18:43:29.550+0000] {processor.py:830} INFO - Processing file /opt/airflow/dags/ml_models.py for tasks to queue
[2025-12-27T18:43:29.552+0000] {logging_mixin.py:188} INFO - [2025-12-27T18:43:29.552+0000] {dagbag.py:538} INFO - Filling up the DagBag from /opt/airflow/dags/ml_models.py
[2025-12-27T18:43:29.598+0000] {processor.py:840} INFO - DAG(s) 'ml_models' retrieved from /opt/airflow/dags/ml_models.py
[2025-12-27T18:43:29.650+0000] {logging_mixin.py:188} INFO - [2025-12-27T18:43:29.650+0000] {dag.py:3036} INFO - Sync 1 DAGs
[2025-12-27T18:43:29.698+0000] {logging_mixin.py:188} INFO - [2025-12-27T18:43:29.698+0000] {dag.py:3823} INFO - Setting next_dagrun for ml_models to 2025-12-27 00:00:00+00:00, run_after=2025-12-28 00:00:00+00:00
[2025-12-27T18:43:29.762+0000] {processor.py:183} INFO - Processing /opt/airflow/dags/ml_models.py took 0.220 seconds
[2025-12-27T18:44:00.458+0000] {processor.py:161} INFO - Started process (PID=397) to work on /opt/airflow/dags/ml_models.py
[2025-12-27T18:44:00.460+0000] {processor.py:830} INFO - Processing file /opt/airflow/dags/ml_models.py for tasks to queue
[2025-12-27T18:44:00.462+0000] {logging_mixin.py:188} INFO - [2025-12-27T18:44:00.462+0000] {dagbag.py:538} INFO - Filling up the DagBag from /opt/airflow/dags/ml_models.py
[2025-12-27T18:44:00.504+0000] {processor.py:840} INFO - DAG(s) 'ml_models' retrieved from /opt/airflow/dags/ml_models.py
[2025-12-27T18:44:00.562+0000] {logging_mixin.py:188} INFO - [2025-12-27T18:44:00.561+0000] {dag.py:3036} INFO - Sync 1 DAGs
[2025-12-27T18:44:00.603+0000] {logging_mixin.py:188} INFO - [2025-12-27T18:44:00.603+0000] {dag.py:3823} INFO - Setting next_dagrun for ml_models to 2025-12-27 00:00:00+00:00, run_after=2025-12-28 00:00:00+00:00
[2025-12-27T18:44:00.639+0000] {processor.py:183} INFO - Processing /opt/airflow/dags/ml_models.py took 0.188 seconds
[2025-12-27T18:44:31.327+0000] {processor.py:161} INFO - Started process (PID=417) to work on /opt/airflow/dags/ml_models.py
[2025-12-27T18:44:31.329+0000] {processor.py:830} INFO - Processing file /opt/airflow/dags/ml_models.py for tasks to queue
[2025-12-27T18:44:31.332+0000] {logging_mixin.py:188} INFO - [2025-12-27T18:44:31.331+0000] {dagbag.py:538} INFO - Filling up the DagBag from /opt/airflow/dags/ml_models.py
[2025-12-27T18:44:31.380+0000] {processor.py:840} INFO - DAG(s) 'ml_models' retrieved from /opt/airflow/dags/ml_models.py
[2025-12-27T18:44:31.427+0000] {logging_mixin.py:188} INFO - [2025-12-27T18:44:31.426+0000] {dag.py:3036} INFO - Sync 1 DAGs
[2025-12-27T18:44:31.469+0000] {logging_mixin.py:188} INFO - [2025-12-27T18:44:31.468+0000] {dag.py:3823} INFO - Setting next_dagrun for ml_models to 2025-12-27 00:00:00+00:00, run_after=2025-12-28 00:00:00+00:00
[2025-12-27T18:44:31.538+0000] {processor.py:183} INFO - Processing /opt/airflow/dags/ml_models.py took 0.219 seconds
[2025-12-27T18:45:02.214+0000] {processor.py:161} INFO - Started process (PID=441) to work on /opt/airflow/dags/ml_models.py
[2025-12-27T18:45:02.218+0000] {processor.py:830} INFO - Processing file /opt/airflow/dags/ml_models.py for tasks to queue
[2025-12-27T18:45:02.222+0000] {logging_mixin.py:188} INFO - [2025-12-27T18:45:02.221+0000] {dagbag.py:538} INFO - Filling up the DagBag from /opt/airflow/dags/ml_models.py
[2025-12-27T18:45:02.261+0000] {processor.py:840} INFO - DAG(s) 'ml_models' retrieved from /opt/airflow/dags/ml_models.py
[2025-12-27T18:45:02.316+0000] {logging_mixin.py:188} INFO - [2025-12-27T18:45:02.315+0000] {dag.py:3036} INFO - Sync 1 DAGs
[2025-12-27T18:45:02.356+0000] {logging_mixin.py:188} INFO - [2025-12-27T18:45:02.356+0000] {dag.py:3823} INFO - Setting next_dagrun for ml_models to 2025-12-27 00:00:00+00:00, run_after=2025-12-28 00:00:00+00:00
[2025-12-27T18:45:02.388+0000] {processor.py:183} INFO - Processing /opt/airflow/dags/ml_models.py took 0.182 seconds
[2025-12-27T18:45:33.076+0000] {processor.py:161} INFO - Started process (PID=461) to work on /opt/airflow/dags/ml_models.py
[2025-12-27T18:45:33.079+0000] {processor.py:830} INFO - Processing file /opt/airflow/dags/ml_models.py for tasks to queue
[2025-12-27T18:45:33.081+0000] {logging_mixin.py:188} INFO - [2025-12-27T18:45:33.080+0000] {dagbag.py:538} INFO - Filling up the DagBag from /opt/airflow/dags/ml_models.py
[2025-12-27T18:45:33.118+0000] {processor.py:840} INFO - DAG(s) 'ml_models' retrieved from /opt/airflow/dags/ml_models.py
[2025-12-27T18:45:33.167+0000] {logging_mixin.py:188} INFO - [2025-12-27T18:45:33.166+0000] {dag.py:3036} INFO - Sync 1 DAGs
[2025-12-27T18:45:33.243+0000] {logging_mixin.py:188} INFO - [2025-12-27T18:45:33.242+0000] {dag.py:3823} INFO - Setting next_dagrun for ml_models to 2025-12-27 00:00:00+00:00, run_after=2025-12-28 00:00:00+00:00
[2025-12-27T18:45:33.285+0000] {processor.py:183} INFO - Processing /opt/airflow/dags/ml_models.py took 0.215 seconds
[2025-12-27T18:46:04.016+0000] {processor.py:161} INFO - Started process (PID=485) to work on /opt/airflow/dags/ml_models.py
[2025-12-27T18:46:04.020+0000] {processor.py:830} INFO - Processing file /opt/airflow/dags/ml_models.py for tasks to queue
[2025-12-27T18:46:04.023+0000] {logging_mixin.py:188} INFO - [2025-12-27T18:46:04.022+0000] {dagbag.py:538} INFO - Filling up the DagBag from /opt/airflow/dags/ml_models.py
[2025-12-27T18:46:04.061+0000] {processor.py:840} INFO - DAG(s) 'ml_models' retrieved from /opt/airflow/dags/ml_models.py
[2025-12-27T18:46:04.108+0000] {logging_mixin.py:188} INFO - [2025-12-27T18:46:04.108+0000] {dag.py:3036} INFO - Sync 1 DAGs
[2025-12-27T18:46:04.152+0000] {logging_mixin.py:188} INFO - [2025-12-27T18:46:04.151+0000] {dag.py:3823} INFO - Setting next_dagrun for ml_models to 2025-12-27 00:00:00+00:00, run_after=2025-12-28 00:00:00+00:00
[2025-12-27T18:46:04.225+0000] {processor.py:183} INFO - Processing /opt/airflow/dags/ml_models.py took 0.221 seconds
[2025-12-27T18:46:34.915+0000] {processor.py:161} INFO - Started process (PID=505) to work on /opt/airflow/dags/ml_models.py
[2025-12-27T18:46:34.918+0000] {processor.py:830} INFO - Processing file /opt/airflow/dags/ml_models.py for tasks to queue
[2025-12-27T18:46:34.920+0000] {logging_mixin.py:188} INFO - [2025-12-27T18:46:34.919+0000] {dagbag.py:538} INFO - Filling up the DagBag from /opt/airflow/dags/ml_models.py
[2025-12-27T18:46:34.957+0000] {processor.py:840} INFO - DAG(s) 'ml_models' retrieved from /opt/airflow/dags/ml_models.py
[2025-12-27T18:46:35.007+0000] {logging_mixin.py:188} INFO - [2025-12-27T18:46:35.006+0000] {dag.py:3036} INFO - Sync 1 DAGs
[2025-12-27T18:46:35.054+0000] {logging_mixin.py:188} INFO - [2025-12-27T18:46:35.054+0000] {dag.py:3823} INFO - Setting next_dagrun for ml_models to 2025-12-27 00:00:00+00:00, run_after=2025-12-28 00:00:00+00:00
[2025-12-27T18:46:35.129+0000] {processor.py:183} INFO - Processing /opt/airflow/dags/ml_models.py took 0.222 seconds
[2025-12-27T18:47:05.796+0000] {processor.py:161} INFO - Started process (PID=529) to work on /opt/airflow/dags/ml_models.py
[2025-12-27T18:47:05.798+0000] {processor.py:830} INFO - Processing file /opt/airflow/dags/ml_models.py for tasks to queue
[2025-12-27T18:47:05.800+0000] {logging_mixin.py:188} INFO - [2025-12-27T18:47:05.799+0000] {dagbag.py:538} INFO - Filling up the DagBag from /opt/airflow/dags/ml_models.py
[2025-12-27T18:47:05.840+0000] {processor.py:840} INFO - DAG(s) 'ml_models' retrieved from /opt/airflow/dags/ml_models.py
[2025-12-27T18:47:05.894+0000] {logging_mixin.py:188} INFO - [2025-12-27T18:47:05.894+0000] {dag.py:3036} INFO - Sync 1 DAGs
[2025-12-27T18:47:05.976+0000] {logging_mixin.py:188} INFO - [2025-12-27T18:47:05.976+0000] {dag.py:3823} INFO - Setting next_dagrun for ml_models to 2025-12-27 00:00:00+00:00, run_after=2025-12-28 00:00:00+00:00
[2025-12-27T18:47:06.010+0000] {processor.py:183} INFO - Processing /opt/airflow/dags/ml_models.py took 0.222 seconds
[2025-12-27T18:47:36.693+0000] {processor.py:161} INFO - Started process (PID=549) to work on /opt/airflow/dags/ml_models.py
[2025-12-27T18:47:36.696+0000] {processor.py:830} INFO - Processing file /opt/airflow/dags/ml_models.py for tasks to queue
[2025-12-27T18:47:36.698+0000] {logging_mixin.py:188} INFO - [2025-12-27T18:47:36.697+0000] {dagbag.py:538} INFO - Filling up the DagBag from /opt/airflow/dags/ml_models.py
[2025-12-27T18:47:36.735+0000] {processor.py:840} INFO - DAG(s) 'ml_models' retrieved from /opt/airflow/dags/ml_models.py
[2025-12-27T18:47:36.792+0000] {logging_mixin.py:188} INFO - [2025-12-27T18:47:36.792+0000] {dag.py:3036} INFO - Sync 1 DAGs
[2025-12-27T18:47:36.834+0000] {logging_mixin.py:188} INFO - [2025-12-27T18:47:36.834+0000] {dag.py:3823} INFO - Setting next_dagrun for ml_models to 2025-12-27 00:00:00+00:00, run_after=2025-12-28 00:00:00+00:00
[2025-12-27T18:47:36.907+0000] {processor.py:183} INFO - Processing /opt/airflow/dags/ml_models.py took 0.221 seconds
[2025-12-27T18:48:07.593+0000] {processor.py:161} INFO - Started process (PID=573) to work on /opt/airflow/dags/ml_models.py
[2025-12-27T18:48:07.595+0000] {processor.py:830} INFO - Processing file /opt/airflow/dags/ml_models.py for tasks to queue
[2025-12-27T18:48:07.597+0000] {logging_mixin.py:188} INFO - [2025-12-27T18:48:07.597+0000] {dagbag.py:538} INFO - Filling up the DagBag from /opt/airflow/dags/ml_models.py
[2025-12-27T18:48:07.641+0000] {processor.py:840} INFO - DAG(s) 'ml_models' retrieved from /opt/airflow/dags/ml_models.py
[2025-12-27T18:48:07.697+0000] {logging_mixin.py:188} INFO - [2025-12-27T18:48:07.697+0000] {dag.py:3036} INFO - Sync 1 DAGs
[2025-12-27T18:48:07.751+0000] {logging_mixin.py:188} INFO - [2025-12-27T18:48:07.750+0000] {dag.py:3823} INFO - Setting next_dagrun for ml_models to 2025-12-27 00:00:00+00:00, run_after=2025-12-28 00:00:00+00:00
[2025-12-27T18:48:07.842+0000] {processor.py:183} INFO - Processing /opt/airflow/dags/ml_models.py took 0.257 seconds
[2025-12-27T18:48:38.519+0000] {processor.py:161} INFO - Started process (PID=593) to work on /opt/airflow/dags/ml_models.py
[2025-12-27T18:48:38.521+0000] {processor.py:830} INFO - Processing file /opt/airflow/dags/ml_models.py for tasks to queue
[2025-12-27T18:48:38.523+0000] {logging_mixin.py:188} INFO - [2025-12-27T18:48:38.523+0000] {dagbag.py:538} INFO - Filling up the DagBag from /opt/airflow/dags/ml_models.py
[2025-12-27T18:48:38.562+0000] {processor.py:840} INFO - DAG(s) 'ml_models' retrieved from /opt/airflow/dags/ml_models.py
[2025-12-27T18:48:38.612+0000] {logging_mixin.py:188} INFO - [2025-12-27T18:48:38.612+0000] {dag.py:3036} INFO - Sync 1 DAGs
[2025-12-27T18:48:38.656+0000] {logging_mixin.py:188} INFO - [2025-12-27T18:48:38.655+0000] {dag.py:3823} INFO - Setting next_dagrun for ml_models to 2025-12-27 00:00:00+00:00, run_after=2025-12-28 00:00:00+00:00
[2025-12-27T18:48:38.688+0000] {processor.py:183} INFO - Processing /opt/airflow/dags/ml_models.py took 0.178 seconds
[2025-12-27T18:49:09.547+0000] {processor.py:161} INFO - Started process (PID=617) to work on /opt/airflow/dags/ml_models.py
[2025-12-27T18:49:09.549+0000] {processor.py:830} INFO - Processing file /opt/airflow/dags/ml_models.py for tasks to queue
[2025-12-27T18:49:09.551+0000] {logging_mixin.py:188} INFO - [2025-12-27T18:49:09.551+0000] {dagbag.py:538} INFO - Filling up the DagBag from /opt/airflow/dags/ml_models.py
[2025-12-27T18:49:09.591+0000] {processor.py:840} INFO - DAG(s) 'ml_models' retrieved from /opt/airflow/dags/ml_models.py
[2025-12-27T18:49:09.644+0000] {logging_mixin.py:188} INFO - [2025-12-27T18:49:09.643+0000] {dag.py:3036} INFO - Sync 1 DAGs
[2025-12-27T18:49:09.696+0000] {logging_mixin.py:188} INFO - [2025-12-27T18:49:09.696+0000] {dag.py:3823} INFO - Setting next_dagrun for ml_models to 2025-12-27 00:00:00+00:00, run_after=2025-12-28 00:00:00+00:00
[2025-12-27T18:49:09.772+0000] {processor.py:183} INFO - Processing /opt/airflow/dags/ml_models.py took 0.232 seconds
[2025-12-27T18:49:40.502+0000] {processor.py:161} INFO - Started process (PID=637) to work on /opt/airflow/dags/ml_models.py
[2025-12-27T18:49:40.505+0000] {processor.py:830} INFO - Processing file /opt/airflow/dags/ml_models.py for tasks to queue
[2025-12-27T18:49:40.507+0000] {logging_mixin.py:188} INFO - [2025-12-27T18:49:40.506+0000] {dagbag.py:538} INFO - Filling up the DagBag from /opt/airflow/dags/ml_models.py
[2025-12-27T18:49:40.549+0000] {processor.py:840} INFO - DAG(s) 'ml_models' retrieved from /opt/airflow/dags/ml_models.py
[2025-12-27T18:49:40.606+0000] {logging_mixin.py:188} INFO - [2025-12-27T18:49:40.606+0000] {dag.py:3036} INFO - Sync 1 DAGs
[2025-12-27T18:49:40.667+0000] {logging_mixin.py:188} INFO - [2025-12-27T18:49:40.666+0000] {dag.py:3823} INFO - Setting next_dagrun for ml_models to 2025-12-27 00:00:00+00:00, run_after=2025-12-28 00:00:00+00:00
[2025-12-27T18:49:40.737+0000] {processor.py:183} INFO - Processing /opt/airflow/dags/ml_models.py took 0.242 seconds
[2025-12-27T18:50:11.418+0000] {processor.py:161} INFO - Started process (PID=661) to work on /opt/airflow/dags/ml_models.py
[2025-12-27T18:50:11.420+0000] {processor.py:830} INFO - Processing file /opt/airflow/dags/ml_models.py for tasks to queue
[2025-12-27T18:50:11.422+0000] {logging_mixin.py:188} INFO - [2025-12-27T18:50:11.422+0000] {dagbag.py:538} INFO - Filling up the DagBag from /opt/airflow/dags/ml_models.py
[2025-12-27T18:50:11.462+0000] {processor.py:840} INFO - DAG(s) 'ml_models' retrieved from /opt/airflow/dags/ml_models.py
[2025-12-27T18:50:11.513+0000] {logging_mixin.py:188} INFO - [2025-12-27T18:50:11.513+0000] {dag.py:3036} INFO - Sync 1 DAGs
[2025-12-27T18:50:11.579+0000] {logging_mixin.py:188} INFO - [2025-12-27T18:50:11.578+0000] {dag.py:3823} INFO - Setting next_dagrun for ml_models to 2025-12-27 00:00:00+00:00, run_after=2025-12-28 00:00:00+00:00
[2025-12-27T18:50:11.654+0000] {processor.py:183} INFO - Processing /opt/airflow/dags/ml_models.py took 0.241 seconds
[2025-12-27T18:50:42.584+0000] {processor.py:161} INFO - Started process (PID=686) to work on /opt/airflow/dags/ml_models.py
[2025-12-27T18:50:42.586+0000] {processor.py:830} INFO - Processing file /opt/airflow/dags/ml_models.py for tasks to queue
[2025-12-27T18:50:42.588+0000] {logging_mixin.py:188} INFO - [2025-12-27T18:50:42.588+0000] {dagbag.py:538} INFO - Filling up the DagBag from /opt/airflow/dags/ml_models.py
[2025-12-27T18:50:42.630+0000] {processor.py:840} INFO - DAG(s) 'ml_models' retrieved from /opt/airflow/dags/ml_models.py
[2025-12-27T18:50:42.672+0000] {logging_mixin.py:188} INFO - [2025-12-27T18:50:42.671+0000] {dag.py:3036} INFO - Sync 1 DAGs
[2025-12-27T18:50:42.713+0000] {logging_mixin.py:188} INFO - [2025-12-27T18:50:42.713+0000] {dag.py:3823} INFO - Setting next_dagrun for ml_models to 2025-12-27 00:00:00+00:00, run_after=2025-12-28 00:00:00+00:00
[2025-12-27T18:50:42.747+0000] {processor.py:183} INFO - Processing /opt/airflow/dags/ml_models.py took 0.170 seconds
[2025-12-27T18:51:13.436+0000] {processor.py:161} INFO - Started process (PID=710) to work on /opt/airflow/dags/ml_models.py
[2025-12-27T18:51:13.438+0000] {processor.py:830} INFO - Processing file /opt/airflow/dags/ml_models.py for tasks to queue
[2025-12-27T18:51:13.440+0000] {logging_mixin.py:188} INFO - [2025-12-27T18:51:13.439+0000] {dagbag.py:538} INFO - Filling up the DagBag from /opt/airflow/dags/ml_models.py
[2025-12-27T18:51:13.479+0000] {processor.py:840} INFO - DAG(s) 'ml_models' retrieved from /opt/airflow/dags/ml_models.py
[2025-12-27T18:51:13.529+0000] {logging_mixin.py:188} INFO - [2025-12-27T18:51:13.529+0000] {dag.py:3036} INFO - Sync 1 DAGs
[2025-12-27T18:51:13.578+0000] {logging_mixin.py:188} INFO - [2025-12-27T18:51:13.577+0000] {dag.py:3823} INFO - Setting next_dagrun for ml_models to 2025-12-27 00:00:00+00:00, run_after=2025-12-28 00:00:00+00:00
[2025-12-27T18:51:13.652+0000] {processor.py:183} INFO - Processing /opt/airflow/dags/ml_models.py took 0.224 seconds
[2025-12-27T18:51:44.444+0000] {processor.py:161} INFO - Started process (PID=730) to work on /opt/airflow/dags/ml_models.py
[2025-12-27T18:51:44.446+0000] {processor.py:830} INFO - Processing file /opt/airflow/dags/ml_models.py for tasks to queue
[2025-12-27T18:51:44.448+0000] {logging_mixin.py:188} INFO - [2025-12-27T18:51:44.448+0000] {dagbag.py:538} INFO - Filling up the DagBag from /opt/airflow/dags/ml_models.py
[2025-12-27T18:51:44.490+0000] {processor.py:840} INFO - DAG(s) 'ml_models' retrieved from /opt/airflow/dags/ml_models.py
[2025-12-27T18:51:44.567+0000] {logging_mixin.py:188} INFO - [2025-12-27T18:51:44.567+0000] {dag.py:3036} INFO - Sync 1 DAGs
[2025-12-27T18:51:44.690+0000] {logging_mixin.py:188} INFO - [2025-12-27T18:51:44.690+0000] {dag.py:3823} INFO - Setting next_dagrun for ml_models to 2025-12-27 00:00:00+00:00, run_after=2025-12-28 00:00:00+00:00
[2025-12-27T18:51:44.737+0000] {processor.py:183} INFO - Processing /opt/airflow/dags/ml_models.py took 0.299 seconds
[2025-12-27T18:52:08.206+0000] {processor.py:161} INFO - Started process (PID=749) to work on /opt/airflow/dags/ml_models.py
[2025-12-27T18:52:08.209+0000] {processor.py:830} INFO - Processing file /opt/airflow/dags/ml_models.py for tasks to queue
[2025-12-27T18:52:08.210+0000] {logging_mixin.py:188} INFO - [2025-12-27T18:52:08.210+0000] {dagbag.py:538} INFO - Filling up the DagBag from /opt/airflow/dags/ml_models.py
[2025-12-27T18:52:08.299+0000] {processor.py:840} INFO - DAG(s) 'ml_models' retrieved from /opt/airflow/dags/ml_models.py
[2025-12-27T18:52:08.389+0000] {logging_mixin.py:188} INFO - [2025-12-27T18:52:08.389+0000] {dag.py:3036} INFO - Sync 1 DAGs
[2025-12-27T18:52:08.490+0000] {logging_mixin.py:188} INFO - [2025-12-27T18:52:08.489+0000] {dag.py:3823} INFO - Setting next_dagrun for ml_models to 2025-12-27 00:00:00+00:00, run_after=2025-12-28 00:00:00+00:00
[2025-12-27T18:52:08.581+0000] {processor.py:183} INFO - Processing /opt/airflow/dags/ml_models.py took 0.382 seconds
[2025-12-27T18:52:39.097+0000] {processor.py:161} INFO - Started process (PID=769) to work on /opt/airflow/dags/ml_models.py
[2025-12-27T18:52:39.100+0000] {processor.py:830} INFO - Processing file /opt/airflow/dags/ml_models.py for tasks to queue
[2025-12-27T18:52:39.102+0000] {logging_mixin.py:188} INFO - [2025-12-27T18:52:39.101+0000] {dagbag.py:538} INFO - Filling up the DagBag from /opt/airflow/dags/ml_models.py
[2025-12-27T18:52:39.141+0000] {processor.py:840} INFO - DAG(s) 'ml_models' retrieved from /opt/airflow/dags/ml_models.py
[2025-12-27T18:52:39.183+0000] {logging_mixin.py:188} INFO - [2025-12-27T18:52:39.183+0000] {dag.py:3036} INFO - Sync 1 DAGs
[2025-12-27T18:52:39.240+0000] {logging_mixin.py:188} INFO - [2025-12-27T18:52:39.240+0000] {dag.py:3823} INFO - Setting next_dagrun for ml_models to 2025-12-27 00:00:00+00:00, run_after=2025-12-28 00:00:00+00:00
[2025-12-27T18:52:39.317+0000] {processor.py:183} INFO - Processing /opt/airflow/dags/ml_models.py took 0.226 seconds
[2025-12-27T18:53:09.910+0000] {processor.py:161} INFO - Started process (PID=792) to work on /opt/airflow/dags/ml_models.py
[2025-12-27T18:53:09.913+0000] {processor.py:830} INFO - Processing file /opt/airflow/dags/ml_models.py for tasks to queue
[2025-12-27T18:53:09.915+0000] {logging_mixin.py:188} INFO - [2025-12-27T18:53:09.914+0000] {dagbag.py:538} INFO - Filling up the DagBag from /opt/airflow/dags/ml_models.py
[2025-12-27T18:53:09.950+0000] {processor.py:840} INFO - DAG(s) 'ml_models' retrieved from /opt/airflow/dags/ml_models.py
[2025-12-27T18:53:09.990+0000] {logging_mixin.py:188} INFO - [2025-12-27T18:53:09.989+0000] {dag.py:3036} INFO - Sync 1 DAGs
[2025-12-27T18:53:10.030+0000] {logging_mixin.py:188} INFO - [2025-12-27T18:53:10.029+0000] {dag.py:3823} INFO - Setting next_dagrun for ml_models to 2025-12-27 00:00:00+00:00, run_after=2025-12-28 00:00:00+00:00
[2025-12-27T18:53:10.306+0000] {processor.py:183} INFO - Processing /opt/airflow/dags/ml_models.py took 0.401 seconds
[2025-12-27T18:53:40.808+0000] {processor.py:161} INFO - Started process (PID=812) to work on /opt/airflow/dags/ml_models.py
[2025-12-27T18:53:40.811+0000] {processor.py:830} INFO - Processing file /opt/airflow/dags/ml_models.py for tasks to queue
[2025-12-27T18:53:40.813+0000] {logging_mixin.py:188} INFO - [2025-12-27T18:53:40.812+0000] {dagbag.py:538} INFO - Filling up the DagBag from /opt/airflow/dags/ml_models.py
[2025-12-27T18:53:40.855+0000] {processor.py:840} INFO - DAG(s) 'ml_models' retrieved from /opt/airflow/dags/ml_models.py
[2025-12-27T18:53:40.904+0000] {logging_mixin.py:188} INFO - [2025-12-27T18:53:40.904+0000] {dag.py:3036} INFO - Sync 1 DAGs
[2025-12-27T18:53:41.152+0000] {logging_mixin.py:188} INFO - [2025-12-27T18:53:41.151+0000] {dag.py:3823} INFO - Setting next_dagrun for ml_models to 2025-12-27 00:00:00+00:00, run_after=2025-12-28 00:00:00+00:00
[2025-12-27T18:53:41.185+0000] {processor.py:183} INFO - Processing /opt/airflow/dags/ml_models.py took 0.386 seconds
