[2025-12-24T17:28:10.126+0000] {taskinstance.py:1956} INFO - Dependencies all met for dep_context=non-requeueable deps ti=<TaskInstance: rugby_pipeline.trigger_dlt_pipeline scheduled__2025-12-23T00:00:00+00:00 [queued]>
[2025-12-24T17:28:10.143+0000] {taskinstance.py:1956} INFO - Dependencies all met for dep_context=requeueable deps ti=<TaskInstance: rugby_pipeline.trigger_dlt_pipeline scheduled__2025-12-23T00:00:00+00:00 [queued]>
[2025-12-24T17:28:10.145+0000] {taskinstance.py:2170} INFO - Starting attempt 1 of 1
[2025-12-24T17:28:10.165+0000] {taskinstance.py:2191} INFO - Executing <Task(DatabricksRunNowOperator): trigger_dlt_pipeline> on 2025-12-23 00:00:00+00:00
[2025-12-24T17:28:10.177+0000] {standard_task_runner.py:60} INFO - Started process 467 to run task
[2025-12-24T17:28:10.184+0000] {standard_task_runner.py:87} INFO - Running: ['***', 'tasks', 'run', 'rugby_pipeline', 'trigger_dlt_pipeline', 'scheduled__2025-12-23T00:00:00+00:00', '--job-id', '3', '--raw', '--subdir', 'DAGS_FOLDER/rugby_pipeline.py', '--cfg-path', '/tmp/tmpgh9idzp2']
[2025-12-24T17:28:10.189+0000] {standard_task_runner.py:88} INFO - Job 3: Subtask trigger_dlt_pipeline
[2025-12-24T17:28:10.284+0000] {task_command.py:423} INFO - Running <TaskInstance: rugby_pipeline.trigger_dlt_pipeline scheduled__2025-12-23T00:00:00+00:00 [running]> on host bed2a25c9570
[2025-12-24T17:28:10.472+0000] {taskinstance.py:2480} INFO - Exporting env vars: AIRFLOW_CTX_DAG_OWNER='***' AIRFLOW_CTX_DAG_ID='rugby_pipeline' AIRFLOW_CTX_TASK_ID='trigger_dlt_pipeline' AIRFLOW_CTX_EXECUTION_DATE='2025-12-23T00:00:00+00:00' AIRFLOW_CTX_TRY_NUMBER='1' AIRFLOW_CTX_DAG_RUN_ID='scheduled__2025-12-23T00:00:00+00:00'
[2025-12-24T17:28:10.491+0000] {base.py:83} INFO - Using connection ID 'databricks_default' for task execution.
[2025-12-24T17:28:10.495+0000] {databricks_base.py:546} INFO - Using basic auth.
[2025-12-24T17:28:11.631+0000] {databricks.py:66} INFO - Run submitted with run_id: 267964092201792
[2025-12-24T17:28:11.632+0000] {databricks_base.py:546} INFO - Using basic auth.
[2025-12-24T17:28:12.294+0000] {databricks_base.py:546} INFO - Using basic auth.
[2025-12-24T17:28:12.903+0000] {databricks.py:128} INFO - trigger_dlt_pipeline in run state: {'life_cycle_state': 'RUNNING', 'result_state': '', 'state_message': ''}
[2025-12-24T17:28:12.905+0000] {databricks.py:129} INFO - View run status, Spark UI, and logs at https://dbc-423a5d50-03a6.cloud.databricks.com/?o=684212911772223#job/640017615260074/run/267964092201792
[2025-12-24T17:28:12.905+0000] {databricks.py:130} INFO - Sleeping for 30 seconds.
[2025-12-24T17:28:42.925+0000] {databricks_base.py:546} INFO - Using basic auth.
[2025-12-24T17:28:43.535+0000] {databricks_base.py:546} INFO - Using basic auth.
[2025-12-24T17:28:44.522+0000] {taskinstance.py:2698} ERROR - Task failed with exception
Traceback (most recent call last):
  File "/home/airflow/.local/lib/python3.8/site-packages/airflow/models/taskinstance.py", line 433, in _execute_task
    result = execute_callable(context=context, **execute_callable_kwargs)
  File "/home/airflow/.local/lib/python3.8/site-packages/airflow/providers/databricks/operators/databricks.py", line 922, in execute
    _handle_databricks_operator_execution(self, hook, self.log, context)
  File "/home/airflow/.local/lib/python3.8/site-packages/airflow/providers/databricks/operators/databricks.py", line 126, in _handle_databricks_operator_execution
    raise AirflowException(error_message)
airflow.exceptions.AirflowException: trigger_dlt_pipeline failed with terminal state: {'life_cycle_state': 'INTERNAL_ERROR', 'result_state': 'FAILED', 'state_message': 'Task ingest_data failed with message: Workload failed, see run output for details.'} and with the errors [{'task_key': 'ingest_data', 'run_id': 580870936474987, 'error': 'Please refer to the logs for this pipeline in the pipelines page.'}]
[2025-12-24T17:28:44.565+0000] {taskinstance.py:1138} INFO - Marking task as FAILED. dag_id=rugby_pipeline, task_id=trigger_dlt_pipeline, execution_date=20251223T000000, start_date=20251224T172810, end_date=20251224T172844
[2025-12-24T17:28:44.593+0000] {standard_task_runner.py:107} ERROR - Failed to execute job 3 for task trigger_dlt_pipeline (trigger_dlt_pipeline failed with terminal state: {'life_cycle_state': 'INTERNAL_ERROR', 'result_state': 'FAILED', 'state_message': 'Task ingest_data failed with message: Workload failed, see run output for details.'} and with the errors [{'task_key': 'ingest_data', 'run_id': 580870936474987, 'error': 'Please refer to the logs for this pipeline in the pipelines page.'}]; 467)
[2025-12-24T17:28:44.653+0000] {local_task_job_runner.py:234} INFO - Task exited with return code 1
[2025-12-24T17:28:44.680+0000] {taskinstance.py:3280} INFO - 0 downstream tasks scheduled from follow-on schedule check
