[2025-12-27T19:03:42.634+0000] {taskinstance.py:1956} INFO - Dependencies all met for dep_context=non-requeueable deps ti=<TaskInstance: rugby_pipeline.trigger_dlt_pipeline manual__2025-12-27T19:03:40.610175+00:00 [queued]>
[2025-12-27T19:03:42.648+0000] {taskinstance.py:1956} INFO - Dependencies all met for dep_context=requeueable deps ti=<TaskInstance: rugby_pipeline.trigger_dlt_pipeline manual__2025-12-27T19:03:40.610175+00:00 [queued]>
[2025-12-27T19:03:42.649+0000] {taskinstance.py:2170} INFO - Starting attempt 1 of 1
[2025-12-27T19:03:42.670+0000] {taskinstance.py:2191} INFO - Executing <Task(DatabricksRunNowOperator): trigger_dlt_pipeline> on 2025-12-27 19:03:40.610175+00:00
[2025-12-27T19:03:42.680+0000] {standard_task_runner.py:60} INFO - Started process 198 to run task
[2025-12-27T19:03:42.688+0000] {standard_task_runner.py:87} INFO - Running: ['***', 'tasks', 'run', 'rugby_pipeline', 'trigger_dlt_pipeline', 'manual__2025-12-27T19:03:40.610175+00:00', '--job-id', '89', '--raw', '--subdir', 'DAGS_FOLDER/rugby_pipeline.py', '--cfg-path', '/tmp/tmp3gjsz_u1']
[2025-12-27T19:03:42.693+0000] {standard_task_runner.py:88} INFO - Job 89: Subtask trigger_dlt_pipeline
[2025-12-27T19:03:42.781+0000] {task_command.py:423} INFO - Running <TaskInstance: rugby_pipeline.trigger_dlt_pipeline manual__2025-12-27T19:03:40.610175+00:00 [running]> on host 6c84c95fdea2
[2025-12-27T19:03:42.913+0000] {taskinstance.py:2480} INFO - Exporting env vars: AIRFLOW_CTX_DAG_OWNER='***' AIRFLOW_CTX_DAG_ID='rugby_pipeline' AIRFLOW_CTX_TASK_ID='trigger_dlt_pipeline' AIRFLOW_CTX_EXECUTION_DATE='2025-12-27T19:03:40.610175+00:00' AIRFLOW_CTX_TRY_NUMBER='1' AIRFLOW_CTX_DAG_RUN_ID='manual__2025-12-27T19:03:40.610175+00:00'
[2025-12-27T19:03:42.929+0000] {base.py:83} INFO - Using connection ID 'databricks_default' for task execution.
[2025-12-27T19:03:42.932+0000] {databricks_base.py:546} INFO - Using basic auth.
[2025-12-27T19:03:43.979+0000] {databricks.py:66} INFO - Run submitted with run_id: 482104181642671
[2025-12-27T19:03:43.980+0000] {databricks_base.py:546} INFO - Using basic auth.
[2025-12-27T19:03:44.789+0000] {databricks_base.py:546} INFO - Using basic auth.
[2025-12-27T19:03:45.550+0000] {databricks.py:128} INFO - trigger_dlt_pipeline in run state: {'life_cycle_state': 'RUNNING', 'result_state': '', 'state_message': ''}
[2025-12-27T19:03:45.551+0000] {databricks.py:129} INFO - View run status, Spark UI, and logs at https://dbc-423a5d50-03a6.cloud.databricks.com/?o=684212911772223#job/640017615260074/run/482104181642671
[2025-12-27T19:03:45.552+0000] {databricks.py:130} INFO - Sleeping for 30 seconds.
[2025-12-27T19:04:15.552+0000] {databricks_base.py:546} INFO - Using basic auth.
[2025-12-27T19:04:16.178+0000] {databricks.py:128} INFO - trigger_dlt_pipeline in run state: {'life_cycle_state': 'RUNNING', 'result_state': '', 'state_message': ''}
[2025-12-27T19:04:16.180+0000] {databricks.py:129} INFO - View run status, Spark UI, and logs at https://dbc-423a5d50-03a6.cloud.databricks.com/?o=684212911772223#job/640017615260074/run/482104181642671
[2025-12-27T19:04:16.180+0000] {databricks.py:130} INFO - Sleeping for 30 seconds.
[2025-12-27T19:04:46.209+0000] {databricks_base.py:546} INFO - Using basic auth.
[2025-12-27T19:04:46.902+0000] {databricks.py:128} INFO - trigger_dlt_pipeline in run state: {'life_cycle_state': 'RUNNING', 'result_state': '', 'state_message': ''}
[2025-12-27T19:04:46.904+0000] {databricks.py:129} INFO - View run status, Spark UI, and logs at https://dbc-423a5d50-03a6.cloud.databricks.com/?o=684212911772223#job/640017615260074/run/482104181642671
[2025-12-27T19:04:46.904+0000] {databricks.py:130} INFO - Sleeping for 30 seconds.
[2025-12-27T19:05:16.933+0000] {databricks_base.py:546} INFO - Using basic auth.
[2025-12-27T19:05:17.520+0000] {databricks.py:128} INFO - trigger_dlt_pipeline in run state: {'life_cycle_state': 'RUNNING', 'result_state': '', 'state_message': ''}
[2025-12-27T19:05:17.527+0000] {databricks.py:129} INFO - View run status, Spark UI, and logs at https://dbc-423a5d50-03a6.cloud.databricks.com/?o=684212911772223#job/640017615260074/run/482104181642671
[2025-12-27T19:05:17.529+0000] {databricks.py:130} INFO - Sleeping for 30 seconds.
[2025-12-27T19:05:47.555+0000] {databricks_base.py:546} INFO - Using basic auth.
[2025-12-27T19:05:48.231+0000] {databricks.py:128} INFO - trigger_dlt_pipeline in run state: {'life_cycle_state': 'RUNNING', 'result_state': '', 'state_message': ''}
[2025-12-27T19:05:48.233+0000] {databricks.py:129} INFO - View run status, Spark UI, and logs at https://dbc-423a5d50-03a6.cloud.databricks.com/?o=684212911772223#job/640017615260074/run/482104181642671
[2025-12-27T19:05:48.233+0000] {databricks.py:130} INFO - Sleeping for 30 seconds.
[2025-12-27T19:06:18.261+0000] {databricks_base.py:546} INFO - Using basic auth.
[2025-12-27T19:06:19.147+0000] {databricks.py:128} INFO - trigger_dlt_pipeline in run state: {'life_cycle_state': 'RUNNING', 'result_state': '', 'state_message': ''}
[2025-12-27T19:06:19.149+0000] {databricks.py:129} INFO - View run status, Spark UI, and logs at https://dbc-423a5d50-03a6.cloud.databricks.com/?o=684212911772223#job/640017615260074/run/482104181642671
[2025-12-27T19:06:19.149+0000] {databricks.py:130} INFO - Sleeping for 30 seconds.
[2025-12-27T19:06:49.179+0000] {databricks_base.py:546} INFO - Using basic auth.
[2025-12-27T19:06:49.920+0000] {databricks.py:77} INFO - trigger_dlt_pipeline completed successfully.
[2025-12-27T19:06:49.921+0000] {databricks.py:78} INFO - View run status, Spark UI, and logs at https://dbc-423a5d50-03a6.cloud.databricks.com/?o=684212911772223#job/640017615260074/run/482104181642671
[2025-12-27T19:06:49.939+0000] {taskinstance.py:1138} INFO - Marking task as SUCCESS. dag_id=rugby_pipeline, task_id=trigger_dlt_pipeline, execution_date=20251227T190340, start_date=20251227T190342, end_date=20251227T190649
[2025-12-27T19:06:50.018+0000] {local_task_job_runner.py:234} INFO - Task exited with return code 0
[2025-12-27T19:06:50.060+0000] {taskinstance.py:3280} INFO - 1 downstream tasks scheduled from follow-on schedule check
