[2025-12-27T19:17:00.248+0000] {taskinstance.py:1956} INFO - Dependencies all met for dep_context=non-requeueable deps ti=<TaskInstance: ml_models.run_ml_models scheduled__2025-12-26T00:00:00+00:00 [queued]>
[2025-12-27T19:17:00.264+0000] {taskinstance.py:1956} INFO - Dependencies all met for dep_context=requeueable deps ti=<TaskInstance: ml_models.run_ml_models scheduled__2025-12-26T00:00:00+00:00 [queued]>
[2025-12-27T19:17:00.266+0000] {taskinstance.py:2170} INFO - Starting attempt 1 of 1
[2025-12-27T19:17:00.325+0000] {taskinstance.py:2191} INFO - Executing <Task(DatabricksRunNowOperator): run_ml_models> on 2025-12-26 00:00:00+00:00
[2025-12-27T19:17:00.339+0000] {standard_task_runner.py:60} INFO - Started process 763 to run task
[2025-12-27T19:17:00.347+0000] {standard_task_runner.py:87} INFO - Running: ['***', 'tasks', 'run', 'ml_models', 'run_ml_models', 'scheduled__2025-12-26T00:00:00+00:00', '--job-id', '104', '--raw', '--subdir', 'DAGS_FOLDER/ml_models.py', '--cfg-path', '/tmp/tmp498f1385']
[2025-12-27T19:17:00.353+0000] {standard_task_runner.py:88} INFO - Job 104: Subtask run_ml_models
[2025-12-27T19:17:00.473+0000] {task_command.py:423} INFO - Running <TaskInstance: ml_models.run_ml_models scheduled__2025-12-26T00:00:00+00:00 [running]> on host 6c84c95fdea2
[2025-12-27T19:17:00.637+0000] {taskinstance.py:2480} INFO - Exporting env vars: AIRFLOW_CTX_DAG_OWNER='***' AIRFLOW_CTX_DAG_ID='ml_models' AIRFLOW_CTX_TASK_ID='run_ml_models' AIRFLOW_CTX_EXECUTION_DATE='2025-12-26T00:00:00+00:00' AIRFLOW_CTX_TRY_NUMBER='1' AIRFLOW_CTX_DAG_RUN_ID='scheduled__2025-12-26T00:00:00+00:00'
[2025-12-27T19:17:00.658+0000] {base.py:83} INFO - Using connection ID 'databricks_default' for task execution.
[2025-12-27T19:17:00.662+0000] {databricks_base.py:546} INFO - Using basic auth.
[2025-12-27T19:17:01.862+0000] {databricks.py:66} INFO - Run submitted with run_id: 828346559240035
[2025-12-27T19:17:01.863+0000] {databricks_base.py:546} INFO - Using basic auth.
[2025-12-27T19:17:02.528+0000] {databricks_base.py:546} INFO - Using basic auth.
[2025-12-27T19:17:03.128+0000] {databricks.py:128} INFO - run_ml_models in run state: {'life_cycle_state': 'RUNNING', 'result_state': '', 'state_message': ''}
[2025-12-27T19:17:03.130+0000] {databricks.py:129} INFO - View run status, Spark UI, and logs at https://dbc-423a5d50-03a6.cloud.databricks.com/?o=684212911772223#job/402563567448821/run/828346559240035
[2025-12-27T19:17:03.131+0000] {databricks.py:130} INFO - Sleeping for 30 seconds.
[2025-12-27T19:17:33.159+0000] {databricks_base.py:546} INFO - Using basic auth.
[2025-12-27T19:17:33.760+0000] {databricks.py:128} INFO - run_ml_models in run state: {'life_cycle_state': 'RUNNING', 'result_state': '', 'state_message': ''}
[2025-12-27T19:17:33.765+0000] {databricks.py:129} INFO - View run status, Spark UI, and logs at https://dbc-423a5d50-03a6.cloud.databricks.com/?o=684212911772223#job/402563567448821/run/828346559240035
[2025-12-27T19:17:33.767+0000] {databricks.py:130} INFO - Sleeping for 30 seconds.
[2025-12-27T19:18:03.796+0000] {databricks_base.py:546} INFO - Using basic auth.
[2025-12-27T19:18:04.469+0000] {databricks.py:128} INFO - run_ml_models in run state: {'life_cycle_state': 'RUNNING', 'result_state': '', 'state_message': ''}
[2025-12-27T19:18:04.473+0000] {databricks.py:129} INFO - View run status, Spark UI, and logs at https://dbc-423a5d50-03a6.cloud.databricks.com/?o=684212911772223#job/402563567448821/run/828346559240035
[2025-12-27T19:18:04.474+0000] {databricks.py:130} INFO - Sleeping for 30 seconds.
[2025-12-27T19:18:34.490+0000] {databricks_base.py:546} INFO - Using basic auth.
[2025-12-27T19:18:35.213+0000] {databricks.py:77} INFO - run_ml_models completed successfully.
[2025-12-27T19:18:35.217+0000] {databricks.py:78} INFO - View run status, Spark UI, and logs at https://dbc-423a5d50-03a6.cloud.databricks.com/?o=684212911772223#job/402563567448821/run/828346559240035
[2025-12-27T19:18:35.240+0000] {taskinstance.py:1138} INFO - Marking task as SUCCESS. dag_id=ml_models, task_id=run_ml_models, execution_date=20251226T000000, start_date=20251227T191700, end_date=20251227T191835
[2025-12-27T19:18:35.308+0000] {local_task_job_runner.py:234} INFO - Task exited with return code 0
[2025-12-27T19:18:35.336+0000] {taskinstance.py:3280} INFO - 0 downstream tasks scheduled from follow-on schedule check
