[2025-12-27T18:19:11.845+0000] {taskinstance.py:1956} INFO - Dependencies all met for dep_context=non-requeueable deps ti=<TaskInstance: ml_models.wait_for_prediction_features scheduled__2025-12-26T00:00:00+00:00 [queued]>
[2025-12-27T18:19:11.861+0000] {taskinstance.py:1956} INFO - Dependencies all met for dep_context=requeueable deps ti=<TaskInstance: ml_models.wait_for_prediction_features scheduled__2025-12-26T00:00:00+00:00 [queued]>
[2025-12-27T18:19:11.862+0000] {taskinstance.py:2170} INFO - Starting attempt 1 of 1
[2025-12-27T18:19:11.885+0000] {taskinstance.py:2191} INFO - Executing <Task(ExternalTaskSensor): wait_for_prediction_features> on 2025-12-26 00:00:00+00:00
[2025-12-27T18:19:11.899+0000] {standard_task_runner.py:60} INFO - Started process 524 to run task
[2025-12-27T18:19:11.907+0000] {standard_task_runner.py:87} INFO - Running: ['***', 'tasks', 'run', 'ml_models', 'wait_for_prediction_features', 'scheduled__2025-12-26T00:00:00+00:00', '--job-id', '5', '--raw', '--subdir', 'DAGS_FOLDER/ml_models.py', '--cfg-path', '/tmp/tmpj5ycv9kd']
[2025-12-27T18:19:11.915+0000] {standard_task_runner.py:88} INFO - Job 5: Subtask wait_for_prediction_features
[2025-12-27T18:19:12.043+0000] {task_command.py:423} INFO - Running <TaskInstance: ml_models.wait_for_prediction_features scheduled__2025-12-26T00:00:00+00:00 [running]> on host 6c84c95fdea2
[2025-12-27T18:19:12.192+0000] {taskinstance.py:2480} INFO - Exporting env vars: AIRFLOW_CTX_DAG_OWNER='***' AIRFLOW_CTX_DAG_ID='ml_models' AIRFLOW_CTX_TASK_ID='wait_for_prediction_features' AIRFLOW_CTX_EXECUTION_DATE='2025-12-26T00:00:00+00:00' AIRFLOW_CTX_TRY_NUMBER='1' AIRFLOW_CTX_DAG_RUN_ID='scheduled__2025-12-26T00:00:00+00:00'
[2025-12-27T18:19:12.210+0000] {external_task.py:260} INFO - Poking for DAG 'build_prediction_features' on 2025-12-26T00:00:00+00:00 ... 
[2025-12-27T18:19:12.262+0000] {taskinstance.py:2658} INFO - Rescheduling task, marking task as UP_FOR_RESCHEDULE
[2025-12-27T18:19:12.322+0000] {local_task_job_runner.py:234} INFO - Task exited with return code 0
[2025-12-27T18:19:12.390+0000] {taskinstance.py:3280} INFO - 0 downstream tasks scheduled from follow-on schedule check
[2025-12-27T18:20:13.146+0000] {taskinstance.py:1956} INFO - Dependencies all met for dep_context=non-requeueable deps ti=<TaskInstance: ml_models.wait_for_prediction_features scheduled__2025-12-26T00:00:00+00:00 [queued]>
[2025-12-27T18:20:13.160+0000] {taskinstance.py:1956} INFO - Dependencies all met for dep_context=requeueable deps ti=<TaskInstance: ml_models.wait_for_prediction_features scheduled__2025-12-26T00:00:00+00:00 [queued]>
[2025-12-27T18:20:13.161+0000] {taskinstance.py:2170} INFO - Starting attempt 1 of 1
[2025-12-27T18:20:13.183+0000] {taskinstance.py:2191} INFO - Executing <Task(ExternalTaskSensor): wait_for_prediction_features> on 2025-12-26 00:00:00+00:00
[2025-12-27T18:20:13.193+0000] {standard_task_runner.py:60} INFO - Started process 567 to run task
[2025-12-27T18:20:13.202+0000] {standard_task_runner.py:87} INFO - Running: ['***', 'tasks', 'run', 'ml_models', 'wait_for_prediction_features', 'scheduled__2025-12-26T00:00:00+00:00', '--job-id', '7', '--raw', '--subdir', 'DAGS_FOLDER/ml_models.py', '--cfg-path', '/tmp/tmpc5okhm3p']
[2025-12-27T18:20:13.209+0000] {standard_task_runner.py:88} INFO - Job 7: Subtask wait_for_prediction_features
[2025-12-27T18:20:13.334+0000] {task_command.py:423} INFO - Running <TaskInstance: ml_models.wait_for_prediction_features scheduled__2025-12-26T00:00:00+00:00 [running]> on host 6c84c95fdea2
[2025-12-27T18:20:13.523+0000] {taskinstance.py:2480} INFO - Exporting env vars: AIRFLOW_CTX_DAG_OWNER='***' AIRFLOW_CTX_DAG_ID='ml_models' AIRFLOW_CTX_TASK_ID='wait_for_prediction_features' AIRFLOW_CTX_EXECUTION_DATE='2025-12-26T00:00:00+00:00' AIRFLOW_CTX_TRY_NUMBER='1' AIRFLOW_CTX_DAG_RUN_ID='scheduled__2025-12-26T00:00:00+00:00'
[2025-12-27T18:20:13.542+0000] {external_task.py:260} INFO - Poking for DAG 'build_prediction_features' on 2025-12-26T00:00:00+00:00 ... 
[2025-12-27T18:20:13.629+0000] {taskinstance.py:2658} INFO - Rescheduling task, marking task as UP_FOR_RESCHEDULE
[2025-12-27T18:20:13.658+0000] {local_task_job_runner.py:234} INFO - Task exited with return code 0
[2025-12-27T18:20:13.706+0000] {taskinstance.py:3280} INFO - 0 downstream tasks scheduled from follow-on schedule check
[2025-12-27T18:21:14.487+0000] {taskinstance.py:1956} INFO - Dependencies all met for dep_context=non-requeueable deps ti=<TaskInstance: ml_models.wait_for_prediction_features scheduled__2025-12-26T00:00:00+00:00 [queued]>
[2025-12-27T18:21:14.503+0000] {taskinstance.py:1956} INFO - Dependencies all met for dep_context=requeueable deps ti=<TaskInstance: ml_models.wait_for_prediction_features scheduled__2025-12-26T00:00:00+00:00 [queued]>
[2025-12-27T18:21:14.504+0000] {taskinstance.py:2170} INFO - Starting attempt 1 of 1
[2025-12-27T18:21:14.563+0000] {taskinstance.py:2191} INFO - Executing <Task(ExternalTaskSensor): wait_for_prediction_features> on 2025-12-26 00:00:00+00:00
[2025-12-27T18:21:14.576+0000] {standard_task_runner.py:60} INFO - Started process 614 to run task
[2025-12-27T18:21:14.583+0000] {standard_task_runner.py:87} INFO - Running: ['***', 'tasks', 'run', 'ml_models', 'wait_for_prediction_features', 'scheduled__2025-12-26T00:00:00+00:00', '--job-id', '10', '--raw', '--subdir', 'DAGS_FOLDER/ml_models.py', '--cfg-path', '/tmp/tmpkrt6cgrf']
[2025-12-27T18:21:14.589+0000] {standard_task_runner.py:88} INFO - Job 10: Subtask wait_for_prediction_features
[2025-12-27T18:21:14.695+0000] {task_command.py:423} INFO - Running <TaskInstance: ml_models.wait_for_prediction_features scheduled__2025-12-26T00:00:00+00:00 [running]> on host 6c84c95fdea2
[2025-12-27T18:21:14.886+0000] {taskinstance.py:2480} INFO - Exporting env vars: AIRFLOW_CTX_DAG_OWNER='***' AIRFLOW_CTX_DAG_ID='ml_models' AIRFLOW_CTX_TASK_ID='wait_for_prediction_features' AIRFLOW_CTX_EXECUTION_DATE='2025-12-26T00:00:00+00:00' AIRFLOW_CTX_TRY_NUMBER='1' AIRFLOW_CTX_DAG_RUN_ID='scheduled__2025-12-26T00:00:00+00:00'
[2025-12-27T18:21:14.904+0000] {external_task.py:260} INFO - Poking for DAG 'build_prediction_features' on 2025-12-26T00:00:00+00:00 ... 
[2025-12-27T18:21:14.953+0000] {taskinstance.py:2658} INFO - Rescheduling task, marking task as UP_FOR_RESCHEDULE
[2025-12-27T18:21:15.000+0000] {local_task_job_runner.py:234} INFO - Task exited with return code 0
[2025-12-27T18:21:15.049+0000] {taskinstance.py:3280} INFO - 0 downstream tasks scheduled from follow-on schedule check
[2025-12-27T18:22:15.883+0000] {taskinstance.py:1956} INFO - Dependencies all met for dep_context=non-requeueable deps ti=<TaskInstance: ml_models.wait_for_prediction_features scheduled__2025-12-26T00:00:00+00:00 [queued]>
[2025-12-27T18:22:15.897+0000] {taskinstance.py:1956} INFO - Dependencies all met for dep_context=requeueable deps ti=<TaskInstance: ml_models.wait_for_prediction_features scheduled__2025-12-26T00:00:00+00:00 [queued]>
[2025-12-27T18:22:15.898+0000] {taskinstance.py:2170} INFO - Starting attempt 1 of 1
[2025-12-27T18:22:15.919+0000] {taskinstance.py:2191} INFO - Executing <Task(ExternalTaskSensor): wait_for_prediction_features> on 2025-12-26 00:00:00+00:00
[2025-12-27T18:22:15.930+0000] {standard_task_runner.py:60} INFO - Started process 657 to run task
[2025-12-27T18:22:15.939+0000] {standard_task_runner.py:87} INFO - Running: ['***', 'tasks', 'run', 'ml_models', 'wait_for_prediction_features', 'scheduled__2025-12-26T00:00:00+00:00', '--job-id', '13', '--raw', '--subdir', 'DAGS_FOLDER/ml_models.py', '--cfg-path', '/tmp/tmpy_c1q9m_']
[2025-12-27T18:22:15.945+0000] {standard_task_runner.py:88} INFO - Job 13: Subtask wait_for_prediction_features
[2025-12-27T18:22:16.060+0000] {task_command.py:423} INFO - Running <TaskInstance: ml_models.wait_for_prediction_features scheduled__2025-12-26T00:00:00+00:00 [running]> on host 6c84c95fdea2
[2025-12-27T18:22:16.239+0000] {taskinstance.py:2480} INFO - Exporting env vars: AIRFLOW_CTX_DAG_OWNER='***' AIRFLOW_CTX_DAG_ID='ml_models' AIRFLOW_CTX_TASK_ID='wait_for_prediction_features' AIRFLOW_CTX_EXECUTION_DATE='2025-12-26T00:00:00+00:00' AIRFLOW_CTX_TRY_NUMBER='1' AIRFLOW_CTX_DAG_RUN_ID='scheduled__2025-12-26T00:00:00+00:00'
[2025-12-27T18:22:16.257+0000] {external_task.py:260} INFO - Poking for DAG 'build_prediction_features' on 2025-12-26T00:00:00+00:00 ... 
[2025-12-27T18:22:16.340+0000] {taskinstance.py:2658} INFO - Rescheduling task, marking task as UP_FOR_RESCHEDULE
[2025-12-27T18:22:16.395+0000] {local_task_job_runner.py:234} INFO - Task exited with return code 0
[2025-12-27T18:22:16.442+0000] {taskinstance.py:3280} INFO - 0 downstream tasks scheduled from follow-on schedule check
[2025-12-27T18:23:17.663+0000] {taskinstance.py:1956} INFO - Dependencies all met for dep_context=non-requeueable deps ti=<TaskInstance: ml_models.wait_for_prediction_features scheduled__2025-12-26T00:00:00+00:00 [queued]>
[2025-12-27T18:23:17.676+0000] {taskinstance.py:1956} INFO - Dependencies all met for dep_context=requeueable deps ti=<TaskInstance: ml_models.wait_for_prediction_features scheduled__2025-12-26T00:00:00+00:00 [queued]>
[2025-12-27T18:23:17.678+0000] {taskinstance.py:2170} INFO - Starting attempt 1 of 1
[2025-12-27T18:23:17.695+0000] {taskinstance.py:2191} INFO - Executing <Task(ExternalTaskSensor): wait_for_prediction_features> on 2025-12-26 00:00:00+00:00
[2025-12-27T18:23:17.706+0000] {standard_task_runner.py:60} INFO - Started process 701 to run task
[2025-12-27T18:23:17.714+0000] {standard_task_runner.py:87} INFO - Running: ['***', 'tasks', 'run', 'ml_models', 'wait_for_prediction_features', 'scheduled__2025-12-26T00:00:00+00:00', '--job-id', '15', '--raw', '--subdir', 'DAGS_FOLDER/ml_models.py', '--cfg-path', '/tmp/tmp5do0vcue']
[2025-12-27T18:23:17.721+0000] {standard_task_runner.py:88} INFO - Job 15: Subtask wait_for_prediction_features
[2025-12-27T18:23:17.837+0000] {task_command.py:423} INFO - Running <TaskInstance: ml_models.wait_for_prediction_features scheduled__2025-12-26T00:00:00+00:00 [running]> on host 6c84c95fdea2
[2025-12-27T18:23:18.007+0000] {taskinstance.py:2480} INFO - Exporting env vars: AIRFLOW_CTX_DAG_OWNER='***' AIRFLOW_CTX_DAG_ID='ml_models' AIRFLOW_CTX_TASK_ID='wait_for_prediction_features' AIRFLOW_CTX_EXECUTION_DATE='2025-12-26T00:00:00+00:00' AIRFLOW_CTX_TRY_NUMBER='1' AIRFLOW_CTX_DAG_RUN_ID='scheduled__2025-12-26T00:00:00+00:00'
[2025-12-27T18:23:18.026+0000] {external_task.py:260} INFO - Poking for DAG 'build_prediction_features' on 2025-12-26T00:00:00+00:00 ... 
[2025-12-27T18:23:18.110+0000] {taskinstance.py:2658} INFO - Rescheduling task, marking task as UP_FOR_RESCHEDULE
[2025-12-27T18:23:18.128+0000] {local_task_job_runner.py:234} INFO - Task exited with return code 0
[2025-12-27T18:23:18.174+0000] {taskinstance.py:3280} INFO - 0 downstream tasks scheduled from follow-on schedule check
[2025-12-27T18:24:19.516+0000] {taskinstance.py:1956} INFO - Dependencies all met for dep_context=non-requeueable deps ti=<TaskInstance: ml_models.wait_for_prediction_features scheduled__2025-12-26T00:00:00+00:00 [queued]>
[2025-12-27T18:24:19.535+0000] {taskinstance.py:1956} INFO - Dependencies all met for dep_context=requeueable deps ti=<TaskInstance: ml_models.wait_for_prediction_features scheduled__2025-12-26T00:00:00+00:00 [queued]>
[2025-12-27T18:24:19.537+0000] {taskinstance.py:2170} INFO - Starting attempt 1 of 1
[2025-12-27T18:24:19.566+0000] {taskinstance.py:2191} INFO - Executing <Task(ExternalTaskSensor): wait_for_prediction_features> on 2025-12-26 00:00:00+00:00
[2025-12-27T18:24:19.582+0000] {standard_task_runner.py:60} INFO - Started process 745 to run task
[2025-12-27T18:24:19.591+0000] {standard_task_runner.py:87} INFO - Running: ['***', 'tasks', 'run', 'ml_models', 'wait_for_prediction_features', 'scheduled__2025-12-26T00:00:00+00:00', '--job-id', '16', '--raw', '--subdir', 'DAGS_FOLDER/ml_models.py', '--cfg-path', '/tmp/tmp0fk371yp']
[2025-12-27T18:24:19.599+0000] {standard_task_runner.py:88} INFO - Job 16: Subtask wait_for_prediction_features
[2025-12-27T18:24:19.730+0000] {task_command.py:423} INFO - Running <TaskInstance: ml_models.wait_for_prediction_features scheduled__2025-12-26T00:00:00+00:00 [running]> on host 6c84c95fdea2
[2025-12-27T18:24:19.890+0000] {taskinstance.py:2480} INFO - Exporting env vars: AIRFLOW_CTX_DAG_OWNER='***' AIRFLOW_CTX_DAG_ID='ml_models' AIRFLOW_CTX_TASK_ID='wait_for_prediction_features' AIRFLOW_CTX_EXECUTION_DATE='2025-12-26T00:00:00+00:00' AIRFLOW_CTX_TRY_NUMBER='1' AIRFLOW_CTX_DAG_RUN_ID='scheduled__2025-12-26T00:00:00+00:00'
[2025-12-27T18:24:19.911+0000] {external_task.py:260} INFO - Poking for DAG 'build_prediction_features' on 2025-12-26T00:00:00+00:00 ... 
[2025-12-27T18:24:20.004+0000] {taskinstance.py:2658} INFO - Rescheduling task, marking task as UP_FOR_RESCHEDULE
[2025-12-27T18:24:20.047+0000] {local_task_job_runner.py:234} INFO - Task exited with return code 0
[2025-12-27T18:24:20.094+0000] {taskinstance.py:3280} INFO - 0 downstream tasks scheduled from follow-on schedule check
[2025-12-27T18:25:20.627+0000] {taskinstance.py:1956} INFO - Dependencies all met for dep_context=non-requeueable deps ti=<TaskInstance: ml_models.wait_for_prediction_features scheduled__2025-12-26T00:00:00+00:00 [queued]>
[2025-12-27T18:25:20.643+0000] {taskinstance.py:1956} INFO - Dependencies all met for dep_context=requeueable deps ti=<TaskInstance: ml_models.wait_for_prediction_features scheduled__2025-12-26T00:00:00+00:00 [queued]>
[2025-12-27T18:25:20.644+0000] {taskinstance.py:2170} INFO - Starting attempt 1 of 1
[2025-12-27T18:25:20.705+0000] {taskinstance.py:2191} INFO - Executing <Task(ExternalTaskSensor): wait_for_prediction_features> on 2025-12-26 00:00:00+00:00
[2025-12-27T18:25:20.717+0000] {standard_task_runner.py:60} INFO - Started process 790 to run task
[2025-12-27T18:25:20.727+0000] {standard_task_runner.py:87} INFO - Running: ['***', 'tasks', 'run', 'ml_models', 'wait_for_prediction_features', 'scheduled__2025-12-26T00:00:00+00:00', '--job-id', '18', '--raw', '--subdir', 'DAGS_FOLDER/ml_models.py', '--cfg-path', '/tmp/tmp9_a3xvpd']
[2025-12-27T18:25:20.733+0000] {standard_task_runner.py:88} INFO - Job 18: Subtask wait_for_prediction_features
[2025-12-27T18:25:20.844+0000] {task_command.py:423} INFO - Running <TaskInstance: ml_models.wait_for_prediction_features scheduled__2025-12-26T00:00:00+00:00 [running]> on host 6c84c95fdea2
[2025-12-27T18:25:21.022+0000] {taskinstance.py:2480} INFO - Exporting env vars: AIRFLOW_CTX_DAG_OWNER='***' AIRFLOW_CTX_DAG_ID='ml_models' AIRFLOW_CTX_TASK_ID='wait_for_prediction_features' AIRFLOW_CTX_EXECUTION_DATE='2025-12-26T00:00:00+00:00' AIRFLOW_CTX_TRY_NUMBER='1' AIRFLOW_CTX_DAG_RUN_ID='scheduled__2025-12-26T00:00:00+00:00'
[2025-12-27T18:25:21.039+0000] {external_task.py:260} INFO - Poking for DAG 'build_prediction_features' on 2025-12-26T00:00:00+00:00 ... 
[2025-12-27T18:25:21.119+0000] {taskinstance.py:2658} INFO - Rescheduling task, marking task as UP_FOR_RESCHEDULE
[2025-12-27T18:25:21.141+0000] {local_task_job_runner.py:234} INFO - Task exited with return code 0
[2025-12-27T18:25:21.186+0000] {taskinstance.py:3280} INFO - 0 downstream tasks scheduled from follow-on schedule check
[2025-12-27T18:26:22.375+0000] {taskinstance.py:1956} INFO - Dependencies all met for dep_context=non-requeueable deps ti=<TaskInstance: ml_models.wait_for_prediction_features scheduled__2025-12-26T00:00:00+00:00 [queued]>
[2025-12-27T18:26:22.390+0000] {taskinstance.py:1956} INFO - Dependencies all met for dep_context=requeueable deps ti=<TaskInstance: ml_models.wait_for_prediction_features scheduled__2025-12-26T00:00:00+00:00 [queued]>
[2025-12-27T18:26:22.391+0000] {taskinstance.py:2170} INFO - Starting attempt 1 of 1
[2025-12-27T18:26:22.421+0000] {taskinstance.py:2191} INFO - Executing <Task(ExternalTaskSensor): wait_for_prediction_features> on 2025-12-26 00:00:00+00:00
[2025-12-27T18:26:22.434+0000] {standard_task_runner.py:60} INFO - Started process 834 to run task
[2025-12-27T18:26:22.444+0000] {standard_task_runner.py:87} INFO - Running: ['***', 'tasks', 'run', 'ml_models', 'wait_for_prediction_features', 'scheduled__2025-12-26T00:00:00+00:00', '--job-id', '21', '--raw', '--subdir', 'DAGS_FOLDER/ml_models.py', '--cfg-path', '/tmp/tmpzwy4uk5w']
[2025-12-27T18:26:22.451+0000] {standard_task_runner.py:88} INFO - Job 21: Subtask wait_for_prediction_features
[2025-12-27T18:26:22.568+0000] {task_command.py:423} INFO - Running <TaskInstance: ml_models.wait_for_prediction_features scheduled__2025-12-26T00:00:00+00:00 [running]> on host 6c84c95fdea2
[2025-12-27T18:26:22.708+0000] {taskinstance.py:2480} INFO - Exporting env vars: AIRFLOW_CTX_DAG_OWNER='***' AIRFLOW_CTX_DAG_ID='ml_models' AIRFLOW_CTX_TASK_ID='wait_for_prediction_features' AIRFLOW_CTX_EXECUTION_DATE='2025-12-26T00:00:00+00:00' AIRFLOW_CTX_TRY_NUMBER='1' AIRFLOW_CTX_DAG_RUN_ID='scheduled__2025-12-26T00:00:00+00:00'
[2025-12-27T18:26:22.727+0000] {external_task.py:260} INFO - Poking for DAG 'build_prediction_features' on 2025-12-26T00:00:00+00:00 ... 
[2025-12-27T18:26:22.776+0000] {taskinstance.py:2658} INFO - Rescheduling task, marking task as UP_FOR_RESCHEDULE
[2025-12-27T18:26:22.819+0000] {local_task_job_runner.py:234} INFO - Task exited with return code 0
[2025-12-27T18:26:22.867+0000] {taskinstance.py:3280} INFO - 0 downstream tasks scheduled from follow-on schedule check
[2025-12-27T18:27:24.122+0000] {taskinstance.py:1956} INFO - Dependencies all met for dep_context=non-requeueable deps ti=<TaskInstance: ml_models.wait_for_prediction_features scheduled__2025-12-26T00:00:00+00:00 [queued]>
[2025-12-27T18:27:24.138+0000] {taskinstance.py:1956} INFO - Dependencies all met for dep_context=requeueable deps ti=<TaskInstance: ml_models.wait_for_prediction_features scheduled__2025-12-26T00:00:00+00:00 [queued]>
[2025-12-27T18:27:24.140+0000] {taskinstance.py:2170} INFO - Starting attempt 1 of 1
[2025-12-27T18:27:24.165+0000] {taskinstance.py:2191} INFO - Executing <Task(ExternalTaskSensor): wait_for_prediction_features> on 2025-12-26 00:00:00+00:00
[2025-12-27T18:27:24.178+0000] {standard_task_runner.py:60} INFO - Started process 877 to run task
[2025-12-27T18:27:24.186+0000] {standard_task_runner.py:87} INFO - Running: ['***', 'tasks', 'run', 'ml_models', 'wait_for_prediction_features', 'scheduled__2025-12-26T00:00:00+00:00', '--job-id', '22', '--raw', '--subdir', 'DAGS_FOLDER/ml_models.py', '--cfg-path', '/tmp/tmpo_tkalcz']
[2025-12-27T18:27:24.193+0000] {standard_task_runner.py:88} INFO - Job 22: Subtask wait_for_prediction_features
[2025-12-27T18:27:24.313+0000] {task_command.py:423} INFO - Running <TaskInstance: ml_models.wait_for_prediction_features scheduled__2025-12-26T00:00:00+00:00 [running]> on host 6c84c95fdea2
[2025-12-27T18:27:24.498+0000] {taskinstance.py:2480} INFO - Exporting env vars: AIRFLOW_CTX_DAG_OWNER='***' AIRFLOW_CTX_DAG_ID='ml_models' AIRFLOW_CTX_TASK_ID='wait_for_prediction_features' AIRFLOW_CTX_EXECUTION_DATE='2025-12-26T00:00:00+00:00' AIRFLOW_CTX_TRY_NUMBER='1' AIRFLOW_CTX_DAG_RUN_ID='scheduled__2025-12-26T00:00:00+00:00'
[2025-12-27T18:27:24.517+0000] {external_task.py:260} INFO - Poking for DAG 'build_prediction_features' on 2025-12-26T00:00:00+00:00 ... 
[2025-12-27T18:27:24.682+0000] {taskinstance.py:2658} INFO - Rescheduling task, marking task as UP_FOR_RESCHEDULE
[2025-12-27T18:27:24.722+0000] {local_task_job_runner.py:234} INFO - Task exited with return code 0
[2025-12-27T18:27:24.775+0000] {taskinstance.py:3280} INFO - 0 downstream tasks scheduled from follow-on schedule check
[2025-12-27T18:28:25.442+0000] {taskinstance.py:1956} INFO - Dependencies all met for dep_context=non-requeueable deps ti=<TaskInstance: ml_models.wait_for_prediction_features scheduled__2025-12-26T00:00:00+00:00 [queued]>
[2025-12-27T18:28:25.457+0000] {taskinstance.py:1956} INFO - Dependencies all met for dep_context=requeueable deps ti=<TaskInstance: ml_models.wait_for_prediction_features scheduled__2025-12-26T00:00:00+00:00 [queued]>
[2025-12-27T18:28:25.458+0000] {taskinstance.py:2170} INFO - Starting attempt 1 of 1
[2025-12-27T18:28:25.479+0000] {taskinstance.py:2191} INFO - Executing <Task(ExternalTaskSensor): wait_for_prediction_features> on 2025-12-26 00:00:00+00:00
[2025-12-27T18:28:25.489+0000] {standard_task_runner.py:60} INFO - Started process 921 to run task
[2025-12-27T18:28:25.495+0000] {standard_task_runner.py:87} INFO - Running: ['***', 'tasks', 'run', 'ml_models', 'wait_for_prediction_features', 'scheduled__2025-12-26T00:00:00+00:00', '--job-id', '24', '--raw', '--subdir', 'DAGS_FOLDER/ml_models.py', '--cfg-path', '/tmp/tmp8h8sk8kw']
[2025-12-27T18:28:25.500+0000] {standard_task_runner.py:88} INFO - Job 24: Subtask wait_for_prediction_features
[2025-12-27T18:28:25.598+0000] {task_command.py:423} INFO - Running <TaskInstance: ml_models.wait_for_prediction_features scheduled__2025-12-26T00:00:00+00:00 [running]> on host 6c84c95fdea2
[2025-12-27T18:28:25.734+0000] {taskinstance.py:2480} INFO - Exporting env vars: AIRFLOW_CTX_DAG_OWNER='***' AIRFLOW_CTX_DAG_ID='ml_models' AIRFLOW_CTX_TASK_ID='wait_for_prediction_features' AIRFLOW_CTX_EXECUTION_DATE='2025-12-26T00:00:00+00:00' AIRFLOW_CTX_TRY_NUMBER='1' AIRFLOW_CTX_DAG_RUN_ID='scheduled__2025-12-26T00:00:00+00:00'
[2025-12-27T18:28:25.750+0000] {external_task.py:260} INFO - Poking for DAG 'build_prediction_features' on 2025-12-26T00:00:00+00:00 ... 
[2025-12-27T18:28:25.793+0000] {taskinstance.py:2658} INFO - Rescheduling task, marking task as UP_FOR_RESCHEDULE
[2025-12-27T18:28:25.830+0000] {local_task_job_runner.py:234} INFO - Task exited with return code 0
[2025-12-27T18:28:25.872+0000] {taskinstance.py:3280} INFO - 0 downstream tasks scheduled from follow-on schedule check
[2025-12-27T18:29:26.757+0000] {taskinstance.py:1956} INFO - Dependencies all met for dep_context=non-requeueable deps ti=<TaskInstance: ml_models.wait_for_prediction_features scheduled__2025-12-26T00:00:00+00:00 [queued]>
[2025-12-27T18:29:26.771+0000] {taskinstance.py:1956} INFO - Dependencies all met for dep_context=requeueable deps ti=<TaskInstance: ml_models.wait_for_prediction_features scheduled__2025-12-26T00:00:00+00:00 [queued]>
[2025-12-27T18:29:26.772+0000] {taskinstance.py:2170} INFO - Starting attempt 1 of 1
[2025-12-27T18:29:26.794+0000] {taskinstance.py:2191} INFO - Executing <Task(ExternalTaskSensor): wait_for_prediction_features> on 2025-12-26 00:00:00+00:00
[2025-12-27T18:29:26.803+0000] {standard_task_runner.py:60} INFO - Started process 966 to run task
[2025-12-27T18:29:26.811+0000] {standard_task_runner.py:87} INFO - Running: ['***', 'tasks', 'run', 'ml_models', 'wait_for_prediction_features', 'scheduled__2025-12-26T00:00:00+00:00', '--job-id', '26', '--raw', '--subdir', 'DAGS_FOLDER/ml_models.py', '--cfg-path', '/tmp/tmpw9yrtflc']
[2025-12-27T18:29:26.818+0000] {standard_task_runner.py:88} INFO - Job 26: Subtask wait_for_prediction_features
[2025-12-27T18:29:26.923+0000] {task_command.py:423} INFO - Running <TaskInstance: ml_models.wait_for_prediction_features scheduled__2025-12-26T00:00:00+00:00 [running]> on host 6c84c95fdea2
[2025-12-27T18:29:27.061+0000] {taskinstance.py:2480} INFO - Exporting env vars: AIRFLOW_CTX_DAG_OWNER='***' AIRFLOW_CTX_DAG_ID='ml_models' AIRFLOW_CTX_TASK_ID='wait_for_prediction_features' AIRFLOW_CTX_EXECUTION_DATE='2025-12-26T00:00:00+00:00' AIRFLOW_CTX_TRY_NUMBER='1' AIRFLOW_CTX_DAG_RUN_ID='scheduled__2025-12-26T00:00:00+00:00'
[2025-12-27T18:29:27.077+0000] {external_task.py:260} INFO - Poking for DAG 'build_prediction_features' on 2025-12-26T00:00:00+00:00 ... 
[2025-12-27T18:29:27.156+0000] {taskinstance.py:2658} INFO - Rescheduling task, marking task as UP_FOR_RESCHEDULE
[2025-12-27T18:29:27.186+0000] {local_task_job_runner.py:234} INFO - Task exited with return code 0
[2025-12-27T18:29:27.225+0000] {taskinstance.py:3280} INFO - 0 downstream tasks scheduled from follow-on schedule check
[2025-12-27T18:30:27.588+0000] {taskinstance.py:1956} INFO - Dependencies all met for dep_context=non-requeueable deps ti=<TaskInstance: ml_models.wait_for_prediction_features scheduled__2025-12-26T00:00:00+00:00 [queued]>
[2025-12-27T18:30:27.601+0000] {taskinstance.py:1956} INFO - Dependencies all met for dep_context=requeueable deps ti=<TaskInstance: ml_models.wait_for_prediction_features scheduled__2025-12-26T00:00:00+00:00 [queued]>
[2025-12-27T18:30:27.602+0000] {taskinstance.py:2170} INFO - Starting attempt 1 of 1
[2025-12-27T18:30:27.622+0000] {taskinstance.py:2191} INFO - Executing <Task(ExternalTaskSensor): wait_for_prediction_features> on 2025-12-26 00:00:00+00:00
[2025-12-27T18:30:27.636+0000] {standard_task_runner.py:60} INFO - Started process 1009 to run task
[2025-12-27T18:30:27.643+0000] {standard_task_runner.py:87} INFO - Running: ['***', 'tasks', 'run', 'ml_models', 'wait_for_prediction_features', 'scheduled__2025-12-26T00:00:00+00:00', '--job-id', '28', '--raw', '--subdir', 'DAGS_FOLDER/ml_models.py', '--cfg-path', '/tmp/tmpalbi3c7q']
[2025-12-27T18:30:27.648+0000] {standard_task_runner.py:88} INFO - Job 28: Subtask wait_for_prediction_features
[2025-12-27T18:30:27.763+0000] {task_command.py:423} INFO - Running <TaskInstance: ml_models.wait_for_prediction_features scheduled__2025-12-26T00:00:00+00:00 [running]> on host 6c84c95fdea2
[2025-12-27T18:30:27.898+0000] {taskinstance.py:2480} INFO - Exporting env vars: AIRFLOW_CTX_DAG_OWNER='***' AIRFLOW_CTX_DAG_ID='ml_models' AIRFLOW_CTX_TASK_ID='wait_for_prediction_features' AIRFLOW_CTX_EXECUTION_DATE='2025-12-26T00:00:00+00:00' AIRFLOW_CTX_TRY_NUMBER='1' AIRFLOW_CTX_DAG_RUN_ID='scheduled__2025-12-26T00:00:00+00:00'
[2025-12-27T18:30:27.915+0000] {external_task.py:260} INFO - Poking for DAG 'build_prediction_features' on 2025-12-26T00:00:00+00:00 ... 
[2025-12-27T18:30:27.999+0000] {taskinstance.py:2658} INFO - Rescheduling task, marking task as UP_FOR_RESCHEDULE
[2025-12-27T18:30:28.017+0000] {local_task_job_runner.py:234} INFO - Task exited with return code 0
[2025-12-27T18:30:28.072+0000] {taskinstance.py:3280} INFO - 0 downstream tasks scheduled from follow-on schedule check
[2025-12-27T18:31:28.732+0000] {taskinstance.py:1956} INFO - Dependencies all met for dep_context=non-requeueable deps ti=<TaskInstance: ml_models.wait_for_prediction_features scheduled__2025-12-26T00:00:00+00:00 [queued]>
[2025-12-27T18:31:28.748+0000] {taskinstance.py:1956} INFO - Dependencies all met for dep_context=requeueable deps ti=<TaskInstance: ml_models.wait_for_prediction_features scheduled__2025-12-26T00:00:00+00:00 [queued]>
[2025-12-27T18:31:28.749+0000] {taskinstance.py:2170} INFO - Starting attempt 1 of 1
[2025-12-27T18:31:28.769+0000] {taskinstance.py:2191} INFO - Executing <Task(ExternalTaskSensor): wait_for_prediction_features> on 2025-12-26 00:00:00+00:00
[2025-12-27T18:31:28.781+0000] {standard_task_runner.py:60} INFO - Started process 1054 to run task
[2025-12-27T18:31:28.789+0000] {standard_task_runner.py:87} INFO - Running: ['***', 'tasks', 'run', 'ml_models', 'wait_for_prediction_features', 'scheduled__2025-12-26T00:00:00+00:00', '--job-id', '31', '--raw', '--subdir', 'DAGS_FOLDER/ml_models.py', '--cfg-path', '/tmp/tmpsaqly74o']
[2025-12-27T18:31:28.795+0000] {standard_task_runner.py:88} INFO - Job 31: Subtask wait_for_prediction_features
[2025-12-27T18:31:28.893+0000] {task_command.py:423} INFO - Running <TaskInstance: ml_models.wait_for_prediction_features scheduled__2025-12-26T00:00:00+00:00 [running]> on host 6c84c95fdea2
[2025-12-27T18:31:29.096+0000] {taskinstance.py:2480} INFO - Exporting env vars: AIRFLOW_CTX_DAG_OWNER='***' AIRFLOW_CTX_DAG_ID='ml_models' AIRFLOW_CTX_TASK_ID='wait_for_prediction_features' AIRFLOW_CTX_EXECUTION_DATE='2025-12-26T00:00:00+00:00' AIRFLOW_CTX_TRY_NUMBER='1' AIRFLOW_CTX_DAG_RUN_ID='scheduled__2025-12-26T00:00:00+00:00'
[2025-12-27T18:31:29.113+0000] {external_task.py:260} INFO - Poking for DAG 'build_prediction_features' on 2025-12-26T00:00:00+00:00 ... 
[2025-12-27T18:31:29.223+0000] {taskinstance.py:2658} INFO - Rescheduling task, marking task as UP_FOR_RESCHEDULE
[2025-12-27T18:31:29.245+0000] {local_task_job_runner.py:234} INFO - Task exited with return code 0
[2025-12-27T18:31:29.297+0000] {taskinstance.py:3280} INFO - 0 downstream tasks scheduled from follow-on schedule check
[2025-12-27T18:32:30.053+0000] {taskinstance.py:1956} INFO - Dependencies all met for dep_context=non-requeueable deps ti=<TaskInstance: ml_models.wait_for_prediction_features scheduled__2025-12-26T00:00:00+00:00 [queued]>
[2025-12-27T18:32:30.067+0000] {taskinstance.py:1956} INFO - Dependencies all met for dep_context=requeueable deps ti=<TaskInstance: ml_models.wait_for_prediction_features scheduled__2025-12-26T00:00:00+00:00 [queued]>
[2025-12-27T18:32:30.068+0000] {taskinstance.py:2170} INFO - Starting attempt 1 of 1
[2025-12-27T18:32:30.089+0000] {taskinstance.py:2191} INFO - Executing <Task(ExternalTaskSensor): wait_for_prediction_features> on 2025-12-26 00:00:00+00:00
[2025-12-27T18:32:30.099+0000] {standard_task_runner.py:60} INFO - Started process 1098 to run task
[2025-12-27T18:32:30.108+0000] {standard_task_runner.py:87} INFO - Running: ['***', 'tasks', 'run', 'ml_models', 'wait_for_prediction_features', 'scheduled__2025-12-26T00:00:00+00:00', '--job-id', '32', '--raw', '--subdir', 'DAGS_FOLDER/ml_models.py', '--cfg-path', '/tmp/tmpz1sz4qeu']
[2025-12-27T18:32:30.112+0000] {standard_task_runner.py:88} INFO - Job 32: Subtask wait_for_prediction_features
[2025-12-27T18:32:30.215+0000] {task_command.py:423} INFO - Running <TaskInstance: ml_models.wait_for_prediction_features scheduled__2025-12-26T00:00:00+00:00 [running]> on host 6c84c95fdea2
[2025-12-27T18:32:30.356+0000] {taskinstance.py:2480} INFO - Exporting env vars: AIRFLOW_CTX_DAG_OWNER='***' AIRFLOW_CTX_DAG_ID='ml_models' AIRFLOW_CTX_TASK_ID='wait_for_prediction_features' AIRFLOW_CTX_EXECUTION_DATE='2025-12-26T00:00:00+00:00' AIRFLOW_CTX_TRY_NUMBER='1' AIRFLOW_CTX_DAG_RUN_ID='scheduled__2025-12-26T00:00:00+00:00'
[2025-12-27T18:32:30.371+0000] {external_task.py:260} INFO - Poking for DAG 'build_prediction_features' on 2025-12-26T00:00:00+00:00 ... 
[2025-12-27T18:32:30.416+0000] {taskinstance.py:2658} INFO - Rescheduling task, marking task as UP_FOR_RESCHEDULE
[2025-12-27T18:32:30.441+0000] {local_task_job_runner.py:234} INFO - Task exited with return code 0
[2025-12-27T18:32:30.486+0000] {taskinstance.py:3280} INFO - 0 downstream tasks scheduled from follow-on schedule check
[2025-12-27T18:33:30.953+0000] {taskinstance.py:1956} INFO - Dependencies all met for dep_context=non-requeueable deps ti=<TaskInstance: ml_models.wait_for_prediction_features scheduled__2025-12-26T00:00:00+00:00 [queued]>
[2025-12-27T18:33:30.968+0000] {taskinstance.py:1956} INFO - Dependencies all met for dep_context=requeueable deps ti=<TaskInstance: ml_models.wait_for_prediction_features scheduled__2025-12-26T00:00:00+00:00 [queued]>
[2025-12-27T18:33:30.969+0000] {taskinstance.py:2170} INFO - Starting attempt 1 of 1
[2025-12-27T18:33:30.988+0000] {taskinstance.py:2191} INFO - Executing <Task(ExternalTaskSensor): wait_for_prediction_features> on 2025-12-26 00:00:00+00:00
[2025-12-27T18:33:30.998+0000] {standard_task_runner.py:60} INFO - Started process 1142 to run task
[2025-12-27T18:33:31.006+0000] {standard_task_runner.py:87} INFO - Running: ['***', 'tasks', 'run', 'ml_models', 'wait_for_prediction_features', 'scheduled__2025-12-26T00:00:00+00:00', '--job-id', '35', '--raw', '--subdir', 'DAGS_FOLDER/ml_models.py', '--cfg-path', '/tmp/tmpkq7iib11']
[2025-12-27T18:33:31.011+0000] {standard_task_runner.py:88} INFO - Job 35: Subtask wait_for_prediction_features
[2025-12-27T18:33:31.108+0000] {task_command.py:423} INFO - Running <TaskInstance: ml_models.wait_for_prediction_features scheduled__2025-12-26T00:00:00+00:00 [running]> on host 6c84c95fdea2
[2025-12-27T18:33:31.281+0000] {taskinstance.py:2480} INFO - Exporting env vars: AIRFLOW_CTX_DAG_OWNER='***' AIRFLOW_CTX_DAG_ID='ml_models' AIRFLOW_CTX_TASK_ID='wait_for_prediction_features' AIRFLOW_CTX_EXECUTION_DATE='2025-12-26T00:00:00+00:00' AIRFLOW_CTX_TRY_NUMBER='1' AIRFLOW_CTX_DAG_RUN_ID='scheduled__2025-12-26T00:00:00+00:00'
[2025-12-27T18:33:31.300+0000] {external_task.py:260} INFO - Poking for DAG 'build_prediction_features' on 2025-12-26T00:00:00+00:00 ... 
[2025-12-27T18:33:31.380+0000] {taskinstance.py:2658} INFO - Rescheduling task, marking task as UP_FOR_RESCHEDULE
[2025-12-27T18:33:31.421+0000] {local_task_job_runner.py:234} INFO - Task exited with return code 0
[2025-12-27T18:33:31.475+0000] {taskinstance.py:3280} INFO - 0 downstream tasks scheduled from follow-on schedule check
[2025-12-27T18:34:32.009+0000] {taskinstance.py:1956} INFO - Dependencies all met for dep_context=non-requeueable deps ti=<TaskInstance: ml_models.wait_for_prediction_features scheduled__2025-12-26T00:00:00+00:00 [queued]>
[2025-12-27T18:34:32.021+0000] {taskinstance.py:1956} INFO - Dependencies all met for dep_context=requeueable deps ti=<TaskInstance: ml_models.wait_for_prediction_features scheduled__2025-12-26T00:00:00+00:00 [queued]>
[2025-12-27T18:34:32.022+0000] {taskinstance.py:2170} INFO - Starting attempt 1 of 1
[2025-12-27T18:34:32.050+0000] {taskinstance.py:2191} INFO - Executing <Task(ExternalTaskSensor): wait_for_prediction_features> on 2025-12-26 00:00:00+00:00
[2025-12-27T18:34:32.063+0000] {standard_task_runner.py:60} INFO - Started process 1186 to run task
[2025-12-27T18:34:32.071+0000] {standard_task_runner.py:87} INFO - Running: ['***', 'tasks', 'run', 'ml_models', 'wait_for_prediction_features', 'scheduled__2025-12-26T00:00:00+00:00', '--job-id', '37', '--raw', '--subdir', 'DAGS_FOLDER/ml_models.py', '--cfg-path', '/tmp/tmpxkekxv3_']
[2025-12-27T18:34:32.078+0000] {standard_task_runner.py:88} INFO - Job 37: Subtask wait_for_prediction_features
[2025-12-27T18:34:32.184+0000] {task_command.py:423} INFO - Running <TaskInstance: ml_models.wait_for_prediction_features scheduled__2025-12-26T00:00:00+00:00 [running]> on host 6c84c95fdea2
[2025-12-27T18:34:32.354+0000] {taskinstance.py:2480} INFO - Exporting env vars: AIRFLOW_CTX_DAG_OWNER='***' AIRFLOW_CTX_DAG_ID='ml_models' AIRFLOW_CTX_TASK_ID='wait_for_prediction_features' AIRFLOW_CTX_EXECUTION_DATE='2025-12-26T00:00:00+00:00' AIRFLOW_CTX_TRY_NUMBER='1' AIRFLOW_CTX_DAG_RUN_ID='scheduled__2025-12-26T00:00:00+00:00'
[2025-12-27T18:34:32.371+0000] {external_task.py:260} INFO - Poking for DAG 'build_prediction_features' on 2025-12-26T00:00:00+00:00 ... 
[2025-12-27T18:34:32.454+0000] {taskinstance.py:2658} INFO - Rescheduling task, marking task as UP_FOR_RESCHEDULE
[2025-12-27T18:34:32.487+0000] {local_task_job_runner.py:234} INFO - Task exited with return code 0
[2025-12-27T18:34:32.535+0000] {taskinstance.py:3280} INFO - 0 downstream tasks scheduled from follow-on schedule check
[2025-12-27T18:35:33.274+0000] {taskinstance.py:1956} INFO - Dependencies all met for dep_context=non-requeueable deps ti=<TaskInstance: ml_models.wait_for_prediction_features scheduled__2025-12-26T00:00:00+00:00 [queued]>
[2025-12-27T18:35:33.287+0000] {taskinstance.py:1956} INFO - Dependencies all met for dep_context=requeueable deps ti=<TaskInstance: ml_models.wait_for_prediction_features scheduled__2025-12-26T00:00:00+00:00 [queued]>
[2025-12-27T18:35:33.288+0000] {taskinstance.py:2170} INFO - Starting attempt 1 of 1
[2025-12-27T18:35:33.313+0000] {taskinstance.py:2191} INFO - Executing <Task(ExternalTaskSensor): wait_for_prediction_features> on 2025-12-26 00:00:00+00:00
[2025-12-27T18:35:33.326+0000] {standard_task_runner.py:60} INFO - Started process 1229 to run task
[2025-12-27T18:35:33.335+0000] {standard_task_runner.py:87} INFO - Running: ['***', 'tasks', 'run', 'ml_models', 'wait_for_prediction_features', 'scheduled__2025-12-26T00:00:00+00:00', '--job-id', '38', '--raw', '--subdir', 'DAGS_FOLDER/ml_models.py', '--cfg-path', '/tmp/tmplvpgif4j']
[2025-12-27T18:35:33.341+0000] {standard_task_runner.py:88} INFO - Job 38: Subtask wait_for_prediction_features
[2025-12-27T18:35:33.448+0000] {task_command.py:423} INFO - Running <TaskInstance: ml_models.wait_for_prediction_features scheduled__2025-12-26T00:00:00+00:00 [running]> on host 6c84c95fdea2
[2025-12-27T18:35:33.598+0000] {taskinstance.py:2480} INFO - Exporting env vars: AIRFLOW_CTX_DAG_OWNER='***' AIRFLOW_CTX_DAG_ID='ml_models' AIRFLOW_CTX_TASK_ID='wait_for_prediction_features' AIRFLOW_CTX_EXECUTION_DATE='2025-12-26T00:00:00+00:00' AIRFLOW_CTX_TRY_NUMBER='1' AIRFLOW_CTX_DAG_RUN_ID='scheduled__2025-12-26T00:00:00+00:00'
[2025-12-27T18:35:33.615+0000] {external_task.py:260} INFO - Poking for DAG 'build_prediction_features' on 2025-12-26T00:00:00+00:00 ... 
[2025-12-27T18:35:33.697+0000] {taskinstance.py:2658} INFO - Rescheduling task, marking task as UP_FOR_RESCHEDULE
[2025-12-27T18:35:33.750+0000] {local_task_job_runner.py:234} INFO - Task exited with return code 0
[2025-12-27T18:35:33.795+0000] {taskinstance.py:3280} INFO - 0 downstream tasks scheduled from follow-on schedule check
[2025-12-27T18:36:34.536+0000] {taskinstance.py:1956} INFO - Dependencies all met for dep_context=non-requeueable deps ti=<TaskInstance: ml_models.wait_for_prediction_features scheduled__2025-12-26T00:00:00+00:00 [queued]>
[2025-12-27T18:36:34.556+0000] {taskinstance.py:1956} INFO - Dependencies all met for dep_context=requeueable deps ti=<TaskInstance: ml_models.wait_for_prediction_features scheduled__2025-12-26T00:00:00+00:00 [queued]>
[2025-12-27T18:36:34.557+0000] {taskinstance.py:2170} INFO - Starting attempt 1 of 1
[2025-12-27T18:36:34.578+0000] {taskinstance.py:2191} INFO - Executing <Task(ExternalTaskSensor): wait_for_prediction_features> on 2025-12-26 00:00:00+00:00
[2025-12-27T18:36:34.588+0000] {standard_task_runner.py:60} INFO - Started process 1273 to run task
[2025-12-27T18:36:34.597+0000] {standard_task_runner.py:87} INFO - Running: ['***', 'tasks', 'run', 'ml_models', 'wait_for_prediction_features', 'scheduled__2025-12-26T00:00:00+00:00', '--job-id', '40', '--raw', '--subdir', 'DAGS_FOLDER/ml_models.py', '--cfg-path', '/tmp/tmp4ulf6q_g']
[2025-12-27T18:36:34.603+0000] {standard_task_runner.py:88} INFO - Job 40: Subtask wait_for_prediction_features
[2025-12-27T18:36:34.700+0000] {task_command.py:423} INFO - Running <TaskInstance: ml_models.wait_for_prediction_features scheduled__2025-12-26T00:00:00+00:00 [running]> on host 6c84c95fdea2
[2025-12-27T18:36:34.861+0000] {taskinstance.py:2480} INFO - Exporting env vars: AIRFLOW_CTX_DAG_OWNER='***' AIRFLOW_CTX_DAG_ID='ml_models' AIRFLOW_CTX_TASK_ID='wait_for_prediction_features' AIRFLOW_CTX_EXECUTION_DATE='2025-12-26T00:00:00+00:00' AIRFLOW_CTX_TRY_NUMBER='1' AIRFLOW_CTX_DAG_RUN_ID='scheduled__2025-12-26T00:00:00+00:00'
[2025-12-27T18:36:34.875+0000] {external_task.py:260} INFO - Poking for DAG 'build_prediction_features' on 2025-12-26T00:00:00+00:00 ... 
[2025-12-27T18:36:34.962+0000] {taskinstance.py:2658} INFO - Rescheduling task, marking task as UP_FOR_RESCHEDULE
[2025-12-27T18:36:35.012+0000] {local_task_job_runner.py:234} INFO - Task exited with return code 0
[2025-12-27T18:36:35.053+0000] {taskinstance.py:3280} INFO - 0 downstream tasks scheduled from follow-on schedule check
[2025-12-27T18:37:36.274+0000] {taskinstance.py:1956} INFO - Dependencies all met for dep_context=non-requeueable deps ti=<TaskInstance: ml_models.wait_for_prediction_features scheduled__2025-12-26T00:00:00+00:00 [queued]>
[2025-12-27T18:37:36.288+0000] {taskinstance.py:1956} INFO - Dependencies all met for dep_context=requeueable deps ti=<TaskInstance: ml_models.wait_for_prediction_features scheduled__2025-12-26T00:00:00+00:00 [queued]>
[2025-12-27T18:37:36.289+0000] {taskinstance.py:2170} INFO - Starting attempt 1 of 1
[2025-12-27T18:37:36.308+0000] {taskinstance.py:2191} INFO - Executing <Task(ExternalTaskSensor): wait_for_prediction_features> on 2025-12-26 00:00:00+00:00
[2025-12-27T18:37:36.320+0000] {standard_task_runner.py:60} INFO - Started process 1320 to run task
[2025-12-27T18:37:36.328+0000] {standard_task_runner.py:87} INFO - Running: ['***', 'tasks', 'run', 'ml_models', 'wait_for_prediction_features', 'scheduled__2025-12-26T00:00:00+00:00', '--job-id', '43', '--raw', '--subdir', 'DAGS_FOLDER/ml_models.py', '--cfg-path', '/tmp/tmppme299yi']
[2025-12-27T18:37:36.334+0000] {standard_task_runner.py:88} INFO - Job 43: Subtask wait_for_prediction_features
[2025-12-27T18:37:36.445+0000] {task_command.py:423} INFO - Running <TaskInstance: ml_models.wait_for_prediction_features scheduled__2025-12-26T00:00:00+00:00 [running]> on host 6c84c95fdea2
[2025-12-27T18:37:36.618+0000] {taskinstance.py:2480} INFO - Exporting env vars: AIRFLOW_CTX_DAG_OWNER='***' AIRFLOW_CTX_DAG_ID='ml_models' AIRFLOW_CTX_TASK_ID='wait_for_prediction_features' AIRFLOW_CTX_EXECUTION_DATE='2025-12-26T00:00:00+00:00' AIRFLOW_CTX_TRY_NUMBER='1' AIRFLOW_CTX_DAG_RUN_ID='scheduled__2025-12-26T00:00:00+00:00'
[2025-12-27T18:37:36.637+0000] {external_task.py:260} INFO - Poking for DAG 'build_prediction_features' on 2025-12-26T00:00:00+00:00 ... 
[2025-12-27T18:37:36.730+0000] {taskinstance.py:2658} INFO - Rescheduling task, marking task as UP_FOR_RESCHEDULE
[2025-12-27T18:37:36.783+0000] {local_task_job_runner.py:234} INFO - Task exited with return code 0
[2025-12-27T18:37:36.836+0000] {taskinstance.py:3280} INFO - 0 downstream tasks scheduled from follow-on schedule check
[2025-12-27T18:38:37.207+0000] {taskinstance.py:1956} INFO - Dependencies all met for dep_context=non-requeueable deps ti=<TaskInstance: ml_models.wait_for_prediction_features scheduled__2025-12-26T00:00:00+00:00 [queued]>
[2025-12-27T18:38:37.222+0000] {taskinstance.py:1956} INFO - Dependencies all met for dep_context=requeueable deps ti=<TaskInstance: ml_models.wait_for_prediction_features scheduled__2025-12-26T00:00:00+00:00 [queued]>
[2025-12-27T18:38:37.223+0000] {taskinstance.py:2170} INFO - Starting attempt 1 of 1
[2025-12-27T18:38:37.250+0000] {taskinstance.py:2191} INFO - Executing <Task(ExternalTaskSensor): wait_for_prediction_features> on 2025-12-26 00:00:00+00:00
[2025-12-27T18:38:37.263+0000] {standard_task_runner.py:60} INFO - Started process 1363 to run task
[2025-12-27T18:38:37.272+0000] {standard_task_runner.py:87} INFO - Running: ['***', 'tasks', 'run', 'ml_models', 'wait_for_prediction_features', 'scheduled__2025-12-26T00:00:00+00:00', '--job-id', '45', '--raw', '--subdir', 'DAGS_FOLDER/ml_models.py', '--cfg-path', '/tmp/tmpm209o2ix']
[2025-12-27T18:38:37.279+0000] {standard_task_runner.py:88} INFO - Job 45: Subtask wait_for_prediction_features
[2025-12-27T18:38:37.433+0000] {task_command.py:423} INFO - Running <TaskInstance: ml_models.wait_for_prediction_features scheduled__2025-12-26T00:00:00+00:00 [running]> on host 6c84c95fdea2
[2025-12-27T18:38:37.577+0000] {taskinstance.py:2480} INFO - Exporting env vars: AIRFLOW_CTX_DAG_OWNER='***' AIRFLOW_CTX_DAG_ID='ml_models' AIRFLOW_CTX_TASK_ID='wait_for_prediction_features' AIRFLOW_CTX_EXECUTION_DATE='2025-12-26T00:00:00+00:00' AIRFLOW_CTX_TRY_NUMBER='1' AIRFLOW_CTX_DAG_RUN_ID='scheduled__2025-12-26T00:00:00+00:00'
[2025-12-27T18:38:37.594+0000] {external_task.py:260} INFO - Poking for DAG 'build_prediction_features' on 2025-12-26T00:00:00+00:00 ... 
[2025-12-27T18:38:37.638+0000] {taskinstance.py:2658} INFO - Rescheduling task, marking task as UP_FOR_RESCHEDULE
[2025-12-27T18:38:37.685+0000] {local_task_job_runner.py:234} INFO - Task exited with return code 0
[2025-12-27T18:38:37.729+0000] {taskinstance.py:3280} INFO - 0 downstream tasks scheduled from follow-on schedule check
[2025-12-27T18:39:38.590+0000] {taskinstance.py:1956} INFO - Dependencies all met for dep_context=non-requeueable deps ti=<TaskInstance: ml_models.wait_for_prediction_features scheduled__2025-12-26T00:00:00+00:00 [queued]>
[2025-12-27T18:39:38.602+0000] {taskinstance.py:1956} INFO - Dependencies all met for dep_context=requeueable deps ti=<TaskInstance: ml_models.wait_for_prediction_features scheduled__2025-12-26T00:00:00+00:00 [queued]>
[2025-12-27T18:39:38.604+0000] {taskinstance.py:2170} INFO - Starting attempt 1 of 1
[2025-12-27T18:39:38.624+0000] {taskinstance.py:2191} INFO - Executing <Task(ExternalTaskSensor): wait_for_prediction_features> on 2025-12-26 00:00:00+00:00
[2025-12-27T18:39:38.632+0000] {standard_task_runner.py:60} INFO - Started process 218 to run task
[2025-12-27T18:39:38.640+0000] {standard_task_runner.py:87} INFO - Running: ['***', 'tasks', 'run', 'ml_models', 'wait_for_prediction_features', 'scheduled__2025-12-26T00:00:00+00:00', '--job-id', '48', '--raw', '--subdir', 'DAGS_FOLDER/ml_models.py', '--cfg-path', '/tmp/tmpm35yn2wv']
[2025-12-27T18:39:38.644+0000] {standard_task_runner.py:88} INFO - Job 48: Subtask wait_for_prediction_features
[2025-12-27T18:39:38.756+0000] {task_command.py:423} INFO - Running <TaskInstance: ml_models.wait_for_prediction_features scheduled__2025-12-26T00:00:00+00:00 [running]> on host 6c84c95fdea2
[2025-12-27T18:39:38.898+0000] {taskinstance.py:2480} INFO - Exporting env vars: AIRFLOW_CTX_DAG_OWNER='***' AIRFLOW_CTX_DAG_ID='ml_models' AIRFLOW_CTX_TASK_ID='wait_for_prediction_features' AIRFLOW_CTX_EXECUTION_DATE='2025-12-26T00:00:00+00:00' AIRFLOW_CTX_TRY_NUMBER='1' AIRFLOW_CTX_DAG_RUN_ID='scheduled__2025-12-26T00:00:00+00:00'
[2025-12-27T18:39:38.916+0000] {external_task.py:260} INFO - Poking for DAG 'build_prediction_features' on 2025-12-26T00:00:00+00:00 ... 
[2025-12-27T18:39:38.974+0000] {taskinstance.py:2658} INFO - Rescheduling task, marking task as UP_FOR_RESCHEDULE
[2025-12-27T18:39:39.014+0000] {local_task_job_runner.py:234} INFO - Task exited with return code 0
[2025-12-27T18:39:39.059+0000] {taskinstance.py:3280} INFO - 0 downstream tasks scheduled from follow-on schedule check
[2025-12-27T18:40:39.989+0000] {taskinstance.py:1956} INFO - Dependencies all met for dep_context=non-requeueable deps ti=<TaskInstance: ml_models.wait_for_prediction_features scheduled__2025-12-26T00:00:00+00:00 [queued]>
[2025-12-27T18:40:40.004+0000] {taskinstance.py:1956} INFO - Dependencies all met for dep_context=requeueable deps ti=<TaskInstance: ml_models.wait_for_prediction_features scheduled__2025-12-26T00:00:00+00:00 [queued]>
[2025-12-27T18:40:40.005+0000] {taskinstance.py:2170} INFO - Starting attempt 1 of 1
[2025-12-27T18:40:40.027+0000] {taskinstance.py:2191} INFO - Executing <Task(ExternalTaskSensor): wait_for_prediction_features> on 2025-12-26 00:00:00+00:00
[2025-12-27T18:40:40.038+0000] {standard_task_runner.py:60} INFO - Started process 262 to run task
[2025-12-27T18:40:40.045+0000] {standard_task_runner.py:87} INFO - Running: ['***', 'tasks', 'run', 'ml_models', 'wait_for_prediction_features', 'scheduled__2025-12-26T00:00:00+00:00', '--job-id', '50', '--raw', '--subdir', 'DAGS_FOLDER/ml_models.py', '--cfg-path', '/tmp/tmpx0hiy2bw']
[2025-12-27T18:40:40.051+0000] {standard_task_runner.py:88} INFO - Job 50: Subtask wait_for_prediction_features
[2025-12-27T18:40:40.146+0000] {task_command.py:423} INFO - Running <TaskInstance: ml_models.wait_for_prediction_features scheduled__2025-12-26T00:00:00+00:00 [running]> on host 6c84c95fdea2
[2025-12-27T18:40:40.269+0000] {taskinstance.py:2480} INFO - Exporting env vars: AIRFLOW_CTX_DAG_OWNER='***' AIRFLOW_CTX_DAG_ID='ml_models' AIRFLOW_CTX_TASK_ID='wait_for_prediction_features' AIRFLOW_CTX_EXECUTION_DATE='2025-12-26T00:00:00+00:00' AIRFLOW_CTX_TRY_NUMBER='1' AIRFLOW_CTX_DAG_RUN_ID='scheduled__2025-12-26T00:00:00+00:00'
[2025-12-27T18:40:40.286+0000] {external_task.py:260} INFO - Poking for DAG 'build_prediction_features' on 2025-12-26T00:00:00+00:00 ... 
[2025-12-27T18:40:40.368+0000] {taskinstance.py:2658} INFO - Rescheduling task, marking task as UP_FOR_RESCHEDULE
[2025-12-27T18:40:40.419+0000] {local_task_job_runner.py:234} INFO - Task exited with return code 0
[2025-12-27T18:40:40.458+0000] {taskinstance.py:3280} INFO - 0 downstream tasks scheduled from follow-on schedule check
[2025-12-27T18:41:41.066+0000] {taskinstance.py:1956} INFO - Dependencies all met for dep_context=non-requeueable deps ti=<TaskInstance: ml_models.wait_for_prediction_features scheduled__2025-12-26T00:00:00+00:00 [queued]>
[2025-12-27T18:41:41.081+0000] {taskinstance.py:1956} INFO - Dependencies all met for dep_context=requeueable deps ti=<TaskInstance: ml_models.wait_for_prediction_features scheduled__2025-12-26T00:00:00+00:00 [queued]>
[2025-12-27T18:41:41.082+0000] {taskinstance.py:2170} INFO - Starting attempt 1 of 1
[2025-12-27T18:41:41.143+0000] {taskinstance.py:2191} INFO - Executing <Task(ExternalTaskSensor): wait_for_prediction_features> on 2025-12-26 00:00:00+00:00
[2025-12-27T18:41:41.154+0000] {standard_task_runner.py:60} INFO - Started process 305 to run task
[2025-12-27T18:41:41.162+0000] {standard_task_runner.py:87} INFO - Running: ['***', 'tasks', 'run', 'ml_models', 'wait_for_prediction_features', 'scheduled__2025-12-26T00:00:00+00:00', '--job-id', '52', '--raw', '--subdir', 'DAGS_FOLDER/ml_models.py', '--cfg-path', '/tmp/tmpgqn3mi_k']
[2025-12-27T18:41:41.167+0000] {standard_task_runner.py:88} INFO - Job 52: Subtask wait_for_prediction_features
[2025-12-27T18:41:41.282+0000] {task_command.py:423} INFO - Running <TaskInstance: ml_models.wait_for_prediction_features scheduled__2025-12-26T00:00:00+00:00 [running]> on host 6c84c95fdea2
[2025-12-27T18:41:41.463+0000] {taskinstance.py:2480} INFO - Exporting env vars: AIRFLOW_CTX_DAG_OWNER='***' AIRFLOW_CTX_DAG_ID='ml_models' AIRFLOW_CTX_TASK_ID='wait_for_prediction_features' AIRFLOW_CTX_EXECUTION_DATE='2025-12-26T00:00:00+00:00' AIRFLOW_CTX_TRY_NUMBER='1' AIRFLOW_CTX_DAG_RUN_ID='scheduled__2025-12-26T00:00:00+00:00'
[2025-12-27T18:41:41.482+0000] {external_task.py:260} INFO - Poking for DAG 'build_prediction_features' on 2025-12-26T00:00:00+00:00 ... 
[2025-12-27T18:41:41.537+0000] {taskinstance.py:2658} INFO - Rescheduling task, marking task as UP_FOR_RESCHEDULE
[2025-12-27T18:41:41.576+0000] {local_task_job_runner.py:234} INFO - Task exited with return code 0
[2025-12-27T18:41:41.634+0000] {taskinstance.py:3280} INFO - 0 downstream tasks scheduled from follow-on schedule check
[2025-12-27T18:42:42.414+0000] {taskinstance.py:1956} INFO - Dependencies all met for dep_context=non-requeueable deps ti=<TaskInstance: ml_models.wait_for_prediction_features scheduled__2025-12-26T00:00:00+00:00 [queued]>
[2025-12-27T18:42:42.430+0000] {taskinstance.py:1956} INFO - Dependencies all met for dep_context=requeueable deps ti=<TaskInstance: ml_models.wait_for_prediction_features scheduled__2025-12-26T00:00:00+00:00 [queued]>
[2025-12-27T18:42:42.431+0000] {taskinstance.py:2170} INFO - Starting attempt 1 of 1
[2025-12-27T18:42:42.489+0000] {taskinstance.py:2191} INFO - Executing <Task(ExternalTaskSensor): wait_for_prediction_features> on 2025-12-26 00:00:00+00:00
[2025-12-27T18:42:42.503+0000] {standard_task_runner.py:60} INFO - Started process 351 to run task
[2025-12-27T18:42:42.512+0000] {standard_task_runner.py:87} INFO - Running: ['***', 'tasks', 'run', 'ml_models', 'wait_for_prediction_features', 'scheduled__2025-12-26T00:00:00+00:00', '--job-id', '56', '--raw', '--subdir', 'DAGS_FOLDER/ml_models.py', '--cfg-path', '/tmp/tmpudgpvrq6']
[2025-12-27T18:42:42.518+0000] {standard_task_runner.py:88} INFO - Job 56: Subtask wait_for_prediction_features
[2025-12-27T18:42:42.623+0000] {task_command.py:423} INFO - Running <TaskInstance: ml_models.wait_for_prediction_features scheduled__2025-12-26T00:00:00+00:00 [running]> on host 6c84c95fdea2
[2025-12-27T18:42:42.793+0000] {taskinstance.py:2480} INFO - Exporting env vars: AIRFLOW_CTX_DAG_OWNER='***' AIRFLOW_CTX_DAG_ID='ml_models' AIRFLOW_CTX_TASK_ID='wait_for_prediction_features' AIRFLOW_CTX_EXECUTION_DATE='2025-12-26T00:00:00+00:00' AIRFLOW_CTX_TRY_NUMBER='1' AIRFLOW_CTX_DAG_RUN_ID='scheduled__2025-12-26T00:00:00+00:00'
[2025-12-27T18:42:42.810+0000] {external_task.py:260} INFO - Poking for DAG 'build_prediction_features' on 2025-12-26T00:00:00+00:00 ... 
[2025-12-27T18:42:42.859+0000] {taskinstance.py:2658} INFO - Rescheduling task, marking task as UP_FOR_RESCHEDULE
[2025-12-27T18:42:42.886+0000] {local_task_job_runner.py:234} INFO - Task exited with return code 0
[2025-12-27T18:42:42.931+0000] {taskinstance.py:3280} INFO - 0 downstream tasks scheduled from follow-on schedule check
[2025-12-27T18:43:43.533+0000] {taskinstance.py:1956} INFO - Dependencies all met for dep_context=non-requeueable deps ti=<TaskInstance: ml_models.wait_for_prediction_features scheduled__2025-12-26T00:00:00+00:00 [queued]>
[2025-12-27T18:43:43.547+0000] {taskinstance.py:1956} INFO - Dependencies all met for dep_context=requeueable deps ti=<TaskInstance: ml_models.wait_for_prediction_features scheduled__2025-12-26T00:00:00+00:00 [queued]>
[2025-12-27T18:43:43.548+0000] {taskinstance.py:2170} INFO - Starting attempt 1 of 1
[2025-12-27T18:43:43.571+0000] {taskinstance.py:2191} INFO - Executing <Task(ExternalTaskSensor): wait_for_prediction_features> on 2025-12-26 00:00:00+00:00
[2025-12-27T18:43:43.582+0000] {standard_task_runner.py:60} INFO - Started process 396 to run task
[2025-12-27T18:43:43.589+0000] {standard_task_runner.py:87} INFO - Running: ['***', 'tasks', 'run', 'ml_models', 'wait_for_prediction_features', 'scheduled__2025-12-26T00:00:00+00:00', '--job-id', '57', '--raw', '--subdir', 'DAGS_FOLDER/ml_models.py', '--cfg-path', '/tmp/tmp_5iifhgw']
[2025-12-27T18:43:43.594+0000] {standard_task_runner.py:88} INFO - Job 57: Subtask wait_for_prediction_features
[2025-12-27T18:43:43.700+0000] {task_command.py:423} INFO - Running <TaskInstance: ml_models.wait_for_prediction_features scheduled__2025-12-26T00:00:00+00:00 [running]> on host 6c84c95fdea2
[2025-12-27T18:43:43.842+0000] {taskinstance.py:2480} INFO - Exporting env vars: AIRFLOW_CTX_DAG_OWNER='***' AIRFLOW_CTX_DAG_ID='ml_models' AIRFLOW_CTX_TASK_ID='wait_for_prediction_features' AIRFLOW_CTX_EXECUTION_DATE='2025-12-26T00:00:00+00:00' AIRFLOW_CTX_TRY_NUMBER='1' AIRFLOW_CTX_DAG_RUN_ID='scheduled__2025-12-26T00:00:00+00:00'
[2025-12-27T18:43:43.860+0000] {external_task.py:260} INFO - Poking for DAG 'build_prediction_features' on 2025-12-26T00:00:00+00:00 ... 
[2025-12-27T18:43:43.931+0000] {taskinstance.py:2658} INFO - Rescheduling task, marking task as UP_FOR_RESCHEDULE
[2025-12-27T18:43:43.964+0000] {local_task_job_runner.py:234} INFO - Task exited with return code 0
[2025-12-27T18:43:44.006+0000] {taskinstance.py:3280} INFO - 0 downstream tasks scheduled from follow-on schedule check
[2025-12-27T18:44:45.143+0000] {taskinstance.py:1956} INFO - Dependencies all met for dep_context=non-requeueable deps ti=<TaskInstance: ml_models.wait_for_prediction_features scheduled__2025-12-26T00:00:00+00:00 [queued]>
[2025-12-27T18:44:45.156+0000] {taskinstance.py:1956} INFO - Dependencies all met for dep_context=requeueable deps ti=<TaskInstance: ml_models.wait_for_prediction_features scheduled__2025-12-26T00:00:00+00:00 [queued]>
[2025-12-27T18:44:45.157+0000] {taskinstance.py:2170} INFO - Starting attempt 1 of 1
[2025-12-27T18:44:45.180+0000] {taskinstance.py:2191} INFO - Executing <Task(ExternalTaskSensor): wait_for_prediction_features> on 2025-12-26 00:00:00+00:00
[2025-12-27T18:44:45.199+0000] {standard_task_runner.py:60} INFO - Started process 439 to run task
[2025-12-27T18:44:45.209+0000] {standard_task_runner.py:87} INFO - Running: ['***', 'tasks', 'run', 'ml_models', 'wait_for_prediction_features', 'scheduled__2025-12-26T00:00:00+00:00', '--job-id', '59', '--raw', '--subdir', 'DAGS_FOLDER/ml_models.py', '--cfg-path', '/tmp/tmpyn88hk_u']
[2025-12-27T18:44:45.216+0000] {standard_task_runner.py:88} INFO - Job 59: Subtask wait_for_prediction_features
[2025-12-27T18:44:45.325+0000] {task_command.py:423} INFO - Running <TaskInstance: ml_models.wait_for_prediction_features scheduled__2025-12-26T00:00:00+00:00 [running]> on host 6c84c95fdea2
[2025-12-27T18:44:45.459+0000] {taskinstance.py:2480} INFO - Exporting env vars: AIRFLOW_CTX_DAG_OWNER='***' AIRFLOW_CTX_DAG_ID='ml_models' AIRFLOW_CTX_TASK_ID='wait_for_prediction_features' AIRFLOW_CTX_EXECUTION_DATE='2025-12-26T00:00:00+00:00' AIRFLOW_CTX_TRY_NUMBER='1' AIRFLOW_CTX_DAG_RUN_ID='scheduled__2025-12-26T00:00:00+00:00'
[2025-12-27T18:44:45.476+0000] {external_task.py:260} INFO - Poking for DAG 'build_prediction_features' on 2025-12-26T00:00:00+00:00 ... 
[2025-12-27T18:44:45.525+0000] {taskinstance.py:2658} INFO - Rescheduling task, marking task as UP_FOR_RESCHEDULE
[2025-12-27T18:44:45.583+0000] {local_task_job_runner.py:234} INFO - Task exited with return code 0
[2025-12-27T18:44:45.636+0000] {taskinstance.py:3280} INFO - 0 downstream tasks scheduled from follow-on schedule check
[2025-12-27T18:45:46.281+0000] {taskinstance.py:1956} INFO - Dependencies all met for dep_context=non-requeueable deps ti=<TaskInstance: ml_models.wait_for_prediction_features scheduled__2025-12-26T00:00:00+00:00 [queued]>
[2025-12-27T18:45:46.296+0000] {taskinstance.py:1956} INFO - Dependencies all met for dep_context=requeueable deps ti=<TaskInstance: ml_models.wait_for_prediction_features scheduled__2025-12-26T00:00:00+00:00 [queued]>
[2025-12-27T18:45:46.298+0000] {taskinstance.py:2170} INFO - Starting attempt 1 of 1
[2025-12-27T18:45:46.319+0000] {taskinstance.py:2191} INFO - Executing <Task(ExternalTaskSensor): wait_for_prediction_features> on 2025-12-26 00:00:00+00:00
[2025-12-27T18:45:46.333+0000] {standard_task_runner.py:60} INFO - Started process 483 to run task
[2025-12-27T18:45:46.340+0000] {standard_task_runner.py:87} INFO - Running: ['***', 'tasks', 'run', 'ml_models', 'wait_for_prediction_features', 'scheduled__2025-12-26T00:00:00+00:00', '--job-id', '62', '--raw', '--subdir', 'DAGS_FOLDER/ml_models.py', '--cfg-path', '/tmp/tmpj95hwizx']
[2025-12-27T18:45:46.346+0000] {standard_task_runner.py:88} INFO - Job 62: Subtask wait_for_prediction_features
[2025-12-27T18:45:46.453+0000] {task_command.py:423} INFO - Running <TaskInstance: ml_models.wait_for_prediction_features scheduled__2025-12-26T00:00:00+00:00 [running]> on host 6c84c95fdea2
[2025-12-27T18:45:46.644+0000] {taskinstance.py:2480} INFO - Exporting env vars: AIRFLOW_CTX_DAG_OWNER='***' AIRFLOW_CTX_DAG_ID='ml_models' AIRFLOW_CTX_TASK_ID='wait_for_prediction_features' AIRFLOW_CTX_EXECUTION_DATE='2025-12-26T00:00:00+00:00' AIRFLOW_CTX_TRY_NUMBER='1' AIRFLOW_CTX_DAG_RUN_ID='scheduled__2025-12-26T00:00:00+00:00'
[2025-12-27T18:45:46.662+0000] {external_task.py:260} INFO - Poking for DAG 'build_prediction_features' on 2025-12-26T00:00:00+00:00 ... 
[2025-12-27T18:45:46.745+0000] {taskinstance.py:2658} INFO - Rescheduling task, marking task as UP_FOR_RESCHEDULE
[2025-12-27T18:45:46.796+0000] {local_task_job_runner.py:234} INFO - Task exited with return code 0
[2025-12-27T18:45:46.842+0000] {taskinstance.py:3280} INFO - 0 downstream tasks scheduled from follow-on schedule check
[2025-12-27T18:46:48.118+0000] {taskinstance.py:1956} INFO - Dependencies all met for dep_context=non-requeueable deps ti=<TaskInstance: ml_models.wait_for_prediction_features scheduled__2025-12-26T00:00:00+00:00 [queued]>
[2025-12-27T18:46:48.131+0000] {taskinstance.py:1956} INFO - Dependencies all met for dep_context=requeueable deps ti=<TaskInstance: ml_models.wait_for_prediction_features scheduled__2025-12-26T00:00:00+00:00 [queued]>
[2025-12-27T18:46:48.132+0000] {taskinstance.py:2170} INFO - Starting attempt 1 of 1
[2025-12-27T18:46:48.152+0000] {taskinstance.py:2191} INFO - Executing <Task(ExternalTaskSensor): wait_for_prediction_features> on 2025-12-26 00:00:00+00:00
[2025-12-27T18:46:48.164+0000] {standard_task_runner.py:60} INFO - Started process 528 to run task
[2025-12-27T18:46:48.171+0000] {standard_task_runner.py:87} INFO - Running: ['***', 'tasks', 'run', 'ml_models', 'wait_for_prediction_features', 'scheduled__2025-12-26T00:00:00+00:00', '--job-id', '64', '--raw', '--subdir', 'DAGS_FOLDER/ml_models.py', '--cfg-path', '/tmp/tmpxi96d97v']
[2025-12-27T18:46:48.177+0000] {standard_task_runner.py:88} INFO - Job 64: Subtask wait_for_prediction_features
[2025-12-27T18:46:48.271+0000] {task_command.py:423} INFO - Running <TaskInstance: ml_models.wait_for_prediction_features scheduled__2025-12-26T00:00:00+00:00 [running]> on host 6c84c95fdea2
[2025-12-27T18:46:48.431+0000] {taskinstance.py:2480} INFO - Exporting env vars: AIRFLOW_CTX_DAG_OWNER='***' AIRFLOW_CTX_DAG_ID='ml_models' AIRFLOW_CTX_TASK_ID='wait_for_prediction_features' AIRFLOW_CTX_EXECUTION_DATE='2025-12-26T00:00:00+00:00' AIRFLOW_CTX_TRY_NUMBER='1' AIRFLOW_CTX_DAG_RUN_ID='scheduled__2025-12-26T00:00:00+00:00'
[2025-12-27T18:46:48.449+0000] {external_task.py:260} INFO - Poking for DAG 'build_prediction_features' on 2025-12-26T00:00:00+00:00 ... 
[2025-12-27T18:46:48.531+0000] {taskinstance.py:2658} INFO - Rescheduling task, marking task as UP_FOR_RESCHEDULE
[2025-12-27T18:46:48.586+0000] {local_task_job_runner.py:234} INFO - Task exited with return code 0
[2025-12-27T18:46:48.631+0000] {taskinstance.py:3280} INFO - 0 downstream tasks scheduled from follow-on schedule check
[2025-12-27T18:47:49.919+0000] {taskinstance.py:1956} INFO - Dependencies all met for dep_context=non-requeueable deps ti=<TaskInstance: ml_models.wait_for_prediction_features scheduled__2025-12-26T00:00:00+00:00 [queued]>
[2025-12-27T18:47:49.932+0000] {taskinstance.py:1956} INFO - Dependencies all met for dep_context=requeueable deps ti=<TaskInstance: ml_models.wait_for_prediction_features scheduled__2025-12-26T00:00:00+00:00 [queued]>
[2025-12-27T18:47:49.934+0000] {taskinstance.py:2170} INFO - Starting attempt 1 of 1
[2025-12-27T18:47:49.981+0000] {taskinstance.py:2191} INFO - Executing <Task(ExternalTaskSensor): wait_for_prediction_features> on 2025-12-26 00:00:00+00:00
[2025-12-27T18:47:49.992+0000] {standard_task_runner.py:60} INFO - Started process 571 to run task
[2025-12-27T18:47:50.000+0000] {standard_task_runner.py:87} INFO - Running: ['***', 'tasks', 'run', 'ml_models', 'wait_for_prediction_features', 'scheduled__2025-12-26T00:00:00+00:00', '--job-id', '65', '--raw', '--subdir', 'DAGS_FOLDER/ml_models.py', '--cfg-path', '/tmp/tmp3_mc_a5l']
[2025-12-27T18:47:50.005+0000] {standard_task_runner.py:88} INFO - Job 65: Subtask wait_for_prediction_features
[2025-12-27T18:47:50.105+0000] {task_command.py:423} INFO - Running <TaskInstance: ml_models.wait_for_prediction_features scheduled__2025-12-26T00:00:00+00:00 [running]> on host 6c84c95fdea2
[2025-12-27T18:47:50.271+0000] {taskinstance.py:2480} INFO - Exporting env vars: AIRFLOW_CTX_DAG_OWNER='***' AIRFLOW_CTX_DAG_ID='ml_models' AIRFLOW_CTX_TASK_ID='wait_for_prediction_features' AIRFLOW_CTX_EXECUTION_DATE='2025-12-26T00:00:00+00:00' AIRFLOW_CTX_TRY_NUMBER='1' AIRFLOW_CTX_DAG_RUN_ID='scheduled__2025-12-26T00:00:00+00:00'
[2025-12-27T18:47:50.289+0000] {external_task.py:260} INFO - Poking for DAG 'build_prediction_features' on 2025-12-26T00:00:00+00:00 ... 
[2025-12-27T18:47:50.376+0000] {taskinstance.py:2658} INFO - Rescheduling task, marking task as UP_FOR_RESCHEDULE
[2025-12-27T18:47:50.414+0000] {local_task_job_runner.py:234} INFO - Task exited with return code 0
[2025-12-27T18:47:50.461+0000] {taskinstance.py:3280} INFO - 0 downstream tasks scheduled from follow-on schedule check
[2025-12-27T18:48:51.331+0000] {taskinstance.py:1956} INFO - Dependencies all met for dep_context=non-requeueable deps ti=<TaskInstance: ml_models.wait_for_prediction_features scheduled__2025-12-26T00:00:00+00:00 [queued]>
[2025-12-27T18:48:51.346+0000] {taskinstance.py:1956} INFO - Dependencies all met for dep_context=requeueable deps ti=<TaskInstance: ml_models.wait_for_prediction_features scheduled__2025-12-26T00:00:00+00:00 [queued]>
[2025-12-27T18:48:51.347+0000] {taskinstance.py:2170} INFO - Starting attempt 1 of 1
[2025-12-27T18:48:51.367+0000] {taskinstance.py:2191} INFO - Executing <Task(ExternalTaskSensor): wait_for_prediction_features> on 2025-12-26 00:00:00+00:00
[2025-12-27T18:48:51.379+0000] {standard_task_runner.py:60} INFO - Started process 615 to run task
[2025-12-27T18:48:51.387+0000] {standard_task_runner.py:87} INFO - Running: ['***', 'tasks', 'run', 'ml_models', 'wait_for_prediction_features', 'scheduled__2025-12-26T00:00:00+00:00', '--job-id', '68', '--raw', '--subdir', 'DAGS_FOLDER/ml_models.py', '--cfg-path', '/tmp/tmpcp1fxybg']
[2025-12-27T18:48:51.393+0000] {standard_task_runner.py:88} INFO - Job 68: Subtask wait_for_prediction_features
[2025-12-27T18:48:51.489+0000] {task_command.py:423} INFO - Running <TaskInstance: ml_models.wait_for_prediction_features scheduled__2025-12-26T00:00:00+00:00 [running]> on host 6c84c95fdea2
[2025-12-27T18:48:51.651+0000] {taskinstance.py:2480} INFO - Exporting env vars: AIRFLOW_CTX_DAG_OWNER='***' AIRFLOW_CTX_DAG_ID='ml_models' AIRFLOW_CTX_TASK_ID='wait_for_prediction_features' AIRFLOW_CTX_EXECUTION_DATE='2025-12-26T00:00:00+00:00' AIRFLOW_CTX_TRY_NUMBER='1' AIRFLOW_CTX_DAG_RUN_ID='scheduled__2025-12-26T00:00:00+00:00'
[2025-12-27T18:48:51.669+0000] {external_task.py:260} INFO - Poking for DAG 'build_prediction_features' on 2025-12-26T00:00:00+00:00 ... 
[2025-12-27T18:48:51.770+0000] {taskinstance.py:2658} INFO - Rescheduling task, marking task as UP_FOR_RESCHEDULE
[2025-12-27T18:48:51.805+0000] {local_task_job_runner.py:234} INFO - Task exited with return code 0
[2025-12-27T18:48:51.847+0000] {taskinstance.py:3280} INFO - 0 downstream tasks scheduled from follow-on schedule check
[2025-12-27T18:49:52.720+0000] {taskinstance.py:1956} INFO - Dependencies all met for dep_context=non-requeueable deps ti=<TaskInstance: ml_models.wait_for_prediction_features scheduled__2025-12-26T00:00:00+00:00 [queued]>
[2025-12-27T18:49:52.736+0000] {taskinstance.py:1956} INFO - Dependencies all met for dep_context=requeueable deps ti=<TaskInstance: ml_models.wait_for_prediction_features scheduled__2025-12-26T00:00:00+00:00 [queued]>
[2025-12-27T18:49:52.737+0000] {taskinstance.py:2170} INFO - Starting attempt 1 of 1
[2025-12-27T18:49:52.764+0000] {taskinstance.py:2191} INFO - Executing <Task(ExternalTaskSensor): wait_for_prediction_features> on 2025-12-26 00:00:00+00:00
[2025-12-27T18:49:52.776+0000] {standard_task_runner.py:60} INFO - Started process 660 to run task
[2025-12-27T18:49:52.784+0000] {standard_task_runner.py:87} INFO - Running: ['***', 'tasks', 'run', 'ml_models', 'wait_for_prediction_features', 'scheduled__2025-12-26T00:00:00+00:00', '--job-id', '70', '--raw', '--subdir', 'DAGS_FOLDER/ml_models.py', '--cfg-path', '/tmp/tmphkigk7ax']
[2025-12-27T18:49:52.790+0000] {standard_task_runner.py:88} INFO - Job 70: Subtask wait_for_prediction_features
[2025-12-27T18:49:52.892+0000] {task_command.py:423} INFO - Running <TaskInstance: ml_models.wait_for_prediction_features scheduled__2025-12-26T00:00:00+00:00 [running]> on host 6c84c95fdea2
[2025-12-27T18:49:53.050+0000] {taskinstance.py:2480} INFO - Exporting env vars: AIRFLOW_CTX_DAG_OWNER='***' AIRFLOW_CTX_DAG_ID='ml_models' AIRFLOW_CTX_TASK_ID='wait_for_prediction_features' AIRFLOW_CTX_EXECUTION_DATE='2025-12-26T00:00:00+00:00' AIRFLOW_CTX_TRY_NUMBER='1' AIRFLOW_CTX_DAG_RUN_ID='scheduled__2025-12-26T00:00:00+00:00'
[2025-12-27T18:49:53.066+0000] {external_task.py:260} INFO - Poking for DAG 'build_prediction_features' on 2025-12-26T00:00:00+00:00 ... 
[2025-12-27T18:49:53.148+0000] {taskinstance.py:2658} INFO - Rescheduling task, marking task as UP_FOR_RESCHEDULE
[2025-12-27T18:49:53.199+0000] {local_task_job_runner.py:234} INFO - Task exited with return code 0
[2025-12-27T18:49:53.242+0000] {taskinstance.py:3280} INFO - 0 downstream tasks scheduled from follow-on schedule check
[2025-12-27T18:50:54.080+0000] {taskinstance.py:1956} INFO - Dependencies all met for dep_context=non-requeueable deps ti=<TaskInstance: ml_models.wait_for_prediction_features scheduled__2025-12-26T00:00:00+00:00 [queued]>
[2025-12-27T18:50:54.095+0000] {taskinstance.py:1956} INFO - Dependencies all met for dep_context=requeueable deps ti=<TaskInstance: ml_models.wait_for_prediction_features scheduled__2025-12-26T00:00:00+00:00 [queued]>
[2025-12-27T18:50:54.096+0000] {taskinstance.py:2170} INFO - Starting attempt 1 of 1
[2025-12-27T18:50:54.119+0000] {taskinstance.py:2191} INFO - Executing <Task(ExternalTaskSensor): wait_for_prediction_features> on 2025-12-26 00:00:00+00:00
[2025-12-27T18:50:54.133+0000] {standard_task_runner.py:60} INFO - Started process 704 to run task
[2025-12-27T18:50:54.141+0000] {standard_task_runner.py:87} INFO - Running: ['***', 'tasks', 'run', 'ml_models', 'wait_for_prediction_features', 'scheduled__2025-12-26T00:00:00+00:00', '--job-id', '71', '--raw', '--subdir', 'DAGS_FOLDER/ml_models.py', '--cfg-path', '/tmp/tmpj1pftunu']
[2025-12-27T18:50:54.146+0000] {standard_task_runner.py:88} INFO - Job 71: Subtask wait_for_prediction_features
[2025-12-27T18:50:54.252+0000] {task_command.py:423} INFO - Running <TaskInstance: ml_models.wait_for_prediction_features scheduled__2025-12-26T00:00:00+00:00 [running]> on host 6c84c95fdea2
[2025-12-27T18:50:54.421+0000] {taskinstance.py:2480} INFO - Exporting env vars: AIRFLOW_CTX_DAG_OWNER='***' AIRFLOW_CTX_DAG_ID='ml_models' AIRFLOW_CTX_TASK_ID='wait_for_prediction_features' AIRFLOW_CTX_EXECUTION_DATE='2025-12-26T00:00:00+00:00' AIRFLOW_CTX_TRY_NUMBER='1' AIRFLOW_CTX_DAG_RUN_ID='scheduled__2025-12-26T00:00:00+00:00'
[2025-12-27T18:50:54.440+0000] {external_task.py:260} INFO - Poking for DAG 'build_prediction_features' on 2025-12-26T00:00:00+00:00 ... 
[2025-12-27T18:50:54.524+0000] {taskinstance.py:2658} INFO - Rescheduling task, marking task as UP_FOR_RESCHEDULE
[2025-12-27T18:50:54.556+0000] {local_task_job_runner.py:234} INFO - Task exited with return code 0
[2025-12-27T18:50:54.611+0000] {taskinstance.py:3280} INFO - 0 downstream tasks scheduled from follow-on schedule check
[2025-12-27T18:51:55.320+0000] {taskinstance.py:1956} INFO - Dependencies all met for dep_context=non-requeueable deps ti=<TaskInstance: ml_models.wait_for_prediction_features scheduled__2025-12-26T00:00:00+00:00 [queued]>
[2025-12-27T18:51:55.333+0000] {taskinstance.py:1956} INFO - Dependencies all met for dep_context=requeueable deps ti=<TaskInstance: ml_models.wait_for_prediction_features scheduled__2025-12-26T00:00:00+00:00 [queued]>
[2025-12-27T18:51:55.335+0000] {taskinstance.py:2170} INFO - Starting attempt 1 of 1
[2025-12-27T18:51:55.356+0000] {taskinstance.py:2191} INFO - Executing <Task(ExternalTaskSensor): wait_for_prediction_features> on 2025-12-26 00:00:00+00:00
[2025-12-27T18:51:55.369+0000] {standard_task_runner.py:60} INFO - Started process 747 to run task
[2025-12-27T18:51:55.375+0000] {standard_task_runner.py:87} INFO - Running: ['***', 'tasks', 'run', 'ml_models', 'wait_for_prediction_features', 'scheduled__2025-12-26T00:00:00+00:00', '--job-id', '74', '--raw', '--subdir', 'DAGS_FOLDER/ml_models.py', '--cfg-path', '/tmp/tmp149q6h1m']
[2025-12-27T18:51:55.380+0000] {standard_task_runner.py:88} INFO - Job 74: Subtask wait_for_prediction_features
[2025-12-27T18:51:55.479+0000] {task_command.py:423} INFO - Running <TaskInstance: ml_models.wait_for_prediction_features scheduled__2025-12-26T00:00:00+00:00 [running]> on host 6c84c95fdea2
[2025-12-27T18:51:55.624+0000] {taskinstance.py:2480} INFO - Exporting env vars: AIRFLOW_CTX_DAG_OWNER='***' AIRFLOW_CTX_DAG_ID='ml_models' AIRFLOW_CTX_TASK_ID='wait_for_prediction_features' AIRFLOW_CTX_EXECUTION_DATE='2025-12-26T00:00:00+00:00' AIRFLOW_CTX_TRY_NUMBER='1' AIRFLOW_CTX_DAG_RUN_ID='scheduled__2025-12-26T00:00:00+00:00'
[2025-12-27T18:51:55.639+0000] {external_task.py:260} INFO - Poking for DAG 'build_prediction_features' on 2025-12-26T00:00:00+00:00 ... 
[2025-12-27T18:51:55.725+0000] {taskinstance.py:2658} INFO - Rescheduling task, marking task as UP_FOR_RESCHEDULE
[2025-12-27T18:51:55.750+0000] {local_task_job_runner.py:234} INFO - Task exited with return code 0
[2025-12-27T18:51:55.790+0000] {taskinstance.py:3280} INFO - 0 downstream tasks scheduled from follow-on schedule check
[2025-12-27T18:52:56.581+0000] {taskinstance.py:1956} INFO - Dependencies all met for dep_context=non-requeueable deps ti=<TaskInstance: ml_models.wait_for_prediction_features scheduled__2025-12-26T00:00:00+00:00 [queued]>
[2025-12-27T18:52:56.597+0000] {taskinstance.py:1956} INFO - Dependencies all met for dep_context=requeueable deps ti=<TaskInstance: ml_models.wait_for_prediction_features scheduled__2025-12-26T00:00:00+00:00 [queued]>
[2025-12-27T18:52:56.598+0000] {taskinstance.py:2170} INFO - Starting attempt 1 of 1
[2025-12-27T18:52:56.797+0000] {taskinstance.py:2191} INFO - Executing <Task(ExternalTaskSensor): wait_for_prediction_features> on 2025-12-26 00:00:00+00:00
[2025-12-27T18:52:56.809+0000] {standard_task_runner.py:60} INFO - Started process 791 to run task
[2025-12-27T18:52:56.814+0000] {standard_task_runner.py:87} INFO - Running: ['***', 'tasks', 'run', 'ml_models', 'wait_for_prediction_features', 'scheduled__2025-12-26T00:00:00+00:00', '--job-id', '75', '--raw', '--subdir', 'DAGS_FOLDER/ml_models.py', '--cfg-path', '/tmp/tmpykorl4kd']
[2025-12-27T18:52:56.819+0000] {standard_task_runner.py:88} INFO - Job 75: Subtask wait_for_prediction_features
[2025-12-27T18:52:56.917+0000] {task_command.py:423} INFO - Running <TaskInstance: ml_models.wait_for_prediction_features scheduled__2025-12-26T00:00:00+00:00 [running]> on host 6c84c95fdea2
[2025-12-27T18:52:57.103+0000] {taskinstance.py:2480} INFO - Exporting env vars: AIRFLOW_CTX_DAG_OWNER='***' AIRFLOW_CTX_DAG_ID='ml_models' AIRFLOW_CTX_TASK_ID='wait_for_prediction_features' AIRFLOW_CTX_EXECUTION_DATE='2025-12-26T00:00:00+00:00' AIRFLOW_CTX_TRY_NUMBER='1' AIRFLOW_CTX_DAG_RUN_ID='scheduled__2025-12-26T00:00:00+00:00'
[2025-12-27T18:52:57.121+0000] {external_task.py:260} INFO - Poking for DAG 'build_prediction_features' on 2025-12-26T00:00:00+00:00 ... 
[2025-12-27T18:52:57.176+0000] {taskinstance.py:2658} INFO - Rescheduling task, marking task as UP_FOR_RESCHEDULE
[2025-12-27T18:52:57.229+0000] {local_task_job_runner.py:234} INFO - Task exited with return code 0
[2025-12-27T18:52:57.274+0000] {taskinstance.py:3280} INFO - 0 downstream tasks scheduled from follow-on schedule check
[2025-12-27T18:53:58.153+0000] {taskinstance.py:1956} INFO - Dependencies all met for dep_context=non-requeueable deps ti=<TaskInstance: ml_models.wait_for_prediction_features scheduled__2025-12-26T00:00:00+00:00 [queued]>
[2025-12-27T18:53:58.168+0000] {taskinstance.py:1956} INFO - Dependencies all met for dep_context=requeueable deps ti=<TaskInstance: ml_models.wait_for_prediction_features scheduled__2025-12-26T00:00:00+00:00 [queued]>
[2025-12-27T18:53:58.170+0000] {taskinstance.py:2170} INFO - Starting attempt 1 of 1
[2025-12-27T18:53:58.396+0000] {taskinstance.py:2191} INFO - Executing <Task(ExternalTaskSensor): wait_for_prediction_features> on 2025-12-26 00:00:00+00:00
[2025-12-27T18:53:58.408+0000] {standard_task_runner.py:60} INFO - Started process 838 to run task
[2025-12-27T18:53:58.416+0000] {standard_task_runner.py:87} INFO - Running: ['***', 'tasks', 'run', 'ml_models', 'wait_for_prediction_features', 'scheduled__2025-12-26T00:00:00+00:00', '--job-id', '76', '--raw', '--subdir', 'DAGS_FOLDER/ml_models.py', '--cfg-path', '/tmp/tmpnigrf1ps']
[2025-12-27T18:53:58.423+0000] {standard_task_runner.py:88} INFO - Job 76: Subtask wait_for_prediction_features
[2025-12-27T18:53:58.536+0000] {task_command.py:423} INFO - Running <TaskInstance: ml_models.wait_for_prediction_features scheduled__2025-12-26T00:00:00+00:00 [running]> on host 6c84c95fdea2
[2025-12-27T18:53:58.717+0000] {taskinstance.py:2480} INFO - Exporting env vars: AIRFLOW_CTX_DAG_OWNER='***' AIRFLOW_CTX_DAG_ID='ml_models' AIRFLOW_CTX_TASK_ID='wait_for_prediction_features' AIRFLOW_CTX_EXECUTION_DATE='2025-12-26T00:00:00+00:00' AIRFLOW_CTX_TRY_NUMBER='1' AIRFLOW_CTX_DAG_RUN_ID='scheduled__2025-12-26T00:00:00+00:00'
[2025-12-27T18:53:58.738+0000] {external_task.py:260} INFO - Poking for DAG 'build_prediction_features' on 2025-12-26T00:00:00+00:00 ... 
[2025-12-27T18:53:58.946+0000] {taskinstance.py:2658} INFO - Rescheduling task, marking task as UP_FOR_RESCHEDULE
[2025-12-27T18:53:58.993+0000] {local_task_job_runner.py:234} INFO - Task exited with return code 0
[2025-12-27T18:53:59.036+0000] {taskinstance.py:3280} INFO - 0 downstream tasks scheduled from follow-on schedule check
