[2025-12-27T18:37:13.951+0000] {taskinstance.py:1956} INFO - Dependencies all met for dep_context=non-requeueable deps ti=<TaskInstance: rugby_pipeline.trigger_dlt_pipeline manual__2025-12-27T18:37:12.351149+00:00 [queued]>
[2025-12-27T18:37:13.965+0000] {taskinstance.py:1956} INFO - Dependencies all met for dep_context=requeueable deps ti=<TaskInstance: rugby_pipeline.trigger_dlt_pipeline manual__2025-12-27T18:37:12.351149+00:00 [queued]>
[2025-12-27T18:37:13.967+0000] {taskinstance.py:2170} INFO - Starting attempt 1 of 1
[2025-12-27T18:37:14.003+0000] {taskinstance.py:2191} INFO - Executing <Task(DatabricksRunNowOperator): trigger_dlt_pipeline> on 2025-12-27 18:37:12.351149+00:00
[2025-12-27T18:37:14.014+0000] {standard_task_runner.py:60} INFO - Started process 1311 to run task
[2025-12-27T18:37:14.022+0000] {standard_task_runner.py:87} INFO - Running: ['***', 'tasks', 'run', 'rugby_pipeline', 'trigger_dlt_pipeline', 'manual__2025-12-27T18:37:12.351149+00:00', '--job-id', '42', '--raw', '--subdir', 'DAGS_FOLDER/rugby_pipeline.py', '--cfg-path', '/tmp/tmp3fix8wcr']
[2025-12-27T18:37:14.027+0000] {standard_task_runner.py:88} INFO - Job 42: Subtask trigger_dlt_pipeline
[2025-12-27T18:37:14.123+0000] {task_command.py:423} INFO - Running <TaskInstance: rugby_pipeline.trigger_dlt_pipeline manual__2025-12-27T18:37:12.351149+00:00 [running]> on host 6c84c95fdea2
[2025-12-27T18:37:14.291+0000] {taskinstance.py:2480} INFO - Exporting env vars: AIRFLOW_CTX_DAG_OWNER='***' AIRFLOW_CTX_DAG_ID='rugby_pipeline' AIRFLOW_CTX_TASK_ID='trigger_dlt_pipeline' AIRFLOW_CTX_EXECUTION_DATE='2025-12-27T18:37:12.351149+00:00' AIRFLOW_CTX_TRY_NUMBER='1' AIRFLOW_CTX_DAG_RUN_ID='manual__2025-12-27T18:37:12.351149+00:00'
[2025-12-27T18:37:14.307+0000] {base.py:83} INFO - Using connection ID 'databricks_default' for task execution.
[2025-12-27T18:37:14.311+0000] {databricks_base.py:546} INFO - Using basic auth.
[2025-12-27T18:37:15.593+0000] {databricks.py:66} INFO - Run submitted with run_id: 761892307633649
[2025-12-27T18:37:15.595+0000] {databricks_base.py:546} INFO - Using basic auth.
[2025-12-27T18:37:16.241+0000] {databricks_base.py:546} INFO - Using basic auth.
[2025-12-27T18:37:16.806+0000] {databricks.py:128} INFO - trigger_dlt_pipeline in run state: {'life_cycle_state': 'RUNNING', 'result_state': '', 'state_message': ''}
[2025-12-27T18:37:16.808+0000] {databricks.py:129} INFO - View run status, Spark UI, and logs at https://dbc-423a5d50-03a6.cloud.databricks.com/?o=684212911772223#job/640017615260074/run/761892307633649
[2025-12-27T18:37:16.808+0000] {databricks.py:130} INFO - Sleeping for 30 seconds.
[2025-12-27T18:37:46.837+0000] {databricks_base.py:546} INFO - Using basic auth.
[2025-12-27T18:37:47.488+0000] {databricks.py:128} INFO - trigger_dlt_pipeline in run state: {'life_cycle_state': 'RUNNING', 'result_state': '', 'state_message': ''}
[2025-12-27T18:37:47.490+0000] {databricks.py:129} INFO - View run status, Spark UI, and logs at https://dbc-423a5d50-03a6.cloud.databricks.com/?o=684212911772223#job/640017615260074/run/761892307633649
[2025-12-27T18:37:47.490+0000] {databricks.py:130} INFO - Sleeping for 30 seconds.
[2025-12-27T18:38:17.518+0000] {databricks_base.py:546} INFO - Using basic auth.
[2025-12-27T18:38:18.118+0000] {databricks.py:128} INFO - trigger_dlt_pipeline in run state: {'life_cycle_state': 'RUNNING', 'result_state': '', 'state_message': ''}
[2025-12-27T18:38:18.120+0000] {databricks.py:129} INFO - View run status, Spark UI, and logs at https://dbc-423a5d50-03a6.cloud.databricks.com/?o=684212911772223#job/640017615260074/run/761892307633649
[2025-12-27T18:38:18.120+0000] {databricks.py:130} INFO - Sleeping for 30 seconds.
[2025-12-27T18:38:38.447+0000] {local_task_job_runner.py:121} ERROR - Received SIGTERM. Terminating subprocesses
[2025-12-27T18:38:38.454+0000] {process_utils.py:131} INFO - Sending 15 to group 1311. PIDs of all processes in the group: [1311]
[2025-12-27T18:38:38.471+0000] {process_utils.py:86} INFO - Sending the signal 15 to group 1311
[2025-12-27T18:38:38.475+0000] {taskinstance.py:2450} ERROR - Received SIGTERM. Terminating subprocesses.
[2025-12-27T18:38:38.477+0000] {databricks_base.py:546} INFO - Using basic auth.
[2025-12-27T18:38:39.199+0000] {databricks.py:947} INFO - Task: trigger_dlt_pipeline with run_id: 761892307633649 was requested to be cancelled.
[2025-12-27T18:38:39.225+0000] {taskinstance.py:2698} ERROR - Task failed with exception
Traceback (most recent call last):
  File "/home/airflow/.local/lib/python3.8/site-packages/airflow/models/taskinstance.py", line 433, in _execute_task
    result = execute_callable(context=context, **execute_callable_kwargs)
  File "/home/airflow/.local/lib/python3.8/site-packages/airflow/providers/databricks/operators/databricks.py", line 922, in execute
    _handle_databricks_operator_execution(self, hook, self.log, context)
  File "/home/airflow/.local/lib/python3.8/site-packages/airflow/providers/databricks/operators/databricks.py", line 131, in _handle_databricks_operator_execution
    time.sleep(operator.polling_period_seconds)
  File "/home/airflow/.local/lib/python3.8/site-packages/airflow/models/taskinstance.py", line 2452, in signal_handler
    raise AirflowException("Task received SIGTERM signal")
airflow.exceptions.AirflowException: Task received SIGTERM signal
[2025-12-27T18:38:39.231+0000] {taskinstance.py:1138} INFO - Marking task as FAILED. dag_id=rugby_pipeline, task_id=trigger_dlt_pipeline, execution_date=20251227T183712, start_date=20251227T183713, end_date=20251227T183839
[2025-12-27T18:38:39.287+0000] {standard_task_runner.py:107} ERROR - Failed to execute job 42 for task trigger_dlt_pipeline (Task received SIGTERM signal; 1311)
[2025-12-27T18:38:39.310+0000] {process_utils.py:79} INFO - Process psutil.Process(pid=1311, status='terminated', exitcode=1, started='18:37:13') (1311) terminated with exit code 1
[2025-12-27T18:38:39.311+0000] {local_task_job_runner.py:234} INFO - Task exited with return code 143
[2025-12-27T18:38:39.344+0000] {taskinstance.py:3280} INFO - 0 downstream tasks scheduled from follow-on schedule check
